2026-04-15 22:02:09,114 | INFO | Phase 3.3b: Optuna TPE | tune_seed=42 | n_trials=50 | n_jobs_inner=4
2026-04-15 22:04:00,005 | INFO | [OPTUNA] opx_liq raw RF T_C rmse_cv=79.472 pruned=0 failed=0 (111s)
2026-04-15 22:06:18,646 | INFO | [OPTUNA] opx_liq raw RF P_kbar rmse_cv=5.616 pruned=0 failed=0 (139s)
2026-04-15 22:07:48,240 | INFO | [OPTUNA] opx_liq raw ERT T_C rmse_cv=77.841 pruned=0 failed=0 (90s)
2026-04-15 22:09:20,951 | INFO | [OPTUNA] opx_liq raw ERT P_kbar rmse_cv=5.469 pruned=0 failed=0 (93s)
2026-04-15 22:10:25,521 | INFO | [OPTUNA] opx_liq raw XGB T_C rmse_cv=75.436 pruned=0 failed=0 (65s)
2026-04-15 22:11:44,911 | INFO | [OPTUNA] opx_liq raw XGB P_kbar rmse_cv=4.842 pruned=0 failed=0 (79s)
2026-04-15 22:13:25,590 | INFO | [OPTUNA] opx_liq raw GB T_C rmse_cv=78.124 pruned=0 failed=0 (101s)
2026-04-15 22:15:07,463 | INFO | [OPTUNA] opx_liq raw GB P_kbar rmse_cv=4.989 pruned=0 failed=0 (102s)
2026-04-15 22:17:28,514 | INFO | [OPTUNA] opx_liq alr RF T_C rmse_cv=77.863 pruned=0 failed=0 (141s)
2026-04-15 22:19:16,621 | INFO | [OPTUNA] opx_liq alr RF P_kbar rmse_cv=5.499 pruned=0 failed=0 (108s)
2026-04-15 22:20:13,166 | INFO | [OPTUNA] opx_liq alr ERT T_C rmse_cv=81.194 pruned=0 failed=0 (57s)
2026-04-15 22:21:26,876 | INFO | [OPTUNA] opx_liq alr ERT P_kbar rmse_cv=5.721 pruned=0 failed=0 (74s)
2026-04-15 22:23:00,719 | INFO | [OPTUNA] opx_liq alr XGB T_C rmse_cv=73.780 pruned=0 failed=0 (94s)
2026-04-15 22:24:14,338 | INFO | [OPTUNA] opx_liq alr XGB P_kbar rmse_cv=5.097 pruned=0 failed=0 (74s)
2026-04-15 22:26:11,683 | INFO | [OPTUNA] opx_liq alr GB T_C rmse_cv=76.601 pruned=0 failed=0 (117s)
2026-04-15 22:27:26,239 | INFO | [OPTUNA] opx_liq alr GB P_kbar rmse_cv=5.374 pruned=0 failed=0 (75s)
2026-04-15 22:30:04,446 | INFO | [OPTUNA] opx_liq pwlr RF T_C rmse_cv=77.339 pruned=0 failed=0 (158s)
2026-04-15 22:33:15,682 | INFO | [OPTUNA] opx_liq pwlr RF P_kbar rmse_cv=5.478 pruned=0 failed=0 (191s)
2026-04-15 22:34:46,150 | INFO | [OPTUNA] opx_liq pwlr ERT T_C rmse_cv=77.836 pruned=0 failed=0 (90s)
2026-04-15 22:36:24,982 | INFO | [OPTUNA] opx_liq pwlr ERT P_kbar rmse_cv=5.718 pruned=0 failed=0 (99s)
2026-04-15 22:39:57,414 | INFO | [OPTUNA] opx_liq pwlr XGB T_C rmse_cv=74.631 pruned=0 failed=0 (212s)
2026-04-15 22:45:48,490 | INFO | [OPTUNA] opx_liq pwlr XGB P_kbar rmse_cv=4.777 pruned=0 failed=0 (351s)
2026-04-15 22:54:13,462 | INFO | [OPTUNA] opx_liq pwlr GB T_C rmse_cv=75.635 pruned=0 failed=0 (505s)
2026-04-15 23:00:59,999 | INFO | [OPTUNA] opx_liq pwlr GB P_kbar rmse_cv=5.065 pruned=0 failed=0 (407s)
2026-04-15 23:04:35,745 | INFO | [OPTUNA] opx_only raw RF T_C rmse_cv=141.213 pruned=0 failed=0 (216s)
2026-04-15 23:09:11,749 | INFO | [OPTUNA] opx_only raw RF P_kbar rmse_cv=10.978 pruned=0 failed=0 (276s)
2026-04-15 23:11:23,872 | INFO | [OPTUNA] opx_only raw ERT T_C rmse_cv=139.512 pruned=0 failed=0 (132s)
2026-04-15 23:13:29,320 | INFO | [OPTUNA] opx_only raw ERT P_kbar rmse_cv=10.793 pruned=0 failed=0 (125s)
2026-04-15 23:14:42,264 | INFO | [OPTUNA] opx_only raw XGB T_C rmse_cv=136.762 pruned=0 failed=0 (73s)
2026-04-15 23:15:49,180 | INFO | [OPTUNA] opx_only raw XGB P_kbar rmse_cv=10.659 pruned=0 failed=0 (67s)
2026-04-15 23:19:47,002 | INFO | [OPTUNA] opx_only raw GB T_C rmse_cv=141.224 pruned=0 failed=0 (238s)
2026-04-15 23:21:59,917 | INFO | [OPTUNA] opx_only raw GB P_kbar rmse_cv=10.561 pruned=0 failed=0 (133s)
2026-04-15 23:25:20,636 | INFO | [OPTUNA] opx_only alr RF T_C rmse_cv=140.465 pruned=0 failed=0 (201s)
2026-04-15 23:28:33,275 | INFO | [OPTUNA] opx_only alr RF P_kbar rmse_cv=10.838 pruned=0 failed=0 (193s)
2026-04-15 23:30:43,794 | INFO | [OPTUNA] opx_only alr ERT T_C rmse_cv=139.909 pruned=0 failed=0 (131s)
2026-04-15 23:32:35,849 | INFO | [OPTUNA] opx_only alr ERT P_kbar rmse_cv=10.864 pruned=0 failed=0 (112s)
2026-04-15 23:35:49,620 | INFO | [OPTUNA] opx_only alr XGB T_C rmse_cv=134.691 pruned=0 failed=0 (194s)
2026-04-15 23:37:29,876 | INFO | [OPTUNA] opx_only alr XGB P_kbar rmse_cv=10.702 pruned=0 failed=0 (100s)
2026-04-15 23:40:22,335 | INFO | [OPTUNA] opx_only alr GB T_C rmse_cv=140.570 pruned=0 failed=0 (172s)
2026-04-15 23:42:40,746 | INFO | [OPTUNA] opx_only alr GB P_kbar rmse_cv=10.525 pruned=0 failed=0 (138s)
2026-04-15 23:45:59,401 | INFO | [OPTUNA] opx_only pwlr RF T_C rmse_cv=133.082 pruned=0 failed=0 (199s)
2026-04-15 23:50:50,799 | INFO | [OPTUNA] opx_only pwlr RF P_kbar rmse_cv=10.267 pruned=0 failed=0 (291s)
2026-04-15 23:52:40,984 | INFO | [OPTUNA] opx_only pwlr ERT T_C rmse_cv=132.532 pruned=0 failed=0 (110s)
2026-04-15 23:54:00,582 | INFO | [OPTUNA] opx_only pwlr ERT P_kbar rmse_cv=10.393 pruned=0 failed=0 (80s)
2026-04-16 00:02:04,721 | INFO | [OPTUNA] opx_only pwlr XGB T_C rmse_cv=132.055 pruned=0 failed=0 (484s)
2026-04-16 00:06:57,137 | INFO | [OPTUNA] opx_only pwlr XGB P_kbar rmse_cv=10.038 pruned=0 failed=0 (292s)
2026-04-16 00:12:25,704 | INFO | [OPTUNA] opx_only pwlr GB T_C rmse_cv=137.736 pruned=0 failed=0 (329s)
2026-04-16 00:15:00,948 | INFO | [OPTUNA] opx_only pwlr GB P_kbar rmse_cv=10.370 pruned=0 failed=0 (155s)
2026-04-16 00:15:00,973 | INFO | Optuna sweep complete: 48 combos in 2.21h
