2026-04-16 00:15:01,246 | INFO | ======================================================================
2026-04-16 00:15:01,251 | INFO | Phase 3.4: final training (frozen) | N_AUG=1 | features=('raw', 'alr', 'pwlr')
2026-04-16 00:15:06,726 | INFO | [FROZEN] opx_liq s=42 raw RF T_C rmse=88.37 r2=0.594 (5s)
2026-04-16 00:15:11,198 | INFO | [FROZEN] opx_liq s=42 raw RF P_kbar rmse=5.93 r2=0.621 (4s)
2026-04-16 00:15:13,368 | INFO | [FROZEN] opx_liq s=42 raw ERT T_C rmse=90.15 r2=0.578 (2s)
2026-04-16 00:15:15,847 | INFO | [FROZEN] opx_liq s=42 raw ERT P_kbar rmse=6.00 r2=0.612 (2s)
2026-04-16 00:15:16,958 | INFO | [FROZEN] opx_liq s=42 raw XGB T_C rmse=86.99 r2=0.607 (1s)
2026-04-16 00:15:17,699 | INFO | [FROZEN] opx_liq s=42 raw XGB P_kbar rmse=4.81 r2=0.751 (1s)
2026-04-16 00:15:18,904 | INFO | [FROZEN] opx_liq s=42 raw GB T_C rmse=88.77 r2=0.591 (1s)
2026-04-16 00:15:19,960 | INFO | [FROZEN] opx_liq s=42 raw GB P_kbar rmse=4.74 r2=0.758 (1s)
2026-04-16 00:15:24,070 | INFO | [FROZEN] opx_liq s=42 alr RF T_C rmse=87.12 r2=0.606 (4s)
2026-04-16 00:15:27,011 | INFO | [FROZEN] opx_liq s=42 alr RF P_kbar rmse=5.42 r2=0.684 (3s)
2026-04-16 00:15:27,824 | INFO | [FROZEN] opx_liq s=42 alr ERT T_C rmse=91.88 r2=0.561 (1s)
2026-04-16 00:15:30,385 | INFO | [FROZEN] opx_liq s=42 alr ERT P_kbar rmse=7.27 r2=0.431 (3s)
2026-04-16 00:15:31,321 | INFO | [FROZEN] opx_liq s=42 alr XGB T_C rmse=90.61 r2=0.573 (1s)
2026-04-16 00:15:32,659 | INFO | [FROZEN] opx_liq s=42 alr XGB P_kbar rmse=4.85 r2=0.746 (1s)
2026-04-16 00:15:34,786 | INFO | [FROZEN] opx_liq s=42 alr GB T_C rmse=90.62 r2=0.573 (2s)
2026-04-16 00:15:35,325 | INFO | [FROZEN] opx_liq s=42 alr GB P_kbar rmse=5.33 r2=0.694 (1s)
2026-04-16 00:15:43,262 | INFO | [FROZEN] opx_liq s=42 pwlr RF T_C rmse=83.90 r2=0.634 (8s)
2026-04-16 00:15:48,154 | INFO | [FROZEN] opx_liq s=42 pwlr RF P_kbar rmse=5.57 r2=0.667 (5s)
2026-04-16 00:15:49,578 | INFO | [FROZEN] opx_liq s=42 pwlr ERT T_C rmse=87.11 r2=0.606 (1s)
2026-04-16 00:15:50,823 | INFO | [FROZEN] opx_liq s=42 pwlr ERT P_kbar rmse=7.02 r2=0.470 (1s)
2026-04-16 00:15:51,473 | INFO | [FROZEN] opx_liq s=42 pwlr XGB T_C rmse=88.37 r2=0.594 (1s)
2026-04-16 00:15:53,756 | INFO | [FROZEN] opx_liq s=42 pwlr XGB P_kbar rmse=5.04 r2=0.726 (2s)
2026-04-16 00:15:55,064 | INFO | [FROZEN] opx_liq s=42 pwlr GB T_C rmse=91.07 r2=0.569 (1s)
2026-04-16 00:15:55,719 | INFO | [FROZEN] opx_liq s=42 pwlr GB P_kbar rmse=5.19 r2=0.710 (1s)
2026-04-16 00:15:55,730 | INFO | CHECKPOINT opx_liq seed=42 | 24 rows | 0.02h
2026-04-16 00:15:58,990 | INFO | [FROZEN] opx_liq s=43 raw RF T_C rmse=88.59 r2=0.798 (3s)
2026-04-16 00:16:03,233 | INFO | [FROZEN] opx_liq s=43 raw RF P_kbar rmse=5.30 r2=0.734 (4s)
2026-04-16 00:16:05,957 | INFO | [FROZEN] opx_liq s=43 raw ERT T_C rmse=88.17 r2=0.800 (3s)
2026-04-16 00:16:08,412 | INFO | [FROZEN] opx_liq s=43 raw ERT P_kbar rmse=5.70 r2=0.692 (2s)
2026-04-16 00:16:09,483 | INFO | [FROZEN] opx_liq s=43 raw XGB T_C rmse=83.17 r2=0.822 (1s)
2026-04-16 00:16:10,301 | INFO | [FROZEN] opx_liq s=43 raw XGB P_kbar rmse=4.25 r2=0.829 (1s)
2026-04-16 00:16:11,357 | INFO | [FROZEN] opx_liq s=43 raw GB T_C rmse=79.49 r2=0.838 (1s)
2026-04-16 00:16:11,704 | INFO | [FROZEN] opx_liq s=43 raw GB P_kbar rmse=4.50 r2=0.808 (0s)
2026-04-16 00:16:16,924 | INFO | [FROZEN] opx_liq s=43 alr RF T_C rmse=87.96 r2=0.801 (5s)
2026-04-16 00:16:19,295 | INFO | [FROZEN] opx_liq s=43 alr RF P_kbar rmse=6.30 r2=0.624 (2s)
2026-04-16 00:16:19,844 | INFO | [FROZEN] opx_liq s=43 alr ERT T_C rmse=85.63 r2=0.812 (1s)
2026-04-16 00:16:22,157 | INFO | [FROZEN] opx_liq s=43 alr ERT P_kbar rmse=6.97 r2=0.540 (2s)
2026-04-16 00:16:22,961 | INFO | [FROZEN] opx_liq s=43 alr XGB T_C rmse=79.24 r2=0.839 (1s)
2026-04-16 00:16:23,943 | INFO | [FROZEN] opx_liq s=43 alr XGB P_kbar rmse=4.68 r2=0.792 (1s)
2026-04-16 00:16:24,938 | INFO | [FROZEN] opx_liq s=43 alr GB T_C rmse=88.81 r2=0.797 (1s)
2026-04-16 00:16:25,921 | INFO | [FROZEN] opx_liq s=43 alr GB P_kbar rmse=5.94 r2=0.666 (1s)
2026-04-16 00:16:34,154 | INFO | [FROZEN] opx_liq s=43 pwlr RF T_C rmse=89.97 r2=0.792 (8s)
2026-04-16 00:16:40,118 | INFO | [FROZEN] opx_liq s=43 pwlr RF P_kbar rmse=6.27 r2=0.628 (6s)
2026-04-16 00:16:41,548 | INFO | [FROZEN] opx_liq s=43 pwlr ERT T_C rmse=87.89 r2=0.802 (1s)
2026-04-16 00:16:42,837 | INFO | [FROZEN] opx_liq s=43 pwlr ERT P_kbar rmse=6.75 r2=0.569 (1s)
2026-04-16 00:16:43,386 | INFO | [FROZEN] opx_liq s=43 pwlr XGB T_C rmse=86.25 r2=0.809 (1s)
2026-04-16 00:16:45,055 | INFO | [FROZEN] opx_liq s=43 pwlr XGB P_kbar rmse=5.56 r2=0.707 (2s)
2026-04-16 00:16:47,021 | INFO | [FROZEN] opx_liq s=43 pwlr GB T_C rmse=88.29 r2=0.800 (2s)
2026-04-16 00:16:48,027 | INFO | [FROZEN] opx_liq s=43 pwlr GB P_kbar rmse=5.39 r2=0.725 (1s)
2026-04-16 00:16:48,038 | INFO | CHECKPOINT opx_liq seed=43 | 48 rows | 0.03h
2026-04-16 00:16:50,773 | INFO | [FROZEN] opx_liq s=44 raw RF T_C rmse=69.44 r2=0.901 (3s)
2026-04-16 00:16:54,963 | INFO | [FROZEN] opx_liq s=44 raw RF P_kbar rmse=4.63 r2=0.704 (4s)
2026-04-16 00:16:57,788 | INFO | [FROZEN] opx_liq s=44 raw ERT T_C rmse=68.34 r2=0.904 (3s)
2026-04-16 00:17:00,282 | INFO | [FROZEN] opx_liq s=44 raw ERT P_kbar rmse=4.51 r2=0.719 (2s)
2026-04-16 00:17:01,138 | INFO | [FROZEN] opx_liq s=44 raw XGB T_C rmse=75.14 r2=0.884 (1s)
2026-04-16 00:17:01,752 | INFO | [FROZEN] opx_liq s=44 raw XGB P_kbar rmse=3.86 r2=0.794 (1s)
2026-04-16 00:17:02,748 | INFO | [FROZEN] opx_liq s=44 raw GB T_C rmse=75.27 r2=0.883 (1s)
2026-04-16 00:17:03,072 | INFO | [FROZEN] opx_liq s=44 raw GB P_kbar rmse=3.93 r2=0.786 (0s)
2026-04-16 00:17:08,545 | INFO | [FROZEN] opx_liq s=44 alr RF T_C rmse=72.09 r2=0.893 (5s)
2026-04-16 00:17:11,041 | INFO | [FROZEN] opx_liq s=44 alr RF P_kbar rmse=5.24 r2=0.621 (2s)
2026-04-16 00:17:11,542 | INFO | [FROZEN] opx_liq s=44 alr ERT T_C rmse=73.32 r2=0.889 (0s)
2026-04-16 00:17:14,396 | INFO | [FROZEN] opx_liq s=44 alr ERT P_kbar rmse=4.72 r2=0.693 (3s)
2026-04-16 00:17:15,123 | INFO | [FROZEN] opx_liq s=44 alr XGB T_C rmse=68.49 r2=0.903 (1s)
2026-04-16 00:17:16,026 | INFO | [FROZEN] opx_liq s=44 alr XGB P_kbar rmse=4.30 r2=0.744 (1s)
2026-04-16 00:17:17,372 | INFO | [FROZEN] opx_liq s=44 alr GB T_C rmse=69.73 r2=0.900 (1s)
2026-04-16 00:17:17,764 | INFO | [FROZEN] opx_liq s=44 alr GB P_kbar rmse=4.39 r2=0.734 (0s)
2026-04-16 00:17:26,162 | INFO | [FROZEN] opx_liq s=44 pwlr RF T_C rmse=72.10 r2=0.893 (8s)
2026-04-16 00:17:32,153 | INFO | [FROZEN] opx_liq s=44 pwlr RF P_kbar rmse=4.76 r2=0.686 (6s)
2026-04-16 00:17:33,793 | INFO | [FROZEN] opx_liq s=44 pwlr ERT T_C rmse=78.33 r2=0.874 (2s)
2026-04-16 00:17:35,349 | INFO | [FROZEN] opx_liq s=44 pwlr ERT P_kbar rmse=4.53 r2=0.716 (2s)
2026-04-16 00:17:35,969 | INFO | [FROZEN] opx_liq s=44 pwlr XGB T_C rmse=79.81 r2=0.869 (1s)
2026-04-16 00:17:38,118 | INFO | [FROZEN] opx_liq s=44 pwlr XGB P_kbar rmse=3.92 r2=0.787 (2s)
2026-04-16 00:17:39,467 | INFO | [FROZEN] opx_liq s=44 pwlr GB T_C rmse=78.77 r2=0.872 (1s)
2026-04-16 00:17:40,157 | INFO | [FROZEN] opx_liq s=44 pwlr GB P_kbar rmse=4.31 r2=0.744 (1s)
2026-04-16 00:17:40,167 | INFO | CHECKPOINT opx_liq seed=44 | 72 rows | 0.04h
2026-04-16 00:17:42,181 | INFO | [FROZEN] opx_liq s=45 raw RF T_C rmse=79.41 r2=0.827 (2s)
2026-04-16 00:17:44,361 | INFO | [FROZEN] opx_liq s=45 raw RF P_kbar rmse=5.68 r2=0.689 (2s)
2026-04-16 00:17:46,080 | INFO | [FROZEN] opx_liq s=45 raw ERT T_C rmse=80.01 r2=0.825 (2s)
2026-04-16 00:17:47,848 | INFO | [FROZEN] opx_liq s=45 raw ERT P_kbar rmse=6.27 r2=0.621 (2s)
2026-04-16 00:17:48,575 | INFO | [FROZEN] opx_liq s=45 raw XGB T_C rmse=88.81 r2=0.784 (1s)
2026-04-16 00:17:49,086 | INFO | [FROZEN] opx_liq s=45 raw XGB P_kbar rmse=5.48 r2=0.711 (1s)
2026-04-16 00:17:49,930 | INFO | [FROZEN] opx_liq s=45 raw GB T_C rmse=78.20 r2=0.832 (1s)
2026-04-16 00:17:50,179 | INFO | [FROZEN] opx_liq s=45 raw GB P_kbar rmse=5.51 r2=0.708 (0s)
2026-04-16 00:17:53,241 | INFO | [FROZEN] opx_liq s=45 alr RF T_C rmse=76.61 r2=0.839 (3s)
2026-04-16 00:17:54,906 | INFO | [FROZEN] opx_liq s=45 alr RF P_kbar rmse=6.94 r2=0.536 (2s)
2026-04-16 00:17:55,297 | INFO | [FROZEN] opx_liq s=45 alr ERT T_C rmse=82.29 r2=0.814 (0s)
2026-04-16 00:17:57,052 | INFO | [FROZEN] opx_liq s=45 alr ERT P_kbar rmse=8.40 r2=0.320 (2s)
2026-04-16 00:17:57,792 | INFO | [FROZEN] opx_liq s=45 alr XGB T_C rmse=80.99 r2=0.820 (1s)
2026-04-16 00:17:58,658 | INFO | [FROZEN] opx_liq s=45 alr XGB P_kbar rmse=5.67 r2=0.690 (1s)
2026-04-16 00:17:59,660 | INFO | [FROZEN] opx_liq s=45 alr GB T_C rmse=78.17 r2=0.833 (1s)
2026-04-16 00:17:59,988 | INFO | [FROZEN] opx_liq s=45 alr GB P_kbar rmse=6.49 r2=0.594 (0s)
2026-04-16 00:18:05,675 | INFO | [FROZEN] opx_liq s=45 pwlr RF T_C rmse=80.86 r2=0.821 (6s)
2026-04-16 00:18:10,017 | INFO | [FROZEN] opx_liq s=45 pwlr RF P_kbar rmse=6.79 r2=0.556 (4s)
2026-04-16 00:18:11,239 | INFO | [FROZEN] opx_liq s=45 pwlr ERT T_C rmse=83.53 r2=0.809 (1s)
2026-04-16 00:18:12,388 | INFO | [FROZEN] opx_liq s=45 pwlr ERT P_kbar rmse=8.04 r2=0.378 (1s)
2026-04-16 00:18:12,813 | INFO | [FROZEN] opx_liq s=45 pwlr XGB T_C rmse=86.92 r2=0.793 (0s)
2026-04-16 00:18:14,305 | INFO | [FROZEN] opx_liq s=45 pwlr XGB P_kbar rmse=6.54 r2=0.588 (1s)
2026-04-16 00:18:15,376 | INFO | [FROZEN] opx_liq s=45 pwlr GB T_C rmse=80.59 r2=0.822 (1s)
2026-04-16 00:18:16,056 | INFO | [FROZEN] opx_liq s=45 pwlr GB P_kbar rmse=6.08 r2=0.644 (1s)
2026-04-16 00:18:16,071 | INFO | CHECKPOINT opx_liq seed=45 | 96 rows | 0.05h
2026-04-16 00:18:18,754 | INFO | [FROZEN] opx_liq s=46 raw RF T_C rmse=73.81 r2=0.851 (3s)
2026-04-16 00:18:21,699 | INFO | [FROZEN] opx_liq s=46 raw RF P_kbar rmse=6.06 r2=0.675 (3s)
2026-04-16 00:18:23,393 | INFO | [FROZEN] opx_liq s=46 raw ERT T_C rmse=70.19 r2=0.866 (2s)
2026-04-16 00:18:25,177 | INFO | [FROZEN] opx_liq s=46 raw ERT P_kbar rmse=6.02 r2=0.680 (2s)
2026-04-16 00:18:25,983 | INFO | [FROZEN] opx_liq s=46 raw XGB T_C rmse=78.57 r2=0.832 (1s)
2026-04-16 00:18:26,404 | INFO | [FROZEN] opx_liq s=46 raw XGB P_kbar rmse=5.36 r2=0.746 (0s)
2026-04-16 00:18:27,283 | INFO | [FROZEN] opx_liq s=46 raw GB T_C rmse=83.85 r2=0.808 (1s)
2026-04-16 00:18:27,542 | INFO | [FROZEN] opx_liq s=46 raw GB P_kbar rmse=5.95 r2=0.686 (0s)
2026-04-16 00:18:31,373 | INFO | [FROZEN] opx_liq s=46 alr RF T_C rmse=81.51 r2=0.819 (4s)
2026-04-16 00:18:34,344 | INFO | [FROZEN] opx_liq s=46 alr RF P_kbar rmse=7.10 r2=0.555 (3s)
2026-04-16 00:18:34,858 | INFO | [FROZEN] opx_liq s=46 alr ERT T_C rmse=73.99 r2=0.851 (1s)
2026-04-16 00:18:36,619 | INFO | [FROZEN] opx_liq s=46 alr ERT P_kbar rmse=6.16 r2=0.664 (2s)
2026-04-16 00:18:37,267 | INFO | [FROZEN] opx_liq s=46 alr XGB T_C rmse=76.58 r2=0.840 (1s)
2026-04-16 00:18:38,031 | INFO | [FROZEN] opx_liq s=46 alr XGB P_kbar rmse=6.14 r2=0.666 (1s)
2026-04-16 00:18:38,897 | INFO | [FROZEN] opx_liq s=46 alr GB T_C rmse=77.86 r2=0.835 (1s)
2026-04-16 00:18:39,179 | INFO | [FROZEN] opx_liq s=46 alr GB P_kbar rmse=6.44 r2=0.634 (0s)
2026-04-16 00:18:48,300 | INFO | [FROZEN] opx_liq s=46 pwlr RF T_C rmse=72.91 r2=0.855 (9s)
2026-04-16 00:18:55,690 | INFO | [FROZEN] opx_liq s=46 pwlr RF P_kbar rmse=6.97 r2=0.571 (7s)
2026-04-16 00:18:57,143 | INFO | [FROZEN] opx_liq s=46 pwlr ERT T_C rmse=75.94 r2=0.843 (1s)
2026-04-16 00:18:58,157 | INFO | [FROZEN] opx_liq s=46 pwlr ERT P_kbar rmse=6.31 r2=0.647 (1s)
2026-04-16 00:18:58,613 | INFO | [FROZEN] opx_liq s=46 pwlr XGB T_C rmse=78.23 r2=0.833 (0s)
2026-04-16 00:19:00,742 | INFO | [FROZEN] opx_liq s=46 pwlr XGB P_kbar rmse=6.12 r2=0.669 (2s)
2026-04-16 00:19:02,390 | INFO | [FROZEN] opx_liq s=46 pwlr GB T_C rmse=84.20 r2=0.807 (2s)
2026-04-16 00:19:02,872 | INFO | [FROZEN] opx_liq s=46 pwlr GB P_kbar rmse=6.74 r2=0.598 (0s)
2026-04-16 00:19:02,884 | INFO | CHECKPOINT opx_liq seed=46 | 120 rows | 0.07h
2026-04-16 00:19:06,260 | INFO | [FROZEN] opx_liq s=47 raw RF T_C rmse=77.31 r2=0.815 (3s)
2026-04-16 00:19:09,844 | INFO | [FROZEN] opx_liq s=47 raw RF P_kbar rmse=5.15 r2=0.700 (4s)
2026-04-16 00:19:12,373 | INFO | [FROZEN] opx_liq s=47 raw ERT T_C rmse=87.15 r2=0.765 (3s)
2026-04-16 00:19:15,578 | INFO | [FROZEN] opx_liq s=47 raw ERT P_kbar rmse=5.45 r2=0.663 (3s)
2026-04-16 00:19:16,835 | INFO | [FROZEN] opx_liq s=47 raw XGB T_C rmse=73.95 r2=0.831 (1s)
2026-04-16 00:19:17,497 | INFO | [FROZEN] opx_liq s=47 raw XGB P_kbar rmse=4.05 r2=0.814 (1s)
2026-04-16 00:19:18,622 | INFO | [FROZEN] opx_liq s=47 raw GB T_C rmse=75.30 r2=0.825 (1s)
2026-04-16 00:19:18,912 | INFO | [FROZEN] opx_liq s=47 raw GB P_kbar rmse=4.37 r2=0.783 (0s)
2026-04-16 00:19:23,371 | INFO | [FROZEN] opx_liq s=47 alr RF T_C rmse=82.06 r2=0.792 (4s)
2026-04-16 00:19:25,588 | INFO | [FROZEN] opx_liq s=47 alr RF P_kbar rmse=5.88 r2=0.608 (2s)
2026-04-16 00:19:26,186 | INFO | [FROZEN] opx_liq s=47 alr ERT T_C rmse=93.01 r2=0.733 (1s)
2026-04-16 00:19:27,853 | INFO | [FROZEN] opx_liq s=47 alr ERT P_kbar rmse=6.78 r2=0.479 (2s)
2026-04-16 00:19:28,380 | INFO | [FROZEN] opx_liq s=47 alr XGB T_C rmse=80.04 r2=0.802 (1s)
2026-04-16 00:19:28,985 | INFO | [FROZEN] opx_liq s=47 alr XGB P_kbar rmse=3.87 r2=0.830 (1s)
2026-04-16 00:19:30,037 | INFO | [FROZEN] opx_liq s=47 alr GB T_C rmse=79.06 r2=0.807 (1s)
2026-04-16 00:19:30,517 | INFO | [FROZEN] opx_liq s=47 alr GB P_kbar rmse=5.40 r2=0.669 (0s)
2026-04-16 00:19:36,077 | INFO | [FROZEN] opx_liq s=47 pwlr RF T_C rmse=78.84 r2=0.808 (5s)
2026-04-16 00:19:40,996 | INFO | [FROZEN] opx_liq s=47 pwlr RF P_kbar rmse=5.92 r2=0.603 (5s)
2026-04-16 00:19:42,010 | INFO | [FROZEN] opx_liq s=47 pwlr ERT T_C rmse=83.24 r2=0.786 (1s)
2026-04-16 00:19:42,904 | INFO | [FROZEN] opx_liq s=47 pwlr ERT P_kbar rmse=6.33 r2=0.546 (1s)
2026-04-16 00:19:43,223 | INFO | [FROZEN] opx_liq s=47 pwlr XGB T_C rmse=78.05 r2=0.812 (0s)
2026-04-16 00:19:44,441 | INFO | [FROZEN] opx_liq s=47 pwlr XGB P_kbar rmse=4.79 r2=0.740 (1s)
2026-04-16 00:19:45,433 | INFO | [FROZEN] opx_liq s=47 pwlr GB T_C rmse=79.09 r2=0.807 (1s)
2026-04-16 00:19:46,555 | INFO | [FROZEN] opx_liq s=47 pwlr GB P_kbar rmse=4.86 r2=0.732 (1s)
2026-04-16 00:19:46,567 | INFO | CHECKPOINT opx_liq seed=47 | 144 rows | 0.08h
2026-04-16 00:19:48,536 | INFO | [FROZEN] opx_liq s=48 raw RF T_C rmse=82.62 r2=0.575 (2s)
2026-04-16 00:19:50,656 | INFO | [FROZEN] opx_liq s=48 raw RF P_kbar rmse=7.53 r2=0.392 (2s)
2026-04-16 00:19:52,670 | INFO | [FROZEN] opx_liq s=48 raw ERT T_C rmse=75.94 r2=0.641 (2s)
2026-04-16 00:19:54,507 | INFO | [FROZEN] opx_liq s=48 raw ERT P_kbar rmse=7.46 r2=0.403 (2s)
2026-04-16 00:19:55,172 | INFO | [FROZEN] opx_liq s=48 raw XGB T_C rmse=75.00 r2=0.650 (1s)
2026-04-16 00:19:55,612 | INFO | [FROZEN] opx_liq s=48 raw XGB P_kbar rmse=5.92 r2=0.624 (0s)
2026-04-16 00:19:56,210 | INFO | [FROZEN] opx_liq s=48 raw GB T_C rmse=86.43 r2=0.535 (1s)
2026-04-16 00:19:56,517 | INFO | [FROZEN] opx_liq s=48 raw GB P_kbar rmse=6.99 r2=0.476 (0s)
2026-04-16 00:19:59,459 | INFO | [FROZEN] opx_liq s=48 alr RF T_C rmse=70.62 r2=0.689 (3s)
2026-04-16 00:20:01,057 | INFO | [FROZEN] opx_liq s=48 alr RF P_kbar rmse=6.99 r2=0.476 (2s)
2026-04-16 00:20:01,415 | INFO | [FROZEN] opx_liq s=48 alr ERT T_C rmse=66.78 r2=0.722 (0s)
2026-04-16 00:20:02,970 | INFO | [FROZEN] opx_liq s=48 alr ERT P_kbar rmse=7.97 r2=0.318 (2s)
2026-04-16 00:20:03,592 | INFO | [FROZEN] opx_liq s=48 alr XGB T_C rmse=80.21 r2=0.599 (1s)
2026-04-16 00:20:04,208 | INFO | [FROZEN] opx_liq s=48 alr XGB P_kbar rmse=7.45 r2=0.404 (1s)
2026-04-16 00:20:04,922 | INFO | [FROZEN] opx_liq s=48 alr GB T_C rmse=77.09 r2=0.630 (1s)
2026-04-16 00:20:05,061 | INFO | [FROZEN] opx_liq s=48 alr GB P_kbar rmse=6.51 r2=0.545 (0s)
2026-04-16 00:20:10,122 | INFO | [FROZEN] opx_liq s=48 pwlr RF T_C rmse=83.30 r2=0.568 (5s)
2026-04-16 00:20:13,729 | INFO | [FROZEN] opx_liq s=48 pwlr RF P_kbar rmse=9.21 r2=0.089 (4s)
2026-04-16 00:20:14,699 | INFO | [FROZEN] opx_liq s=48 pwlr ERT T_C rmse=78.27 r2=0.618 (1s)
2026-04-16 00:20:15,489 | INFO | [FROZEN] opx_liq s=48 pwlr ERT P_kbar rmse=9.76 r2=-0.021 (1s)
2026-04-16 00:20:15,827 | INFO | [FROZEN] opx_liq s=48 pwlr XGB T_C rmse=83.97 r2=0.561 (0s)
2026-04-16 00:20:17,123 | INFO | [FROZEN] opx_liq s=48 pwlr XGB P_kbar rmse=8.45 r2=0.234 (1s)
2026-04-16 00:20:17,978 | INFO | [FROZEN] opx_liq s=48 pwlr GB T_C rmse=93.76 r2=0.452 (1s)
2026-04-16 00:20:18,748 | INFO | [FROZEN] opx_liq s=48 pwlr GB P_kbar rmse=9.40 r2=0.052 (1s)
2026-04-16 00:20:18,762 | INFO | CHECKPOINT opx_liq seed=48 | 168 rows | 0.09h
2026-04-16 00:20:20,761 | INFO | [FROZEN] opx_liq s=49 raw RF T_C rmse=87.14 r2=0.786 (2s)
2026-04-16 00:20:23,053 | INFO | [FROZEN] opx_liq s=49 raw RF P_kbar rmse=8.78 r2=0.170 (2s)
2026-04-16 00:20:24,817 | INFO | [FROZEN] opx_liq s=49 raw ERT T_C rmse=83.95 r2=0.801 (2s)
2026-04-16 00:20:26,755 | INFO | [FROZEN] opx_liq s=49 raw ERT P_kbar rmse=6.15 r2=0.593 (2s)
2026-04-16 00:20:27,513 | INFO | [FROZEN] opx_liq s=49 raw XGB T_C rmse=81.39 r2=0.813 (1s)
2026-04-16 00:20:27,933 | INFO | [FROZEN] opx_liq s=49 raw XGB P_kbar rmse=4.47 r2=0.785 (0s)
2026-04-16 00:20:28,634 | INFO | [FROZEN] opx_liq s=49 raw GB T_C rmse=94.86 r2=0.746 (1s)
2026-04-16 00:20:28,803 | INFO | [FROZEN] opx_liq s=49 raw GB P_kbar rmse=5.29 r2=0.699 (0s)
2026-04-16 00:20:31,968 | INFO | [FROZEN] opx_liq s=49 alr RF T_C rmse=73.35 r2=0.848 (3s)
2026-04-16 00:20:33,637 | INFO | [FROZEN] opx_liq s=49 alr RF P_kbar rmse=6.08 r2=0.603 (2s)
2026-04-16 00:20:34,024 | INFO | [FROZEN] opx_liq s=49 alr ERT T_C rmse=82.17 r2=0.809 (0s)
2026-04-16 00:20:36,114 | INFO | [FROZEN] opx_liq s=49 alr ERT P_kbar rmse=6.70 r2=0.517 (2s)
2026-04-16 00:20:36,674 | INFO | [FROZEN] opx_liq s=49 alr XGB T_C rmse=77.37 r2=0.831 (1s)
2026-04-16 00:20:37,330 | INFO | [FROZEN] opx_liq s=49 alr XGB P_kbar rmse=4.46 r2=0.786 (1s)
2026-04-16 00:20:38,372 | INFO | [FROZEN] opx_liq s=49 alr GB T_C rmse=85.02 r2=0.796 (1s)
2026-04-16 00:20:38,593 | INFO | [FROZEN] opx_liq s=49 alr GB P_kbar rmse=6.32 r2=0.571 (0s)
2026-04-16 00:20:44,043 | INFO | [FROZEN] opx_liq s=49 pwlr RF T_C rmse=75.91 r2=0.837 (5s)
2026-04-16 00:20:48,020 | INFO | [FROZEN] opx_liq s=49 pwlr RF P_kbar rmse=6.70 r2=0.516 (4s)
2026-04-16 00:20:48,974 | INFO | [FROZEN] opx_liq s=49 pwlr ERT T_C rmse=77.42 r2=0.831 (1s)
2026-04-16 00:20:49,776 | INFO | [FROZEN] opx_liq s=49 pwlr ERT P_kbar rmse=6.87 r2=0.492 (1s)
2026-04-16 00:20:50,141 | INFO | [FROZEN] opx_liq s=49 pwlr XGB T_C rmse=78.28 r2=0.827 (0s)
2026-04-16 00:20:51,437 | INFO | [FROZEN] opx_liq s=49 pwlr XGB P_kbar rmse=4.93 r2=0.739 (1s)
2026-04-16 00:20:52,548 | INFO | [FROZEN] opx_liq s=49 pwlr GB T_C rmse=86.06 r2=0.791 (1s)
2026-04-16 00:20:52,998 | INFO | [FROZEN] opx_liq s=49 pwlr GB P_kbar rmse=5.41 r2=0.685 (0s)
2026-04-16 00:20:53,010 | INFO | CHECKPOINT opx_liq seed=49 | 192 rows | 0.10h
2026-04-16 00:20:55,011 | INFO | [FROZEN] opx_liq s=50 raw RF T_C rmse=82.73 r2=0.730 (2s)
2026-04-16 00:20:57,260 | INFO | [FROZEN] opx_liq s=50 raw RF P_kbar rmse=3.89 r2=0.809 (2s)
2026-04-16 00:20:58,873 | INFO | [FROZEN] opx_liq s=50 raw ERT T_C rmse=78.97 r2=0.754 (2s)
2026-04-16 00:21:00,606 | INFO | [FROZEN] opx_liq s=50 raw ERT P_kbar rmse=4.88 r2=0.699 (2s)
2026-04-16 00:21:01,309 | INFO | [FROZEN] opx_liq s=50 raw XGB T_C rmse=81.92 r2=0.735 (1s)
2026-04-16 00:21:01,726 | INFO | [FROZEN] opx_liq s=50 raw XGB P_kbar rmse=4.12 r2=0.786 (0s)
2026-04-16 00:21:02,379 | INFO | [FROZEN] opx_liq s=50 raw GB T_C rmse=79.51 r2=0.750 (1s)
2026-04-16 00:21:02,694 | INFO | [FROZEN] opx_liq s=50 raw GB P_kbar rmse=4.15 r2=0.782 (0s)
2026-04-16 00:21:05,670 | INFO | [FROZEN] opx_liq s=50 alr RF T_C rmse=80.97 r2=0.741 (3s)
2026-04-16 00:21:07,416 | INFO | [FROZEN] opx_liq s=50 alr RF P_kbar rmse=4.46 r2=0.748 (2s)
2026-04-16 00:21:07,792 | INFO | [FROZEN] opx_liq s=50 alr ERT T_C rmse=71.84 r2=0.796 (0s)
2026-04-16 00:21:09,328 | INFO | [FROZEN] opx_liq s=50 alr ERT P_kbar rmse=5.56 r2=0.609 (2s)
2026-04-16 00:21:09,844 | INFO | [FROZEN] opx_liq s=50 alr XGB T_C rmse=75.63 r2=0.774 (1s)
2026-04-16 00:21:10,462 | INFO | [FROZEN] opx_liq s=50 alr XGB P_kbar rmse=4.82 r2=0.707 (1s)
2026-04-16 00:21:11,893 | INFO | [FROZEN] opx_liq s=50 alr GB T_C rmse=75.16 r2=0.777 (1s)
2026-04-16 00:21:12,389 | INFO | [FROZEN] opx_liq s=50 alr GB P_kbar rmse=6.28 r2=0.503 (0s)
2026-04-16 00:21:17,717 | INFO | [FROZEN] opx_liq s=50 pwlr RF T_C rmse=76.41 r2=0.769 (5s)
2026-04-16 00:21:21,692 | INFO | [FROZEN] opx_liq s=50 pwlr RF P_kbar rmse=5.49 r2=0.619 (4s)
2026-04-16 00:21:22,775 | INFO | [FROZEN] opx_liq s=50 pwlr ERT T_C rmse=75.27 r2=0.776 (1s)
2026-04-16 00:21:23,595 | INFO | [FROZEN] opx_liq s=50 pwlr ERT P_kbar rmse=6.31 r2=0.497 (1s)
2026-04-16 00:21:23,926 | INFO | [FROZEN] opx_liq s=50 pwlr XGB T_C rmse=85.83 r2=0.709 (0s)
2026-04-16 00:21:25,559 | INFO | [FROZEN] opx_liq s=50 pwlr XGB P_kbar rmse=5.47 r2=0.622 (2s)
2026-04-16 00:21:26,805 | INFO | [FROZEN] opx_liq s=50 pwlr GB T_C rmse=75.47 r2=0.775 (1s)
2026-04-16 00:21:27,593 | INFO | [FROZEN] opx_liq s=50 pwlr GB P_kbar rmse=5.68 r2=0.592 (1s)
2026-04-16 00:21:27,609 | INFO | CHECKPOINT opx_liq seed=50 | 216 rows | 0.11h
2026-04-16 00:21:29,538 | INFO | [FROZEN] opx_liq s=51 raw RF T_C rmse=68.82 r2=0.859 (2s)
2026-04-16 00:21:31,599 | INFO | [FROZEN] opx_liq s=51 raw RF P_kbar rmse=6.62 r2=0.604 (2s)
2026-04-16 00:21:33,197 | INFO | [FROZEN] opx_liq s=51 raw ERT T_C rmse=71.35 r2=0.848 (2s)
2026-04-16 00:21:34,854 | INFO | [FROZEN] opx_liq s=51 raw ERT P_kbar rmse=6.87 r2=0.573 (2s)
2026-04-16 00:21:35,496 | INFO | [FROZEN] opx_liq s=51 raw XGB T_C rmse=76.38 r2=0.826 (1s)
2026-04-16 00:21:35,916 | INFO | [FROZEN] opx_liq s=51 raw XGB P_kbar rmse=5.41 r2=0.736 (0s)
2026-04-16 00:21:36,719 | INFO | [FROZEN] opx_liq s=51 raw GB T_C rmse=80.50 r2=0.807 (1s)
2026-04-16 00:21:37,105 | INFO | [FROZEN] opx_liq s=51 raw GB P_kbar rmse=5.32 r2=0.744 (0s)
2026-04-16 00:21:40,053 | INFO | [FROZEN] opx_liq s=51 alr RF T_C rmse=69.46 r2=0.856 (3s)
2026-04-16 00:21:41,696 | INFO | [FROZEN] opx_liq s=51 alr RF P_kbar rmse=6.39 r2=0.630 (2s)
2026-04-16 00:21:42,170 | INFO | [FROZEN] opx_liq s=51 alr ERT T_C rmse=74.14 r2=0.836 (0s)
2026-04-16 00:21:43,928 | INFO | [FROZEN] opx_liq s=51 alr ERT P_kbar rmse=7.69 r2=0.465 (2s)
2026-04-16 00:21:44,393 | INFO | [FROZEN] opx_liq s=51 alr XGB T_C rmse=67.80 r2=0.863 (0s)
2026-04-16 00:21:45,002 | INFO | [FROZEN] opx_liq s=51 alr XGB P_kbar rmse=5.91 r2=0.684 (1s)
2026-04-16 00:21:45,722 | INFO | [FROZEN] opx_liq s=51 alr GB T_C rmse=78.72 r2=0.815 (1s)
2026-04-16 00:21:46,130 | INFO | [FROZEN] opx_liq s=51 alr GB P_kbar rmse=6.42 r2=0.627 (0s)
2026-04-16 00:21:51,003 | INFO | [FROZEN] opx_liq s=51 pwlr RF T_C rmse=63.51 r2=0.880 (5s)
2026-04-16 00:21:54,715 | INFO | [FROZEN] opx_liq s=51 pwlr RF P_kbar rmse=6.79 r2=0.583 (4s)
2026-04-16 00:21:55,839 | INFO | [FROZEN] opx_liq s=51 pwlr ERT T_C rmse=72.08 r2=0.845 (1s)
2026-04-16 00:21:56,770 | INFO | [FROZEN] opx_liq s=51 pwlr ERT P_kbar rmse=7.47 r2=0.495 (1s)
2026-04-16 00:21:57,348 | INFO | [FROZEN] opx_liq s=51 pwlr XGB T_C rmse=76.10 r2=0.827 (1s)
2026-04-16 00:21:58,861 | INFO | [FROZEN] opx_liq s=51 pwlr XGB P_kbar rmse=6.27 r2=0.644 (2s)
2026-04-16 00:21:59,970 | INFO | [FROZEN] opx_liq s=51 pwlr GB T_C rmse=79.74 r2=0.810 (1s)
2026-04-16 00:22:00,547 | INFO | [FROZEN] opx_liq s=51 pwlr GB P_kbar rmse=6.24 r2=0.647 (1s)
2026-04-16 00:22:00,561 | INFO | CHECKPOINT opx_liq seed=51 | 240 rows | 0.12h
2026-04-16 00:22:02,392 | INFO | [FROZEN] opx_liq s=52 raw RF T_C rmse=85.38 r2=0.628 (2s)
2026-04-16 00:22:04,484 | INFO | [FROZEN] opx_liq s=52 raw RF P_kbar rmse=7.52 r2=0.579 (2s)
2026-04-16 00:22:05,949 | INFO | [FROZEN] opx_liq s=52 raw ERT T_C rmse=79.16 r2=0.681 (1s)
2026-04-16 00:22:07,615 | INFO | [FROZEN] opx_liq s=52 raw ERT P_kbar rmse=8.10 r2=0.513 (2s)
2026-04-16 00:22:08,268 | INFO | [FROZEN] opx_liq s=52 raw XGB T_C rmse=79.62 r2=0.677 (1s)
2026-04-16 00:22:08,685 | INFO | [FROZEN] opx_liq s=52 raw XGB P_kbar rmse=6.66 r2=0.670 (0s)
2026-04-16 00:22:09,279 | INFO | [FROZEN] opx_liq s=52 raw GB T_C rmse=85.03 r2=0.631 (1s)
2026-04-16 00:22:09,465 | INFO | [FROZEN] opx_liq s=52 raw GB P_kbar rmse=5.90 r2=0.741 (0s)
2026-04-16 00:22:12,806 | INFO | [FROZEN] opx_liq s=52 alr RF T_C rmse=74.57 r2=0.717 (3s)
2026-04-16 00:22:15,307 | INFO | [FROZEN] opx_liq s=52 alr RF P_kbar rmse=7.81 r2=0.547 (2s)
2026-04-16 00:22:15,744 | INFO | [FROZEN] opx_liq s=52 alr ERT T_C rmse=74.75 r2=0.715 (0s)
2026-04-16 00:22:17,393 | INFO | [FROZEN] opx_liq s=52 alr ERT P_kbar rmse=8.39 r2=0.476 (2s)
2026-04-16 00:22:18,040 | INFO | [FROZEN] opx_liq s=52 alr XGB T_C rmse=70.92 r2=0.744 (1s)
2026-04-16 00:22:18,728 | INFO | [FROZEN] opx_liq s=52 alr XGB P_kbar rmse=6.38 r2=0.697 (1s)
2026-04-16 00:22:20,099 | INFO | [FROZEN] opx_liq s=52 alr GB T_C rmse=81.87 r2=0.658 (1s)
2026-04-16 00:22:20,394 | INFO | [FROZEN] opx_liq s=52 alr GB P_kbar rmse=6.72 r2=0.664 (0s)
2026-04-16 00:22:26,621 | INFO | [FROZEN] opx_liq s=52 pwlr RF T_C rmse=82.26 r2=0.655 (6s)
2026-04-16 00:22:31,181 | INFO | [FROZEN] opx_liq s=52 pwlr RF P_kbar rmse=9.28 r2=0.359 (5s)
2026-04-16 00:22:32,518 | INFO | [FROZEN] opx_liq s=52 pwlr ERT T_C rmse=77.95 r2=0.690 (1s)
2026-04-16 00:22:33,540 | INFO | [FROZEN] opx_liq s=52 pwlr ERT P_kbar rmse=9.63 r2=0.311 (1s)
2026-04-16 00:22:34,195 | INFO | [FROZEN] opx_liq s=52 pwlr XGB T_C rmse=73.82 r2=0.722 (1s)
2026-04-16 00:22:37,216 | INFO | [FROZEN] opx_liq s=52 pwlr XGB P_kbar rmse=8.29 r2=0.489 (3s)
2026-04-16 00:22:38,922 | INFO | [FROZEN] opx_liq s=52 pwlr GB T_C rmse=73.10 r2=0.728 (2s)
2026-04-16 00:22:39,679 | INFO | [FROZEN] opx_liq s=52 pwlr GB P_kbar rmse=7.73 r2=0.556 (1s)
2026-04-16 00:22:39,702 | INFO | CHECKPOINT opx_liq seed=52 | 264 rows | 0.13h
2026-04-16 00:22:42,595 | INFO | [FROZEN] opx_liq s=53 raw RF T_C rmse=100.69 r2=0.775 (3s)
2026-04-16 00:22:45,237 | INFO | [FROZEN] opx_liq s=53 raw RF P_kbar rmse=6.94 r2=0.629 (3s)
2026-04-16 00:22:48,646 | INFO | [FROZEN] opx_liq s=53 raw ERT T_C rmse=94.42 r2=0.802 (3s)
2026-04-16 00:22:51,559 | INFO | [FROZEN] opx_liq s=53 raw ERT P_kbar rmse=7.21 r2=0.599 (3s)
2026-04-16 00:22:52,662 | INFO | [FROZEN] opx_liq s=53 raw XGB T_C rmse=91.51 r2=0.814 (1s)
2026-04-16 00:22:53,207 | INFO | [FROZEN] opx_liq s=53 raw XGB P_kbar rmse=5.11 r2=0.798 (1s)
2026-04-16 00:22:53,784 | INFO | [FROZEN] opx_liq s=53 raw GB T_C rmse=96.36 r2=0.794 (1s)
2026-04-16 00:22:54,064 | INFO | [FROZEN] opx_liq s=53 raw GB P_kbar rmse=4.70 r2=0.829 (0s)
2026-04-16 00:22:57,179 | INFO | [FROZEN] opx_liq s=53 alr RF T_C rmse=94.87 r2=0.801 (3s)
2026-04-16 00:22:58,956 | INFO | [FROZEN] opx_liq s=53 alr RF P_kbar rmse=7.06 r2=0.616 (2s)
2026-04-16 00:22:59,338 | INFO | [FROZEN] opx_liq s=53 alr ERT T_C rmse=89.80 r2=0.821 (0s)
2026-04-16 00:23:00,902 | INFO | [FROZEN] opx_liq s=53 alr ERT P_kbar rmse=8.42 r2=0.453 (2s)
2026-04-16 00:23:01,403 | INFO | [FROZEN] opx_liq s=53 alr XGB T_C rmse=86.60 r2=0.834 (0s)
2026-04-16 00:23:02,014 | INFO | [FROZEN] opx_liq s=53 alr XGB P_kbar rmse=5.98 r2=0.724 (1s)
2026-04-16 00:23:02,430 | INFO | [FROZEN] opx_liq s=53 alr GB T_C rmse=99.89 r2=0.779 (0s)
2026-04-16 00:23:02,904 | INFO | [FROZEN] opx_liq s=53 alr GB P_kbar rmse=6.33 r2=0.691 (0s)
2026-04-16 00:23:08,528 | INFO | [FROZEN] opx_liq s=53 pwlr RF T_C rmse=95.36 r2=0.799 (6s)
2026-04-16 00:23:12,488 | INFO | [FROZEN] opx_liq s=53 pwlr RF P_kbar rmse=7.35 r2=0.583 (4s)
2026-04-16 00:23:13,559 | INFO | [FROZEN] opx_liq s=53 pwlr ERT T_C rmse=94.48 r2=0.802 (1s)
2026-04-16 00:23:14,387 | INFO | [FROZEN] opx_liq s=53 pwlr ERT P_kbar rmse=8.63 r2=0.425 (1s)
2026-04-16 00:23:14,710 | INFO | [FROZEN] opx_liq s=53 pwlr XGB T_C rmse=91.76 r2=0.813 (0s)
2026-04-16 00:23:16,010 | INFO | [FROZEN] opx_liq s=53 pwlr XGB P_kbar rmse=6.60 r2=0.664 (1s)
2026-04-16 00:23:16,509 | INFO | [FROZEN] opx_liq s=53 pwlr GB T_C rmse=102.14 r2=0.769 (0s)
2026-04-16 00:23:17,059 | INFO | [FROZEN] opx_liq s=53 pwlr GB P_kbar rmse=6.78 r2=0.645 (1s)
2026-04-16 00:23:17,076 | INFO | CHECKPOINT opx_liq seed=53 | 288 rows | 0.14h
2026-04-16 00:23:19,270 | INFO | [FROZEN] opx_liq s=54 raw RF T_C rmse=96.20 r2=0.720 (2s)
2026-04-16 00:23:21,515 | INFO | [FROZEN] opx_liq s=54 raw RF P_kbar rmse=6.40 r2=0.601 (2s)
2026-04-16 00:23:23,216 | INFO | [FROZEN] opx_liq s=54 raw ERT T_C rmse=94.99 r2=0.727 (2s)
2026-04-16 00:23:25,178 | INFO | [FROZEN] opx_liq s=54 raw ERT P_kbar rmse=6.94 r2=0.532 (2s)
2026-04-16 00:23:25,983 | INFO | [FROZEN] opx_liq s=54 raw XGB T_C rmse=88.39 r2=0.764 (1s)
2026-04-16 00:23:26,838 | INFO | [FROZEN] opx_liq s=54 raw XGB P_kbar rmse=4.94 r2=0.763 (1s)
2026-04-16 00:23:29,496 | INFO | [FROZEN] opx_liq s=54 raw GB T_C rmse=99.82 r2=0.699 (3s)
2026-04-16 00:23:29,898 | INFO | [FROZEN] opx_liq s=54 raw GB P_kbar rmse=5.64 r2=0.690 (0s)
2026-04-16 00:23:35,094 | INFO | [FROZEN] opx_liq s=54 alr RF T_C rmse=100.30 r2=0.696 (5s)
2026-04-16 00:23:37,427 | INFO | [FROZEN] opx_liq s=54 alr RF P_kbar rmse=6.99 r2=0.525 (2s)
2026-04-16 00:23:37,829 | INFO | [FROZEN] opx_liq s=54 alr ERT T_C rmse=96.61 r2=0.718 (0s)
2026-04-16 00:23:39,618 | INFO | [FROZEN] opx_liq s=54 alr ERT P_kbar rmse=8.57 r2=0.286 (2s)
2026-04-16 00:23:40,190 | INFO | [FROZEN] opx_liq s=54 alr XGB T_C rmse=88.77 r2=0.762 (1s)
2026-04-16 00:23:40,904 | INFO | [FROZEN] opx_liq s=54 alr XGB P_kbar rmse=5.42 r2=0.714 (1s)
2026-04-16 00:23:41,700 | INFO | [FROZEN] opx_liq s=54 alr GB T_C rmse=97.00 r2=0.715 (1s)
2026-04-16 00:23:42,139 | INFO | [FROZEN] opx_liq s=54 alr GB P_kbar rmse=6.81 r2=0.549 (0s)
2026-04-16 00:23:49,164 | INFO | [FROZEN] opx_liq s=54 pwlr RF T_C rmse=92.05 r2=0.744 (7s)
2026-04-16 00:23:54,447 | INFO | [FROZEN] opx_liq s=54 pwlr RF P_kbar rmse=6.92 r2=0.535 (5s)
2026-04-16 00:23:55,754 | INFO | [FROZEN] opx_liq s=54 pwlr ERT T_C rmse=93.06 r2=0.738 (1s)
2026-04-16 00:23:56,954 | INFO | [FROZEN] opx_liq s=54 pwlr ERT P_kbar rmse=8.22 r2=0.343 (1s)
2026-04-16 00:23:57,396 | INFO | [FROZEN] opx_liq s=54 pwlr XGB T_C rmse=87.13 r2=0.770 (0s)
2026-04-16 00:23:58,895 | INFO | [FROZEN] opx_liq s=54 pwlr XGB P_kbar rmse=6.34 r2=0.609 (1s)
2026-04-16 00:24:00,151 | INFO | [FROZEN] opx_liq s=54 pwlr GB T_C rmse=96.59 r2=0.718 (1s)
2026-04-16 00:24:01,355 | INFO | [FROZEN] opx_liq s=54 pwlr GB P_kbar rmse=7.03 r2=0.519 (1s)
2026-04-16 00:24:01,371 | INFO | CHECKPOINT opx_liq seed=54 | 312 rows | 0.15h
2026-04-16 00:24:03,702 | INFO | [FROZEN] opx_liq s=55 raw RF T_C rmse=67.93 r2=0.797 (2s)
2026-04-16 00:24:06,069 | INFO | [FROZEN] opx_liq s=55 raw RF P_kbar rmse=6.28 r2=0.618 (2s)
2026-04-16 00:24:07,948 | INFO | [FROZEN] opx_liq s=55 raw ERT T_C rmse=62.44 r2=0.828 (2s)
2026-04-16 00:24:10,037 | INFO | [FROZEN] opx_liq s=55 raw ERT P_kbar rmse=5.72 r2=0.683 (2s)
2026-04-16 00:24:10,713 | INFO | [FROZEN] opx_liq s=55 raw XGB T_C rmse=66.01 r2=0.808 (1s)
2026-04-16 00:24:11,130 | INFO | [FROZEN] opx_liq s=55 raw XGB P_kbar rmse=5.09 r2=0.749 (0s)
2026-04-16 00:24:11,871 | INFO | [FROZEN] opx_liq s=55 raw GB T_C rmse=70.79 r2=0.779 (1s)
2026-04-16 00:24:12,185 | INFO | [FROZEN] opx_liq s=55 raw GB P_kbar rmse=5.28 r2=0.729 (0s)
2026-04-16 00:24:16,276 | INFO | [FROZEN] opx_liq s=55 alr RF T_C rmse=62.93 r2=0.826 (4s)
2026-04-16 00:24:18,850 | INFO | [FROZEN] opx_liq s=55 alr RF P_kbar rmse=4.57 r2=0.797 (3s)
2026-04-16 00:24:19,311 | INFO | [FROZEN] opx_liq s=55 alr ERT T_C rmse=60.06 r2=0.841 (0s)
2026-04-16 00:24:21,021 | INFO | [FROZEN] opx_liq s=55 alr ERT P_kbar rmse=6.25 r2=0.622 (2s)
2026-04-16 00:24:21,524 | INFO | [FROZEN] opx_liq s=55 alr XGB T_C rmse=63.06 r2=0.825 (1s)
2026-04-16 00:24:22,355 | INFO | [FROZEN] opx_liq s=55 alr XGB P_kbar rmse=5.07 r2=0.751 (1s)
2026-04-16 00:24:23,462 | INFO | [FROZEN] opx_liq s=55 alr GB T_C rmse=71.46 r2=0.775 (1s)
2026-04-16 00:24:23,676 | INFO | [FROZEN] opx_liq s=55 alr GB P_kbar rmse=5.11 r2=0.747 (0s)
2026-04-16 00:24:30,240 | INFO | [FROZEN] opx_liq s=55 pwlr RF T_C rmse=63.74 r2=0.821 (7s)
2026-04-16 00:24:37,663 | INFO | [FROZEN] opx_liq s=55 pwlr RF P_kbar rmse=6.65 r2=0.571 (7s)
2026-04-16 00:24:39,901 | INFO | [FROZEN] opx_liq s=55 pwlr ERT T_C rmse=60.31 r2=0.840 (2s)
2026-04-16 00:24:41,349 | INFO | [FROZEN] opx_liq s=55 pwlr ERT P_kbar rmse=8.09 r2=0.366 (1s)
2026-04-16 00:24:41,899 | INFO | [FROZEN] opx_liq s=55 pwlr XGB T_C rmse=64.05 r2=0.819 (1s)
2026-04-16 00:24:43,794 | INFO | [FROZEN] opx_liq s=55 pwlr XGB P_kbar rmse=6.17 r2=0.631 (2s)
2026-04-16 00:24:45,738 | INFO | [FROZEN] opx_liq s=55 pwlr GB T_C rmse=61.14 r2=0.836 (2s)
2026-04-16 00:24:47,115 | INFO | [FROZEN] opx_liq s=55 pwlr GB P_kbar rmse=6.67 r2=0.569 (1s)
2026-04-16 00:24:47,145 | INFO | CHECKPOINT opx_liq seed=55 | 336 rows | 0.16h
2026-04-16 00:24:51,453 | INFO | [FROZEN] opx_liq s=56 raw RF T_C rmse=86.11 r2=0.583 (4s)
2026-04-16 00:24:54,975 | INFO | [FROZEN] opx_liq s=56 raw RF P_kbar rmse=4.90 r2=0.400 (4s)
2026-04-16 00:24:57,954 | INFO | [FROZEN] opx_liq s=56 raw ERT T_C rmse=88.29 r2=0.562 (3s)
2026-04-16 00:25:01,450 | INFO | [FROZEN] opx_liq s=56 raw ERT P_kbar rmse=6.32 r2=0.002 (3s)
2026-04-16 00:25:03,091 | INFO | [FROZEN] opx_liq s=56 raw XGB T_C rmse=84.40 r2=0.600 (2s)
2026-04-16 00:25:03,959 | INFO | [FROZEN] opx_liq s=56 raw XGB P_kbar rmse=4.50 r2=0.496 (1s)
2026-04-16 00:25:05,322 | INFO | [FROZEN] opx_liq s=56 raw GB T_C rmse=89.30 r2=0.552 (1s)
2026-04-16 00:25:05,831 | INFO | [FROZEN] opx_liq s=56 raw GB P_kbar rmse=4.70 r2=0.449 (1s)
2026-04-16 00:25:10,858 | INFO | [FROZEN] opx_liq s=56 alr RF T_C rmse=85.59 r2=0.588 (5s)
2026-04-16 00:25:13,768 | INFO | [FROZEN] opx_liq s=56 alr RF P_kbar rmse=4.25 r2=0.550 (3s)
2026-04-16 00:25:14,299 | INFO | [FROZEN] opx_liq s=56 alr ERT T_C rmse=90.15 r2=0.543 (1s)
2026-04-16 00:25:16,941 | INFO | [FROZEN] opx_liq s=56 alr ERT P_kbar rmse=7.15 r2=-0.276 (3s)
2026-04-16 00:25:17,725 | INFO | [FROZEN] opx_liq s=56 alr XGB T_C rmse=81.39 r2=0.628 (1s)
2026-04-16 00:25:18,881 | INFO | [FROZEN] opx_liq s=56 alr XGB P_kbar rmse=4.96 r2=0.387 (1s)
2026-04-16 00:25:19,593 | INFO | [FROZEN] opx_liq s=56 alr GB T_C rmse=85.27 r2=0.591 (1s)
2026-04-16 00:25:20,029 | INFO | [FROZEN] opx_liq s=56 alr GB P_kbar rmse=5.03 r2=0.369 (0s)
2026-04-16 00:25:28,513 | INFO | [FROZEN] opx_liq s=56 pwlr RF T_C rmse=84.00 r2=0.603 (8s)
2026-04-16 00:25:35,939 | INFO | [FROZEN] opx_liq s=56 pwlr RF P_kbar rmse=4.90 r2=0.402 (7s)
2026-04-16 00:25:38,278 | INFO | [FROZEN] opx_liq s=56 pwlr ERT T_C rmse=84.34 r2=0.600 (2s)
2026-04-16 00:25:39,975 | INFO | [FROZEN] opx_liq s=56 pwlr ERT P_kbar rmse=6.54 r2=-0.068 (2s)
2026-04-16 00:25:40,878 | INFO | [FROZEN] opx_liq s=56 pwlr XGB T_C rmse=82.27 r2=0.619 (1s)
2026-04-16 00:25:44,235 | INFO | [FROZEN] opx_liq s=56 pwlr XGB P_kbar rmse=4.47 r2=0.501 (3s)
2026-04-16 00:25:46,765 | INFO | [FROZEN] opx_liq s=56 pwlr GB T_C rmse=86.68 r2=0.578 (3s)
2026-04-16 00:25:47,945 | INFO | [FROZEN] opx_liq s=56 pwlr GB P_kbar rmse=5.22 r2=0.321 (1s)
2026-04-16 00:25:47,969 | INFO | CHECKPOINT opx_liq seed=56 | 360 rows | 0.18h
2026-04-16 00:25:52,029 | INFO | [FROZEN] opx_liq s=57 raw RF T_C rmse=83.61 r2=0.665 (4s)
2026-04-16 00:25:56,291 | INFO | [FROZEN] opx_liq s=57 raw RF P_kbar rmse=4.64 r2=0.656 (4s)
2026-04-16 00:25:59,334 | INFO | [FROZEN] opx_liq s=57 raw ERT T_C rmse=83.43 r2=0.666 (3s)
2026-04-16 00:26:02,380 | INFO | [FROZEN] opx_liq s=57 raw ERT P_kbar rmse=5.53 r2=0.511 (3s)
2026-04-16 00:26:03,542 | INFO | [FROZEN] opx_liq s=57 raw XGB T_C rmse=79.65 r2=0.696 (1s)
2026-04-16 00:26:04,367 | INFO | [FROZEN] opx_liq s=57 raw XGB P_kbar rmse=4.51 r2=0.674 (1s)
2026-04-16 00:26:05,566 | INFO | [FROZEN] opx_liq s=57 raw GB T_C rmse=72.95 r2=0.745 (1s)
2026-04-16 00:26:06,261 | INFO | [FROZEN] opx_liq s=57 raw GB P_kbar rmse=4.88 r2=0.620 (1s)
2026-04-16 00:26:11,690 | INFO | [FROZEN] opx_liq s=57 alr RF T_C rmse=80.22 r2=0.691 (5s)
2026-04-16 00:26:14,873 | INFO | [FROZEN] opx_liq s=57 alr RF P_kbar rmse=4.99 r2=0.602 (3s)
2026-04-16 00:26:15,664 | INFO | [FROZEN] opx_liq s=57 alr ERT T_C rmse=76.95 r2=0.716 (1s)
2026-04-16 00:26:18,477 | INFO | [FROZEN] opx_liq s=57 alr ERT P_kbar rmse=5.46 r2=0.523 (3s)
2026-04-16 00:26:19,442 | INFO | [FROZEN] opx_liq s=57 alr XGB T_C rmse=72.31 r2=0.749 (1s)
2026-04-16 00:26:20,844 | INFO | [FROZEN] opx_liq s=57 alr XGB P_kbar rmse=5.39 r2=0.536 (1s)
2026-04-16 00:26:23,143 | INFO | [FROZEN] opx_liq s=57 alr GB T_C rmse=75.72 r2=0.725 (2s)
2026-04-16 00:26:24,227 | INFO | [FROZEN] opx_liq s=57 alr GB P_kbar rmse=6.30 r2=0.364 (1s)
2026-04-16 00:26:33,732 | INFO | [FROZEN] opx_liq s=57 pwlr RF T_C rmse=73.78 r2=0.739 (9s)
2026-04-16 00:26:40,538 | INFO | [FROZEN] opx_liq s=57 pwlr RF P_kbar rmse=5.58 r2=0.502 (7s)
2026-04-16 00:26:42,370 | INFO | [FROZEN] opx_liq s=57 pwlr ERT T_C rmse=74.07 r2=0.737 (2s)
2026-04-16 00:26:43,634 | INFO | [FROZEN] opx_liq s=57 pwlr ERT P_kbar rmse=6.54 r2=0.316 (1s)
2026-04-16 00:26:44,622 | INFO | [FROZEN] opx_liq s=57 pwlr XGB T_C rmse=84.07 r2=0.661 (1s)
2026-04-16 00:26:47,011 | INFO | [FROZEN] opx_liq s=57 pwlr XGB P_kbar rmse=5.41 r2=0.532 (2s)
2026-04-16 00:26:48,745 | INFO | [FROZEN] opx_liq s=57 pwlr GB T_C rmse=78.45 r2=0.705 (2s)
2026-04-16 00:26:49,950 | INFO | [FROZEN] opx_liq s=57 pwlr GB P_kbar rmse=5.97 r2=0.430 (1s)
2026-04-16 00:26:49,974 | INFO | CHECKPOINT opx_liq seed=57 | 384 rows | 0.20h
2026-04-16 00:26:53,240 | INFO | [FROZEN] opx_liq s=58 raw RF T_C rmse=66.79 r2=0.817 (3s)
2026-04-16 00:26:56,593 | INFO | [FROZEN] opx_liq s=58 raw RF P_kbar rmse=6.21 r2=0.683 (3s)
2026-04-16 00:26:58,831 | INFO | [FROZEN] opx_liq s=58 raw ERT T_C rmse=67.11 r2=0.815 (2s)
2026-04-16 00:27:00,973 | INFO | [FROZEN] opx_liq s=58 raw ERT P_kbar rmse=7.14 r2=0.582 (2s)
2026-04-16 00:27:01,701 | INFO | [FROZEN] opx_liq s=58 raw XGB T_C rmse=65.17 r2=0.826 (1s)
2026-04-16 00:27:02,180 | INFO | [FROZEN] opx_liq s=58 raw XGB P_kbar rmse=5.83 r2=0.721 (0s)
2026-04-16 00:27:03,108 | INFO | [FROZEN] opx_liq s=58 raw GB T_C rmse=73.42 r2=0.779 (1s)
2026-04-16 00:27:03,329 | INFO | [FROZEN] opx_liq s=58 raw GB P_kbar rmse=6.32 r2=0.672 (0s)
2026-04-16 00:27:06,664 | INFO | [FROZEN] opx_liq s=58 alr RF T_C rmse=67.51 r2=0.813 (3s)
2026-04-16 00:27:08,956 | INFO | [FROZEN] opx_liq s=58 alr RF P_kbar rmse=6.61 r2=0.641 (2s)
2026-04-16 00:27:09,376 | INFO | [FROZEN] opx_liq s=58 alr ERT T_C rmse=62.35 r2=0.840 (0s)
2026-04-16 00:27:11,272 | INFO | [FROZEN] opx_liq s=58 alr ERT P_kbar rmse=7.50 r2=0.538 (2s)
2026-04-16 00:27:11,982 | INFO | [FROZEN] opx_liq s=58 alr XGB T_C rmse=60.07 r2=0.852 (1s)
2026-04-16 00:27:12,827 | INFO | [FROZEN] opx_liq s=58 alr XGB P_kbar rmse=6.40 r2=0.664 (1s)
2026-04-16 00:27:14,590 | INFO | [FROZEN] opx_liq s=58 alr GB T_C rmse=70.50 r2=0.796 (2s)
2026-04-16 00:27:14,865 | INFO | [FROZEN] opx_liq s=58 alr GB P_kbar rmse=6.78 r2=0.622 (0s)
2026-04-16 00:27:20,359 | INFO | [FROZEN] opx_liq s=58 pwlr RF T_C rmse=60.11 r2=0.852 (5s)
2026-04-16 00:27:24,759 | INFO | [FROZEN] opx_liq s=58 pwlr RF P_kbar rmse=8.05 r2=0.468 (4s)
2026-04-16 00:27:26,093 | INFO | [FROZEN] opx_liq s=58 pwlr ERT T_C rmse=61.26 r2=0.846 (1s)
2026-04-16 00:27:27,078 | INFO | [FROZEN] opx_liq s=58 pwlr ERT P_kbar rmse=8.84 r2=0.359 (1s)
2026-04-16 00:27:27,602 | INFO | [FROZEN] opx_liq s=58 pwlr XGB T_C rmse=64.63 r2=0.828 (1s)
2026-04-16 00:27:30,628 | INFO | [FROZEN] opx_liq s=58 pwlr XGB P_kbar rmse=7.49 r2=0.540 (3s)
2026-04-16 00:27:32,801 | INFO | [FROZEN] opx_liq s=58 pwlr GB T_C rmse=65.46 r2=0.824 (2s)
2026-04-16 00:27:33,537 | INFO | [FROZEN] opx_liq s=58 pwlr GB P_kbar rmse=7.71 r2=0.512 (1s)
2026-04-16 00:27:33,559 | INFO | CHECKPOINT opx_liq seed=58 | 408 rows | 0.21h
2026-04-16 00:27:36,170 | INFO | [FROZEN] opx_liq s=59 raw RF T_C rmse=69.35 r2=0.768 (3s)
2026-04-16 00:27:38,777 | INFO | [FROZEN] opx_liq s=59 raw RF P_kbar rmse=4.47 r2=0.620 (3s)
2026-04-16 00:27:40,863 | INFO | [FROZEN] opx_liq s=59 raw ERT T_C rmse=69.81 r2=0.765 (2s)
2026-04-16 00:27:42,788 | INFO | [FROZEN] opx_liq s=59 raw ERT P_kbar rmse=3.31 r2=0.792 (2s)
2026-04-16 00:27:43,533 | INFO | [FROZEN] opx_liq s=59 raw XGB T_C rmse=66.86 r2=0.784 (1s)
2026-04-16 00:27:44,013 | INFO | [FROZEN] opx_liq s=59 raw XGB P_kbar rmse=3.25 r2=0.799 (0s)
2026-04-16 00:27:44,649 | INFO | [FROZEN] opx_liq s=59 raw GB T_C rmse=66.26 r2=0.788 (1s)
2026-04-16 00:27:44,848 | INFO | [FROZEN] opx_liq s=59 raw GB P_kbar rmse=3.16 r2=0.811 (0s)
2026-04-16 00:27:48,990 | INFO | [FROZEN] opx_liq s=59 alr RF T_C rmse=71.90 r2=0.751 (4s)
2026-04-16 00:27:51,085 | INFO | [FROZEN] opx_liq s=59 alr RF P_kbar rmse=3.78 r2=0.729 (2s)
2026-04-16 00:27:51,515 | INFO | [FROZEN] opx_liq s=59 alr ERT T_C rmse=69.43 r2=0.768 (0s)
2026-04-16 00:27:53,455 | INFO | [FROZEN] opx_liq s=59 alr ERT P_kbar rmse=4.21 r2=0.664 (2s)
2026-04-16 00:27:54,062 | INFO | [FROZEN] opx_liq s=59 alr XGB T_C rmse=71.72 r2=0.752 (1s)
2026-04-16 00:27:54,731 | INFO | [FROZEN] opx_liq s=59 alr XGB P_kbar rmse=3.51 r2=0.766 (1s)
2026-04-16 00:27:55,719 | INFO | [FROZEN] opx_liq s=59 alr GB T_C rmse=63.66 r2=0.805 (1s)
2026-04-16 00:27:56,158 | INFO | [FROZEN] opx_liq s=59 alr GB P_kbar rmse=3.37 r2=0.784 (0s)
2026-04-16 00:28:04,885 | INFO | [FROZEN] opx_liq s=59 pwlr RF T_C rmse=69.18 r2=0.769 (9s)
2026-04-16 00:28:12,738 | INFO | [FROZEN] opx_liq s=59 pwlr RF P_kbar rmse=3.97 r2=0.700 (8s)
2026-04-16 00:28:14,571 | INFO | [FROZEN] opx_liq s=59 pwlr ERT T_C rmse=74.80 r2=0.730 (2s)
2026-04-16 00:28:16,152 | INFO | [FROZEN] opx_liq s=59 pwlr ERT P_kbar rmse=4.53 r2=0.611 (2s)
2026-04-16 00:28:16,896 | INFO | [FROZEN] opx_liq s=59 pwlr XGB T_C rmse=76.47 r2=0.718 (1s)
2026-04-16 00:28:18,983 | INFO | [FROZEN] opx_liq s=59 pwlr XGB P_kbar rmse=3.71 r2=0.739 (2s)
2026-04-16 00:28:20,663 | INFO | [FROZEN] opx_liq s=59 pwlr GB T_C rmse=68.62 r2=0.773 (2s)
2026-04-16 00:28:21,836 | INFO | [FROZEN] opx_liq s=59 pwlr GB P_kbar rmse=3.70 r2=0.740 (1s)
2026-04-16 00:28:21,863 | INFO | CHECKPOINT opx_liq seed=59 | 432 rows | 0.22h
2026-04-16 00:28:25,332 | INFO | [FROZEN] opx_liq s=60 raw RF T_C rmse=83.84 r2=0.729 (3s)
2026-04-16 00:28:29,465 | INFO | [FROZEN] opx_liq s=60 raw RF P_kbar rmse=7.11 r2=0.493 (4s)
2026-04-16 00:28:32,507 | INFO | [FROZEN] opx_liq s=60 raw ERT T_C rmse=79.33 r2=0.758 (3s)
2026-04-16 00:28:35,900 | INFO | [FROZEN] opx_liq s=60 raw ERT P_kbar rmse=5.53 r2=0.693 (3s)
2026-04-16 00:28:37,362 | INFO | [FROZEN] opx_liq s=60 raw XGB T_C rmse=83.11 r2=0.734 (1s)
2026-04-16 00:28:38,457 | INFO | [FROZEN] opx_liq s=60 raw XGB P_kbar rmse=4.94 r2=0.755 (1s)
2026-04-16 00:28:39,753 | INFO | [FROZEN] opx_liq s=60 raw GB T_C rmse=85.04 r2=0.722 (1s)
2026-04-16 00:28:40,181 | INFO | [FROZEN] opx_liq s=60 raw GB P_kbar rmse=5.17 r2=0.731 (0s)
2026-04-16 00:28:45,672 | INFO | [FROZEN] opx_liq s=60 alr RF T_C rmse=92.02 r2=0.674 (5s)
2026-04-16 00:28:48,411 | INFO | [FROZEN] opx_liq s=60 alr RF P_kbar rmse=7.36 r2=0.457 (3s)
2026-04-16 00:28:48,957 | INFO | [FROZEN] opx_liq s=60 alr ERT T_C rmse=84.81 r2=0.723 (1s)
2026-04-16 00:28:52,098 | INFO | [FROZEN] opx_liq s=60 alr ERT P_kbar rmse=6.01 r2=0.637 (3s)
2026-04-16 00:28:53,286 | INFO | [FROZEN] opx_liq s=60 alr XGB T_C rmse=84.70 r2=0.724 (1s)
2026-04-16 00:28:54,367 | INFO | [FROZEN] opx_liq s=60 alr XGB P_kbar rmse=6.65 r2=0.556 (1s)
2026-04-16 00:28:55,785 | INFO | [FROZEN] opx_liq s=60 alr GB T_C rmse=92.30 r2=0.672 (1s)
2026-04-16 00:28:56,127 | INFO | [FROZEN] opx_liq s=60 alr GB P_kbar rmse=5.70 r2=0.674 (0s)
2026-04-16 00:29:04,936 | INFO | [FROZEN] opx_liq s=60 pwlr RF T_C rmse=84.85 r2=0.723 (9s)
2026-04-16 00:29:11,953 | INFO | [FROZEN] opx_liq s=60 pwlr RF P_kbar rmse=6.47 r2=0.579 (7s)
2026-04-16 00:29:13,698 | INFO | [FROZEN] opx_liq s=60 pwlr ERT T_C rmse=80.79 r2=0.749 (2s)
2026-04-16 00:29:15,009 | INFO | [FROZEN] opx_liq s=60 pwlr ERT P_kbar rmse=6.80 r2=0.536 (1s)
2026-04-16 00:29:15,692 | INFO | [FROZEN] opx_liq s=60 pwlr XGB T_C rmse=85.01 r2=0.722 (1s)
2026-04-16 00:29:18,057 | INFO | [FROZEN] opx_liq s=60 pwlr XGB P_kbar rmse=7.14 r2=0.488 (2s)
2026-04-16 00:29:20,708 | INFO | [FROZEN] opx_liq s=60 pwlr GB T_C rmse=93.12 r2=0.666 (3s)
2026-04-16 00:29:22,250 | INFO | [FROZEN] opx_liq s=60 pwlr GB P_kbar rmse=8.03 r2=0.353 (2s)
2026-04-16 00:29:22,286 | INFO | CHECKPOINT opx_liq seed=60 | 456 rows | 0.24h
2026-04-16 00:29:25,898 | INFO | [FROZEN] opx_liq s=61 raw RF T_C rmse=110.72 r2=0.415 (4s)
2026-04-16 00:29:30,949 | INFO | [FROZEN] opx_liq s=61 raw RF P_kbar rmse=5.03 r2=0.655 (5s)
2026-04-16 00:29:34,934 | INFO | [FROZEN] opx_liq s=61 raw ERT T_C rmse=107.63 r2=0.447 (4s)
2026-04-16 00:29:38,507 | INFO | [FROZEN] opx_liq s=61 raw ERT P_kbar rmse=4.09 r2=0.771 (4s)
2026-04-16 00:29:39,970 | INFO | [FROZEN] opx_liq s=61 raw XGB T_C rmse=101.72 r2=0.506 (1s)
2026-04-16 00:29:40,975 | INFO | [FROZEN] opx_liq s=61 raw XGB P_kbar rmse=3.68 r2=0.816 (1s)
2026-04-16 00:29:42,374 | INFO | [FROZEN] opx_liq s=61 raw GB T_C rmse=107.91 r2=0.444 (1s)
2026-04-16 00:29:42,888 | INFO | [FROZEN] opx_liq s=61 raw GB P_kbar rmse=3.88 r2=0.794 (1s)
2026-04-16 00:29:48,428 | INFO | [FROZEN] opx_liq s=61 alr RF T_C rmse=107.88 r2=0.445 (6s)
2026-04-16 00:29:52,129 | INFO | [FROZEN] opx_liq s=61 alr RF P_kbar rmse=4.57 r2=0.715 (4s)
2026-04-16 00:29:53,278 | INFO | [FROZEN] opx_liq s=61 alr ERT T_C rmse=107.89 r2=0.444 (1s)
2026-04-16 00:29:57,581 | INFO | [FROZEN] opx_liq s=61 alr ERT P_kbar rmse=4.59 r2=0.713 (4s)
2026-04-16 00:29:59,426 | INFO | [FROZEN] opx_liq s=61 alr XGB T_C rmse=98.96 r2=0.533 (2s)
2026-04-16 00:30:01,124 | INFO | [FROZEN] opx_liq s=61 alr XGB P_kbar rmse=4.21 r2=0.759 (2s)
2026-04-16 00:30:02,792 | INFO | [FROZEN] opx_liq s=61 alr GB T_C rmse=100.93 r2=0.514 (2s)
2026-04-16 00:30:03,326 | INFO | [FROZEN] opx_liq s=61 alr GB P_kbar rmse=4.10 r2=0.771 (1s)
2026-04-16 00:30:14,690 | INFO | [FROZEN] opx_liq s=61 pwlr RF T_C rmse=108.68 r2=0.436 (11s)
2026-04-16 00:30:22,223 | INFO | [FROZEN] opx_liq s=61 pwlr RF P_kbar rmse=4.06 r2=0.775 (8s)
2026-04-16 00:30:24,160 | INFO | [FROZEN] opx_liq s=61 pwlr ERT T_C rmse=107.95 r2=0.444 (2s)
2026-04-16 00:30:25,455 | INFO | [FROZEN] opx_liq s=61 pwlr ERT P_kbar rmse=4.81 r2=0.685 (1s)
2026-04-16 00:30:26,006 | INFO | [FROZEN] opx_liq s=61 pwlr XGB T_C rmse=106.03 r2=0.463 (1s)
2026-04-16 00:30:28,491 | INFO | [FROZEN] opx_liq s=61 pwlr XGB P_kbar rmse=3.97 r2=0.785 (2s)
2026-04-16 00:30:30,898 | INFO | [FROZEN] opx_liq s=61 pwlr GB T_C rmse=104.58 r2=0.478 (2s)
2026-04-16 00:30:31,418 | INFO | [FROZEN] opx_liq s=61 pwlr GB P_kbar rmse=3.97 r2=0.785 (1s)
2026-04-16 00:30:31,449 | INFO | CHECKPOINT opx_liq seed=61 | 480 rows | 0.26h
2026-04-16 00:30:35,025 | INFO | [FROZEN] opx_only s=42 raw RF T_C rmse=159.68 r2=0.174 (4s)
2026-04-16 00:30:38,511 | INFO | [FROZEN] opx_only s=42 raw RF P_kbar rmse=12.87 r2=0.147 (3s)
2026-04-16 00:30:39,866 | INFO | [FROZEN] opx_only s=42 raw ERT T_C rmse=163.13 r2=0.138 (1s)
2026-04-16 00:30:42,185 | INFO | [FROZEN] opx_only s=42 raw ERT P_kbar rmse=12.94 r2=0.138 (2s)
2026-04-16 00:30:42,532 | INFO | [FROZEN] opx_only s=42 raw XGB T_C rmse=154.10 r2=0.231 (0s)
2026-04-16 00:30:43,326 | INFO | [FROZEN] opx_only s=42 raw XGB P_kbar rmse=11.90 r2=0.270 (1s)
2026-04-16 00:30:44,228 | INFO | [FROZEN] opx_only s=42 raw GB T_C rmse=155.43 r2=0.218 (1s)
2026-04-16 00:30:44,929 | INFO | [FROZEN] opx_only s=42 raw GB P_kbar rmse=12.27 r2=0.224 (1s)
2026-04-16 00:30:48,696 | INFO | [FROZEN] opx_only s=42 alr RF T_C rmse=157.33 r2=0.199 (4s)
2026-04-16 00:30:54,977 | INFO | [FROZEN] opx_only s=42 alr RF P_kbar rmse=11.98 r2=0.260 (6s)
2026-04-16 00:30:57,364 | INFO | [FROZEN] opx_only s=42 alr ERT T_C rmse=170.08 r2=0.063 (2s)
2026-04-16 00:30:58,205 | INFO | [FROZEN] opx_only s=42 alr ERT P_kbar rmse=11.50 r2=0.319 (1s)
2026-04-16 00:30:59,846 | INFO | [FROZEN] opx_only s=42 alr XGB T_C rmse=147.88 r2=0.292 (2s)
2026-04-16 00:31:00,877 | INFO | [FROZEN] opx_only s=42 alr XGB P_kbar rmse=10.45 r2=0.437 (1s)
2026-04-16 00:31:01,710 | INFO | [FROZEN] opx_only s=42 alr GB T_C rmse=146.65 r2=0.304 (1s)
2026-04-16 00:31:02,192 | INFO | [FROZEN] opx_only s=42 alr GB P_kbar rmse=11.81 r2=0.282 (0s)
2026-04-16 00:31:03,756 | INFO | [FROZEN] opx_only s=42 pwlr RF T_C rmse=149.53 r2=0.276 (2s)
2026-04-16 00:31:11,719 | INFO | [FROZEN] opx_only s=42 pwlr RF P_kbar rmse=10.37 r2=0.446 (8s)
2026-04-16 00:31:14,185 | INFO | [FROZEN] opx_only s=42 pwlr ERT T_C rmse=158.99 r2=0.182 (2s)
2026-04-16 00:31:15,506 | INFO | [FROZEN] opx_only s=42 pwlr ERT P_kbar rmse=11.52 r2=0.316 (1s)
2026-04-16 00:31:23,604 | INFO | [FROZEN] opx_only s=42 pwlr XGB T_C rmse=157.28 r2=0.199 (8s)
2026-04-16 00:31:27,532 | INFO | [FROZEN] opx_only s=42 pwlr XGB P_kbar rmse=10.11 r2=0.473 (4s)
2026-04-16 00:31:30,218 | INFO | [FROZEN] opx_only s=42 pwlr GB T_C rmse=162.83 r2=0.142 (3s)
2026-04-16 00:31:31,653 | INFO | [FROZEN] opx_only s=42 pwlr GB P_kbar rmse=11.61 r2=0.305 (1s)
2026-04-16 00:31:31,689 | INFO | CHECKPOINT opx_only seed=42 | 504 rows | 0.28h
2026-04-16 00:31:34,701 | INFO | [FROZEN] opx_only s=43 raw RF T_C rmse=153.77 r2=0.298 (3s)
2026-04-16 00:31:37,426 | INFO | [FROZEN] opx_only s=43 raw RF P_kbar rmse=13.63 r2=-0.002 (3s)
2026-04-16 00:31:38,315 | INFO | [FROZEN] opx_only s=43 raw ERT T_C rmse=147.27 r2=0.356 (1s)
2026-04-16 00:31:40,207 | INFO | [FROZEN] opx_only s=43 raw ERT P_kbar rmse=14.16 r2=-0.082 (2s)
2026-04-16 00:31:40,371 | INFO | [FROZEN] opx_only s=43 raw XGB T_C rmse=149.36 r2=0.337 (0s)
2026-04-16 00:31:40,878 | INFO | [FROZEN] opx_only s=43 raw XGB P_kbar rmse=12.24 r2=0.192 (1s)
2026-04-16 00:31:41,165 | INFO | [FROZEN] opx_only s=43 raw GB T_C rmse=160.21 r2=0.238 (0s)
2026-04-16 00:31:41,842 | INFO | [FROZEN] opx_only s=43 raw GB P_kbar rmse=11.81 r2=0.247 (1s)
2026-04-16 00:31:44,524 | INFO | [FROZEN] opx_only s=43 alr RF T_C rmse=154.55 r2=0.291 (3s)
2026-04-16 00:31:48,985 | INFO | [FROZEN] opx_only s=43 alr RF P_kbar rmse=12.19 r2=0.198 (4s)
2026-04-16 00:31:50,811 | INFO | [FROZEN] opx_only s=43 alr ERT T_C rmse=151.39 r2=0.319 (2s)
2026-04-16 00:31:51,255 | INFO | [FROZEN] opx_only s=43 alr ERT P_kbar rmse=12.25 r2=0.190 (0s)
2026-04-16 00:31:52,702 | INFO | [FROZEN] opx_only s=43 alr XGB T_C rmse=150.96 r2=0.323 (1s)
2026-04-16 00:31:53,385 | INFO | [FROZEN] opx_only s=43 alr XGB P_kbar rmse=11.58 r2=0.277 (1s)
2026-04-16 00:31:54,090 | INFO | [FROZEN] opx_only s=43 alr GB T_C rmse=146.70 r2=0.361 (1s)
2026-04-16 00:31:54,698 | INFO | [FROZEN] opx_only s=43 alr GB P_kbar rmse=12.05 r2=0.217 (1s)
2026-04-16 00:31:56,363 | INFO | [FROZEN] opx_only s=43 pwlr RF T_C rmse=149.36 r2=0.337 (2s)
2026-04-16 00:32:04,897 | INFO | [FROZEN] opx_only s=43 pwlr RF P_kbar rmse=11.86 r2=0.240 (9s)
2026-04-16 00:32:07,659 | INFO | [FROZEN] opx_only s=43 pwlr ERT T_C rmse=155.35 r2=0.283 (3s)
2026-04-16 00:32:08,925 | INFO | [FROZEN] opx_only s=43 pwlr ERT P_kbar rmse=11.63 r2=0.270 (1s)
2026-04-16 00:32:16,925 | INFO | [FROZEN] opx_only s=43 pwlr XGB T_C rmse=150.47 r2=0.328 (8s)
2026-04-16 00:32:20,343 | INFO | [FROZEN] opx_only s=43 pwlr XGB P_kbar rmse=12.14 r2=0.205 (3s)
2026-04-16 00:32:21,895 | INFO | [FROZEN] opx_only s=43 pwlr GB T_C rmse=152.27 r2=0.311 (2s)
2026-04-16 00:32:22,559 | INFO | [FROZEN] opx_only s=43 pwlr GB P_kbar rmse=12.24 r2=0.192 (1s)
2026-04-16 00:32:22,588 | INFO | CHECKPOINT opx_only seed=43 | 528 rows | 0.29h
2026-04-16 00:32:25,607 | INFO | [FROZEN] opx_only s=44 raw RF T_C rmse=136.60 r2=0.415 (3s)
2026-04-16 00:32:28,398 | INFO | [FROZEN] opx_only s=44 raw RF P_kbar rmse=14.54 r2=0.172 (3s)
2026-04-16 00:32:29,506 | INFO | [FROZEN] opx_only s=44 raw ERT T_C rmse=126.69 r2=0.497 (1s)
2026-04-16 00:32:32,467 | INFO | [FROZEN] opx_only s=44 raw ERT P_kbar rmse=13.51 r2=0.285 (3s)
2026-04-16 00:32:32,723 | INFO | [FROZEN] opx_only s=44 raw XGB T_C rmse=128.96 r2=0.479 (0s)
2026-04-16 00:32:33,237 | INFO | [FROZEN] opx_only s=44 raw XGB P_kbar rmse=14.77 r2=0.145 (1s)
2026-04-16 00:32:33,393 | INFO | [FROZEN] opx_only s=44 raw GB T_C rmse=133.43 r2=0.442 (0s)
2026-04-16 00:32:33,882 | INFO | [FROZEN] opx_only s=44 raw GB P_kbar rmse=13.69 r2=0.266 (0s)
2026-04-16 00:32:36,769 | INFO | [FROZEN] opx_only s=44 alr RF T_C rmse=135.85 r2=0.422 (3s)
2026-04-16 00:32:42,191 | INFO | [FROZEN] opx_only s=44 alr RF P_kbar rmse=14.52 r2=0.174 (5s)
2026-04-16 00:32:43,763 | INFO | [FROZEN] opx_only s=44 alr ERT T_C rmse=136.27 r2=0.418 (2s)
2026-04-16 00:32:44,407 | INFO | [FROZEN] opx_only s=44 alr ERT P_kbar rmse=15.57 r2=0.051 (1s)
2026-04-16 00:32:45,747 | INFO | [FROZEN] opx_only s=44 alr XGB T_C rmse=132.05 r2=0.454 (1s)
2026-04-16 00:32:46,454 | INFO | [FROZEN] opx_only s=44 alr XGB P_kbar rmse=13.79 r2=0.255 (1s)
2026-04-16 00:32:47,166 | INFO | [FROZEN] opx_only s=44 alr GB T_C rmse=128.54 r2=0.482 (1s)
2026-04-16 00:32:47,985 | INFO | [FROZEN] opx_only s=44 alr GB P_kbar rmse=14.15 r2=0.216 (1s)
2026-04-16 00:32:49,598 | INFO | [FROZEN] opx_only s=44 pwlr RF T_C rmse=116.95 r2=0.571 (2s)
2026-04-16 00:32:57,555 | INFO | [FROZEN] opx_only s=44 pwlr RF P_kbar rmse=12.35 r2=0.403 (8s)
2026-04-16 00:33:00,597 | INFO | [FROZEN] opx_only s=44 pwlr ERT T_C rmse=118.28 r2=0.562 (3s)
2026-04-16 00:33:02,205 | INFO | [FROZEN] opx_only s=44 pwlr ERT P_kbar rmse=13.99 r2=0.233 (2s)
2026-04-16 00:33:12,831 | INFO | [FROZEN] opx_only s=44 pwlr XGB T_C rmse=115.53 r2=0.582 (11s)
2026-04-16 00:33:18,555 | INFO | [FROZEN] opx_only s=44 pwlr XGB P_kbar rmse=14.15 r2=0.216 (6s)
2026-04-16 00:33:22,510 | INFO | [FROZEN] opx_only s=44 pwlr GB T_C rmse=124.47 r2=0.515 (4s)
2026-04-16 00:33:24,009 | INFO | [FROZEN] opx_only s=44 pwlr GB P_kbar rmse=14.59 r2=0.166 (1s)
2026-04-16 00:33:24,043 | INFO | CHECKPOINT opx_only seed=44 | 552 rows | 0.31h
2026-04-16 00:33:29,916 | INFO | [FROZEN] opx_only s=45 raw RF T_C rmse=170.21 r2=0.336 (6s)
2026-04-16 00:33:35,615 | INFO | [FROZEN] opx_only s=45 raw RF P_kbar rmse=10.12 r2=0.265 (6s)
2026-04-16 00:33:37,512 | INFO | [FROZEN] opx_only s=45 raw ERT T_C rmse=181.68 r2=0.243 (2s)
2026-04-16 00:33:40,315 | INFO | [FROZEN] opx_only s=45 raw ERT P_kbar rmse=9.52 r2=0.350 (3s)
2026-04-16 00:33:40,547 | INFO | [FROZEN] opx_only s=45 raw XGB T_C rmse=167.01 r2=0.361 (0s)
2026-04-16 00:33:41,123 | INFO | [FROZEN] opx_only s=45 raw XGB P_kbar rmse=9.47 r2=0.357 (1s)
2026-04-16 00:33:41,842 | INFO | [FROZEN] opx_only s=45 raw GB T_C rmse=164.23 r2=0.382 (1s)
2026-04-16 00:33:42,735 | INFO | [FROZEN] opx_only s=45 raw GB P_kbar rmse=8.87 r2=0.435 (1s)
2026-04-16 00:33:46,570 | INFO | [FROZEN] opx_only s=45 alr RF T_C rmse=171.98 r2=0.322 (4s)
2026-04-16 00:33:53,457 | INFO | [FROZEN] opx_only s=45 alr RF P_kbar rmse=9.88 r2=0.300 (7s)
2026-04-16 00:33:56,004 | INFO | [FROZEN] opx_only s=45 alr ERT T_C rmse=185.48 r2=0.211 (3s)
2026-04-16 00:33:56,603 | INFO | [FROZEN] opx_only s=45 alr ERT P_kbar rmse=9.58 r2=0.341 (1s)
2026-04-16 00:33:58,348 | INFO | [FROZEN] opx_only s=45 alr XGB T_C rmse=161.68 r2=0.401 (2s)
2026-04-16 00:33:59,096 | INFO | [FROZEN] opx_only s=45 alr XGB P_kbar rmse=8.65 r2=0.463 (1s)
2026-04-16 00:34:00,318 | INFO | [FROZEN] opx_only s=45 alr GB T_C rmse=160.48 r2=0.410 (1s)
2026-04-16 00:34:01,324 | INFO | [FROZEN] opx_only s=45 alr GB P_kbar rmse=8.31 r2=0.505 (1s)
2026-04-16 00:34:03,656 | INFO | [FROZEN] opx_only s=45 pwlr RF T_C rmse=157.28 r2=0.433 (2s)
2026-04-16 00:34:15,747 | INFO | [FROZEN] opx_only s=45 pwlr RF P_kbar rmse=9.32 r2=0.377 (12s)
2026-04-16 00:34:19,207 | INFO | [FROZEN] opx_only s=45 pwlr ERT T_C rmse=167.06 r2=0.360 (3s)
2026-04-16 00:34:21,394 | INFO | [FROZEN] opx_only s=45 pwlr ERT P_kbar rmse=9.12 r2=0.403 (2s)
2026-04-16 00:34:34,460 | INFO | [FROZEN] opx_only s=45 pwlr XGB T_C rmse=163.14 r2=0.390 (13s)
2026-04-16 00:34:38,309 | INFO | [FROZEN] opx_only s=45 pwlr XGB P_kbar rmse=11.61 r2=0.033 (4s)
2026-04-16 00:34:40,984 | INFO | [FROZEN] opx_only s=45 pwlr GB T_C rmse=157.14 r2=0.434 (3s)
2026-04-16 00:34:41,543 | INFO | [FROZEN] opx_only s=45 pwlr GB P_kbar rmse=8.97 r2=0.422 (1s)
2026-04-16 00:34:41,572 | INFO | CHECKPOINT opx_only seed=45 | 576 rows | 0.33h
2026-04-16 00:34:45,330 | INFO | [FROZEN] opx_only s=46 raw RF T_C rmse=161.81 r2=0.361 (4s)
2026-04-16 00:34:48,052 | INFO | [FROZEN] opx_only s=46 raw RF P_kbar rmse=19.14 r2=0.005 (3s)
2026-04-16 00:34:49,281 | INFO | [FROZEN] opx_only s=46 raw ERT T_C rmse=165.98 r2=0.327 (1s)
2026-04-16 00:34:51,470 | INFO | [FROZEN] opx_only s=46 raw ERT P_kbar rmse=17.66 r2=0.153 (2s)
2026-04-16 00:34:51,781 | INFO | [FROZEN] opx_only s=46 raw XGB T_C rmse=161.15 r2=0.366 (0s)
2026-04-16 00:34:52,443 | INFO | [FROZEN] opx_only s=46 raw XGB P_kbar rmse=18.46 r2=0.074 (1s)
2026-04-16 00:34:52,765 | INFO | [FROZEN] opx_only s=46 raw GB T_C rmse=156.29 r2=0.404 (0s)
2026-04-16 00:34:53,480 | INFO | [FROZEN] opx_only s=46 raw GB P_kbar rmse=18.94 r2=0.026 (1s)
2026-04-16 00:34:56,407 | INFO | [FROZEN] opx_only s=46 alr RF T_C rmse=160.93 r2=0.368 (3s)
2026-04-16 00:35:01,094 | INFO | [FROZEN] opx_only s=46 alr RF P_kbar rmse=19.52 r2=-0.034 (5s)
2026-04-16 00:35:02,664 | INFO | [FROZEN] opx_only s=46 alr ERT T_C rmse=157.47 r2=0.395 (2s)
2026-04-16 00:35:03,223 | INFO | [FROZEN] opx_only s=46 alr ERT P_kbar rmse=18.78 r2=0.043 (1s)
2026-04-16 00:35:04,282 | INFO | [FROZEN] opx_only s=46 alr XGB T_C rmse=162.72 r2=0.353 (1s)
2026-04-16 00:35:04,932 | INFO | [FROZEN] opx_only s=46 alr XGB P_kbar rmse=18.01 r2=0.119 (1s)
2026-04-16 00:35:06,033 | INFO | [FROZEN] opx_only s=46 alr GB T_C rmse=156.15 r2=0.405 (1s)
2026-04-16 00:35:06,856 | INFO | [FROZEN] opx_only s=46 alr GB P_kbar rmse=18.83 r2=0.037 (1s)
2026-04-16 00:35:08,431 | INFO | [FROZEN] opx_only s=46 pwlr RF T_C rmse=158.47 r2=0.387 (2s)
2026-04-16 00:35:15,713 | INFO | [FROZEN] opx_only s=46 pwlr RF P_kbar rmse=18.50 r2=0.070 (7s)
2026-04-16 00:35:19,163 | INFO | [FROZEN] opx_only s=46 pwlr ERT T_C rmse=159.88 r2=0.376 (3s)
2026-04-16 00:35:20,703 | INFO | [FROZEN] opx_only s=46 pwlr ERT P_kbar rmse=18.52 r2=0.069 (2s)
2026-04-16 00:35:28,859 | INFO | [FROZEN] opx_only s=46 pwlr XGB T_C rmse=166.91 r2=0.320 (8s)
2026-04-16 00:35:32,963 | INFO | [FROZEN] opx_only s=46 pwlr XGB P_kbar rmse=17.97 r2=0.123 (4s)
2026-04-16 00:35:35,429 | INFO | [FROZEN] opx_only s=46 pwlr GB T_C rmse=164.03 r2=0.343 (2s)
2026-04-16 00:35:36,457 | INFO | [FROZEN] opx_only s=46 pwlr GB P_kbar rmse=18.71 r2=0.050 (1s)
2026-04-16 00:35:36,485 | INFO | CHECKPOINT opx_only seed=46 | 600 rows | 0.34h
2026-04-16 00:35:40,741 | INFO | [FROZEN] opx_only s=47 raw RF T_C rmse=146.59 r2=0.359 (4s)
2026-04-16 00:35:44,623 | INFO | [FROZEN] opx_only s=47 raw RF P_kbar rmse=11.66 r2=0.212 (4s)
2026-04-16 00:35:45,735 | INFO | [FROZEN] opx_only s=47 raw ERT T_C rmse=149.11 r2=0.337 (1s)
2026-04-16 00:35:47,557 | INFO | [FROZEN] opx_only s=47 raw ERT P_kbar rmse=11.78 r2=0.196 (2s)
2026-04-16 00:35:47,736 | INFO | [FROZEN] opx_only s=47 raw XGB T_C rmse=140.54 r2=0.411 (0s)
2026-04-16 00:35:48,202 | INFO | [FROZEN] opx_only s=47 raw XGB P_kbar rmse=10.63 r2=0.345 (0s)
2026-04-16 00:35:48,436 | INFO | [FROZEN] opx_only s=47 raw GB T_C rmse=142.71 r2=0.393 (0s)
2026-04-16 00:35:48,849 | INFO | [FROZEN] opx_only s=47 raw GB P_kbar rmse=10.91 r2=0.310 (0s)
2026-04-16 00:35:51,798 | INFO | [FROZEN] opx_only s=47 alr RF T_C rmse=145.08 r2=0.372 (3s)
2026-04-16 00:35:56,680 | INFO | [FROZEN] opx_only s=47 alr RF P_kbar rmse=9.81 r2=0.442 (5s)
2026-04-16 00:35:58,716 | INFO | [FROZEN] opx_only s=47 alr ERT T_C rmse=155.05 r2=0.283 (2s)
2026-04-16 00:35:59,421 | INFO | [FROZEN] opx_only s=47 alr ERT P_kbar rmse=10.58 r2=0.351 (1s)
2026-04-16 00:36:00,818 | INFO | [FROZEN] opx_only s=47 alr XGB T_C rmse=136.31 r2=0.446 (1s)
2026-04-16 00:36:01,439 | INFO | [FROZEN] opx_only s=47 alr XGB P_kbar rmse=10.27 r2=0.389 (1s)
2026-04-16 00:36:02,287 | INFO | [FROZEN] opx_only s=47 alr GB T_C rmse=140.26 r2=0.413 (1s)
2026-04-16 00:36:02,846 | INFO | [FROZEN] opx_only s=47 alr GB P_kbar rmse=10.59 r2=0.351 (1s)
2026-04-16 00:36:04,660 | INFO | [FROZEN] opx_only s=47 pwlr RF T_C rmse=134.22 r2=0.463 (2s)
2026-04-16 00:36:12,163 | INFO | [FROZEN] opx_only s=47 pwlr RF P_kbar rmse=9.64 r2=0.462 (8s)
2026-04-16 00:36:15,305 | INFO | [FROZEN] opx_only s=47 pwlr ERT T_C rmse=141.19 r2=0.406 (3s)
2026-04-16 00:36:16,828 | INFO | [FROZEN] opx_only s=47 pwlr ERT P_kbar rmse=10.40 r2=0.374 (2s)
2026-04-16 00:36:26,907 | INFO | [FROZEN] opx_only s=47 pwlr XGB T_C rmse=140.23 r2=0.414 (10s)
2026-04-16 00:36:31,992 | INFO | [FROZEN] opx_only s=47 pwlr XGB P_kbar rmse=9.97 r2=0.424 (5s)
2026-04-16 00:36:33,344 | INFO | [FROZEN] opx_only s=47 pwlr GB T_C rmse=134.49 r2=0.461 (1s)
2026-04-16 00:36:33,790 | INFO | [FROZEN] opx_only s=47 pwlr GB P_kbar rmse=10.29 r2=0.387 (0s)
2026-04-16 00:36:33,811 | INFO | CHECKPOINT opx_only seed=47 | 624 rows | 0.36h
2026-04-16 00:36:35,802 | INFO | [FROZEN] opx_only s=48 raw RF T_C rmse=151.00 r2=0.514 (2s)
2026-04-16 00:36:37,774 | INFO | [FROZEN] opx_only s=48 raw RF P_kbar rmse=8.17 r2=0.519 (2s)
2026-04-16 00:36:38,484 | INFO | [FROZEN] opx_only s=48 raw ERT T_C rmse=155.47 r2=0.485 (1s)
2026-04-16 00:36:39,743 | INFO | [FROZEN] opx_only s=48 raw ERT P_kbar rmse=7.59 r2=0.585 (1s)
2026-04-16 00:36:39,865 | INFO | [FROZEN] opx_only s=48 raw XGB T_C rmse=157.96 r2=0.468 (0s)
2026-04-16 00:36:40,211 | INFO | [FROZEN] opx_only s=48 raw XGB P_kbar rmse=7.75 r2=0.566 (0s)
2026-04-16 00:36:40,518 | INFO | [FROZEN] opx_only s=48 raw GB T_C rmse=152.87 r2=0.502 (0s)
2026-04-16 00:36:40,859 | INFO | [FROZEN] opx_only s=48 raw GB P_kbar rmse=8.21 r2=0.513 (0s)
2026-04-16 00:36:42,824 | INFO | [FROZEN] opx_only s=48 alr RF T_C rmse=150.76 r2=0.516 (2s)
2026-04-16 00:36:46,195 | INFO | [FROZEN] opx_only s=48 alr RF P_kbar rmse=7.75 r2=0.566 (3s)
2026-04-16 00:36:47,360 | INFO | [FROZEN] opx_only s=48 alr ERT T_C rmse=151.42 r2=0.511 (1s)
2026-04-16 00:36:47,732 | INFO | [FROZEN] opx_only s=48 alr ERT P_kbar rmse=7.60 r2=0.584 (0s)
2026-04-16 00:36:48,516 | INFO | [FROZEN] opx_only s=48 alr XGB T_C rmse=151.01 r2=0.514 (1s)
2026-04-16 00:36:48,938 | INFO | [FROZEN] opx_only s=48 alr XGB P_kbar rmse=8.02 r2=0.537 (0s)
2026-04-16 00:36:49,466 | INFO | [FROZEN] opx_only s=48 alr GB T_C rmse=154.44 r2=0.492 (1s)
2026-04-16 00:36:49,881 | INFO | [FROZEN] opx_only s=48 alr GB P_kbar rmse=7.87 r2=0.553 (0s)
2026-04-16 00:36:51,109 | INFO | [FROZEN] opx_only s=48 pwlr RF T_C rmse=147.72 r2=0.535 (1s)
2026-04-16 00:36:57,388 | INFO | [FROZEN] opx_only s=48 pwlr RF P_kbar rmse=7.76 r2=0.566 (6s)
2026-04-16 00:36:59,245 | INFO | [FROZEN] opx_only s=48 pwlr ERT T_C rmse=146.91 r2=0.540 (2s)
2026-04-16 00:37:00,025 | INFO | [FROZEN] opx_only s=48 pwlr ERT P_kbar rmse=7.32 r2=0.613 (1s)
2026-04-16 00:37:07,184 | INFO | [FROZEN] opx_only s=48 pwlr XGB T_C rmse=150.94 r2=0.515 (7s)
2026-04-16 00:37:09,577 | INFO | [FROZEN] opx_only s=48 pwlr XGB P_kbar rmse=7.47 r2=0.598 (2s)
2026-04-16 00:37:10,968 | INFO | [FROZEN] opx_only s=48 pwlr GB T_C rmse=145.90 r2=0.547 (1s)
2026-04-16 00:37:11,422 | INFO | [FROZEN] opx_only s=48 pwlr GB P_kbar rmse=7.77 r2=0.564 (0s)
2026-04-16 00:37:11,444 | INFO | CHECKPOINT opx_only seed=48 | 648 rows | 0.37h
2026-04-16 00:37:13,318 | INFO | [FROZEN] opx_only s=49 raw RF T_C rmse=150.75 r2=0.474 (2s)
2026-04-16 00:37:15,359 | INFO | [FROZEN] opx_only s=49 raw RF P_kbar rmse=13.21 r2=-0.311 (2s)
2026-04-16 00:37:16,073 | INFO | [FROZEN] opx_only s=49 raw ERT T_C rmse=138.85 r2=0.554 (1s)
2026-04-16 00:37:17,375 | INFO | [FROZEN] opx_only s=49 raw ERT P_kbar rmse=11.43 r2=0.019 (1s)
2026-04-16 00:37:17,500 | INFO | [FROZEN] opx_only s=49 raw XGB T_C rmse=151.42 r2=0.470 (0s)
2026-04-16 00:37:17,851 | INFO | [FROZEN] opx_only s=49 raw XGB P_kbar rmse=11.27 r2=0.047 (0s)
2026-04-16 00:37:17,945 | INFO | [FROZEN] opx_only s=49 raw GB T_C rmse=152.79 r2=0.460 (0s)
2026-04-16 00:37:18,238 | INFO | [FROZEN] opx_only s=49 raw GB P_kbar rmse=11.02 r2=0.087 (0s)
2026-04-16 00:37:20,059 | INFO | [FROZEN] opx_only s=49 alr RF T_C rmse=151.28 r2=0.471 (2s)
2026-04-16 00:37:23,346 | INFO | [FROZEN] opx_only s=49 alr RF P_kbar rmse=13.58 r2=-0.385 (3s)
2026-04-16 00:37:24,616 | INFO | [FROZEN] opx_only s=49 alr ERT T_C rmse=145.42 r2=0.511 (1s)
2026-04-16 00:37:24,980 | INFO | [FROZEN] opx_only s=49 alr ERT P_kbar rmse=10.86 r2=0.114 (0s)
2026-04-16 00:37:25,797 | INFO | [FROZEN] opx_only s=49 alr XGB T_C rmse=154.56 r2=0.448 (1s)
2026-04-16 00:37:26,192 | INFO | [FROZEN] opx_only s=49 alr XGB P_kbar rmse=11.60 r2=-0.010 (0s)
2026-04-16 00:37:26,698 | INFO | [FROZEN] opx_only s=49 alr GB T_C rmse=154.25 r2=0.450 (1s)
2026-04-16 00:37:27,111 | INFO | [FROZEN] opx_only s=49 alr GB P_kbar rmse=10.91 r2=0.107 (0s)
2026-04-16 00:37:28,398 | INFO | [FROZEN] opx_only s=49 pwlr RF T_C rmse=134.15 r2=0.584 (1s)
2026-04-16 00:37:35,111 | INFO | [FROZEN] opx_only s=49 pwlr RF P_kbar rmse=13.54 r2=-0.377 (7s)
2026-04-16 00:37:37,449 | INFO | [FROZEN] opx_only s=49 pwlr ERT T_C rmse=133.87 r2=0.586 (2s)
2026-04-16 00:37:38,665 | INFO | [FROZEN] opx_only s=49 pwlr ERT P_kbar rmse=10.38 r2=0.191 (1s)
2026-04-16 00:37:44,731 | INFO | [FROZEN] opx_only s=49 pwlr XGB T_C rmse=145.69 r2=0.509 (6s)
2026-04-16 00:37:47,803 | INFO | [FROZEN] opx_only s=49 pwlr XGB P_kbar rmse=12.16 r2=-0.110 (3s)
2026-04-16 00:37:48,513 | INFO | [FROZEN] opx_only s=49 pwlr GB T_C rmse=146.09 r2=0.506 (1s)
2026-04-16 00:37:49,113 | INFO | [FROZEN] opx_only s=49 pwlr GB P_kbar rmse=10.90 r2=0.107 (1s)
2026-04-16 00:37:49,141 | INFO | CHECKPOINT opx_only seed=49 | 672 rows | 0.38h
2026-04-16 00:37:51,028 | INFO | [FROZEN] opx_only s=50 raw RF T_C rmse=106.06 r2=0.640 (2s)
2026-04-16 00:37:52,823 | INFO | [FROZEN] opx_only s=50 raw RF P_kbar rmse=10.80 r2=-0.312 (2s)
2026-04-16 00:37:53,547 | INFO | [FROZEN] opx_only s=50 raw ERT T_C rmse=103.47 r2=0.657 (1s)
2026-04-16 00:37:54,709 | INFO | [FROZEN] opx_only s=50 raw ERT P_kbar rmse=10.71 r2=-0.289 (1s)
2026-04-16 00:37:54,828 | INFO | [FROZEN] opx_only s=50 raw XGB T_C rmse=106.78 r2=0.635 (0s)
2026-04-16 00:37:55,186 | INFO | [FROZEN] opx_only s=50 raw XGB P_kbar rmse=10.62 r2=-0.268 (0s)
2026-04-16 00:37:55,330 | INFO | [FROZEN] opx_only s=50 raw GB T_C rmse=110.96 r2=0.606 (0s)
2026-04-16 00:37:55,700 | INFO | [FROZEN] opx_only s=50 raw GB P_kbar rmse=10.32 r2=-0.197 (0s)
2026-04-16 00:37:57,572 | INFO | [FROZEN] opx_only s=50 alr RF T_C rmse=108.51 r2=0.623 (2s)
2026-04-16 00:38:01,579 | INFO | [FROZEN] opx_only s=50 alr RF P_kbar rmse=9.37 r2=0.012 (4s)
2026-04-16 00:38:02,994 | INFO | [FROZEN] opx_only s=50 alr ERT T_C rmse=110.71 r2=0.608 (1s)
2026-04-16 00:38:03,393 | INFO | [FROZEN] opx_only s=50 alr ERT P_kbar rmse=12.29 r2=-0.696 (0s)
2026-04-16 00:38:04,324 | INFO | [FROZEN] opx_only s=50 alr XGB T_C rmse=112.30 r2=0.596 (1s)
2026-04-16 00:38:04,754 | INFO | [FROZEN] opx_only s=50 alr XGB P_kbar rmse=9.08 r2=0.074 (0s)
2026-04-16 00:38:05,357 | INFO | [FROZEN] opx_only s=50 alr GB T_C rmse=108.18 r2=0.625 (1s)
2026-04-16 00:38:05,869 | INFO | [FROZEN] opx_only s=50 alr GB P_kbar rmse=8.91 r2=0.109 (1s)
2026-04-16 00:38:07,594 | INFO | [FROZEN] opx_only s=50 pwlr RF T_C rmse=101.79 r2=0.668 (2s)
2026-04-16 00:38:13,966 | INFO | [FROZEN] opx_only s=50 pwlr RF P_kbar rmse=9.41 r2=0.005 (6s)
2026-04-16 00:38:15,670 | INFO | [FROZEN] opx_only s=50 pwlr ERT T_C rmse=98.86 r2=0.687 (2s)
2026-04-16 00:38:16,477 | INFO | [FROZEN] opx_only s=50 pwlr ERT P_kbar rmse=11.28 r2=-0.429 (1s)
2026-04-16 00:38:24,317 | INFO | [FROZEN] opx_only s=50 pwlr XGB T_C rmse=102.21 r2=0.666 (8s)
2026-04-16 00:38:27,289 | INFO | [FROZEN] opx_only s=50 pwlr XGB P_kbar rmse=10.80 r2=-0.310 (3s)
2026-04-16 00:38:29,916 | INFO | [FROZEN] opx_only s=50 pwlr GB T_C rmse=103.07 r2=0.660 (3s)
2026-04-16 00:38:30,876 | INFO | [FROZEN] opx_only s=50 pwlr GB P_kbar rmse=10.47 r2=-0.233 (1s)
2026-04-16 00:38:30,916 | INFO | CHECKPOINT opx_only seed=50 | 696 rows | 0.39h
2026-04-16 00:38:35,508 | INFO | [FROZEN] opx_only s=51 raw RF T_C rmse=116.82 r2=0.677 (5s)
2026-04-16 00:38:38,326 | INFO | [FROZEN] opx_only s=51 raw RF P_kbar rmse=10.46 r2=0.139 (3s)
2026-04-16 00:38:39,251 | INFO | [FROZEN] opx_only s=51 raw ERT T_C rmse=117.29 r2=0.674 (1s)
2026-04-16 00:38:40,586 | INFO | [FROZEN] opx_only s=51 raw ERT P_kbar rmse=9.90 r2=0.228 (1s)
2026-04-16 00:38:40,715 | INFO | [FROZEN] opx_only s=51 raw XGB T_C rmse=124.32 r2=0.634 (0s)
2026-04-16 00:38:41,159 | INFO | [FROZEN] opx_only s=51 raw XGB P_kbar rmse=9.51 r2=0.288 (0s)
2026-04-16 00:38:41,373 | INFO | [FROZEN] opx_only s=51 raw GB T_C rmse=125.96 r2=0.624 (0s)
2026-04-16 00:38:41,814 | INFO | [FROZEN] opx_only s=51 raw GB P_kbar rmse=9.65 r2=0.267 (0s)
2026-04-16 00:38:43,825 | INFO | [FROZEN] opx_only s=51 alr RF T_C rmse=115.32 r2=0.685 (2s)
2026-04-16 00:38:47,932 | INFO | [FROZEN] opx_only s=51 alr RF P_kbar rmse=9.72 r2=0.257 (4s)
2026-04-16 00:38:49,414 | INFO | [FROZEN] opx_only s=51 alr ERT T_C rmse=119.13 r2=0.664 (1s)
2026-04-16 00:38:49,804 | INFO | [FROZEN] opx_only s=51 alr ERT P_kbar rmse=7.80 r2=0.521 (0s)
2026-04-16 00:38:50,707 | INFO | [FROZEN] opx_only s=51 alr XGB T_C rmse=120.70 r2=0.655 (1s)
2026-04-16 00:38:51,271 | INFO | [FROZEN] opx_only s=51 alr XGB P_kbar rmse=9.00 r2=0.362 (1s)
2026-04-16 00:38:51,893 | INFO | [FROZEN] opx_only s=51 alr GB T_C rmse=122.22 r2=0.646 (1s)
2026-04-16 00:38:52,565 | INFO | [FROZEN] opx_only s=51 alr GB P_kbar rmse=10.14 r2=0.190 (1s)
2026-04-16 00:38:54,015 | INFO | [FROZEN] opx_only s=51 pwlr RF T_C rmse=111.87 r2=0.703 (1s)
2026-04-16 00:38:59,920 | INFO | [FROZEN] opx_only s=51 pwlr RF P_kbar rmse=8.59 r2=0.419 (6s)
2026-04-16 00:39:01,942 | INFO | [FROZEN] opx_only s=51 pwlr ERT T_C rmse=114.74 r2=0.688 (2s)
2026-04-16 00:39:02,754 | INFO | [FROZEN] opx_only s=51 pwlr ERT P_kbar rmse=8.38 r2=0.448 (1s)
2026-04-16 00:39:08,071 | INFO | [FROZEN] opx_only s=51 pwlr XGB T_C rmse=118.16 r2=0.669 (5s)
2026-04-16 00:39:11,170 | INFO | [FROZEN] opx_only s=51 pwlr XGB P_kbar rmse=9.86 r2=0.234 (3s)
2026-04-16 00:39:12,620 | INFO | [FROZEN] opx_only s=51 pwlr GB T_C rmse=114.12 r2=0.691 (1s)
2026-04-16 00:39:13,117 | INFO | [FROZEN] opx_only s=51 pwlr GB P_kbar rmse=8.43 r2=0.441 (0s)
2026-04-16 00:39:13,147 | INFO | CHECKPOINT opx_only seed=51 | 720 rows | 0.40h
2026-04-16 00:39:15,547 | INFO | [FROZEN] opx_only s=52 raw RF T_C rmse=138.56 r2=0.557 (2s)
2026-04-16 00:39:17,711 | INFO | [FROZEN] opx_only s=52 raw RF P_kbar rmse=8.77 r2=0.528 (2s)
2026-04-16 00:39:18,455 | INFO | [FROZEN] opx_only s=52 raw ERT T_C rmse=136.30 r2=0.571 (1s)
2026-04-16 00:39:20,048 | INFO | [FROZEN] opx_only s=52 raw ERT P_kbar rmse=8.91 r2=0.513 (2s)
2026-04-16 00:39:20,217 | INFO | [FROZEN] opx_only s=52 raw XGB T_C rmse=136.61 r2=0.569 (0s)
2026-04-16 00:39:20,966 | INFO | [FROZEN] opx_only s=52 raw XGB P_kbar rmse=8.87 r2=0.518 (1s)
2026-04-16 00:39:21,219 | INFO | [FROZEN] opx_only s=52 raw GB T_C rmse=137.72 r2=0.562 (0s)
2026-04-16 00:39:21,761 | INFO | [FROZEN] opx_only s=52 raw GB P_kbar rmse=8.81 r2=0.524 (1s)
2026-04-16 00:39:24,957 | INFO | [FROZEN] opx_only s=52 alr RF T_C rmse=135.26 r2=0.578 (3s)
2026-04-16 00:39:29,547 | INFO | [FROZEN] opx_only s=52 alr RF P_kbar rmse=8.75 r2=0.530 (5s)
2026-04-16 00:39:31,889 | INFO | [FROZEN] opx_only s=52 alr ERT T_C rmse=142.26 r2=0.533 (2s)
2026-04-16 00:39:32,675 | INFO | [FROZEN] opx_only s=52 alr ERT P_kbar rmse=9.10 r2=0.492 (1s)
2026-04-16 00:39:34,358 | INFO | [FROZEN] opx_only s=52 alr XGB T_C rmse=134.73 r2=0.581 (2s)
2026-04-16 00:39:35,355 | INFO | [FROZEN] opx_only s=52 alr XGB P_kbar rmse=8.80 r2=0.526 (1s)
2026-04-16 00:39:36,162 | INFO | [FROZEN] opx_only s=52 alr GB T_C rmse=137.17 r2=0.566 (1s)
2026-04-16 00:39:36,797 | INFO | [FROZEN] opx_only s=52 alr GB P_kbar rmse=8.52 r2=0.555 (1s)
2026-04-16 00:39:38,315 | INFO | [FROZEN] opx_only s=52 pwlr RF T_C rmse=132.41 r2=0.595 (1s)
2026-04-16 00:39:45,680 | INFO | [FROZEN] opx_only s=52 pwlr RF P_kbar rmse=8.40 r2=0.567 (7s)
2026-04-16 00:39:48,219 | INFO | [FROZEN] opx_only s=52 pwlr ERT T_C rmse=130.38 r2=0.608 (3s)
2026-04-16 00:39:49,312 | INFO | [FROZEN] opx_only s=52 pwlr ERT P_kbar rmse=8.30 r2=0.577 (1s)
2026-04-16 00:39:57,211 | INFO | [FROZEN] opx_only s=52 pwlr XGB T_C rmse=126.59 r2=0.630 (8s)
2026-04-16 00:40:00,362 | INFO | [FROZEN] opx_only s=52 pwlr XGB P_kbar rmse=8.99 r2=0.504 (3s)
2026-04-16 00:40:01,620 | INFO | [FROZEN] opx_only s=52 pwlr GB T_C rmse=126.58 r2=0.630 (1s)
2026-04-16 00:40:02,094 | INFO | [FROZEN] opx_only s=52 pwlr GB P_kbar rmse=8.41 r2=0.566 (0s)
2026-04-16 00:40:02,122 | INFO | CHECKPOINT opx_only seed=52 | 744 rows | 0.42h
2026-04-16 00:40:04,753 | INFO | [FROZEN] opx_only s=53 raw RF T_C rmse=164.21 r2=0.348 (3s)
2026-04-16 00:40:08,271 | INFO | [FROZEN] opx_only s=53 raw RF P_kbar rmse=9.75 r2=0.059 (4s)
2026-04-16 00:40:10,189 | INFO | [FROZEN] opx_only s=53 raw ERT T_C rmse=160.36 r2=0.379 (2s)
2026-04-16 00:40:12,115 | INFO | [FROZEN] opx_only s=53 raw ERT P_kbar rmse=11.06 r2=-0.211 (2s)
2026-04-16 00:40:12,255 | INFO | [FROZEN] opx_only s=53 raw XGB T_C rmse=156.71 r2=0.407 (0s)
2026-04-16 00:40:12,632 | INFO | [FROZEN] opx_only s=53 raw XGB P_kbar rmse=8.44 r2=0.296 (0s)
2026-04-16 00:40:12,904 | INFO | [FROZEN] opx_only s=53 raw GB T_C rmse=161.88 r2=0.367 (0s)
2026-04-16 00:40:13,313 | INFO | [FROZEN] opx_only s=53 raw GB P_kbar rmse=7.58 r2=0.431 (0s)
2026-04-16 00:40:15,430 | INFO | [FROZEN] opx_only s=53 alr RF T_C rmse=164.57 r2=0.346 (2s)
2026-04-16 00:40:19,359 | INFO | [FROZEN] opx_only s=53 alr RF P_kbar rmse=8.88 r2=0.219 (4s)
2026-04-16 00:40:20,573 | INFO | [FROZEN] opx_only s=53 alr ERT T_C rmse=162.76 r2=0.360 (1s)
2026-04-16 00:40:20,937 | INFO | [FROZEN] opx_only s=53 alr ERT P_kbar rmse=9.56 r2=0.095 (0s)
2026-04-16 00:40:21,833 | INFO | [FROZEN] opx_only s=53 alr XGB T_C rmse=161.57 r2=0.369 (1s)
2026-04-16 00:40:22,313 | INFO | [FROZEN] opx_only s=53 alr XGB P_kbar rmse=9.50 r2=0.107 (0s)
2026-04-16 00:40:22,912 | INFO | [FROZEN] opx_only s=53 alr GB T_C rmse=157.80 r2=0.398 (1s)
2026-04-16 00:40:23,468 | INFO | [FROZEN] opx_only s=53 alr GB P_kbar rmse=8.50 r2=0.286 (1s)
2026-04-16 00:40:25,036 | INFO | [FROZEN] opx_only s=53 pwlr RF T_C rmse=163.96 r2=0.350 (2s)
2026-04-16 00:40:32,505 | INFO | [FROZEN] opx_only s=53 pwlr RF P_kbar rmse=8.21 r2=0.333 (7s)
2026-04-16 00:40:36,501 | INFO | [FROZEN] opx_only s=53 pwlr ERT T_C rmse=160.73 r2=0.376 (4s)
2026-04-16 00:40:38,954 | INFO | [FROZEN] opx_only s=53 pwlr ERT P_kbar rmse=7.84 r2=0.392 (2s)
2026-04-16 00:40:49,118 | INFO | [FROZEN] opx_only s=53 pwlr XGB T_C rmse=163.40 r2=0.355 (10s)
2026-04-16 00:40:54,346 | INFO | [FROZEN] opx_only s=53 pwlr XGB P_kbar rmse=9.98 r2=0.015 (5s)
2026-04-16 00:40:57,310 | INFO | [FROZEN] opx_only s=53 pwlr GB T_C rmse=170.79 r2=0.295 (3s)
2026-04-16 00:40:58,018 | INFO | [FROZEN] opx_only s=53 pwlr GB P_kbar rmse=7.68 r2=0.416 (1s)
2026-04-16 00:40:58,057 | INFO | CHECKPOINT opx_only seed=53 | 768 rows | 0.43h
2026-04-16 00:41:01,582 | INFO | [FROZEN] opx_only s=54 raw RF T_C rmse=139.55 r2=0.445 (3s)
2026-04-16 00:41:04,177 | INFO | [FROZEN] opx_only s=54 raw RF P_kbar rmse=9.48 r2=0.252 (3s)
2026-04-16 00:41:04,923 | INFO | [FROZEN] opx_only s=54 raw ERT T_C rmse=139.06 r2=0.449 (1s)
2026-04-16 00:41:06,265 | INFO | [FROZEN] opx_only s=54 raw ERT P_kbar rmse=9.65 r2=0.224 (1s)
2026-04-16 00:41:06,394 | INFO | [FROZEN] opx_only s=54 raw XGB T_C rmse=141.55 r2=0.429 (0s)
2026-04-16 00:41:06,781 | INFO | [FROZEN] opx_only s=54 raw XGB P_kbar rmse=8.58 r2=0.387 (0s)
2026-04-16 00:41:07,422 | INFO | [FROZEN] opx_only s=54 raw GB T_C rmse=143.44 r2=0.414 (1s)
2026-04-16 00:41:07,812 | INFO | [FROZEN] opx_only s=54 raw GB P_kbar rmse=8.36 r2=0.418 (0s)
2026-04-16 00:41:09,776 | INFO | [FROZEN] opx_only s=54 alr RF T_C rmse=139.85 r2=0.443 (2s)
2026-04-16 00:41:13,028 | INFO | [FROZEN] opx_only s=54 alr RF P_kbar rmse=7.91 r2=0.479 (3s)
2026-04-16 00:41:14,375 | INFO | [FROZEN] opx_only s=54 alr ERT T_C rmse=144.65 r2=0.404 (1s)
2026-04-16 00:41:14,830 | INFO | [FROZEN] opx_only s=54 alr ERT P_kbar rmse=7.45 r2=0.538 (0s)
2026-04-16 00:41:15,715 | INFO | [FROZEN] opx_only s=54 alr XGB T_C rmse=143.26 r2=0.415 (1s)
2026-04-16 00:41:16,125 | INFO | [FROZEN] opx_only s=54 alr XGB P_kbar rmse=6.90 r2=0.604 (0s)
2026-04-16 00:41:16,772 | INFO | [FROZEN] opx_only s=54 alr GB T_C rmse=141.07 r2=0.433 (1s)
2026-04-16 00:41:17,229 | INFO | [FROZEN] opx_only s=54 alr GB P_kbar rmse=8.06 r2=0.459 (0s)
2026-04-16 00:41:18,584 | INFO | [FROZEN] opx_only s=54 pwlr RF T_C rmse=133.19 r2=0.495 (1s)
2026-04-16 00:41:24,183 | INFO | [FROZEN] opx_only s=54 pwlr RF P_kbar rmse=6.56 r2=0.641 (6s)
2026-04-16 00:41:25,875 | INFO | [FROZEN] opx_only s=54 pwlr ERT T_C rmse=135.62 r2=0.476 (2s)
2026-04-16 00:41:26,724 | INFO | [FROZEN] opx_only s=54 pwlr ERT P_kbar rmse=7.99 r2=0.468 (1s)
2026-04-16 00:41:32,465 | INFO | [FROZEN] opx_only s=54 pwlr XGB T_C rmse=137.98 r2=0.458 (6s)
2026-04-16 00:41:35,799 | INFO | [FROZEN] opx_only s=54 pwlr XGB P_kbar rmse=7.14 r2=0.575 (3s)
2026-04-16 00:41:37,869 | INFO | [FROZEN] opx_only s=54 pwlr GB T_C rmse=138.31 r2=0.455 (2s)
2026-04-16 00:41:38,325 | INFO | [FROZEN] opx_only s=54 pwlr GB P_kbar rmse=7.65 r2=0.513 (0s)
2026-04-16 00:41:38,353 | INFO | CHECKPOINT opx_only seed=54 | 792 rows | 0.44h
2026-04-16 00:41:40,577 | INFO | [FROZEN] opx_only s=55 raw RF T_C rmse=132.99 r2=0.546 (2s)
2026-04-16 00:41:42,770 | INFO | [FROZEN] opx_only s=55 raw RF P_kbar rmse=10.63 r2=0.400 (2s)
2026-04-16 00:41:43,564 | INFO | [FROZEN] opx_only s=55 raw ERT T_C rmse=127.99 r2=0.579 (1s)
2026-04-16 00:41:44,964 | INFO | [FROZEN] opx_only s=55 raw ERT P_kbar rmse=11.73 r2=0.269 (1s)
2026-04-16 00:41:45,094 | INFO | [FROZEN] opx_only s=55 raw XGB T_C rmse=129.73 r2=0.568 (0s)
2026-04-16 00:41:45,451 | INFO | [FROZEN] opx_only s=55 raw XGB P_kbar rmse=10.12 r2=0.456 (0s)
2026-04-16 00:41:45,758 | INFO | [FROZEN] opx_only s=55 raw GB T_C rmse=131.62 r2=0.555 (0s)
2026-04-16 00:41:46,124 | INFO | [FROZEN] opx_only s=55 raw GB P_kbar rmse=10.34 r2=0.432 (0s)
2026-04-16 00:41:48,025 | INFO | [FROZEN] opx_only s=55 alr RF T_C rmse=128.40 r2=0.576 (2s)
2026-04-16 00:41:51,464 | INFO | [FROZEN] opx_only s=55 alr RF P_kbar rmse=10.03 r2=0.465 (3s)
2026-04-16 00:41:52,872 | INFO | [FROZEN] opx_only s=55 alr ERT T_C rmse=135.81 r2=0.526 (1s)
2026-04-16 00:41:53,543 | INFO | [FROZEN] opx_only s=55 alr ERT P_kbar rmse=10.88 r2=0.371 (1s)
2026-04-16 00:41:54,455 | INFO | [FROZEN] opx_only s=55 alr XGB T_C rmse=127.56 r2=0.582 (1s)
2026-04-16 00:41:54,916 | INFO | [FROZEN] opx_only s=55 alr XGB P_kbar rmse=10.75 r2=0.385 (0s)
2026-04-16 00:41:55,562 | INFO | [FROZEN] opx_only s=55 alr GB T_C rmse=131.83 r2=0.553 (1s)
2026-04-16 00:41:56,034 | INFO | [FROZEN] opx_only s=55 alr GB P_kbar rmse=11.00 r2=0.357 (0s)
2026-04-16 00:41:57,391 | INFO | [FROZEN] opx_only s=55 pwlr RF T_C rmse=128.48 r2=0.576 (1s)
2026-04-16 00:42:03,234 | INFO | [FROZEN] opx_only s=55 pwlr RF P_kbar rmse=8.89 r2=0.580 (6s)
2026-04-16 00:42:05,283 | INFO | [FROZEN] opx_only s=55 pwlr ERT T_C rmse=131.92 r2=0.553 (2s)
2026-04-16 00:42:06,108 | INFO | [FROZEN] opx_only s=55 pwlr ERT P_kbar rmse=8.91 r2=0.578 (1s)
2026-04-16 00:42:12,040 | INFO | [FROZEN] opx_only s=55 pwlr XGB T_C rmse=134.69 r2=0.534 (6s)
2026-04-16 00:42:15,143 | INFO | [FROZEN] opx_only s=55 pwlr XGB P_kbar rmse=10.45 r2=0.420 (3s)
2026-04-16 00:42:16,958 | INFO | [FROZEN] opx_only s=55 pwlr GB T_C rmse=134.21 r2=0.537 (2s)
2026-04-16 00:42:17,458 | INFO | [FROZEN] opx_only s=55 pwlr GB P_kbar rmse=9.03 r2=0.567 (0s)
2026-04-16 00:42:17,488 | INFO | CHECKPOINT opx_only seed=55 | 816 rows | 0.45h
2026-04-16 00:42:19,553 | INFO | [FROZEN] opx_only s=56 raw RF T_C rmse=159.76 r2=0.510 (2s)
2026-04-16 00:42:21,871 | INFO | [FROZEN] opx_only s=56 raw RF P_kbar rmse=15.24 r2=0.024 (2s)
2026-04-16 00:42:22,641 | INFO | [FROZEN] opx_only s=56 raw ERT T_C rmse=163.63 r2=0.486 (1s)
2026-04-16 00:42:23,935 | INFO | [FROZEN] opx_only s=56 raw ERT P_kbar rmse=14.53 r2=0.113 (1s)
2026-04-16 00:42:24,058 | INFO | [FROZEN] opx_only s=56 raw XGB T_C rmse=149.87 r2=0.569 (0s)
2026-04-16 00:42:24,406 | INFO | [FROZEN] opx_only s=56 raw XGB P_kbar rmse=14.47 r2=0.121 (0s)
2026-04-16 00:42:24,587 | INFO | [FROZEN] opx_only s=56 raw GB T_C rmse=144.17 r2=0.601 (0s)
2026-04-16 00:42:25,022 | INFO | [FROZEN] opx_only s=56 raw GB P_kbar rmse=13.63 r2=0.219 (0s)
2026-04-16 00:42:27,024 | INFO | [FROZEN] opx_only s=56 alr RF T_C rmse=157.83 r2=0.522 (2s)
2026-04-16 00:42:30,589 | INFO | [FROZEN] opx_only s=56 alr RF P_kbar rmse=14.85 r2=0.073 (4s)
2026-04-16 00:42:31,947 | INFO | [FROZEN] opx_only s=56 alr ERT T_C rmse=175.58 r2=0.408 (1s)
2026-04-16 00:42:32,327 | INFO | [FROZEN] opx_only s=56 alr ERT P_kbar rmse=14.81 r2=0.079 (0s)
2026-04-16 00:42:33,271 | INFO | [FROZEN] opx_only s=56 alr XGB T_C rmse=151.55 r2=0.559 (1s)
2026-04-16 00:42:33,835 | INFO | [FROZEN] opx_only s=56 alr XGB P_kbar rmse=13.08 r2=0.281 (1s)
2026-04-16 00:42:34,523 | INFO | [FROZEN] opx_only s=56 alr GB T_C rmse=137.64 r2=0.636 (1s)
2026-04-16 00:42:34,961 | INFO | [FROZEN] opx_only s=56 alr GB P_kbar rmse=13.03 r2=0.286 (0s)
2026-04-16 00:42:36,516 | INFO | [FROZEN] opx_only s=56 pwlr RF T_C rmse=155.44 r2=0.536 (2s)
2026-04-16 00:42:42,714 | INFO | [FROZEN] opx_only s=56 pwlr RF P_kbar rmse=13.70 r2=0.212 (6s)
2026-04-16 00:42:44,645 | INFO | [FROZEN] opx_only s=56 pwlr ERT T_C rmse=161.26 r2=0.501 (2s)
2026-04-16 00:42:45,496 | INFO | [FROZEN] opx_only s=56 pwlr ERT P_kbar rmse=13.80 r2=0.200 (1s)
2026-04-16 00:42:51,523 | INFO | [FROZEN] opx_only s=56 pwlr XGB T_C rmse=148.86 r2=0.574 (6s)
2026-04-16 00:42:54,319 | INFO | [FROZEN] opx_only s=56 pwlr XGB P_kbar rmse=11.97 r2=0.398 (3s)
2026-04-16 00:42:55,623 | INFO | [FROZEN] opx_only s=56 pwlr GB T_C rmse=147.55 r2=0.582 (1s)
2026-04-16 00:42:56,120 | INFO | [FROZEN] opx_only s=56 pwlr GB P_kbar rmse=12.03 r2=0.392 (0s)
2026-04-16 00:42:56,152 | INFO | CHECKPOINT opx_only seed=56 | 840 rows | 0.47h
2026-04-16 00:42:58,389 | INFO | [FROZEN] opx_only s=57 raw RF T_C rmse=168.63 r2=0.236 (2s)
2026-04-16 00:43:00,647 | INFO | [FROZEN] opx_only s=57 raw RF P_kbar rmse=13.81 r2=-0.228 (2s)
2026-04-16 00:43:01,535 | INFO | [FROZEN] opx_only s=57 raw ERT T_C rmse=174.33 r2=0.183 (1s)
2026-04-16 00:43:02,943 | INFO | [FROZEN] opx_only s=57 raw ERT P_kbar rmse=13.60 r2=-0.193 (1s)
2026-04-16 00:43:03,102 | INFO | [FROZEN] opx_only s=57 raw XGB T_C rmse=164.72 r2=0.271 (0s)
2026-04-16 00:43:03,483 | INFO | [FROZEN] opx_only s=57 raw XGB P_kbar rmse=12.41 r2=0.008 (0s)
2026-04-16 00:43:03,760 | INFO | [FROZEN] opx_only s=57 raw GB T_C rmse=161.44 r2=0.300 (0s)
2026-04-16 00:43:04,191 | INFO | [FROZEN] opx_only s=57 raw GB P_kbar rmse=11.80 r2=0.102 (0s)
2026-04-16 00:43:06,102 | INFO | [FROZEN] opx_only s=57 alr RF T_C rmse=166.44 r2=0.256 (2s)
2026-04-16 00:43:09,657 | INFO | [FROZEN] opx_only s=57 alr RF P_kbar rmse=13.77 r2=-0.222 (4s)
2026-04-16 00:43:10,867 | INFO | [FROZEN] opx_only s=57 alr ERT T_C rmse=189.41 r2=0.036 (1s)
2026-04-16 00:43:11,237 | INFO | [FROZEN] opx_only s=57 alr ERT P_kbar rmse=15.28 r2=-0.504 (0s)
2026-04-16 00:43:12,042 | INFO | [FROZEN] opx_only s=57 alr XGB T_C rmse=162.75 r2=0.288 (1s)
2026-04-16 00:43:12,530 | INFO | [FROZEN] opx_only s=57 alr XGB P_kbar rmse=12.27 r2=0.029 (0s)
2026-04-16 00:43:13,056 | INFO | [FROZEN] opx_only s=57 alr GB T_C rmse=156.58 r2=0.341 (1s)
2026-04-16 00:43:13,694 | INFO | [FROZEN] opx_only s=57 alr GB P_kbar rmse=12.96 r2=-0.082 (1s)
2026-04-16 00:43:15,009 | INFO | [FROZEN] opx_only s=57 pwlr RF T_C rmse=156.51 r2=0.342 (1s)
2026-04-16 00:43:21,203 | INFO | [FROZEN] opx_only s=57 pwlr RF P_kbar rmse=12.98 r2=-0.087 (6s)
2026-04-16 00:43:23,224 | INFO | [FROZEN] opx_only s=57 pwlr ERT T_C rmse=173.00 r2=0.196 (2s)
2026-04-16 00:43:24,077 | INFO | [FROZEN] opx_only s=57 pwlr ERT P_kbar rmse=13.06 r2=-0.100 (1s)
2026-04-16 00:43:31,576 | INFO | [FROZEN] opx_only s=57 pwlr XGB T_C rmse=161.07 r2=0.303 (7s)
2026-04-16 00:43:35,790 | INFO | [FROZEN] opx_only s=57 pwlr XGB P_kbar rmse=13.98 r2=-0.260 (4s)
2026-04-16 00:43:37,513 | INFO | [FROZEN] opx_only s=57 pwlr GB T_C rmse=154.53 r2=0.358 (2s)
2026-04-16 00:43:37,982 | INFO | [FROZEN] opx_only s=57 pwlr GB P_kbar rmse=12.71 r2=-0.041 (0s)
2026-04-16 00:43:38,011 | INFO | CHECKPOINT opx_only seed=57 | 864 rows | 0.48h
2026-04-16 00:43:40,342 | INFO | [FROZEN] opx_only s=58 raw RF T_C rmse=125.47 r2=0.527 (2s)
2026-04-16 00:43:42,837 | INFO | [FROZEN] opx_only s=58 raw RF P_kbar rmse=6.66 r2=-0.061 (2s)
2026-04-16 00:43:44,252 | INFO | [FROZEN] opx_only s=58 raw ERT T_C rmse=118.18 r2=0.581 (1s)
2026-04-16 00:43:46,872 | INFO | [FROZEN] opx_only s=58 raw ERT P_kbar rmse=6.52 r2=-0.018 (3s)
2026-04-16 00:43:47,064 | INFO | [FROZEN] opx_only s=58 raw XGB T_C rmse=125.69 r2=0.526 (0s)
2026-04-16 00:43:47,549 | INFO | [FROZEN] opx_only s=58 raw XGB P_kbar rmse=6.40 r2=0.019 (0s)
2026-04-16 00:43:47,841 | INFO | [FROZEN] opx_only s=58 raw GB T_C rmse=130.06 r2=0.492 (0s)
2026-04-16 00:43:48,279 | INFO | [FROZEN] opx_only s=58 raw GB P_kbar rmse=7.27 r2=-0.266 (0s)
2026-04-16 00:43:50,851 | INFO | [FROZEN] opx_only s=58 alr RF T_C rmse=124.14 r2=0.537 (3s)
2026-04-16 00:43:56,988 | INFO | [FROZEN] opx_only s=58 alr RF P_kbar rmse=6.56 r2=-0.031 (6s)
2026-04-16 00:43:59,250 | INFO | [FROZEN] opx_only s=58 alr ERT T_C rmse=129.61 r2=0.496 (2s)
2026-04-16 00:44:00,055 | INFO | [FROZEN] opx_only s=58 alr ERT P_kbar rmse=6.37 r2=0.028 (1s)
2026-04-16 00:44:01,697 | INFO | [FROZEN] opx_only s=58 alr XGB T_C rmse=123.77 r2=0.540 (2s)
2026-04-16 00:44:02,531 | INFO | [FROZEN] opx_only s=58 alr XGB P_kbar rmse=6.55 r2=-0.026 (1s)
2026-04-16 00:44:03,635 | INFO | [FROZEN] opx_only s=58 alr GB T_C rmse=124.13 r2=0.537 (1s)
2026-04-16 00:44:04,684 | INFO | [FROZEN] opx_only s=58 alr GB P_kbar rmse=7.09 r2=-0.203 (1s)
2026-04-16 00:44:06,891 | INFO | [FROZEN] opx_only s=58 pwlr RF T_C rmse=117.80 r2=0.583 (2s)
2026-04-16 00:44:17,191 | INFO | [FROZEN] opx_only s=58 pwlr RF P_kbar rmse=6.38 r2=0.024 (10s)
2026-04-16 00:44:20,591 | INFO | [FROZEN] opx_only s=58 pwlr ERT T_C rmse=116.36 r2=0.594 (3s)
2026-04-16 00:44:22,334 | INFO | [FROZEN] opx_only s=58 pwlr ERT P_kbar rmse=6.13 r2=0.099 (2s)
2026-04-16 00:44:32,887 | INFO | [FROZEN] opx_only s=58 pwlr XGB T_C rmse=115.38 r2=0.600 (11s)
2026-04-16 00:44:38,688 | INFO | [FROZEN] opx_only s=58 pwlr XGB P_kbar rmse=6.55 r2=-0.026 (6s)
2026-04-16 00:44:40,496 | INFO | [FROZEN] opx_only s=58 pwlr GB T_C rmse=103.07 r2=0.681 (2s)
2026-04-16 00:44:41,134 | INFO | [FROZEN] opx_only s=58 pwlr GB P_kbar rmse=6.70 r2=-0.076 (1s)
2026-04-16 00:44:41,166 | INFO | CHECKPOINT opx_only seed=58 | 888 rows | 0.49h
2026-04-16 00:44:43,910 | INFO | [FROZEN] opx_only s=59 raw RF T_C rmse=140.51 r2=0.575 (3s)
2026-04-16 00:44:46,516 | INFO | [FROZEN] opx_only s=59 raw RF P_kbar rmse=12.18 r2=0.169 (3s)
2026-04-16 00:44:47,685 | INFO | [FROZEN] opx_only s=59 raw ERT T_C rmse=141.65 r2=0.568 (1s)
2026-04-16 00:44:49,553 | INFO | [FROZEN] opx_only s=59 raw ERT P_kbar rmse=10.15 r2=0.423 (2s)
2026-04-16 00:44:49,804 | INFO | [FROZEN] opx_only s=59 raw XGB T_C rmse=148.24 r2=0.527 (0s)
2026-04-16 00:44:50,273 | INFO | [FROZEN] opx_only s=59 raw XGB P_kbar rmse=10.10 r2=0.429 (0s)
2026-04-16 00:44:50,659 | INFO | [FROZEN] opx_only s=59 raw GB T_C rmse=156.17 r2=0.475 (0s)
2026-04-16 00:44:51,335 | INFO | [FROZEN] opx_only s=59 raw GB P_kbar rmse=11.24 r2=0.292 (1s)
2026-04-16 00:44:54,621 | INFO | [FROZEN] opx_only s=59 alr RF T_C rmse=142.13 r2=0.566 (3s)
2026-04-16 00:44:58,907 | INFO | [FROZEN] opx_only s=59 alr RF P_kbar rmse=12.54 r2=0.119 (4s)
2026-04-16 00:45:00,731 | INFO | [FROZEN] opx_only s=59 alr ERT T_C rmse=138.58 r2=0.587 (2s)
2026-04-16 00:45:01,212 | INFO | [FROZEN] opx_only s=59 alr ERT P_kbar rmse=10.93 r2=0.331 (0s)
2026-04-16 00:45:02,306 | INFO | [FROZEN] opx_only s=59 alr XGB T_C rmse=148.29 r2=0.527 (1s)
2026-04-16 00:45:03,051 | INFO | [FROZEN] opx_only s=59 alr XGB P_kbar rmse=10.37 r2=0.398 (1s)
2026-04-16 00:45:03,780 | INFO | [FROZEN] opx_only s=59 alr GB T_C rmse=157.75 r2=0.465 (1s)
2026-04-16 00:45:04,136 | INFO | [FROZEN] opx_only s=59 alr GB P_kbar rmse=11.80 r2=0.220 (0s)
2026-04-16 00:45:05,846 | INFO | [FROZEN] opx_only s=59 pwlr RF T_C rmse=134.10 r2=0.613 (2s)
2026-04-16 00:45:13,396 | INFO | [FROZEN] opx_only s=59 pwlr RF P_kbar rmse=12.16 r2=0.171 (8s)
2026-04-16 00:45:15,881 | INFO | [FROZEN] opx_only s=59 pwlr ERT T_C rmse=132.05 r2=0.625 (2s)
2026-04-16 00:45:16,980 | INFO | [FROZEN] opx_only s=59 pwlr ERT P_kbar rmse=10.96 r2=0.327 (1s)
2026-04-16 00:45:24,365 | INFO | [FROZEN] opx_only s=59 pwlr XGB T_C rmse=142.82 r2=0.561 (7s)
2026-04-16 00:45:28,337 | INFO | [FROZEN] opx_only s=59 pwlr XGB P_kbar rmse=12.88 r2=0.071 (4s)
2026-04-16 00:45:29,794 | INFO | [FROZEN] opx_only s=59 pwlr GB T_C rmse=142.45 r2=0.564 (1s)
2026-04-16 00:45:30,531 | INFO | [FROZEN] opx_only s=59 pwlr GB P_kbar rmse=10.41 r2=0.393 (1s)
2026-04-16 00:45:30,569 | INFO | CHECKPOINT opx_only seed=59 | 912 rows | 0.51h
2026-04-16 00:45:33,462 | INFO | [FROZEN] opx_only s=60 raw RF T_C rmse=141.79 r2=0.588 (3s)
2026-04-16 00:45:36,706 | INFO | [FROZEN] opx_only s=60 raw RF P_kbar rmse=12.84 r2=-0.310 (3s)
2026-04-16 00:45:38,056 | INFO | [FROZEN] opx_only s=60 raw ERT T_C rmse=143.57 r2=0.577 (1s)
2026-04-16 00:45:40,008 | INFO | [FROZEN] opx_only s=60 raw ERT P_kbar rmse=14.63 r2=-0.698 (2s)
2026-04-16 00:45:40,198 | INFO | [FROZEN] opx_only s=60 raw XGB T_C rmse=134.06 r2=0.631 (0s)
2026-04-16 00:45:40,733 | INFO | [FROZEN] opx_only s=60 raw XGB P_kbar rmse=11.65 r2=-0.078 (1s)
2026-04-16 00:45:40,976 | INFO | [FROZEN] opx_only s=60 raw GB T_C rmse=141.65 r2=0.588 (0s)
2026-04-16 00:45:41,570 | INFO | [FROZEN] opx_only s=60 raw GB P_kbar rmse=11.59 r2=-0.066 (1s)
2026-04-16 00:45:44,371 | INFO | [FROZEN] opx_only s=60 alr RF T_C rmse=143.17 r2=0.579 (3s)
2026-04-16 00:45:49,296 | INFO | [FROZEN] opx_only s=60 alr RF P_kbar rmse=12.23 r2=-0.188 (5s)
2026-04-16 00:45:51,083 | INFO | [FROZEN] opx_only s=60 alr ERT T_C rmse=145.04 r2=0.568 (2s)
2026-04-16 00:45:51,571 | INFO | [FROZEN] opx_only s=60 alr ERT P_kbar rmse=12.66 r2=-0.272 (0s)
2026-04-16 00:45:52,896 | INFO | [FROZEN] opx_only s=60 alr XGB T_C rmse=133.75 r2=0.633 (1s)
2026-04-16 00:45:53,570 | INFO | [FROZEN] opx_only s=60 alr XGB P_kbar rmse=11.72 r2=-0.090 (1s)
2026-04-16 00:45:54,228 | INFO | [FROZEN] opx_only s=60 alr GB T_C rmse=145.49 r2=0.566 (1s)
2026-04-16 00:45:55,023 | INFO | [FROZEN] opx_only s=60 alr GB P_kbar rmse=12.60 r2=-0.260 (1s)
2026-04-16 00:45:56,742 | INFO | [FROZEN] opx_only s=60 pwlr RF T_C rmse=138.11 r2=0.609 (2s)
2026-04-16 00:46:04,889 | INFO | [FROZEN] opx_only s=60 pwlr RF P_kbar rmse=11.43 r2=-0.037 (8s)
2026-04-16 00:46:07,359 | INFO | [FROZEN] opx_only s=60 pwlr ERT T_C rmse=138.69 r2=0.605 (2s)
2026-04-16 00:46:08,703 | INFO | [FROZEN] opx_only s=60 pwlr ERT P_kbar rmse=9.91 r2=0.220 (1s)
2026-04-16 00:46:16,925 | INFO | [FROZEN] opx_only s=60 pwlr XGB T_C rmse=149.30 r2=0.543 (8s)
2026-04-16 00:46:20,496 | INFO | [FROZEN] opx_only s=60 pwlr XGB P_kbar rmse=13.28 r2=-0.399 (4s)
2026-04-16 00:46:21,979 | INFO | [FROZEN] opx_only s=60 pwlr GB T_C rmse=140.87 r2=0.593 (1s)
2026-04-16 00:46:22,653 | INFO | [FROZEN] opx_only s=60 pwlr GB P_kbar rmse=11.53 r2=-0.056 (1s)
2026-04-16 00:46:22,694 | INFO | CHECKPOINT opx_only seed=60 | 936 rows | 0.52h
2026-04-16 00:46:25,651 | INFO | [FROZEN] opx_only s=61 raw RF T_C rmse=176.55 r2=0.378 (3s)
2026-04-16 00:46:28,613 | INFO | [FROZEN] opx_only s=61 raw RF P_kbar rmse=16.40 r2=0.087 (3s)
2026-04-16 00:46:29,702 | INFO | [FROZEN] opx_only s=61 raw ERT T_C rmse=178.35 r2=0.365 (1s)
2026-04-16 00:46:31,609 | INFO | [FROZEN] opx_only s=61 raw ERT P_kbar rmse=16.53 r2=0.072 (2s)
2026-04-16 00:46:31,781 | INFO | [FROZEN] opx_only s=61 raw XGB T_C rmse=164.63 r2=0.459 (0s)
2026-04-16 00:46:32,286 | INFO | [FROZEN] opx_only s=61 raw XGB P_kbar rmse=15.33 r2=0.202 (1s)
2026-04-16 00:46:32,452 | INFO | [FROZEN] opx_only s=61 raw GB T_C rmse=159.94 r2=0.490 (0s)
2026-04-16 00:46:32,810 | INFO | [FROZEN] opx_only s=61 raw GB P_kbar rmse=15.88 r2=0.144 (0s)
2026-04-16 00:46:35,774 | INFO | [FROZEN] opx_only s=61 alr RF T_C rmse=170.75 r2=0.418 (3s)
2026-04-16 00:46:40,604 | INFO | [FROZEN] opx_only s=61 alr RF P_kbar rmse=14.93 r2=0.243 (5s)
2026-04-16 00:46:42,277 | INFO | [FROZEN] opx_only s=61 alr ERT T_C rmse=192.75 r2=0.259 (2s)
2026-04-16 00:46:42,753 | INFO | [FROZEN] opx_only s=61 alr ERT P_kbar rmse=15.80 r2=0.152 (0s)
2026-04-16 00:46:44,093 | INFO | [FROZEN] opx_only s=61 alr XGB T_C rmse=167.95 r2=0.437 (1s)
2026-04-16 00:46:44,745 | INFO | [FROZEN] opx_only s=61 alr XGB P_kbar rmse=13.93 r2=0.341 (1s)
2026-04-16 00:46:45,383 | INFO | [FROZEN] opx_only s=61 alr GB T_C rmse=163.53 r2=0.466 (1s)
2026-04-16 00:46:46,039 | INFO | [FROZEN] opx_only s=61 alr GB P_kbar rmse=14.67 r2=0.269 (1s)
2026-04-16 00:46:47,840 | INFO | [FROZEN] opx_only s=61 pwlr RF T_C rmse=168.82 r2=0.431 (2s)
2026-04-16 00:46:55,718 | INFO | [FROZEN] opx_only s=61 pwlr RF P_kbar rmse=13.96 r2=0.338 (8s)
2026-04-16 00:46:58,329 | INFO | [FROZEN] opx_only s=61 pwlr ERT T_C rmse=182.27 r2=0.337 (3s)
2026-04-16 00:46:59,555 | INFO | [FROZEN] opx_only s=61 pwlr ERT P_kbar rmse=15.45 r2=0.189 (1s)
2026-04-16 00:47:08,958 | INFO | [FROZEN] opx_only s=61 pwlr XGB T_C rmse=168.84 r2=0.431 (9s)
2026-04-16 00:47:12,975 | INFO | [FROZEN] opx_only s=61 pwlr XGB P_kbar rmse=13.15 r2=0.412 (4s)
2026-04-16 00:47:15,016 | INFO | [FROZEN] opx_only s=61 pwlr GB T_C rmse=170.75 r2=0.418 (2s)
2026-04-16 00:47:15,795 | INFO | [FROZEN] opx_only s=61 pwlr GB P_kbar rmse=12.86 r2=0.438 (1s)
2026-04-16 00:47:15,836 | INFO | CHECKPOINT opx_only seed=61 | 960 rows | 0.54h
2026-04-16 00:47:15,878 | INFO | COMPLETE: 960 rows in 0.54h
2026-04-16 00:47:31,195 | INFO | Diagnostic plots and statistical analysis complete.
