C:\Users\NQTa\Documents\MLCourse\Final Project\.venv\Lib\site-packages\sklearn\utils\validation.py:2691: UserWarning: X does not have valid feature names, but LGBMRegressor was fitted with feature names
  warnings.warn(
C:\Users\NQTa\Documents\MLCourse\Final Project\.venv\Lib\site-packages\sklearn\utils\validation.py:2691: UserWarning: X does not have valid feature names, but LGBMRegressor was fitted with feature names
  warnings.warn(
C:\Users\NQTa\Documents\MLCourse\Final Project\.venv\Lib\site-packages\sklearn\utils\validation.py:2691: UserWarning: X does not have valid feature names, but LGBMRegressor was fitted with feature names
  warnings.warn(
C:\Users\NQTa\Documents\MLCourse\Final Project\.venv\Lib\site-packages\sklearn\utils\validation.py:2691: UserWarning: X does not have valid feature names, but LGBMRegressor was fitted with feature names
  warnings.warn(
C:\Users\NQTa\Documents\MLCourse\Final Project\.venv\Lib\site-packages\sklearn\utils\validation.py:2691: UserWarning: X does not have valid feature names, but LGBMRegressor was fitted with feature names
  warnings.warn(
C:\Users\NQTa\Documents\MLCourse\Final Project\.venv\Lib\site-packages\sklearn\utils\validation.py:2691: UserWarning: X does not have valid feature names, but LGBMRegressor was fitted with feature names
  warnings.warn(
C:\Users\NQTa\Documents\MLCourse\Final Project\.venv\Lib\site-packages\sklearn\utils\validation.py:2691: UserWarning: X does not have valid feature names, but LGBMRegressor was fitted with feature names
  warnings.warn(
C:\Users\NQTa\Documents\MLCourse\Final Project\.venv\Lib\site-packages\sklearn\utils\validation.py:2691: UserWarning: X does not have valid feature names, but LGBMRegressor was fitted with feature names
  warnings.warn(
C:\Users\NQTa\Documents\MLCourse\Final Project\.venv\Lib\site-packages\sklearn\utils\validation.py:2691: UserWarning: X does not have valid feature names, but LGBMRegressor was fitted with feature names
  warnings.warn(
C:\Users\NQTa\Documents\MLCourse\Final Project\.venv\Lib\site-packages\sklearn\utils\validation.py:2691: UserWarning: X does not have valid feature names, but LGBMRegressor was fitted with feature names
  warnings.warn(
C:\Users\NQTa\Documents\MLCourse\Final Project\.venv\Lib\site-packages\sklearn\utils\validation.py:2691: UserWarning: X does not have valid feature names, but LGBMRegressor was fitted with feature names
  warnings.warn(
C:\Users\NQTa\Documents\MLCourse\Final Project\.venv\Lib\site-packages\sklearn\utils\validation.py:2691: UserWarning: X does not have valid feature names, but LGBMRegressor was fitted with feature names
  warnings.warn(
C:\Users\NQTa\Documents\MLCourse\Final Project\.venv\Lib\site-packages\sklearn\utils\validation.py:2691: UserWarning: X does not have valid feature names, but LGBMRegressor was fitted with feature names
  warnings.warn(
C:\Users\NQTa\Documents\MLCourse\Final Project\.venv\Lib\site-packages\sklearn\utils\validation.py:2691: UserWarning: X does not have valid feature names, but LGBMRegressor was fitted with feature names
  warnings.warn(
C:\Users\NQTa\Documents\MLCourse\Final Project\.venv\Lib\site-packages\sklearn\utils\validation.py:2691: UserWarning: X does not have valid feature names, but LGBMRegressor was fitted with feature names
  warnings.warn(
C:\Users\NQTa\Documents\MLCourse\Final Project\.venv\Lib\site-packages\sklearn\utils\validation.py:2691: UserWarning: X does not have valid feature names, but LGBMRegressor was fitted with feature names
  warnings.warn(
C:\Users\NQTa\Documents\MLCourse\Final Project\.venv\Lib\site-packages\sklearn\utils\validation.py:2691: UserWarning: X does not have valid feature names, but LGBMRegressor was fitted with feature names
  warnings.warn(
C:\Users\NQTa\Documents\MLCourse\Final Project\.venv\Lib\site-packages\sklearn\utils\validation.py:2691: UserWarning: X does not have valid feature names, but LGBMRegressor was fitted with feature names
  warnings.warn(
C:\Users\NQTa\Documents\MLCourse\Final Project\.venv\Lib\site-packages\sklearn\utils\validation.py:2691: UserWarning: X does not have valid feature names, but LGBMRegressor was fitted with feature names
  warnings.warn(
C:\Users\NQTa\Documents\MLCourse\Final Project\.venv\Lib\site-packages\sklearn\utils\validation.py:2691: UserWarning: X does not have valid feature names, but LGBMRegressor was fitted with feature names
  warnings.warn(
C:\Users\NQTa\Documents\MLCourse\Final Project\.venv\Lib\site-packages\sklearn\neural_network\_multilayer_perceptron.py:785: ConvergenceWarning: Stochastic Optimizer: Maximum iterations (500) reached and the optimization hasn't converged yet.
  warnings.warn(
C:\Users\NQTa\Documents\MLCourse\Final Project\.venv\Lib\site-packages\sklearn\utils\validation.py:2691: UserWarning: X does not have valid feature names, but LGBMRegressor was fitted with feature names
  warnings.warn(
C:\Users\NQTa\Documents\MLCourse\Final Project\.venv\Lib\site-packages\sklearn\utils\validation.py:2691: UserWarning: X does not have valid feature names, but LGBMRegressor was fitted with feature names
  warnings.warn(
C:\Users\NQTa\Documents\MLCourse\Final Project\.venv\Lib\site-packages\sklearn\utils\validation.py:2691: UserWarning: X does not have valid feature names, but LGBMRegressor was fitted with feature names
  warnings.warn(
C:\Users\NQTa\Documents\MLCourse\Final Project\.venv\Lib\site-packages\sklearn\utils\validation.py:2691: UserWarning: X does not have valid feature names, but LGBMRegressor was fitted with feature names
  warnings.warn(
C:\Users\NQTa\Documents\MLCourse\Final Project\.venv\Lib\site-packages\sklearn\utils\validation.py:2691: UserWarning: X does not have valid feature names, but LGBMRegressor was fitted with feature names
  warnings.warn(
C:\Users\NQTa\Documents\MLCourse\Final Project\.venv\Lib\site-packages\sklearn\utils\validation.py:2691: UserWarning: X does not have valid feature names, but LGBMRegressor was fitted with feature names
  warnings.warn(
C:\Users\NQTa\Documents\MLCourse\Final Project\.venv\Lib\site-packages\sklearn\utils\validation.py:2691: UserWarning: X does not have valid feature names, but LGBMRegressor was fitted with feature names
  warnings.warn(
C:\Users\NQTa\Documents\MLCourse\Final Project\.venv\Lib\site-packages\sklearn\utils\validation.py:2691: UserWarning: X does not have valid feature names, but LGBMRegressor was fitted with feature names
  warnings.warn(
C:\Users\NQTa\Documents\MLCourse\Final Project\.venv\Lib\site-packages\sklearn\utils\validation.py:2691: UserWarning: X does not have valid feature names, but LGBMRegressor was fitted with feature names
  warnings.warn(
C:\Users\NQTa\Documents\MLCourse\Final Project\.venv\Lib\site-packages\sklearn\utils\validation.py:2691: UserWarning: X does not have valid feature names, but LGBMRegressor was fitted with feature names
  warnings.warn(
C:\Users\NQTa\Documents\MLCourse\Final Project\.venv\Lib\site-packages\sklearn\utils\validation.py:2691: UserWarning: X does not have valid feature names, but LGBMRegressor was fitted with feature names
  warnings.warn(
C:\Users\NQTa\Documents\MLCourse\Final Project\.venv\Lib\site-packages\sklearn\utils\validation.py:2691: UserWarning: X does not have valid feature names, but LGBMRegressor was fitted with feature names
  warnings.warn(
C:\Users\NQTa\Documents\MLCourse\Final Project\.venv\Lib\site-packages\sklearn\utils\validation.py:2691: UserWarning: X does not have valid feature names, but LGBMRegressor was fitted with feature names
  warnings.warn(
C:\Users\NQTa\Documents\MLCourse\Final Project\.venv\Lib\site-packages\sklearn\utils\validation.py:2691: UserWarning: X does not have valid feature names, but LGBMRegressor was fitted with feature names
  warnings.warn(
C:\Users\NQTa\Documents\MLCourse\Final Project\.venv\Lib\site-packages\sklearn\utils\validation.py:2691: UserWarning: X does not have valid feature names, but LGBMRegressor was fitted with feature names
  warnings.warn(
C:\Users\NQTa\Documents\MLCourse\Final Project\.venv\Lib\site-packages\sklearn\utils\validation.py:2691: UserWarning: X does not have valid feature names, but LGBMRegressor was fitted with feature names
  warnings.warn(
C:\Users\NQTa\Documents\MLCourse\Final Project\.venv\Lib\site-packages\sklearn\utils\validation.py:2691: UserWarning: X does not have valid feature names, but LGBMRegressor was fitted with feature names
  warnings.warn(
C:\Users\NQTa\Documents\MLCourse\Final Project\.venv\Lib\site-packages\sklearn\utils\validation.py:2691: UserWarning: X does not have valid feature names, but LGBMRegressor was fitted with feature names
  warnings.warn(
C:\Users\NQTa\Documents\MLCourse\Final Project\.venv\Lib\site-packages\sklearn\utils\validation.py:2691: UserWarning: X does not have valid feature names, but LGBMRegressor was fitted with feature names
  warnings.warn(
C:\Users\NQTa\Documents\MLCourse\Final Project\.venv\Lib\site-packages\sklearn\utils\validation.py:2691: UserWarning: X does not have valid feature names, but LGBMRegressor was fitted with feature names
  warnings.warn(
C:\Users\NQTa\Documents\MLCourse\Final Project\.venv\Lib\site-packages\sklearn\neural_network\_multilayer_perceptron.py:785: ConvergenceWarning: Stochastic Optimizer: Maximum iterations (500) reached and the optimization hasn't converged yet.
  warnings.warn(
C:\Users\NQTa\Documents\MLCourse\Final Project\.venv\Lib\site-packages\sklearn\neural_network\_multilayer_perceptron.py:785: ConvergenceWarning: Stochastic Optimizer: Maximum iterations (500) reached and the optimization hasn't converged yet.
  warnings.warn(
C:\Users\NQTa\Documents\MLCourse\Final Project\.venv\Lib\site-packages\sklearn\neural_network\_multilayer_perceptron.py:785: ConvergenceWarning: Stochastic Optimizer: Maximum iterations (500) reached and the optimization hasn't converged yet.
  warnings.warn(
C:\Users\NQTa\Documents\MLCourse\Final Project\.venv\Lib\site-packages\sklearn\neural_network\_multilayer_perceptron.py:785: ConvergenceWarning: Stochastic Optimizer: Maximum iterations (500) reached and the optimization hasn't converged yet.
  warnings.warn(
C:\Users\NQTa\Documents\MLCourse\Final Project\.venv\Lib\site-packages\sklearn\neural_network\_multilayer_perceptron.py:785: ConvergenceWarning: Stochastic Optimizer: Maximum iterations (500) reached and the optimization hasn't converged yet.
  warnings.warn(
C:\Users\NQTa\Documents\MLCourse\Final Project\.venv\Lib\site-packages\sklearn\neural_network\_multilayer_perceptron.py:785: ConvergenceWarning: Stochastic Optimizer: Maximum iterations (500) reached and the optimization hasn't converged yet.
  warnings.warn(
C:\Users\NQTa\Documents\MLCourse\Final Project\.venv\Lib\site-packages\sklearn\neural_network\_multilayer_perceptron.py:785: ConvergenceWarning: Stochastic Optimizer: Maximum iterations (500) reached and the optimization hasn't converged yet.
  warnings.warn(
C:\Users\NQTa\Documents\MLCourse\Final Project\.venv\Lib\site-packages\sklearn\neural_network\_multilayer_perceptron.py:785: ConvergenceWarning: Stochastic Optimizer: Maximum iterations (500) reached and the optimization hasn't converged yet.
  warnings.warn(
C:\Users\NQTa\Documents\MLCourse\Final Project\.venv\Lib\site-packages\sklearn\neural_network\_multilayer_perceptron.py:785: ConvergenceWarning: Stochastic Optimizer: Maximum iterations (500) reached and the optimization hasn't converged yet.
  warnings.warn(
C:\Users\NQTa\Documents\MLCourse\Final Project\.venv\Lib\site-packages\sklearn\utils\validation.py:2691: UserWarning: X does not have valid feature names, but LGBMRegressor was fitted with feature names
  warnings.warn(
C:\Users\NQTa\Documents\MLCourse\Final Project\.venv\Lib\site-packages\sklearn\utils\validation.py:2691: UserWarning: X does not have valid feature names, but LGBMRegressor was fitted with feature names
  warnings.warn(
C:\Users\NQTa\Documents\MLCourse\Final Project\.venv\Lib\site-packages\sklearn\utils\validation.py:2691: UserWarning: X does not have valid feature names, but LGBMRegressor was fitted with feature names
  warnings.warn(
C:\Users\NQTa\Documents\MLCourse\Final Project\.venv\Lib\site-packages\sklearn\utils\validation.py:2691: UserWarning: X does not have valid feature names, but LGBMRegressor was fitted with feature names
  warnings.warn(
C:\Users\NQTa\Documents\MLCourse\Final Project\.venv\Lib\site-packages\sklearn\utils\validation.py:2691: UserWarning: X does not have valid feature names, but LGBMRegressor was fitted with feature names
  warnings.warn(
C:\Users\NQTa\Documents\MLCourse\Final Project\.venv\Lib\site-packages\sklearn\utils\validation.py:2691: UserWarning: X does not have valid feature names, but LGBMRegressor was fitted with feature names
  warnings.warn(
C:\Users\NQTa\Documents\MLCourse\Final Project\.venv\Lib\site-packages\sklearn\utils\validation.py:2691: UserWarning: X does not have valid feature names, but LGBMRegressor was fitted with feature names
  warnings.warn(
C:\Users\NQTa\Documents\MLCourse\Final Project\.venv\Lib\site-packages\sklearn\utils\validation.py:2691: UserWarning: X does not have valid feature names, but LGBMRegressor was fitted with feature names
  warnings.warn(
C:\Users\NQTa\Documents\MLCourse\Final Project\.venv\Lib\site-packages\sklearn\utils\validation.py:2691: UserWarning: X does not have valid feature names, but LGBMRegressor was fitted with feature names
  warnings.warn(
C:\Users\NQTa\Documents\MLCourse\Final Project\.venv\Lib\site-packages\sklearn\utils\validation.py:2691: UserWarning: X does not have valid feature names, but LGBMRegressor was fitted with feature names
  warnings.warn(
C:\Users\NQTa\Documents\MLCourse\Final Project\.venv\Lib\site-packages\sklearn\utils\validation.py:2691: UserWarning: X does not have valid feature names, but LGBMRegressor was fitted with feature names
  warnings.warn(
C:\Users\NQTa\Documents\MLCourse\Final Project\.venv\Lib\site-packages\sklearn\utils\validation.py:2691: UserWarning: X does not have valid feature names, but LGBMRegressor was fitted with feature names
  warnings.warn(
C:\Users\NQTa\Documents\MLCourse\Final Project\.venv\Lib\site-packages\sklearn\utils\validation.py:2691: UserWarning: X does not have valid feature names, but LGBMRegressor was fitted with feature names
  warnings.warn(
C:\Users\NQTa\Documents\MLCourse\Final Project\.venv\Lib\site-packages\sklearn\utils\validation.py:2691: UserWarning: X does not have valid feature names, but LGBMRegressor was fitted with feature names
  warnings.warn(
C:\Users\NQTa\Documents\MLCourse\Final Project\.venv\Lib\site-packages\sklearn\utils\validation.py:2691: UserWarning: X does not have valid feature names, but LGBMRegressor was fitted with feature names
  warnings.warn(
C:\Users\NQTa\Documents\MLCourse\Final Project\.venv\Lib\site-packages\sklearn\utils\validation.py:2691: UserWarning: X does not have valid feature names, but LGBMRegressor was fitted with feature names
  warnings.warn(
C:\Users\NQTa\Documents\MLCourse\Final Project\.venv\Lib\site-packages\sklearn\utils\validation.py:2691: UserWarning: X does not have valid feature names, but LGBMRegressor was fitted with feature names
  warnings.warn(
C:\Users\NQTa\Documents\MLCourse\Final Project\.venv\Lib\site-packages\sklearn\utils\validation.py:2691: UserWarning: X does not have valid feature names, but LGBMRegressor was fitted with feature names
  warnings.warn(
C:\Users\NQTa\Documents\MLCourse\Final Project\.venv\Lib\site-packages\sklearn\utils\validation.py:2691: UserWarning: X does not have valid feature names, but LGBMRegressor was fitted with feature names
  warnings.warn(
C:\Users\NQTa\Documents\MLCourse\Final Project\.venv\Lib\site-packages\sklearn\utils\validation.py:2691: UserWarning: X does not have valid feature names, but LGBMRegressor was fitted with feature names
  warnings.warn(
Loaded 0 already-completed cells from CSV.
Total plan: 1920 cells.
[   5/1920] opx_liq/T_C/raw/RF/seed=46 RMSE=91.665 (6.2s) ETA 3.26h
[  10/1920] opx_liq/T_C/raw/RF/seed=51 RMSE=91.878 (7.0s) ETA 3.40h
[  15/1920] opx_liq/T_C/raw/RF/seed=56 RMSE=91.086 (6.0s) ETA 3.42h
[  20/1920] opx_liq/T_C/raw/RF/seed=61 RMSE=92.782 (6.2s) ETA 3.36h
[  25/1920] opx_liq/T_C/raw/ERT/seed=46 RMSE=92.751 (3.8s) ETA 3.03h
[  30/1920] opx_liq/T_C/raw/ERT/seed=51 RMSE=92.708 (3.2s) ETA 2.79h
[  35/1920] opx_liq/T_C/raw/ERT/seed=56 RMSE=92.697 (4.2s) ETA 2.64h
[  40/1920] opx_liq/T_C/raw/ERT/seed=61 RMSE=93.352 (3.2s) ETA 2.53h
[  45/1920] opx_liq/T_C/raw/XGB/seed=46 RMSE=89.980 (1.4s) ETA 2.32h
[  50/1920] opx_liq/T_C/raw/XGB/seed=51 RMSE=89.735 (1.5s) ETA 2.16h
[  55/1920] opx_liq/T_C/raw/XGB/seed=56 RMSE=89.126 (1.7s) ETA 2.03h
[  60/1920] opx_liq/T_C/raw/XGB/seed=61 RMSE=91.424 (1.4s) ETA 1.92h
[  65/1920] opx_liq/T_C/raw/GB/seed=46 RMSE=89.779 (1.0s) ETA 1.82h
[  70/1920] opx_liq/T_C/raw/GB/seed=51 RMSE=89.706 (1.2s) ETA 1.73h
[  75/1920] opx_liq/T_C/raw/GB/seed=56 RMSE=89.582 (1.3s) ETA 1.65h
[  80/1920] opx_liq/T_C/raw/GB/seed=61 RMSE=91.718 (1.0s) ETA 1.57h
[  85/1920] opx_liq/T_C/raw/CatBoost/seed=46 RMSE=88.981 (1.1s) ETA 1.51h
[  90/1920] opx_liq/T_C/raw/CatBoost/seed=51 RMSE=89.512 (1.2s) ETA 1.46h
[  95/1920] opx_liq/T_C/raw/CatBoost/seed=56 RMSE=90.724 (1.1s) ETA 1.41h
[ 100/1920] opx_liq/T_C/raw/CatBoost/seed=61 RMSE=89.576 (1.0s) ETA 1.36h
[ 105/1920] opx_liq/T_C/raw/LightGBM/seed=46 RMSE=91.233 (0.5s) ETA 1.30h
[ 110/1920] opx_liq/T_C/raw/LightGBM/seed=51 RMSE=90.825 (0.7s) ETA 1.26h
[ 115/1920] opx_liq/T_C/raw/LightGBM/seed=56 RMSE=91.147 (0.9s) ETA 1.22h
[ 120/1920] opx_liq/T_C/raw/LightGBM/seed=61 RMSE=93.794 (0.7s) ETA 1.18h
[ 125/1920] opx_liq/T_C/raw/ElasticNet/seed=46 RMSE=77.085 (0.0s) ETA 1.13h
[ 130/1920] opx_liq/T_C/raw/ElasticNet/seed=51 RMSE=77.096 (0.0s) ETA 1.09h
[ 135/1920] opx_liq/T_C/raw/ElasticNet/seed=56 RMSE=77.213 (0.0s) ETA 1.04h
[ 140/1920] opx_liq/T_C/raw/ElasticNet/seed=61 RMSE=77.209 (0.0s) ETA 1.00h
[ 145/1920] opx_liq/T_C/raw/MLP/seed=46 RMSE=101.443 (4.7s) ETA 1.05h
[ 150/1920] opx_liq/T_C/raw/MLP/seed=51 RMSE=105.180 (3.7s) ETA 1.10h
[ 155/1920] opx_liq/T_C/raw/MLP/seed=56 RMSE=103.232 (3.5s) ETA 1.13h
[ 160/1920] opx_liq/T_C/raw/MLP/seed=61 RMSE=106.224 (4.9s) ETA 1.21h
[ 165/1920] opx_liq/T_C/alr/RF/seed=46 RMSE=162.427 (6.0s) ETA 1.26h
[ 170/1920] opx_liq/T_C/alr/RF/seed=51 RMSE=157.977 (6.0s) ETA 1.31h
[ 175/1920] opx_liq/T_C/alr/RF/seed=56 RMSE=157.369 (6.3s) ETA 1.35h
[ 180/1920] opx_liq/T_C/alr/RF/seed=61 RMSE=161.159 (6.9s) ETA 1.40h
[ 185/1920] opx_liq/T_C/alr/ERT/seed=46 RMSE=156.190 (1.0s) ETA 1.37h
[ 190/1920] opx_liq/T_C/alr/ERT/seed=51 RMSE=157.883 (1.1s) ETA 1.34h
[ 195/1920] opx_liq/T_C/alr/ERT/seed=56 RMSE=157.032 (0.9s) ETA 1.31h
[ 200/1920] opx_liq/T_C/alr/ERT/seed=61 RMSE=155.081 (0.8s) ETA 1.29h
[ 205/1920] opx_liq/T_C/alr/XGB/seed=46 RMSE=160.746 (1.9s) ETA 1.27h
[ 210/1920] opx_liq/T_C/alr/XGB/seed=51 RMSE=156.512 (2.0s) ETA 1.26h
[ 215/1920] opx_liq/T_C/alr/XGB/seed=56 RMSE=160.060 (2.0s) ETA 1.25h
[ 220/1920] opx_liq/T_C/alr/XGB/seed=61 RMSE=160.106 (7.2s) ETA 1.35h
[ 225/1920] opx_liq/T_C/alr/GB/seed=46 RMSE=154.319 (4.6s) ETA 1.35h
[ 230/1920] opx_liq/T_C/alr/GB/seed=51 RMSE=153.203 (5.1s) ETA 1.36h
[ 235/1920] opx_liq/T_C/alr/GB/seed=56 RMSE=150.257 (3.9s) ETA 1.37h
[ 240/1920] opx_liq/T_C/alr/GB/seed=61 RMSE=152.600 (3.0s) ETA 1.38h
[ 245/1920] opx_liq/T_C/alr/CatBoost/seed=46 RMSE=139.171 (1.9s) ETA 1.37h
[ 250/1920] opx_liq/T_C/alr/CatBoost/seed=51 RMSE=140.905 (1.9s) ETA 1.35h
[ 255/1920] opx_liq/T_C/alr/CatBoost/seed=56 RMSE=138.568 (2.0s) ETA 1.34h
[ 260/1920] opx_liq/T_C/alr/CatBoost/seed=61 RMSE=141.249 (2.0s) ETA 1.33h
[ 265/1920] opx_liq/T_C/alr/LightGBM/seed=46 RMSE=160.134 (0.8s) ETA 1.31h
[ 270/1920] opx_liq/T_C/alr/LightGBM/seed=51 RMSE=153.916 (1.0s) ETA 1.29h
[ 275/1920] opx_liq/T_C/alr/LightGBM/seed=56 RMSE=156.001 (0.8s) ETA 1.27h
[ 280/1920] opx_liq/T_C/alr/LightGBM/seed=61 RMSE=151.474 (0.8s) ETA 1.25h
[ 285/1920] opx_liq/T_C/alr/ElasticNet/seed=46 RMSE=93.120 (0.1s) ETA 1.22h
[ 290/1920] opx_liq/T_C/alr/ElasticNet/seed=51 RMSE=93.084 (0.1s) ETA 1.20h
[ 295/1920] opx_liq/T_C/alr/ElasticNet/seed=56 RMSE=93.076 (0.1s) ETA 1.18h
[ 300/1920] opx_liq/T_C/alr/ElasticNet/seed=61 RMSE=92.932 (0.1s) ETA 1.15h
[ 305/1920] opx_liq/T_C/alr/MLP/seed=46 RMSE=147.364 (32.2s) ETA 1.34h
[ 310/1920] opx_liq/T_C/alr/MLP/seed=51 RMSE=94.511 (32.2s) ETA 1.50h
[ 315/1920] opx_liq/T_C/alr/MLP/seed=56 RMSE=119.842 (23.0s) ETA 1.67h
[ 320/1920] opx_liq/T_C/alr/MLP/seed=61 RMSE=141.631 (29.9s) ETA 1.85h
[ 325/1920] opx_liq/T_C/pwlr/RF/seed=46 RMSE=91.725 (19.7s) ETA 1.96h
[ 330/1920] opx_liq/T_C/pwlr/RF/seed=51 RMSE=91.533 (20.2s) ETA 2.05h
[ 335/1920] opx_liq/T_C/pwlr/RF/seed=56 RMSE=91.784 (19.5s) ETA 2.15h
[ 340/1920] opx_liq/T_C/pwlr/RF/seed=61 RMSE=91.810 (19.7s) ETA 2.24h
[ 345/1920] opx_liq/T_C/pwlr/ERT/seed=46 RMSE=90.104 (2.6s) ETA 2.21h
[ 350/1920] opx_liq/T_C/pwlr/ERT/seed=51 RMSE=87.175 (2.5s) ETA 2.19h
[ 355/1920] opx_liq/T_C/pwlr/ERT/seed=56 RMSE=88.105 (2.6s) ETA 2.17h
[ 360/1920] opx_liq/T_C/pwlr/ERT/seed=61 RMSE=89.033 (2.5s) ETA 2.15h
[ 365/1920] opx_liq/T_C/pwlr/XGB/seed=46 RMSE=91.730 (0.5s) ETA 2.12h
[ 370/1920] opx_liq/T_C/pwlr/XGB/seed=51 RMSE=91.947 (0.6s) ETA 2.08h
[ 375/1920] opx_liq/T_C/pwlr/XGB/seed=56 RMSE=93.255 (0.6s) ETA 2.05h
[ 380/1920] opx_liq/T_C/pwlr/XGB/seed=61 RMSE=92.693 (0.5s) ETA 2.02h
[ 385/1920] opx_liq/T_C/pwlr/GB/seed=46 RMSE=95.272 (2.4s) ETA 2.00h
[ 390/1920] opx_liq/T_C/pwlr/GB/seed=51 RMSE=94.149 (2.5s) ETA 1.98h
[ 395/1920] opx_liq/T_C/pwlr/GB/seed=56 RMSE=94.410 (2.5s) ETA 1.97h
[ 400/1920] opx_liq/T_C/pwlr/GB/seed=61 RMSE=94.977 (2.8s) ETA 1.95h
[ 405/1920] opx_liq/T_C/pwlr/CatBoost/seed=46 RMSE=91.318 (4.8s) ETA 1.94h
[ 410/1920] opx_liq/T_C/pwlr/CatBoost/seed=51 RMSE=90.270 (4.6s) ETA 1.94h
[ 415/1920] opx_liq/T_C/pwlr/CatBoost/seed=56 RMSE=90.690 (4.5s) ETA 1.93h
[ 420/1920] opx_liq/T_C/pwlr/CatBoost/seed=61 RMSE=92.675 (4.6s) ETA 1.92h
[ 425/1920] opx_liq/T_C/pwlr/LightGBM/seed=46 RMSE=93.050 (3.2s) ETA 1.91h
[ 430/1920] opx_liq/T_C/pwlr/LightGBM/seed=51 RMSE=93.127 (3.5s) ETA 1.90h
[ 435/1920] opx_liq/T_C/pwlr/LightGBM/seed=56 RMSE=95.311 (3.2s) ETA 1.88h
[ 440/1920] opx_liq/T_C/pwlr/LightGBM/seed=61 RMSE=92.572 (3.5s) ETA 1.87h
[ 445/1920] opx_liq/T_C/pwlr/ElasticNet/seed=46 RMSE=81.942 (0.9s) ETA 1.85h
[ 450/1920] opx_liq/T_C/pwlr/ElasticNet/seed=51 RMSE=81.179 (1.0s) ETA 1.83h
[ 455/1920] opx_liq/T_C/pwlr/ElasticNet/seed=56 RMSE=81.300 (0.9s) ETA 1.80h
[ 460/1920] opx_liq/T_C/pwlr/ElasticNet/seed=61 RMSE=81.236 (1.1s) ETA 1.78h
[ 465/1920] opx_liq/T_C/pwlr/MLP/seed=46 RMSE=140.823 (42.3s) ETA 1.93h
[ 470/1920] opx_liq/T_C/pwlr/MLP/seed=51 RMSE=162.535 (41.5s) ETA 2.05h
[ 475/1920] opx_liq/T_C/pwlr/MLP/seed=56 RMSE=167.442 (34.2s) ETA 2.19h
[ 480/1920] opx_liq/T_C/pwlr/MLP/seed=61 RMSE=165.543 (39.4s) ETA 2.30h
[ 485/1920] opx_liq/P_kbar/raw/RF/seed=46 RMSE=5.662 (7.7s) ETA 2.30h
[ 490/1920] opx_liq/P_kbar/raw/RF/seed=51 RMSE=5.704 (8.0s) ETA 2.30h
[ 495/1920] opx_liq/P_kbar/raw/RF/seed=56 RMSE=5.661 (7.6s) ETA 2.30h
[ 500/1920] opx_liq/P_kbar/raw/RF/seed=61 RMSE=5.781 (7.9s) ETA 2.30h
[ 505/1920] opx_liq/P_kbar/raw/ERT/seed=46 RMSE=6.113 (3.0s) ETA 2.28h
[ 510/1920] opx_liq/P_kbar/raw/ERT/seed=51 RMSE=5.996 (3.1s) ETA 2.26h
[ 515/1920] opx_liq/P_kbar/raw/ERT/seed=56 RMSE=6.161 (2.8s) ETA 2.24h
[ 520/1920] opx_liq/P_kbar/raw/ERT/seed=61 RMSE=5.981 (3.2s) ETA 2.23h
[ 525/1920] opx_liq/P_kbar/raw/XGB/seed=46 RMSE=4.730 (1.0s) ETA 2.20h
[ 530/1920] opx_liq/P_kbar/raw/XGB/seed=51 RMSE=4.629 (1.0s) ETA 2.18h
[ 535/1920] opx_liq/P_kbar/raw/XGB/seed=56 RMSE=4.857 (1.1s) ETA 2.15h
[ 540/1920] opx_liq/P_kbar/raw/XGB/seed=61 RMSE=4.742 (0.9s) ETA 2.13h
[ 545/1920] opx_liq/P_kbar/raw/GB/seed=46 RMSE=4.946 (0.5s) ETA 2.10h
[ 550/1920] opx_liq/P_kbar/raw/GB/seed=51 RMSE=4.948 (0.5s) ETA 2.08h
[ 555/1920] opx_liq/P_kbar/raw/GB/seed=56 RMSE=5.108 (0.5s) ETA 2.05h
[ 560/1920] opx_liq/P_kbar/raw/GB/seed=61 RMSE=5.008 (0.5s) ETA 2.03h
C:\Users\NQTa\Documents\MLCourse\Final Project\.venv\Lib\site-packages\sklearn\utils\validation.py:2691: UserWarning: X does not have valid feature names, but LGBMRegressor was fitted with feature names
  warnings.warn(
C:\Users\NQTa\Documents\MLCourse\Final Project\.venv\Lib\site-packages\sklearn\utils\validation.py:2691: UserWarning: X does not have valid feature names, but LGBMRegressor was fitted with feature names
  warnings.warn(
C:\Users\NQTa\Documents\MLCourse\Final Project\.venv\Lib\site-packages\sklearn\utils\validation.py:2691: UserWarning: X does not have valid feature names, but LGBMRegressor was fitted with feature names
  warnings.warn(
C:\Users\NQTa\Documents\MLCourse\Final Project\.venv\Lib\site-packages\sklearn\utils\validation.py:2691: UserWarning: X does not have valid feature names, but LGBMRegressor was fitted with feature names
  warnings.warn(
C:\Users\NQTa\Documents\MLCourse\Final Project\.venv\Lib\site-packages\sklearn\utils\validation.py:2691: UserWarning: X does not have valid feature names, but LGBMRegressor was fitted with feature names
  warnings.warn(
C:\Users\NQTa\Documents\MLCourse\Final Project\.venv\Lib\site-packages\sklearn\utils\validation.py:2691: UserWarning: X does not have valid feature names, but LGBMRegressor was fitted with feature names
  warnings.warn(
C:\Users\NQTa\Documents\MLCourse\Final Project\.venv\Lib\site-packages\sklearn\utils\validation.py:2691: UserWarning: X does not have valid feature names, but LGBMRegressor was fitted with feature names
  warnings.warn(
C:\Users\NQTa\Documents\MLCourse\Final Project\.venv\Lib\site-packages\sklearn\utils\validation.py:2691: UserWarning: X does not have valid feature names, but LGBMRegressor was fitted with feature names
  warnings.warn(
C:\Users\NQTa\Documents\MLCourse\Final Project\.venv\Lib\site-packages\sklearn\utils\validation.py:2691: UserWarning: X does not have valid feature names, but LGBMRegressor was fitted with feature names
  warnings.warn(
C:\Users\NQTa\Documents\MLCourse\Final Project\.venv\Lib\site-packages\sklearn\utils\validation.py:2691: UserWarning: X does not have valid feature names, but LGBMRegressor was fitted with feature names
  warnings.warn(
C:\Users\NQTa\Documents\MLCourse\Final Project\.venv\Lib\site-packages\sklearn\utils\validation.py:2691: UserWarning: X does not have valid feature names, but LGBMRegressor was fitted with feature names
  warnings.warn(
C:\Users\NQTa\Documents\MLCourse\Final Project\.venv\Lib\site-packages\sklearn\utils\validation.py:2691: UserWarning: X does not have valid feature names, but LGBMRegressor was fitted with feature names
  warnings.warn(
C:\Users\NQTa\Documents\MLCourse\Final Project\.venv\Lib\site-packages\sklearn\utils\validation.py:2691: UserWarning: X does not have valid feature names, but LGBMRegressor was fitted with feature names
  warnings.warn(
C:\Users\NQTa\Documents\MLCourse\Final Project\.venv\Lib\site-packages\sklearn\utils\validation.py:2691: UserWarning: X does not have valid feature names, but LGBMRegressor was fitted with feature names
  warnings.warn(
C:\Users\NQTa\Documents\MLCourse\Final Project\.venv\Lib\site-packages\sklearn\utils\validation.py:2691: UserWarning: X does not have valid feature names, but LGBMRegressor was fitted with feature names
  warnings.warn(
C:\Users\NQTa\Documents\MLCourse\Final Project\.venv\Lib\site-packages\sklearn\utils\validation.py:2691: UserWarning: X does not have valid feature names, but LGBMRegressor was fitted with feature names
  warnings.warn(
C:\Users\NQTa\Documents\MLCourse\Final Project\.venv\Lib\site-packages\sklearn\utils\validation.py:2691: UserWarning: X does not have valid feature names, but LGBMRegressor was fitted with feature names
  warnings.warn(
C:\Users\NQTa\Documents\MLCourse\Final Project\.venv\Lib\site-packages\sklearn\utils\validation.py:2691: UserWarning: X does not have valid feature names, but LGBMRegressor was fitted with feature names
  warnings.warn(
C:\Users\NQTa\Documents\MLCourse\Final Project\.venv\Lib\site-packages\sklearn\utils\validation.py:2691: UserWarning: X does not have valid feature names, but LGBMRegressor was fitted with feature names
  warnings.warn(
C:\Users\NQTa\Documents\MLCourse\Final Project\.venv\Lib\site-packages\sklearn\utils\validation.py:2691: UserWarning: X does not have valid feature names, but LGBMRegressor was fitted with feature names
  warnings.warn(
C:\Users\NQTa\Documents\MLCourse\Final Project\.venv\Lib\site-packages\sklearn\utils\validation.py:2691: UserWarning: X does not have valid feature names, but LGBMRegressor was fitted with feature names
  warnings.warn(
C:\Users\NQTa\Documents\MLCourse\Final Project\.venv\Lib\site-packages\sklearn\utils\validation.py:2691: UserWarning: X does not have valid feature names, but LGBMRegressor was fitted with feature names
  warnings.warn(
C:\Users\NQTa\Documents\MLCourse\Final Project\.venv\Lib\site-packages\sklearn\utils\validation.py:2691: UserWarning: X does not have valid feature names, but LGBMRegressor was fitted with feature names
  warnings.warn(
C:\Users\NQTa\Documents\MLCourse\Final Project\.venv\Lib\site-packages\sklearn\utils\validation.py:2691: UserWarning: X does not have valid feature names, but LGBMRegressor was fitted with feature names
  warnings.warn(
C:\Users\NQTa\Documents\MLCourse\Final Project\.venv\Lib\site-packages\sklearn\utils\validation.py:2691: UserWarning: X does not have valid feature names, but LGBMRegressor was fitted with feature names
  warnings.warn(
C:\Users\NQTa\Documents\MLCourse\Final Project\.venv\Lib\site-packages\sklearn\utils\validation.py:2691: UserWarning: X does not have valid feature names, but LGBMRegressor was fitted with feature names
  warnings.warn(
C:\Users\NQTa\Documents\MLCourse\Final Project\.venv\Lib\site-packages\sklearn\utils\validation.py:2691: UserWarning: X does not have valid feature names, but LGBMRegressor was fitted with feature names
  warnings.warn(
C:\Users\NQTa\Documents\MLCourse\Final Project\.venv\Lib\site-packages\sklearn\utils\validation.py:2691: UserWarning: X does not have valid feature names, but LGBMRegressor was fitted with feature names
  warnings.warn(
C:\Users\NQTa\Documents\MLCourse\Final Project\.venv\Lib\site-packages\sklearn\utils\validation.py:2691: UserWarning: X does not have valid feature names, but LGBMRegressor was fitted with feature names
  warnings.warn(
C:\Users\NQTa\Documents\MLCourse\Final Project\.venv\Lib\site-packages\sklearn\utils\validation.py:2691: UserWarning: X does not have valid feature names, but LGBMRegressor was fitted with feature names
  warnings.warn(
C:\Users\NQTa\Documents\MLCourse\Final Project\.venv\Lib\site-packages\sklearn\utils\validation.py:2691: UserWarning: X does not have valid feature names, but LGBMRegressor was fitted with feature names
  warnings.warn(
C:\Users\NQTa\Documents\MLCourse\Final Project\.venv\Lib\site-packages\sklearn\utils\validation.py:2691: UserWarning: X does not have valid feature names, but LGBMRegressor was fitted with feature names
  warnings.warn(
C:\Users\NQTa\Documents\MLCourse\Final Project\.venv\Lib\site-packages\sklearn\utils\validation.py:2691: UserWarning: X does not have valid feature names, but LGBMRegressor was fitted with feature names
  warnings.warn(
C:\Users\NQTa\Documents\MLCourse\Final Project\.venv\Lib\site-packages\sklearn\utils\validation.py:2691: UserWarning: X does not have valid feature names, but LGBMRegressor was fitted with feature names
  warnings.warn(
C:\Users\NQTa\Documents\MLCourse\Final Project\.venv\Lib\site-packages\sklearn\utils\validation.py:2691: UserWarning: X does not have valid feature names, but LGBMRegressor was fitted with feature names
  warnings.warn(
C:\Users\NQTa\Documents\MLCourse\Final Project\.venv\Lib\site-packages\sklearn\utils\validation.py:2691: UserWarning: X does not have valid feature names, but LGBMRegressor was fitted with feature names
  warnings.warn(
C:\Users\NQTa\Documents\MLCourse\Final Project\.venv\Lib\site-packages\sklearn\utils\validation.py:2691: UserWarning: X does not have valid feature names, but LGBMRegressor was fitted with feature names
  warnings.warn(
C:\Users\NQTa\Documents\MLCourse\Final Project\.venv\Lib\site-packages\sklearn\utils\validation.py:2691: UserWarning: X does not have valid feature names, but LGBMRegressor was fitted with feature names
  warnings.warn(
C:\Users\NQTa\Documents\MLCourse\Final Project\.venv\Lib\site-packages\sklearn\utils\validation.py:2691: UserWarning: X does not have valid feature names, but LGBMRegressor was fitted with feature names
  warnings.warn(
C:\Users\NQTa\Documents\MLCourse\Final Project\.venv\Lib\site-packages\sklearn\utils\validation.py:2691: UserWarning: X does not have valid feature names, but LGBMRegressor was fitted with feature names
  warnings.warn(
C:\Users\NQTa\Documents\MLCourse\Final Project\.venv\Lib\site-packages\sklearn\neural_network\_multilayer_perceptron.py:785: ConvergenceWarning: Stochastic Optimizer: Maximum iterations (500) reached and the optimization hasn't converged yet.
  warnings.warn(
C:\Users\NQTa\Documents\MLCourse\Final Project\.venv\Lib\site-packages\sklearn\neural_network\_multilayer_perceptron.py:785: ConvergenceWarning: Stochastic Optimizer: Maximum iterations (500) reached and the optimization hasn't converged yet.
  warnings.warn(
C:\Users\NQTa\Documents\MLCourse\Final Project\.venv\Lib\site-packages\sklearn\neural_network\_multilayer_perceptron.py:785: ConvergenceWarning: Stochastic Optimizer: Maximum iterations (500) reached and the optimization hasn't converged yet.
  warnings.warn(
C:\Users\NQTa\Documents\MLCourse\Final Project\.venv\Lib\site-packages\sklearn\neural_network\_multilayer_perceptron.py:785: ConvergenceWarning: Stochastic Optimizer: Maximum iterations (500) reached and the optimization hasn't converged yet.
  warnings.warn(
C:\Users\NQTa\Documents\MLCourse\Final Project\.venv\Lib\site-packages\sklearn\neural_network\_multilayer_perceptron.py:785: ConvergenceWarning: Stochastic Optimizer: Maximum iterations (500) reached and the optimization hasn't converged yet.
  warnings.warn(
C:\Users\NQTa\Documents\MLCourse\Final Project\.venv\Lib\site-packages\sklearn\neural_network\_multilayer_perceptron.py:785: ConvergenceWarning: Stochastic Optimizer: Maximum iterations (500) reached and the optimization hasn't converged yet.
  warnings.warn(
C:\Users\NQTa\Documents\MLCourse\Final Project\.venv\Lib\site-packages\sklearn\neural_network\_multilayer_perceptron.py:785: ConvergenceWarning: Stochastic Optimizer: Maximum iterations (500) reached and the optimization hasn't converged yet.
  warnings.warn(
C:\Users\NQTa\Documents\MLCourse\Final Project\.venv\Lib\site-packages\sklearn\neural_network\_multilayer_perceptron.py:785: ConvergenceWarning: Stochastic Optimizer: Maximum iterations (500) reached and the optimization hasn't converged yet.
  warnings.warn(
C:\Users\NQTa\Documents\MLCourse\Final Project\.venv\Lib\site-packages\sklearn\neural_network\_multilayer_perceptron.py:785: ConvergenceWarning: Stochastic Optimizer: Maximum iterations (500) reached and the optimization hasn't converged yet.
  warnings.warn(
C:\Users\NQTa\Documents\MLCourse\Final Project\.venv\Lib\site-packages\sklearn\neural_network\_multilayer_perceptron.py:785: ConvergenceWarning: Stochastic Optimizer: Maximum iterations (500) reached and the optimization hasn't converged yet.
  warnings.warn(
C:\Users\NQTa\Documents\MLCourse\Final Project\.venv\Lib\site-packages\sklearn\neural_network\_multilayer_perceptron.py:785: ConvergenceWarning: Stochastic Optimizer: Maximum iterations (500) reached and the optimization hasn't converged yet.
  warnings.warn(
C:\Users\NQTa\Documents\MLCourse\Final Project\.venv\Lib\site-packages\sklearn\neural_network\_multilayer_perceptron.py:785: ConvergenceWarning: Stochastic Optimizer: Maximum iterations (500) reached and the optimization hasn't converged yet.
  warnings.warn(
C:\Users\NQTa\Documents\MLCourse\Final Project\.venv\Lib\site-packages\sklearn\neural_network\_multilayer_perceptron.py:785: ConvergenceWarning: Stochastic Optimizer: Maximum iterations (500) reached and the optimization hasn't converged yet.
  warnings.warn(
C:\Users\NQTa\Documents\MLCourse\Final Project\.venv\Lib\site-packages\sklearn\neural_network\_multilayer_perceptron.py:785: ConvergenceWarning: Stochastic Optimizer: Maximum iterations (500) reached and the optimization hasn't converged yet.
  warnings.warn(
C:\Users\NQTa\Documents\MLCourse\Final Project\.venv\Lib\site-packages\sklearn\utils\validation.py:2691: UserWarning: X does not have valid feature names, but LGBMRegressor was fitted with feature names
  warnings.warn(
C:\Users\NQTa\Documents\MLCourse\Final Project\.venv\Lib\site-packages\sklearn\utils\validation.py:2691: UserWarning: X does not have valid feature names, but LGBMRegressor was fitted with feature names
  warnings.warn(
C:\Users\NQTa\Documents\MLCourse\Final Project\.venv\Lib\site-packages\sklearn\utils\validation.py:2691: UserWarning: X does not have valid feature names, but LGBMRegressor was fitted with feature names
  warnings.warn(
C:\Users\NQTa\Documents\MLCourse\Final Project\.venv\Lib\site-packages\sklearn\utils\validation.py:2691: UserWarning: X does not have valid feature names, but LGBMRegressor was fitted with feature names
  warnings.warn(
C:\Users\NQTa\Documents\MLCourse\Final Project\.venv\Lib\site-packages\sklearn\utils\validation.py:2691: UserWarning: X does not have valid feature names, but LGBMRegressor was fitted with feature names
  warnings.warn(
C:\Users\NQTa\Documents\MLCourse\Final Project\.venv\Lib\site-packages\sklearn\utils\validation.py:2691: UserWarning: X does not have valid feature names, but LGBMRegressor was fitted with feature names
  warnings.warn(
C:\Users\NQTa\Documents\MLCourse\Final Project\.venv\Lib\site-packages\sklearn\utils\validation.py:2691: UserWarning: X does not have valid feature names, but LGBMRegressor was fitted with feature names
  warnings.warn(
C:\Users\NQTa\Documents\MLCourse\Final Project\.venv\Lib\site-packages\sklearn\utils\validation.py:2691: UserWarning: X does not have valid feature names, but LGBMRegressor was fitted with feature names
  warnings.warn(
C:\Users\NQTa\Documents\MLCourse\Final Project\.venv\Lib\site-packages\sklearn\utils\validation.py:2691: UserWarning: X does not have valid feature names, but LGBMRegressor was fitted with feature names
  warnings.warn(
C:\Users\NQTa\Documents\MLCourse\Final Project\.venv\Lib\site-packages\sklearn\utils\validation.py:2691: UserWarning: X does not have valid feature names, but LGBMRegressor was fitted with feature names
  warnings.warn(
C:\Users\NQTa\Documents\MLCourse\Final Project\.venv\Lib\site-packages\sklearn\utils\validation.py:2691: UserWarning: X does not have valid feature names, but LGBMRegressor was fitted with feature names
  warnings.warn(
C:\Users\NQTa\Documents\MLCourse\Final Project\.venv\Lib\site-packages\sklearn\utils\validation.py:2691: UserWarning: X does not have valid feature names, but LGBMRegressor was fitted with feature names
  warnings.warn(
C:\Users\NQTa\Documents\MLCourse\Final Project\.venv\Lib\site-packages\sklearn\utils\validation.py:2691: UserWarning: X does not have valid feature names, but LGBMRegressor was fitted with feature names
  warnings.warn(
C:\Users\NQTa\Documents\MLCourse\Final Project\.venv\Lib\site-packages\sklearn\utils\validation.py:2691: UserWarning: X does not have valid feature names, but LGBMRegressor was fitted with feature names
  warnings.warn(
C:\Users\NQTa\Documents\MLCourse\Final Project\.venv\Lib\site-packages\sklearn\utils\validation.py:2691: UserWarning: X does not have valid feature names, but LGBMRegressor was fitted with feature names
  warnings.warn(
C:\Users\NQTa\Documents\MLCourse\Final Project\.venv\Lib\site-packages\sklearn\utils\validation.py:2691: UserWarning: X does not have valid feature names, but LGBMRegressor was fitted with feature names
  warnings.warn(
C:\Users\NQTa\Documents\MLCourse\Final Project\.venv\Lib\site-packages\sklearn\utils\validation.py:2691: UserWarning: X does not have valid feature names, but LGBMRegressor was fitted with feature names
  warnings.warn(
C:\Users\NQTa\Documents\MLCourse\Final Project\.venv\Lib\site-packages\sklearn\utils\validation.py:2691: UserWarning: X does not have valid feature names, but LGBMRegressor was fitted with feature names
  warnings.warn(
C:\Users\NQTa\Documents\MLCourse\Final Project\.venv\Lib\site-packages\sklearn\utils\validation.py:2691: UserWarning: X does not have valid feature names, but LGBMRegressor was fitted with feature names
  warnings.warn(
C:\Users\NQTa\Documents\MLCourse\Final Project\.venv\Lib\site-packages\sklearn\utils\validation.py:2691: UserWarning: X does not have valid feature names, but LGBMRegressor was fitted with feature names
  warnings.warn(
C:\Users\NQTa\Documents\MLCourse\Final Project\.venv\Lib\site-packages\sklearn\utils\validation.py:2691: UserWarning: X does not have valid feature names, but LGBMRegressor was fitted with feature names
  warnings.warn(
C:\Users\NQTa\Documents\MLCourse\Final Project\.venv\Lib\site-packages\sklearn\utils\validation.py:2691: UserWarning: X does not have valid feature names, but LGBMRegressor was fitted with feature names
  warnings.warn(
C:\Users\NQTa\Documents\MLCourse\Final Project\.venv\Lib\site-packages\sklearn\utils\validation.py:2691: UserWarning: X does not have valid feature names, but LGBMRegressor was fitted with feature names
  warnings.warn(
C:\Users\NQTa\Documents\MLCourse\Final Project\.venv\Lib\site-packages\sklearn\utils\validation.py:2691: UserWarning: X does not have valid feature names, but LGBMRegressor was fitted with feature names
  warnings.warn(
C:\Users\NQTa\Documents\MLCourse\Final Project\.venv\Lib\site-packages\sklearn\utils\validation.py:2691: UserWarning: X does not have valid feature names, but LGBMRegressor was fitted with feature names
  warnings.warn(
C:\Users\NQTa\Documents\MLCourse\Final Project\.venv\Lib\site-packages\sklearn\utils\validation.py:2691: UserWarning: X does not have valid feature names, but LGBMRegressor was fitted with feature names
  warnings.warn(
C:\Users\NQTa\Documents\MLCourse\Final Project\.venv\Lib\site-packages\sklearn\utils\validation.py:2691: UserWarning: X does not have valid feature names, but LGBMRegressor was fitted with feature names
  warnings.warn(
C:\Users\NQTa\Documents\MLCourse\Final Project\.venv\Lib\site-packages\sklearn\utils\validation.py:2691: UserWarning: X does not have valid feature names, but LGBMRegressor was fitted with feature names
  warnings.warn(
C:\Users\NQTa\Documents\MLCourse\Final Project\.venv\Lib\site-packages\sklearn\utils\validation.py:2691: UserWarning: X does not have valid feature names, but LGBMRegressor was fitted with feature names
  warnings.warn(
C:\Users\NQTa\Documents\MLCourse\Final Project\.venv\Lib\site-packages\sklearn\utils\validation.py:2691: UserWarning: X does not have valid feature names, but LGBMRegressor was fitted with feature names
  warnings.warn(
C:\Users\NQTa\Documents\MLCourse\Final Project\.venv\Lib\site-packages\sklearn\utils\validation.py:2691: UserWarning: X does not have valid feature names, but LGBMRegressor was fitted with feature names
  warnings.warn(
C:\Users\NQTa\Documents\MLCourse\Final Project\.venv\Lib\site-packages\sklearn\utils\validation.py:2691: UserWarning: X does not have valid feature names, but LGBMRegressor was fitted with feature names
  warnings.warn(
C:\Users\NQTa\Documents\MLCourse\Final Project\.venv\Lib\site-packages\sklearn\utils\validation.py:2691: UserWarning: X does not have valid feature names, but LGBMRegressor was fitted with feature names
  warnings.warn(
C:\Users\NQTa\Documents\MLCourse\Final Project\.venv\Lib\site-packages\sklearn\utils\validation.py:2691: UserWarning: X does not have valid feature names, but LGBMRegressor was fitted with feature names
  warnings.warn(
C:\Users\NQTa\Documents\MLCourse\Final Project\.venv\Lib\site-packages\sklearn\utils\validation.py:2691: UserWarning: X does not have valid feature names, but LGBMRegressor was fitted with feature names
  warnings.warn(
C:\Users\NQTa\Documents\MLCourse\Final Project\.venv\Lib\site-packages\sklearn\utils\validation.py:2691: UserWarning: X does not have valid feature names, but LGBMRegressor was fitted with feature names
  warnings.warn(
C:\Users\NQTa\Documents\MLCourse\Final Project\.venv\Lib\site-packages\sklearn\utils\validation.py:2691: UserWarning: X does not have valid feature names, but LGBMRegressor was fitted with feature names
  warnings.warn(
C:\Users\NQTa\Documents\MLCourse\Final Project\.venv\Lib\site-packages\sklearn\utils\validation.py:2691: UserWarning: X does not have valid feature names, but LGBMRegressor was fitted with feature names
  warnings.warn(
C:\Users\NQTa\Documents\MLCourse\Final Project\.venv\Lib\site-packages\sklearn\utils\validation.py:2691: UserWarning: X does not have valid feature names, but LGBMRegressor was fitted with feature names
  warnings.warn(
C:\Users\NQTa\Documents\MLCourse\Final Project\.venv\Lib\site-packages\sklearn\utils\validation.py:2691: UserWarning: X does not have valid feature names, but LGBMRegressor was fitted with feature names
  warnings.warn(
C:\Users\NQTa\Documents\MLCourse\Final Project\.venv\Lib\site-packages\sklearn\neural_network\_multilayer_perceptron.py:785: ConvergenceWarning: Stochastic Optimizer: Maximum iterations (500) reached and the optimization hasn't converged yet.
  warnings.warn(
C:\Users\NQTa\Documents\MLCourse\Final Project\.venv\Lib\site-packages\sklearn\neural_network\_multilayer_perceptron.py:785: ConvergenceWarning: Stochastic Optimizer: Maximum iterations (500) reached and the optimization hasn't converged yet.
  warnings.warn(
C:\Users\NQTa\Documents\MLCourse\Final Project\.venv\Lib\site-packages\sklearn\neural_network\_multilayer_perceptron.py:785: ConvergenceWarning: Stochastic Optimizer: Maximum iterations (500) reached and the optimization hasn't converged yet.
  warnings.warn(
[ 565/1920] opx_liq/P_kbar/raw/CatBoost/seed=46 RMSE=5.578 (2.0s) ETA 2.01h
[ 570/1920] opx_liq/P_kbar/raw/CatBoost/seed=51 RMSE=5.491 (2.0s) ETA 1.99h
[ 575/1920] opx_liq/P_kbar/raw/CatBoost/seed=56 RMSE=5.056 (2.0s) ETA 1.97h
[ 580/1920] opx_liq/P_kbar/raw/CatBoost/seed=61 RMSE=5.416 (2.1s) ETA 1.95h
[ 585/1920] opx_liq/P_kbar/raw/LightGBM/seed=46 RMSE=4.877 (0.3s) ETA 1.93h
[ 590/1920] opx_liq/P_kbar/raw/LightGBM/seed=51 RMSE=5.075 (0.3s) ETA 1.91h
[ 595/1920] opx_liq/P_kbar/raw/LightGBM/seed=56 RMSE=4.969 (0.4s) ETA 1.89h
[ 600/1920] opx_liq/P_kbar/raw/LightGBM/seed=61 RMSE=4.834 (0.2s) ETA 1.86h
[ 605/1920] opx_liq/P_kbar/raw/ElasticNet/seed=46 RMSE=5.916 (0.1s) ETA 1.84h
[ 610/1920] opx_liq/P_kbar/raw/ElasticNet/seed=51 RMSE=5.921 (0.0s) ETA 1.82h
[ 615/1920] opx_liq/P_kbar/raw/ElasticNet/seed=56 RMSE=5.880 (0.0s) ETA 1.80h
[ 620/1920] opx_liq/P_kbar/raw/ElasticNet/seed=61 RMSE=5.918 (0.1s) ETA 1.78h
[ 625/1920] opx_liq/P_kbar/raw/MLP/seed=46 RMSE=5.945 (2.1s) ETA 1.76h
[ 630/1920] opx_liq/P_kbar/raw/MLP/seed=51 RMSE=6.505 (1.9s) ETA 1.75h
[ 635/1920] opx_liq/P_kbar/raw/MLP/seed=56 RMSE=6.136 (3.2s) ETA 1.73h
[ 640/1920] opx_liq/P_kbar/raw/MLP/seed=61 RMSE=5.317 (1.7s) ETA 1.72h
[ 645/1920] opx_liq/P_kbar/alr/RF/seed=46 RMSE=9.923 (3.4s) ETA 1.71h
[ 650/1920] opx_liq/P_kbar/alr/RF/seed=51 RMSE=9.617 (3.3s) ETA 1.70h
[ 655/1920] opx_liq/P_kbar/alr/RF/seed=56 RMSE=9.714 (3.6s) ETA 1.69h
[ 660/1920] opx_liq/P_kbar/alr/RF/seed=61 RMSE=9.704 (3.2s) ETA 1.68h
[ 665/1920] opx_liq/P_kbar/alr/ERT/seed=46 RMSE=9.382 (2.7s) ETA 1.66h
[ 670/1920] opx_liq/P_kbar/alr/ERT/seed=51 RMSE=9.339 (2.8s) ETA 1.65h
[ 675/1920] opx_liq/P_kbar/alr/ERT/seed=56 RMSE=9.295 (2.8s) ETA 1.64h
[ 680/1920] opx_liq/P_kbar/alr/ERT/seed=61 RMSE=9.344 (3.2s) ETA 1.63h
[ 685/1920] opx_liq/P_kbar/alr/XGB/seed=46 RMSE=8.943 (0.9s) ETA 1.61h
[ 690/1920] opx_liq/P_kbar/alr/XGB/seed=51 RMSE=8.889 (0.9s) ETA 1.60h
[ 695/1920] opx_liq/P_kbar/alr/XGB/seed=56 RMSE=8.701 (0.9s) ETA 1.58h
[ 700/1920] opx_liq/P_kbar/alr/XGB/seed=61 RMSE=8.530 (0.9s) ETA 1.57h
[ 705/1920] opx_liq/P_kbar/alr/GB/seed=46 RMSE=7.994 (0.9s) ETA 1.55h
[ 710/1920] opx_liq/P_kbar/alr/GB/seed=51 RMSE=7.929 (0.9s) ETA 1.54h
[ 715/1920] opx_liq/P_kbar/alr/GB/seed=56 RMSE=7.677 (0.9s) ETA 1.52h
[ 720/1920] opx_liq/P_kbar/alr/GB/seed=61 RMSE=7.819 (1.2s) ETA 1.51h
[ 725/1920] opx_liq/P_kbar/alr/CatBoost/seed=46 RMSE=8.105 (1.7s) ETA 1.49h
[ 730/1920] opx_liq/P_kbar/alr/CatBoost/seed=51 RMSE=8.127 (1.7s) ETA 1.48h
[ 735/1920] opx_liq/P_kbar/alr/CatBoost/seed=56 RMSE=7.928 (1.6s) ETA 1.47h
[ 740/1920] opx_liq/P_kbar/alr/CatBoost/seed=61 RMSE=7.916 (1.9s) ETA 1.46h
[ 745/1920] opx_liq/P_kbar/alr/LightGBM/seed=46 RMSE=8.715 (0.4s) ETA 1.44h
[ 750/1920] opx_liq/P_kbar/alr/LightGBM/seed=51 RMSE=8.803 (0.4s) ETA 1.43h
[ 755/1920] opx_liq/P_kbar/alr/LightGBM/seed=56 RMSE=8.689 (0.3s) ETA 1.41h
[ 760/1920] opx_liq/P_kbar/alr/LightGBM/seed=61 RMSE=8.607 (0.6s) ETA 1.40h
[ 765/1920] opx_liq/P_kbar/alr/ElasticNet/seed=46 RMSE=8.617 (0.0s) ETA 1.38h
[ 770/1920] opx_liq/P_kbar/alr/ElasticNet/seed=51 RMSE=8.617 (0.0s) ETA 1.37h
[ 775/1920] opx_liq/P_kbar/alr/ElasticNet/seed=56 RMSE=8.630 (0.0s) ETA 1.35h
[ 780/1920] opx_liq/P_kbar/alr/ElasticNet/seed=61 RMSE=8.618 (0.0s) ETA 1.34h
[ 785/1920] opx_liq/P_kbar/alr/MLP/seed=46 RMSE=6.566 (18.3s) ETA 1.36h
[ 790/1920] opx_liq/P_kbar/alr/MLP/seed=51 RMSE=5.740 (18.6s) ETA 1.38h
[ 795/1920] opx_liq/P_kbar/alr/MLP/seed=56 RMSE=7.075 (15.5s) ETA 1.40h
[ 800/1920] opx_liq/P_kbar/alr/MLP/seed=61 RMSE=4.831 (15.0s) ETA 1.42h
[ 805/1920] opx_liq/P_kbar/pwlr/RF/seed=46 RMSE=6.214 (13.5s) ETA 1.43h
[ 810/1920] opx_liq/P_kbar/pwlr/RF/seed=51 RMSE=6.412 (14.0s) ETA 1.44h
[ 815/1920] opx_liq/P_kbar/pwlr/RF/seed=56 RMSE=6.226 (13.9s) ETA 1.45h
[ 820/1920] opx_liq/P_kbar/pwlr/RF/seed=61 RMSE=6.387 (13.7s) ETA 1.46h
[ 825/1920] opx_liq/P_kbar/pwlr/ERT/seed=46 RMSE=6.471 (1.9s) ETA 1.45h
[ 830/1920] opx_liq/P_kbar/pwlr/ERT/seed=51 RMSE=6.674 (1.7s) ETA 1.44h
[ 835/1920] opx_liq/P_kbar/pwlr/ERT/seed=56 RMSE=6.493 (1.7s) ETA 1.42h
[ 840/1920] opx_liq/P_kbar/pwlr/ERT/seed=61 RMSE=6.607 (1.7s) ETA 1.41h
[ 845/1920] opx_liq/P_kbar/pwlr/XGB/seed=46 RMSE=5.639 (1.6s) ETA 1.40h
[ 850/1920] opx_liq/P_kbar/pwlr/XGB/seed=51 RMSE=5.620 (1.7s) ETA 1.39h
[ 855/1920] opx_liq/P_kbar/pwlr/XGB/seed=56 RMSE=5.415 (1.6s) ETA 1.38h
[ 860/1920] opx_liq/P_kbar/pwlr/XGB/seed=61 RMSE=5.628 (1.8s) ETA 1.37h
[ 865/1920] opx_liq/P_kbar/pwlr/GB/seed=46 RMSE=5.908 (1.5s) ETA 1.35h
[ 870/1920] opx_liq/P_kbar/pwlr/GB/seed=51 RMSE=5.720 (1.5s) ETA 1.34h
[ 875/1920] opx_liq/P_kbar/pwlr/GB/seed=56 RMSE=5.855 (1.7s) ETA 1.33h
[ 880/1920] opx_liq/P_kbar/pwlr/GB/seed=61 RMSE=5.902 (1.5s) ETA 1.32h
[ 885/1920] opx_liq/P_kbar/pwlr/CatBoost/seed=46 RMSE=5.731 (4.5s) ETA 1.31h
[ 890/1920] opx_liq/P_kbar/pwlr/CatBoost/seed=51 RMSE=5.948 (4.5s) ETA 1.31h
[ 895/1920] opx_liq/P_kbar/pwlr/CatBoost/seed=56 RMSE=5.658 (4.6s) ETA 1.30h
[ 900/1920] opx_liq/P_kbar/pwlr/CatBoost/seed=61 RMSE=5.540 (4.7s) ETA 1.29h
[ 905/1920] opx_liq/P_kbar/pwlr/LightGBM/seed=46 RMSE=6.409 (0.9s) ETA 1.28h
[ 910/1920] opx_liq/P_kbar/pwlr/LightGBM/seed=51 RMSE=6.208 (0.8s) ETA 1.27h
[ 915/1920] opx_liq/P_kbar/pwlr/LightGBM/seed=56 RMSE=6.071 (0.8s) ETA 1.26h
[ 920/1920] opx_liq/P_kbar/pwlr/LightGBM/seed=61 RMSE=6.264 (1.0s) ETA 1.25h
[ 925/1920] opx_liq/P_kbar/pwlr/ElasticNet/seed=46 RMSE=6.061 (0.0s) ETA 1.23h
[ 930/1920] opx_liq/P_kbar/pwlr/ElasticNet/seed=51 RMSE=6.079 (0.0s) ETA 1.22h
[ 935/1920] opx_liq/P_kbar/pwlr/ElasticNet/seed=56 RMSE=6.094 (0.0s) ETA 1.21h
[ 940/1920] opx_liq/P_kbar/pwlr/ElasticNet/seed=61 RMSE=6.096 (0.0s) ETA 1.20h
[ 945/1920] opx_liq/P_kbar/pwlr/MLP/seed=46 RMSE=5.044 (61.1s) ETA 1.30h
[ 950/1920] opx_liq/P_kbar/pwlr/MLP/seed=51 RMSE=5.618 (71.5s) ETA 1.40h
[ 955/1920] opx_liq/P_kbar/pwlr/MLP/seed=56 RMSE=6.415 (82.6s) ETA 1.50h
[ 960/1920] opx_liq/P_kbar/pwlr/MLP/seed=61 RMSE=6.071 (78.4s) ETA 1.60h
[ 965/1920] opx_only/T_C/raw/RF/seed=46 RMSE=160.731 (7.1s) ETA 1.59h
[ 970/1920] opx_only/T_C/raw/RF/seed=51 RMSE=159.664 (7.2s) ETA 1.59h
[ 975/1920] opx_only/T_C/raw/RF/seed=56 RMSE=160.752 (6.9s) ETA 1.58h
[ 980/1920] opx_only/T_C/raw/RF/seed=61 RMSE=160.950 (7.1s) ETA 1.57h
[ 985/1920] opx_only/T_C/raw/ERT/seed=46 RMSE=162.423 (1.1s) ETA 1.56h
[ 990/1920] opx_only/T_C/raw/ERT/seed=51 RMSE=162.604 (1.1s) ETA 1.54h
[ 995/1920] opx_only/T_C/raw/ERT/seed=56 RMSE=162.130 (1.1s) ETA 1.53h
[1000/1920] opx_only/T_C/raw/ERT/seed=61 RMSE=161.555 (1.2s) ETA 1.51h
[1005/1920] opx_only/T_C/raw/XGB/seed=46 RMSE=152.713 (0.4s) ETA 1.50h
[1010/1920] opx_only/T_C/raw/XGB/seed=51 RMSE=152.822 (0.4s) ETA 1.48h
[1015/1920] opx_only/T_C/raw/XGB/seed=56 RMSE=154.253 (0.4s) ETA 1.47h
[1020/1920] opx_only/T_C/raw/XGB/seed=61 RMSE=153.652 (0.4s) ETA 1.45h
[1025/1920] opx_only/T_C/raw/GB/seed=46 RMSE=161.290 (2.6s) ETA 1.44h
[1030/1920] opx_only/T_C/raw/GB/seed=51 RMSE=162.799 (2.5s) ETA 1.43h
[1035/1920] opx_only/T_C/raw/GB/seed=56 RMSE=160.868 (2.3s) ETA 1.42h
[1040/1920] opx_only/T_C/raw/GB/seed=61 RMSE=162.067 (2.6s) ETA 1.41h
[1045/1920] opx_only/T_C/raw/CatBoost/seed=46 RMSE=156.894 (19.8s) ETA 1.41h
[1050/1920] opx_only/T_C/raw/CatBoost/seed=51 RMSE=153.826 (18.1s) ETA 1.42h
[1055/1920] opx_only/T_C/raw/CatBoost/seed=56 RMSE=157.906 (18.1s) ETA 1.43h
[1060/1920] opx_only/T_C/raw/CatBoost/seed=61 RMSE=155.190 (18.1s) ETA 1.43h
[1065/1920] opx_only/T_C/raw/LightGBM/seed=46 RMSE=156.721 (0.2s) ETA 1.42h
[1070/1920] opx_only/T_C/raw/LightGBM/seed=51 RMSE=157.826 (0.4s) ETA 1.40h
[1075/1920] opx_only/T_C/raw/LightGBM/seed=56 RMSE=158.579 (0.4s) ETA 1.39h
[1080/1920] opx_only/T_C/raw/LightGBM/seed=61 RMSE=157.121 (0.3s) ETA 1.37h
[1085/1920] opx_only/T_C/raw/ElasticNet/seed=46 RMSE=161.382 (0.2s) ETA 1.36h
[1090/1920] opx_only/T_C/raw/ElasticNet/seed=51 RMSE=161.392 (0.3s) ETA 1.35h
[1095/1920] opx_only/T_C/raw/ElasticNet/seed=56 RMSE=161.371 (0.2s) ETA 1.33h
[1100/1920] opx_only/T_C/raw/ElasticNet/seed=61 RMSE=161.457 (0.2s) ETA 1.32h
[1105/1920] opx_only/T_C/raw/MLP/seed=46 RMSE=165.853 (30.2s) ETA 1.35h
[1110/1920] opx_only/T_C/raw/MLP/seed=51 RMSE=186.964 (48.0s) ETA 1.39hC:\Users\NQTa\Documents\MLCourse\Final Project\.venv\Lib\site-packages\sklearn\neural_network\_multilayer_perceptron.py:785: ConvergenceWarning: Stochastic Optimizer: Maximum iterations (500) reached and the optimization hasn't converged yet.
  warnings.warn(
C:\Users\NQTa\Documents\MLCourse\Final Project\.venv\Lib\site-packages\sklearn\utils\validation.py:2691: UserWarning: X does not have valid feature names, but LGBMRegressor was fitted with feature names
  warnings.warn(
C:\Users\NQTa\Documents\MLCourse\Final Project\.venv\Lib\site-packages\sklearn\utils\validation.py:2691: UserWarning: X does not have valid feature names, but LGBMRegressor was fitted with feature names
  warnings.warn(
C:\Users\NQTa\Documents\MLCourse\Final Project\.venv\Lib\site-packages\sklearn\utils\validation.py:2691: UserWarning: X does not have valid feature names, but LGBMRegressor was fitted with feature names
  warnings.warn(
C:\Users\NQTa\Documents\MLCourse\Final Project\.venv\Lib\site-packages\sklearn\utils\validation.py:2691: UserWarning: X does not have valid feature names, but LGBMRegressor was fitted with feature names
  warnings.warn(
C:\Users\NQTa\Documents\MLCourse\Final Project\.venv\Lib\site-packages\sklearn\utils\validation.py:2691: UserWarning: X does not have valid feature names, but LGBMRegressor was fitted with feature names
  warnings.warn(
C:\Users\NQTa\Documents\MLCourse\Final Project\.venv\Lib\site-packages\sklearn\utils\validation.py:2691: UserWarning: X does not have valid feature names, but LGBMRegressor was fitted with feature names
  warnings.warn(
C:\Users\NQTa\Documents\MLCourse\Final Project\.venv\Lib\site-packages\sklearn\utils\validation.py:2691: UserWarning: X does not have valid feature names, but LGBMRegressor was fitted with feature names
  warnings.warn(
C:\Users\NQTa\Documents\MLCourse\Final Project\.venv\Lib\site-packages\sklearn\utils\validation.py:2691: UserWarning: X does not have valid feature names, but LGBMRegressor was fitted with feature names
  warnings.warn(
C:\Users\NQTa\Documents\MLCourse\Final Project\.venv\Lib\site-packages\sklearn\utils\validation.py:2691: UserWarning: X does not have valid feature names, but LGBMRegressor was fitted with feature names
  warnings.warn(
C:\Users\NQTa\Documents\MLCourse\Final Project\.venv\Lib\site-packages\sklearn\utils\validation.py:2691: UserWarning: X does not have valid feature names, but LGBMRegressor was fitted with feature names
  warnings.warn(
C:\Users\NQTa\Documents\MLCourse\Final Project\.venv\Lib\site-packages\sklearn\utils\validation.py:2691: UserWarning: X does not have valid feature names, but LGBMRegressor was fitted with feature names
  warnings.warn(
C:\Users\NQTa\Documents\MLCourse\Final Project\.venv\Lib\site-packages\sklearn\utils\validation.py:2691: UserWarning: X does not have valid feature names, but LGBMRegressor was fitted with feature names
  warnings.warn(
C:\Users\NQTa\Documents\MLCourse\Final Project\.venv\Lib\site-packages\sklearn\utils\validation.py:2691: UserWarning: X does not have valid feature names, but LGBMRegressor was fitted with feature names
  warnings.warn(
C:\Users\NQTa\Documents\MLCourse\Final Project\.venv\Lib\site-packages\sklearn\utils\validation.py:2691: UserWarning: X does not have valid feature names, but LGBMRegressor was fitted with feature names
  warnings.warn(
C:\Users\NQTa\Documents\MLCourse\Final Project\.venv\Lib\site-packages\sklearn\utils\validation.py:2691: UserWarning: X does not have valid feature names, but LGBMRegressor was fitted with feature names
  warnings.warn(
C:\Users\NQTa\Documents\MLCourse\Final Project\.venv\Lib\site-packages\sklearn\utils\validation.py:2691: UserWarning: X does not have valid feature names, but LGBMRegressor was fitted with feature names
  warnings.warn(
C:\Users\NQTa\Documents\MLCourse\Final Project\.venv\Lib\site-packages\sklearn\utils\validation.py:2691: UserWarning: X does not have valid feature names, but LGBMRegressor was fitted with feature names
  warnings.warn(
C:\Users\NQTa\Documents\MLCourse\Final Project\.venv\Lib\site-packages\sklearn\utils\validation.py:2691: UserWarning: X does not have valid feature names, but LGBMRegressor was fitted with feature names
  warnings.warn(
C:\Users\NQTa\Documents\MLCourse\Final Project\.venv\Lib\site-packages\sklearn\utils\validation.py:2691: UserWarning: X does not have valid feature names, but LGBMRegressor was fitted with feature names
  warnings.warn(
C:\Users\NQTa\Documents\MLCourse\Final Project\.venv\Lib\site-packages\sklearn\utils\validation.py:2691: UserWarning: X does not have valid feature names, but LGBMRegressor was fitted with feature names
  warnings.warn(
C:\Users\NQTa\Documents\MLCourse\Final Project\.venv\Lib\site-packages\sklearn\utils\validation.py:2691: UserWarning: X does not have valid feature names, but LGBMRegressor was fitted with feature names
  warnings.warn(
C:\Users\NQTa\Documents\MLCourse\Final Project\.venv\Lib\site-packages\sklearn\utils\validation.py:2691: UserWarning: X does not have valid feature names, but LGBMRegressor was fitted with feature names
  warnings.warn(
C:\Users\NQTa\Documents\MLCourse\Final Project\.venv\Lib\site-packages\sklearn\utils\validation.py:2691: UserWarning: X does not have valid feature names, but LGBMRegressor was fitted with feature names
  warnings.warn(
C:\Users\NQTa\Documents\MLCourse\Final Project\.venv\Lib\site-packages\sklearn\utils\validation.py:2691: UserWarning: X does not have valid feature names, but LGBMRegressor was fitted with feature names
  warnings.warn(
C:\Users\NQTa\Documents\MLCourse\Final Project\.venv\Lib\site-packages\sklearn\utils\validation.py:2691: UserWarning: X does not have valid feature names, but LGBMRegressor was fitted with feature names
  warnings.warn(
C:\Users\NQTa\Documents\MLCourse\Final Project\.venv\Lib\site-packages\sklearn\utils\validation.py:2691: UserWarning: X does not have valid feature names, but LGBMRegressor was fitted with feature names
  warnings.warn(
C:\Users\NQTa\Documents\MLCourse\Final Project\.venv\Lib\site-packages\sklearn\utils\validation.py:2691: UserWarning: X does not have valid feature names, but LGBMRegressor was fitted with feature names
  warnings.warn(
C:\Users\NQTa\Documents\MLCourse\Final Project\.venv\Lib\site-packages\sklearn\utils\validation.py:2691: UserWarning: X does not have valid feature names, but LGBMRegressor was fitted with feature names
  warnings.warn(
C:\Users\NQTa\Documents\MLCourse\Final Project\.venv\Lib\site-packages\sklearn\utils\validation.py:2691: UserWarning: X does not have valid feature names, but LGBMRegressor was fitted with feature names
  warnings.warn(
C:\Users\NQTa\Documents\MLCourse\Final Project\.venv\Lib\site-packages\sklearn\utils\validation.py:2691: UserWarning: X does not have valid feature names, but LGBMRegressor was fitted with feature names
  warnings.warn(
C:\Users\NQTa\Documents\MLCourse\Final Project\.venv\Lib\site-packages\sklearn\utils\validation.py:2691: UserWarning: X does not have valid feature names, but LGBMRegressor was fitted with feature names
  warnings.warn(
C:\Users\NQTa\Documents\MLCourse\Final Project\.venv\Lib\site-packages\sklearn\utils\validation.py:2691: UserWarning: X does not have valid feature names, but LGBMRegressor was fitted with feature names
  warnings.warn(
C:\Users\NQTa\Documents\MLCourse\Final Project\.venv\Lib\site-packages\sklearn\utils\validation.py:2691: UserWarning: X does not have valid feature names, but LGBMRegressor was fitted with feature names
  warnings.warn(
C:\Users\NQTa\Documents\MLCourse\Final Project\.venv\Lib\site-packages\sklearn\utils\validation.py:2691: UserWarning: X does not have valid feature names, but LGBMRegressor was fitted with feature names
  warnings.warn(
C:\Users\NQTa\Documents\MLCourse\Final Project\.venv\Lib\site-packages\sklearn\utils\validation.py:2691: UserWarning: X does not have valid feature names, but LGBMRegressor was fitted with feature names
  warnings.warn(
C:\Users\NQTa\Documents\MLCourse\Final Project\.venv\Lib\site-packages\sklearn\utils\validation.py:2691: UserWarning: X does not have valid feature names, but LGBMRegressor was fitted with feature names
  warnings.warn(
C:\Users\NQTa\Documents\MLCourse\Final Project\.venv\Lib\site-packages\sklearn\utils\validation.py:2691: UserWarning: X does not have valid feature names, but LGBMRegressor was fitted with feature names
  warnings.warn(
C:\Users\NQTa\Documents\MLCourse\Final Project\.venv\Lib\site-packages\sklearn\utils\validation.py:2691: UserWarning: X does not have valid feature names, but LGBMRegressor was fitted with feature names
  warnings.warn(
C:\Users\NQTa\Documents\MLCourse\Final Project\.venv\Lib\site-packages\sklearn\utils\validation.py:2691: UserWarning: X does not have valid feature names, but LGBMRegressor was fitted with feature names
  warnings.warn(
C:\Users\NQTa\Documents\MLCourse\Final Project\.venv\Lib\site-packages\sklearn\utils\validation.py:2691: UserWarning: X does not have valid feature names, but LGBMRegressor was fitted with feature names
  warnings.warn(
C:\Users\NQTa\Documents\MLCourse\Final Project\.venv\Lib\site-packages\sklearn\linear_model\_coordinate_descent.py:716: ConvergenceWarning: Objective did not converge. You might want to increase the number of iterations, check the scale of the features or consider increasing regularisation. Duality gap: 1.121e+08, tolerance: 5.097e+04
  model = cd_fast.enet_coordinate_descent(
C:\Users\NQTa\Documents\MLCourse\Final Project\.venv\Lib\site-packages\sklearn\linear_model\_coordinate_descent.py:716: ConvergenceWarning: Objective did not converge. You might want to increase the number of iterations, check the scale of the features or consider increasing regularisation. Duality gap: 1.105e+08, tolerance: 5.097e+04
  model = cd_fast.enet_coordinate_descent(
C:\Users\NQTa\Documents\MLCourse\Final Project\.venv\Lib\site-packages\sklearn\linear_model\_coordinate_descent.py:716: ConvergenceWarning: Objective did not converge. You might want to increase the number of iterations, check the scale of the features or consider increasing regularisation. Duality gap: 1.115e+08, tolerance: 5.097e+04
  model = cd_fast.enet_coordinate_descent(
C:\Users\NQTa\Documents\MLCourse\Final Project\.venv\Lib\site-packages\sklearn\linear_model\_coordinate_descent.py:716: ConvergenceWarning: Objective did not converge. You might want to increase the number of iterations, check the scale of the features or consider increasing regularisation. Duality gap: 1.122e+08, tolerance: 5.097e+04
  model = cd_fast.enet_coordinate_descent(
C:\Users\NQTa\Documents\MLCourse\Final Project\.venv\Lib\site-packages\sklearn\linear_model\_coordinate_descent.py:716: ConvergenceWarning: Objective did not converge. You might want to increase the number of iterations, check the scale of the features or consider increasing regularisation. Duality gap: 1.111e+08, tolerance: 5.097e+04
  model = cd_fast.enet_coordinate_descent(
C:\Users\NQTa\Documents\MLCourse\Final Project\.venv\Lib\site-packages\sklearn\linear_model\_coordinate_descent.py:716: ConvergenceWarning: Objective did not converge. You might want to increase the number of iterations, check the scale of the features or consider increasing regularisation. Duality gap: 1.119e+08, tolerance: 5.097e+04
  model = cd_fast.enet_coordinate_descent(
C:\Users\NQTa\Documents\MLCourse\Final Project\.venv\Lib\site-packages\sklearn\linear_model\_coordinate_descent.py:716: ConvergenceWarning: Objective did not converge. You might want to increase the number of iterations, check the scale of the features or consider increasing regularisation. Duality gap: 1.120e+08, tolerance: 5.097e+04
  model = cd_fast.enet_coordinate_descent(
C:\Users\NQTa\Documents\MLCourse\Final Project\.venv\Lib\site-packages\sklearn\linear_model\_coordinate_descent.py:716: ConvergenceWarning: Objective did not converge. You might want to increase the number of iterations, check the scale of the features or consider increasing regularisation. Duality gap: 1.111e+08, tolerance: 5.097e+04
  model = cd_fast.enet_coordinate_descent(
C:\Users\NQTa\Documents\MLCourse\Final Project\.venv\Lib\site-packages\sklearn\linear_model\_coordinate_descent.py:716: ConvergenceWarning: Objective did not converge. You might want to increase the number of iterations, check the scale of the features or consider increasing regularisation. Duality gap: 1.117e+08, tolerance: 5.097e+04
  model = cd_fast.enet_coordinate_descent(
C:\Users\NQTa\Documents\MLCourse\Final Project\.venv\Lib\site-packages\sklearn\linear_model\_coordinate_descent.py:716: ConvergenceWarning: Objective did not converge. You might want to increase the number of iterations, check the scale of the features or consider increasing regularisation. Duality gap: 1.112e+08, tolerance: 5.097e+04
  model = cd_fast.enet_coordinate_descent(
C:\Users\NQTa\Documents\MLCourse\Final Project\.venv\Lib\site-packages\sklearn\linear_model\_coordinate_descent.py:716: ConvergenceWarning: Objective did not converge. You might want to increase the number of iterations, check the scale of the features or consider increasing regularisation. Duality gap: 1.111e+08, tolerance: 5.097e+04
  model = cd_fast.enet_coordinate_descent(
C:\Users\NQTa\Documents\MLCourse\Final Project\.venv\Lib\site-packages\sklearn\linear_model\_coordinate_descent.py:716: ConvergenceWarning: Objective did not converge. You might want to increase the number of iterations, check the scale of the features or consider increasing regularisation. Duality gap: 1.120e+08, tolerance: 5.097e+04
  model = cd_fast.enet_coordinate_descent(
C:\Users\NQTa\Documents\MLCourse\Final Project\.venv\Lib\site-packages\sklearn\linear_model\_coordinate_descent.py:716: ConvergenceWarning: Objective did not converge. You might want to increase the number of iterations, check the scale of the features or consider increasing regularisation. Duality gap: 1.125e+08, tolerance: 5.097e+04
  model = cd_fast.enet_coordinate_descent(
C:\Users\NQTa\Documents\MLCourse\Final Project\.venv\Lib\site-packages\sklearn\linear_model\_coordinate_descent.py:716: ConvergenceWarning: Objective did not converge. You might want to increase the number of iterations, check the scale of the features or consider increasing regularisation. Duality gap: 1.116e+08, tolerance: 5.097e+04
  model = cd_fast.enet_coordinate_descent(
C:\Users\NQTa\Documents\MLCourse\Final Project\.venv\Lib\site-packages\sklearn\linear_model\_coordinate_descent.py:716: ConvergenceWarning: Objective did not converge. You might want to increase the number of iterations, check the scale of the features or consider increasing regularisation. Duality gap: 1.118e+08, tolerance: 5.097e+04
  model = cd_fast.enet_coordinate_descent(
C:\Users\NQTa\Documents\MLCourse\Final Project\.venv\Lib\site-packages\sklearn\linear_model\_coordinate_descent.py:716: ConvergenceWarning: Objective did not converge. You might want to increase the number of iterations, check the scale of the features or consider increasing regularisation. Duality gap: 1.109e+08, tolerance: 5.097e+04
  model = cd_fast.enet_coordinate_descent(
C:\Users\NQTa\Documents\MLCourse\Final Project\.venv\Lib\site-packages\sklearn\linear_model\_coordinate_descent.py:716: ConvergenceWarning: Objective did not converge. You might want to increase the number of iterations, check the scale of the features or consider increasing regularisation. Duality gap: 1.113e+08, tolerance: 5.097e+04
  model = cd_fast.enet_coordinate_descent(
C:\Users\NQTa\Documents\MLCourse\Final Project\.venv\Lib\site-packages\sklearn\linear_model\_coordinate_descent.py:716: ConvergenceWarning: Objective did not converge. You might want to increase the number of iterations, check the scale of the features or consider increasing regularisation. Duality gap: 1.112e+08, tolerance: 5.097e+04
  model = cd_fast.enet_coordinate_descent(
C:\Users\NQTa\Documents\MLCourse\Final Project\.venv\Lib\site-packages\sklearn\linear_model\_coordinate_descent.py:716: ConvergenceWarning: Objective did not converge. You might want to increase the number of iterations, check the scale of the features or consider increasing regularisation. Duality gap: 1.103e+08, tolerance: 5.097e+04
  model = cd_fast.enet_coordinate_descent(
C:\Users\NQTa\Documents\MLCourse\Final Project\.venv\Lib\site-packages\sklearn\linear_model\_coordinate_descent.py:716: ConvergenceWarning: Objective did not converge. You might want to increase the number of iterations, check the scale of the features or consider increasing regularisation. Duality gap: 1.114e+08, tolerance: 5.097e+04
  model = cd_fast.enet_coordinate_descent(
C:\Users\NQTa\Documents\MLCourse\Final Project\.venv\Lib\site-packages\sklearn\utils\validation.py:2691: UserWarning: X does not have valid feature names, but LGBMRegressor was fitted with feature names
  warnings.warn(
C:\Users\NQTa\Documents\MLCourse\Final Project\.venv\Lib\site-packages\sklearn\utils\validation.py:2691: UserWarning: X does not have valid feature names, but LGBMRegressor was fitted with feature names
  warnings.warn(
C:\Users\NQTa\Documents\MLCourse\Final Project\.venv\Lib\site-packages\sklearn\utils\validation.py:2691: UserWarning: X does not have valid feature names, but LGBMRegressor was fitted with feature names
  warnings.warn(
C:\Users\NQTa\Documents\MLCourse\Final Project\.venv\Lib\site-packages\sklearn\utils\validation.py:2691: UserWarning: X does not have valid feature names, but LGBMRegressor was fitted with feature names
  warnings.warn(
C:\Users\NQTa\Documents\MLCourse\Final Project\.venv\Lib\site-packages\sklearn\utils\validation.py:2691: UserWarning: X does not have valid feature names, but LGBMRegressor was fitted with feature names
  warnings.warn(
C:\Users\NQTa\Documents\MLCourse\Final Project\.venv\Lib\site-packages\sklearn\utils\validation.py:2691: UserWarning: X does not have valid feature names, but LGBMRegressor was fitted with feature names
  warnings.warn(
C:\Users\NQTa\Documents\MLCourse\Final Project\.venv\Lib\site-packages\sklearn\utils\validation.py:2691: UserWarning: X does not have valid feature names, but LGBMRegressor was fitted with feature names
  warnings.warn(
C:\Users\NQTa\Documents\MLCourse\Final Project\.venv\Lib\site-packages\sklearn\utils\validation.py:2691: UserWarning: X does not have valid feature names, but LGBMRegressor was fitted with feature names
  warnings.warn(
C:\Users\NQTa\Documents\MLCourse\Final Project\.venv\Lib\site-packages\sklearn\utils\validation.py:2691: UserWarning: X does not have valid feature names, but LGBMRegressor was fitted with feature names
  warnings.warn(
C:\Users\NQTa\Documents\MLCourse\Final Project\.venv\Lib\site-packages\sklearn\utils\validation.py:2691: UserWarning: X does not have valid feature names, but LGBMRegressor was fitted with feature names
  warnings.warn(
C:\Users\NQTa\Documents\MLCourse\Final Project\.venv\Lib\site-packages\sklearn\utils\validation.py:2691: UserWarning: X does not have valid feature names, but LGBMRegressor was fitted with feature names
  warnings.warn(
C:\Users\NQTa\Documents\MLCourse\Final Project\.venv\Lib\site-packages\sklearn\utils\validation.py:2691: UserWarning: X does not have valid feature names, but LGBMRegressor was fitted with feature names
  warnings.warn(
C:\Users\NQTa\Documents\MLCourse\Final Project\.venv\Lib\site-packages\sklearn\utils\validation.py:2691: UserWarning: X does not have valid feature names, but LGBMRegressor was fitted with feature names
  warnings.warn(
C:\Users\NQTa\Documents\MLCourse\Final Project\.venv\Lib\site-packages\sklearn\utils\validation.py:2691: UserWarning: X does not have valid feature names, but LGBMRegressor was fitted with feature names
  warnings.warn(
C:\Users\NQTa\Documents\MLCourse\Final Project\.venv\Lib\site-packages\sklearn\utils\validation.py:2691: UserWarning: X does not have valid feature names, but LGBMRegressor was fitted with feature names
  warnings.warn(
C:\Users\NQTa\Documents\MLCourse\Final Project\.venv\Lib\site-packages\sklearn\utils\validation.py:2691: UserWarning: X does not have valid feature names, but LGBMRegressor was fitted with feature names
  warnings.warn(
C:\Users\NQTa\Documents\MLCourse\Final Project\.venv\Lib\site-packages\sklearn\utils\validation.py:2691: UserWarning: X does not have valid feature names, but LGBMRegressor was fitted with feature names
  warnings.warn(
C:\Users\NQTa\Documents\MLCourse\Final Project\.venv\Lib\site-packages\sklearn\utils\validation.py:2691: UserWarning: X does not have valid feature names, but LGBMRegressor was fitted with feature names
  warnings.warn(
C:\Users\NQTa\Documents\MLCourse\Final Project\.venv\Lib\site-packages\sklearn\utils\validation.py:2691: UserWarning: X does not have valid feature names, but LGBMRegressor was fitted with feature names
  warnings.warn(
C:\Users\NQTa\Documents\MLCourse\Final Project\.venv\Lib\site-packages\sklearn\utils\validation.py:2691: UserWarning: X does not have valid feature names, but LGBMRegressor was fitted with feature names
  warnings.warn(

[1115/1920] opx_only/T_C/raw/MLP/seed=56 RMSE=166.568 (38.3s) ETA 1.43h
[1120/1920] opx_only/T_C/raw/MLP/seed=61 RMSE=166.178 (56.4s) ETA 1.46h
[1125/1920] opx_only/T_C/alr/RF/seed=46 RMSE=191.632 (3.5s) ETA 1.45h
[1130/1920] opx_only/T_C/alr/RF/seed=51 RMSE=191.257 (3.7s) ETA 1.44h
[1135/1920] opx_only/T_C/alr/RF/seed=56 RMSE=192.345 (3.6s) ETA 1.42h
[1140/1920] opx_only/T_C/alr/RF/seed=61 RMSE=192.827 (3.5s) ETA 1.41h
[1145/1920] opx_only/T_C/alr/ERT/seed=46 RMSE=207.386 (3.8s) ETA 1.40h
[1150/1920] opx_only/T_C/alr/ERT/seed=51 RMSE=206.799 (2.8s) ETA 1.39h
[1155/1920] opx_only/T_C/alr/ERT/seed=56 RMSE=208.812 (2.9s) ETA 1.38h
[1160/1920] opx_only/T_C/alr/ERT/seed=61 RMSE=208.321 (2.9s) ETA 1.36h
[1165/1920] opx_only/T_C/alr/XGB/seed=46 RMSE=197.460 (1.9s) ETA 1.35h
[1170/1920] opx_only/T_C/alr/XGB/seed=51 RMSE=196.239 (1.7s) ETA 1.34h
[1175/1920] opx_only/T_C/alr/XGB/seed=56 RMSE=196.190 (1.7s) ETA 1.32h
[1180/1920] opx_only/T_C/alr/XGB/seed=61 RMSE=196.031 (1.9s) ETA 1.31h
[1185/1920] opx_only/T_C/alr/GB/seed=46 RMSE=197.620 (2.3s) ETA 1.30h
[1190/1920] opx_only/T_C/alr/GB/seed=51 RMSE=196.652 (2.7s) ETA 1.29h
[1195/1920] opx_only/T_C/alr/GB/seed=56 RMSE=196.906 (2.1s) ETA 1.27h
[1200/1920] opx_only/T_C/alr/GB/seed=61 RMSE=198.135 (1.8s) ETA 1.26h
[1205/1920] opx_only/T_C/alr/CatBoost/seed=46 RMSE=176.589 (3.6s) ETA 1.25h
[1210/1920] opx_only/T_C/alr/CatBoost/seed=51 RMSE=181.139 (3.3s) ETA 1.24h
[1215/1920] opx_only/T_C/alr/CatBoost/seed=56 RMSE=179.288 (3.9s) ETA 1.23h
[1220/1920] opx_only/T_C/alr/CatBoost/seed=61 RMSE=180.141 (3.9s) ETA 1.22h
[1225/1920] opx_only/T_C/alr/LightGBM/seed=46 RMSE=195.062 (2.1s) ETA 1.21h
[1230/1920] opx_only/T_C/alr/LightGBM/seed=51 RMSE=195.318 (1.7s) ETA 1.19h
[1235/1920] opx_only/T_C/alr/LightGBM/seed=56 RMSE=194.319 (2.0s) ETA 1.18h
[1240/1920] opx_only/T_C/alr/LightGBM/seed=61 RMSE=195.338 (1.6s) ETA 1.17h
[1245/1920] opx_only/T_C/alr/ElasticNet/seed=46 RMSE=173.315 (0.1s) ETA 1.16h
[1250/1920] opx_only/T_C/alr/ElasticNet/seed=51 RMSE=173.308 (0.1s) ETA 1.14h
[1255/1920] opx_only/T_C/alr/ElasticNet/seed=56 RMSE=173.322 (0.1s) ETA 1.13h
[1260/1920] opx_only/T_C/alr/ElasticNet/seed=61 RMSE=173.309 (0.1s) ETA 1.12h
[1265/1920] opx_only/T_C/alr/MLP/seed=46 RMSE=188.633 (7.4s) ETA 1.11h
[1270/1920] opx_only/T_C/alr/MLP/seed=51 RMSE=167.007 (6.7s) ETA 1.10h
[1275/1920] opx_only/T_C/alr/MLP/seed=56 RMSE=174.522 (3.8s) ETA 1.09h
[1280/1920] opx_only/T_C/alr/MLP/seed=61 RMSE=196.615 (7.4s) ETA 1.08h
[1285/1920] opx_only/T_C/pwlr/RF/seed=46 RMSE=164.498 (3.9s) ETA 1.07h
[1290/1920] opx_only/T_C/pwlr/RF/seed=51 RMSE=163.323 (4.2s) ETA 1.06h
[1295/1920] opx_only/T_C/pwlr/RF/seed=56 RMSE=164.202 (4.0s) ETA 1.05h
[1300/1920] opx_only/T_C/pwlr/RF/seed=61 RMSE=163.483 (4.3s) ETA 1.04h
[1305/1920] opx_only/T_C/pwlr/ERT/seed=46 RMSE=170.028 (4.5s) ETA 1.03h
[1310/1920] opx_only/T_C/pwlr/ERT/seed=51 RMSE=168.911 (4.6s) ETA 1.02h
[1315/1920] opx_only/T_C/pwlr/ERT/seed=56 RMSE=168.247 (4.6s) ETA 1.01h
[1320/1920] opx_only/T_C/pwlr/ERT/seed=61 RMSE=169.781 (4.7s) ETA 1.00h
[1325/1920] opx_only/T_C/pwlr/XGB/seed=46 RMSE=164.386 (7.1s) ETA 1.00h
[1330/1920] opx_only/T_C/pwlr/XGB/seed=51 RMSE=160.704 (8.0s) ETA 0.99h
[1335/1920] opx_only/T_C/pwlr/XGB/seed=56 RMSE=164.604 (7.0s) ETA 0.98h
[1340/1920] opx_only/T_C/pwlr/XGB/seed=61 RMSE=163.455 (7.2s) ETA 0.97h
[1345/1920] opx_only/T_C/pwlr/GB/seed=46 RMSE=170.149 (9.4s) ETA 0.97h
[1350/1920] opx_only/T_C/pwlr/GB/seed=51 RMSE=165.054 (10.0s) ETA 0.96h
[1355/1920] opx_only/T_C/pwlr/GB/seed=56 RMSE=171.464 (9.9s) ETA 0.96h
[1360/1920] opx_only/T_C/pwlr/GB/seed=61 RMSE=167.146 (9.4s) ETA 0.95h
[1365/1920] opx_only/T_C/pwlr/CatBoost/seed=46 RMSE=161.790 (12.4s) ETA 0.94h
[1370/1920] opx_only/T_C/pwlr/CatBoost/seed=51 RMSE=161.221 (14.4s) ETA 0.94h
[1375/1920] opx_only/T_C/pwlr/CatBoost/seed=56 RMSE=166.681 (13.1s) ETA 0.94h
[1380/1920] opx_only/T_C/pwlr/CatBoost/seed=61 RMSE=156.966 (13.2s) ETA 0.93h
[1385/1920] opx_only/T_C/pwlr/LightGBM/seed=46 RMSE=158.381 (1.4s) ETA 0.92h
[1390/1920] opx_only/T_C/pwlr/LightGBM/seed=51 RMSE=156.174 (1.6s) ETA 0.91h
[1395/1920] opx_only/T_C/pwlr/LightGBM/seed=56 RMSE=157.095 (1.4s) ETA 0.90h
[1400/1920] opx_only/T_C/pwlr/LightGBM/seed=61 RMSE=159.055 (1.5s) ETA 0.89h
[1405/1920] opx_only/T_C/pwlr/ElasticNet/seed=46 RMSE=179.150 (85.3s) ETA 0.92h
[1410/1920] opx_only/T_C/pwlr/ElasticNet/seed=51 RMSE=178.992 (111.3s) ETA 0.96h
[1415/1920] opx_only/T_C/pwlr/ElasticNet/seed=56 RMSE=179.310 (112.0s) ETA 1.00h
[1420/1920] opx_only/T_C/pwlr/ElasticNet/seed=61 RMSE=179.787 (127.9s) ETA 1.04h
[1425/1920] opx_only/T_C/pwlr/MLP/seed=46 RMSE=175.603 (103.9s) ETA 1.09h
[1430/1920] opx_only/T_C/pwlr/MLP/seed=51 RMSE=176.032 (116.4s) ETA 1.12h
[1435/1920] opx_only/T_C/pwlr/MLP/seed=56 RMSE=183.335 (124.7s) ETA 1.16h
[1440/1920] opx_only/T_C/pwlr/MLP/seed=61 RMSE=173.133 (85.7s) ETA 1.19h
[1445/1920] opx_only/P_kbar/raw/RF/seed=46 RMSE=12.929 (11.2s) ETA 1.18h
[1450/1920] opx_only/P_kbar/raw/RF/seed=51 RMSE=13.015 (11.1s) ETA 1.17h
[1455/1920] opx_only/P_kbar/raw/RF/seed=56 RMSE=12.992 (11.5s) ETA 1.16h
[1460/1920] opx_only/P_kbar/raw/RF/seed=61 RMSE=13.127 (11.3s) ETA 1.14h
[1465/1920] opx_only/P_kbar/raw/ERT/seed=46 RMSE=12.244 (3.8s) ETA 1.13h
[1470/1920] opx_only/P_kbar/raw/ERT/seed=51 RMSE=12.342 (3.7s) ETA 1.12h
[1475/1920] opx_only/P_kbar/raw/ERT/seed=56 RMSE=12.225 (3.6s) ETA 1.10h
[1480/1920] opx_only/P_kbar/raw/ERT/seed=61 RMSE=12.228 (3.6s) ETA 1.09h
[1485/1920] opx_only/P_kbar/raw/XGB/seed=46 RMSE=12.550 (0.7s) ETA 1.07h
[1490/1920] opx_only/P_kbar/raw/XGB/seed=51 RMSE=12.765 (0.7s) ETA 1.05h
[1495/1920] opx_only/P_kbar/raw/XGB/seed=56 RMSE=12.548 (0.7s) ETA 1.04h
[1500/1920] opx_only/P_kbar/raw/XGB/seed=61 RMSE=12.750 (0.7s) ETA 1.02h
[1505/1920] opx_only/P_kbar/raw/GB/seed=46 RMSE=12.982 (5.5s) ETA 1.01h
[1510/1920] opx_only/P_kbar/raw/GB/seed=51 RMSE=12.705 (5.3s) ETA 1.00h
[1515/1920] opx_only/P_kbar/raw/GB/seed=56 RMSE=12.400 (5.4s) ETA 0.98h
[1520/1920] opx_only/P_kbar/raw/GB/seed=61 RMSE=13.405 (5.3s) ETA 0.97h
[1525/1920] opx_only/P_kbar/raw/CatBoost/seed=46 RMSE=12.279 (8.5s) ETA 0.96h
[1530/1920] opx_only/P_kbar/raw/CatBoost/seed=51 RMSE=12.395 (8.7s) ETA 0.95h
[1535/1920] opx_only/P_kbar/raw/CatBoost/seed=56 RMSE=12.263 (8.5s) ETA 0.93h
[1540/1920] opx_only/P_kbar/raw/CatBoost/seed=61 RMSE=12.075 (8.4s) ETA 0.92h
[1545/1920] opx_only/P_kbar/raw/LightGBM/seed=46 RMSE=13.053 (1.1s) ETA 0.91h
[1550/1920] opx_only/P_kbar/raw/LightGBM/seed=51 RMSE=13.072 (1.2s) ETA 0.89h
[1555/1920] opx_only/P_kbar/raw/LightGBM/seed=56 RMSE=12.614 (1.2s) ETA 0.88h
[1560/1920] opx_only/P_kbar/raw/LightGBM/seed=61 RMSE=13.195 (1.2s) ETA 0.86h
[1565/1920] opx_only/P_kbar/raw/ElasticNet/seed=46 RMSE=13.460 (2.2s) ETA 0.85h
[1570/1920] opx_only/P_kbar/raw/ElasticNet/seed=51 RMSE=13.472 (2.1s) ETA 0.84h
[1575/1920] opx_only/P_kbar/raw/ElasticNet/seed=56 RMSE=13.469 (3.3s) ETA 0.82h
[1580/1920] opx_only/P_kbar/raw/ElasticNet/seed=61 RMSE=13.469 (2.5s) ETA 0.81h
[1585/1920] opx_only/P_kbar/raw/MLP/seed=46 RMSE=15.076 (16.1s) ETA 0.80h
[1590/1920] opx_only/P_kbar/raw/MLP/seed=51 RMSE=14.433 (10.8s) ETA 0.79h
[1595/1920] opx_only/P_kbar/raw/MLP/seed=56 RMSE=14.987 (7.6s) ETA 0.77h
[1600/1920] opx_only/P_kbar/raw/MLP/seed=61 RMSE=14.269 (8.8s) ETA 0.76h
[1605/1920] opx_only/P_kbar/alr/RF/seed=46 RMSE=13.859 (10.7s) ETA 0.75h
[1610/1920] opx_only/P_kbar/alr/RF/seed=51 RMSE=14.018 (11.1s) ETA 0.74h
[1615/1920] opx_only/P_kbar/alr/RF/seed=56 RMSE=13.752 (10.6s) ETA 0.73h
[1620/1920] opx_only/P_kbar/alr/RF/seed=61 RMSE=13.941 (10.7s) ETA 0.72h
[1625/1920] opx_only/P_kbar/alr/ERT/seed=46 RMSE=12.833 (1.0s) ETA 0.70h
[1630/1920] opx_only/P_kbar/alr/ERT/seed=51 RMSE=12.955 (1.1s) ETA 0.69h
[1635/1920] opx_only/P_kbar/alr/ERT/seed=56 RMSE=13.078 (1.1s) ETA 0.68h
[1640/1920] opx_only/P_kbar/alr/ERT/seed=61 RMSE=13.046 (1.1s) ETA 0.66h
[1645/1920] opx_only/P_kbar/alr/XGB/seed=46 RMSE=13.549 (1.4s) ETA 0.65h
[1650/1920] opx_only/P_kbar/alr/XGB/seed=51 RMSE=13.464 (1.6s) ETA 0.64h
[1655/1920] opx_only/P_kbar/alr/XGB/seed=56 RMSE=13.528 (1.4s) ETA 0.62h
[1660/1920] opx_only/P_kbar/alr/XGB/seed=61 RMSE=13.467 (1.3s) ETA 0.61hC:\Users\NQTa\Documents\MLCourse\Final Project\.venv\Lib\site-packages\sklearn\utils\validation.py:2691: UserWarning: X does not have valid feature names, but LGBMRegressor was fitted with feature names
  warnings.warn(
C:\Users\NQTa\Documents\MLCourse\Final Project\.venv\Lib\site-packages\sklearn\utils\validation.py:2691: UserWarning: X does not have valid feature names, but LGBMRegressor was fitted with feature names
  warnings.warn(
C:\Users\NQTa\Documents\MLCourse\Final Project\.venv\Lib\site-packages\sklearn\utils\validation.py:2691: UserWarning: X does not have valid feature names, but LGBMRegressor was fitted with feature names
  warnings.warn(
C:\Users\NQTa\Documents\MLCourse\Final Project\.venv\Lib\site-packages\sklearn\utils\validation.py:2691: UserWarning: X does not have valid feature names, but LGBMRegressor was fitted with feature names
  warnings.warn(
C:\Users\NQTa\Documents\MLCourse\Final Project\.venv\Lib\site-packages\sklearn\utils\validation.py:2691: UserWarning: X does not have valid feature names, but LGBMRegressor was fitted with feature names
  warnings.warn(
C:\Users\NQTa\Documents\MLCourse\Final Project\.venv\Lib\site-packages\sklearn\utils\validation.py:2691: UserWarning: X does not have valid feature names, but LGBMRegressor was fitted with feature names
  warnings.warn(
C:\Users\NQTa\Documents\MLCourse\Final Project\.venv\Lib\site-packages\sklearn\utils\validation.py:2691: UserWarning: X does not have valid feature names, but LGBMRegressor was fitted with feature names
  warnings.warn(
C:\Users\NQTa\Documents\MLCourse\Final Project\.venv\Lib\site-packages\sklearn\utils\validation.py:2691: UserWarning: X does not have valid feature names, but LGBMRegressor was fitted with feature names
  warnings.warn(
C:\Users\NQTa\Documents\MLCourse\Final Project\.venv\Lib\site-packages\sklearn\utils\validation.py:2691: UserWarning: X does not have valid feature names, but LGBMRegressor was fitted with feature names
  warnings.warn(
C:\Users\NQTa\Documents\MLCourse\Final Project\.venv\Lib\site-packages\sklearn\utils\validation.py:2691: UserWarning: X does not have valid feature names, but LGBMRegressor was fitted with feature names
  warnings.warn(
C:\Users\NQTa\Documents\MLCourse\Final Project\.venv\Lib\site-packages\sklearn\utils\validation.py:2691: UserWarning: X does not have valid feature names, but LGBMRegressor was fitted with feature names
  warnings.warn(
C:\Users\NQTa\Documents\MLCourse\Final Project\.venv\Lib\site-packages\sklearn\utils\validation.py:2691: UserWarning: X does not have valid feature names, but LGBMRegressor was fitted with feature names
  warnings.warn(
C:\Users\NQTa\Documents\MLCourse\Final Project\.venv\Lib\site-packages\sklearn\utils\validation.py:2691: UserWarning: X does not have valid feature names, but LGBMRegressor was fitted with feature names
  warnings.warn(
C:\Users\NQTa\Documents\MLCourse\Final Project\.venv\Lib\site-packages\sklearn\utils\validation.py:2691: UserWarning: X does not have valid feature names, but LGBMRegressor was fitted with feature names
  warnings.warn(
C:\Users\NQTa\Documents\MLCourse\Final Project\.venv\Lib\site-packages\sklearn\utils\validation.py:2691: UserWarning: X does not have valid feature names, but LGBMRegressor was fitted with feature names
  warnings.warn(
C:\Users\NQTa\Documents\MLCourse\Final Project\.venv\Lib\site-packages\sklearn\utils\validation.py:2691: UserWarning: X does not have valid feature names, but LGBMRegressor was fitted with feature names
  warnings.warn(
C:\Users\NQTa\Documents\MLCourse\Final Project\.venv\Lib\site-packages\sklearn\utils\validation.py:2691: UserWarning: X does not have valid feature names, but LGBMRegressor was fitted with feature names
  warnings.warn(
C:\Users\NQTa\Documents\MLCourse\Final Project\.venv\Lib\site-packages\sklearn\utils\validation.py:2691: UserWarning: X does not have valid feature names, but LGBMRegressor was fitted with feature names
  warnings.warn(
C:\Users\NQTa\Documents\MLCourse\Final Project\.venv\Lib\site-packages\sklearn\utils\validation.py:2691: UserWarning: X does not have valid feature names, but LGBMRegressor was fitted with feature names
  warnings.warn(
C:\Users\NQTa\Documents\MLCourse\Final Project\.venv\Lib\site-packages\sklearn\utils\validation.py:2691: UserWarning: X does not have valid feature names, but LGBMRegressor was fitted with feature names
  warnings.warn(
C:\Users\NQTa\Documents\MLCourse\Final Project\.venv\Lib\site-packages\sklearn\neural_network\_multilayer_perceptron.py:785: ConvergenceWarning: Stochastic Optimizer: Maximum iterations (500) reached and the optimization hasn't converged yet.
  warnings.warn(
C:\Users\NQTa\Documents\MLCourse\Final Project\.venv\Lib\site-packages\sklearn\neural_network\_multilayer_perceptron.py:785: ConvergenceWarning: Stochastic Optimizer: Maximum iterations (500) reached and the optimization hasn't converged yet.
  warnings.warn(
C:\Users\NQTa\Documents\MLCourse\Final Project\.venv\Lib\site-packages\sklearn\neural_network\_multilayer_perceptron.py:785: ConvergenceWarning: Stochastic Optimizer: Maximum iterations (500) reached and the optimization hasn't converged yet.
  warnings.warn(
C:\Users\NQTa\Documents\MLCourse\Final Project\.venv\Lib\site-packages\sklearn\neural_network\_multilayer_perceptron.py:785: ConvergenceWarning: Stochastic Optimizer: Maximum iterations (500) reached and the optimization hasn't converged yet.
  warnings.warn(
C:\Users\NQTa\Documents\MLCourse\Final Project\.venv\Lib\site-packages\sklearn\utils\validation.py:2691: UserWarning: X does not have valid feature names, but LGBMRegressor was fitted with feature names
  warnings.warn(
C:\Users\NQTa\Documents\MLCourse\Final Project\.venv\Lib\site-packages\sklearn\utils\validation.py:2691: UserWarning: X does not have valid feature names, but LGBMRegressor was fitted with feature names
  warnings.warn(
C:\Users\NQTa\Documents\MLCourse\Final Project\.venv\Lib\site-packages\sklearn\utils\validation.py:2691: UserWarning: X does not have valid feature names, but LGBMRegressor was fitted with feature names
  warnings.warn(
C:\Users\NQTa\Documents\MLCourse\Final Project\.venv\Lib\site-packages\sklearn\utils\validation.py:2691: UserWarning: X does not have valid feature names, but LGBMRegressor was fitted with feature names
  warnings.warn(
C:\Users\NQTa\Documents\MLCourse\Final Project\.venv\Lib\site-packages\sklearn\utils\validation.py:2691: UserWarning: X does not have valid feature names, but LGBMRegressor was fitted with feature names
  warnings.warn(
C:\Users\NQTa\Documents\MLCourse\Final Project\.venv\Lib\site-packages\sklearn\utils\validation.py:2691: UserWarning: X does not have valid feature names, but LGBMRegressor was fitted with feature names
  warnings.warn(
C:\Users\NQTa\Documents\MLCourse\Final Project\.venv\Lib\site-packages\sklearn\utils\validation.py:2691: UserWarning: X does not have valid feature names, but LGBMRegressor was fitted with feature names
  warnings.warn(
C:\Users\NQTa\Documents\MLCourse\Final Project\.venv\Lib\site-packages\sklearn\utils\validation.py:2691: UserWarning: X does not have valid feature names, but LGBMRegressor was fitted with feature names
  warnings.warn(
C:\Users\NQTa\Documents\MLCourse\Final Project\.venv\Lib\site-packages\sklearn\utils\validation.py:2691: UserWarning: X does not have valid feature names, but LGBMRegressor was fitted with feature names
  warnings.warn(
C:\Users\NQTa\Documents\MLCourse\Final Project\.venv\Lib\site-packages\sklearn\utils\validation.py:2691: UserWarning: X does not have valid feature names, but LGBMRegressor was fitted with feature names
  warnings.warn(
C:\Users\NQTa\Documents\MLCourse\Final Project\.venv\Lib\site-packages\sklearn\utils\validation.py:2691: UserWarning: X does not have valid feature names, but LGBMRegressor was fitted with feature names
  warnings.warn(
C:\Users\NQTa\Documents\MLCourse\Final Project\.venv\Lib\site-packages\sklearn\utils\validation.py:2691: UserWarning: X does not have valid feature names, but LGBMRegressor was fitted with feature names
  warnings.warn(
C:\Users\NQTa\Documents\MLCourse\Final Project\.venv\Lib\site-packages\sklearn\utils\validation.py:2691: UserWarning: X does not have valid feature names, but LGBMRegressor was fitted with feature names
  warnings.warn(
C:\Users\NQTa\Documents\MLCourse\Final Project\.venv\Lib\site-packages\sklearn\utils\validation.py:2691: UserWarning: X does not have valid feature names, but LGBMRegressor was fitted with feature names
  warnings.warn(
C:\Users\NQTa\Documents\MLCourse\Final Project\.venv\Lib\site-packages\sklearn\utils\validation.py:2691: UserWarning: X does not have valid feature names, but LGBMRegressor was fitted with feature names
  warnings.warn(
C:\Users\NQTa\Documents\MLCourse\Final Project\.venv\Lib\site-packages\sklearn\utils\validation.py:2691: UserWarning: X does not have valid feature names, but LGBMRegressor was fitted with feature names
  warnings.warn(
C:\Users\NQTa\Documents\MLCourse\Final Project\.venv\Lib\site-packages\sklearn\utils\validation.py:2691: UserWarning: X does not have valid feature names, but LGBMRegressor was fitted with feature names
  warnings.warn(
C:\Users\NQTa\Documents\MLCourse\Final Project\.venv\Lib\site-packages\sklearn\utils\validation.py:2691: UserWarning: X does not have valid feature names, but LGBMRegressor was fitted with feature names
  warnings.warn(
C:\Users\NQTa\Documents\MLCourse\Final Project\.venv\Lib\site-packages\sklearn\utils\validation.py:2691: UserWarning: X does not have valid feature names, but LGBMRegressor was fitted with feature names
  warnings.warn(
C:\Users\NQTa\Documents\MLCourse\Final Project\.venv\Lib\site-packages\sklearn\utils\validation.py:2691: UserWarning: X does not have valid feature names, but LGBMRegressor was fitted with feature names
  warnings.warn(

[1665/1920] opx_only/P_kbar/alr/GB/seed=46 RMSE=13.384 (3.8s) ETA 0.60h
[1670/1920] opx_only/P_kbar/alr/GB/seed=51 RMSE=13.169 (3.9s) ETA 0.58h
[1675/1920] opx_only/P_kbar/alr/GB/seed=56 RMSE=13.634 (3.9s) ETA 0.57h
[1680/1920] opx_only/P_kbar/alr/GB/seed=61 RMSE=13.688 (3.9s) ETA 0.56h
[1685/1920] opx_only/P_kbar/alr/CatBoost/seed=46 RMSE=14.561 (25.1s) ETA 0.55h
[1690/1920] opx_only/P_kbar/alr/CatBoost/seed=51 RMSE=14.448 (25.1s) ETA 0.54h
[1695/1920] opx_only/P_kbar/alr/CatBoost/seed=56 RMSE=14.345 (26.6s) ETA 0.53h
[1700/1920] opx_only/P_kbar/alr/CatBoost/seed=61 RMSE=14.086 (25.3s) ETA 0.52h
[1705/1920] opx_only/P_kbar/alr/LightGBM/seed=46 RMSE=13.781 (3.3s) ETA 0.51h
[1710/1920] opx_only/P_kbar/alr/LightGBM/seed=51 RMSE=14.050 (3.2s) ETA 0.50h
[1715/1920] opx_only/P_kbar/alr/LightGBM/seed=56 RMSE=13.745 (3.2s) ETA 0.49h
[1720/1920] opx_only/P_kbar/alr/LightGBM/seed=61 RMSE=13.780 (3.2s) ETA 0.47h
[1725/1920] opx_only/P_kbar/alr/ElasticNet/seed=46 RMSE=13.363 (0.1s) ETA 0.46h
[1730/1920] opx_only/P_kbar/alr/ElasticNet/seed=51 RMSE=13.363 (0.1s) ETA 0.45h
[1735/1920] opx_only/P_kbar/alr/ElasticNet/seed=56 RMSE=13.365 (0.1s) ETA 0.43h
[1740/1920] opx_only/P_kbar/alr/ElasticNet/seed=61 RMSE=13.366 (0.1s) ETA 0.42h
[1745/1920] opx_only/P_kbar/alr/MLP/seed=46 RMSE=13.998 (157.6s) ETA 0.44h
[1750/1920] opx_only/P_kbar/alr/MLP/seed=51 RMSE=12.064 (169.9s) ETA 0.45h
[1755/1920] opx_only/P_kbar/alr/MLP/seed=56 RMSE=13.172 (178.9s) ETA 0.46h
[1760/1920] opx_only/P_kbar/alr/MLP/seed=61 RMSE=11.292 (194.4s) ETA 0.47h
[1765/1920] opx_only/P_kbar/pwlr/RF/seed=46 RMSE=12.432 (24.3s) ETA 0.46h
[1770/1920] opx_only/P_kbar/pwlr/RF/seed=51 RMSE=12.167 (24.4s) ETA 0.45h
[1775/1920] opx_only/P_kbar/pwlr/RF/seed=56 RMSE=12.651 (25.7s) ETA 0.43h
[1780/1920] opx_only/P_kbar/pwlr/RF/seed=61 RMSE=12.263 (27.9s) ETA 0.42h
[1785/1920] opx_only/P_kbar/pwlr/ERT/seed=46 RMSE=11.115 (2.6s) ETA 0.40h
[1790/1920] opx_only/P_kbar/pwlr/ERT/seed=51 RMSE=11.366 (2.3s) ETA 0.39h
[1795/1920] opx_only/P_kbar/pwlr/ERT/seed=56 RMSE=11.046 (2.5s) ETA 0.37h
[1800/1920] opx_only/P_kbar/pwlr/ERT/seed=61 RMSE=11.139 (2.6s) ETA 0.36h
[1805/1920] opx_only/P_kbar/pwlr/XGB/seed=46 RMSE=12.425 (7.2s) ETA 0.34h
[1810/1920] opx_only/P_kbar/pwlr/XGB/seed=51 RMSE=12.692 (7.3s) ETA 0.33h
[1815/1920] opx_only/P_kbar/pwlr/XGB/seed=56 RMSE=12.235 (6.5s) ETA 0.31h
[1820/1920] opx_only/P_kbar/pwlr/XGB/seed=61 RMSE=12.834 (8.4s) ETA 0.30h
[1825/1920] opx_only/P_kbar/pwlr/GB/seed=46 RMSE=12.668 (4.9s) ETA 0.28h
[1830/1920] opx_only/P_kbar/pwlr/GB/seed=51 RMSE=12.691 (3.2s) ETA 0.27h
[1835/1920] opx_only/P_kbar/pwlr/GB/seed=56 RMSE=12.739 (3.0s) ETA 0.25h
[1840/1920] opx_only/P_kbar/pwlr/GB/seed=61 RMSE=12.687 (3.1s) ETA 0.23h
[1845/1920] opx_only/P_kbar/pwlr/CatBoost/seed=46 RMSE=11.826 (51.1s) ETA 0.22h
[1850/1920] opx_only/P_kbar/pwlr/CatBoost/seed=51 RMSE=11.682 (53.6s) ETA 0.21h
[1855/1920] opx_only/P_kbar/pwlr/CatBoost/seed=56 RMSE=11.752 (55.8s) ETA 0.20h
[1860/1920] opx_only/P_kbar/pwlr/CatBoost/seed=61 RMSE=11.603 (57.1s) ETA 0.18h
[1865/1920] opx_only/P_kbar/pwlr/LightGBM/seed=46 RMSE=13.533 (5.8s) ETA 0.17h
[1870/1920] opx_only/P_kbar/pwlr/LightGBM/seed=51 RMSE=12.831 (5.1s) ETA 0.15h
[1875/1920] opx_only/P_kbar/pwlr/LightGBM/seed=56 RMSE=13.836 (5.8s) ETA 0.14h
[1880/1920] opx_only/P_kbar/pwlr/LightGBM/seed=61 RMSE=13.170 (5.4s) ETA 0.12h
[1885/1920] opx_only/P_kbar/pwlr/ElasticNet/seed=46 RMSE=13.321 (0.2s) ETA 0.11h
[1890/1920] opx_only/P_kbar/pwlr/ElasticNet/seed=51 RMSE=13.324 (0.2s) ETA 0.09h
[1895/1920] opx_only/P_kbar/pwlr/ElasticNet/seed=56 RMSE=13.323 (0.2s) ETA 0.08h
[1900/1920] opx_only/P_kbar/pwlr/ElasticNet/seed=61 RMSE=13.321 (0.2s) ETA 0.06h
[1905/1920] opx_only/P_kbar/pwlr/MLP/seed=46 RMSE=14.003 (98.5s) ETA 0.05h
[1910/1920] opx_only/P_kbar/pwlr/MLP/seed=51 RMSE=13.828 (45.0s) ETA 0.03h
[1915/1920] opx_only/P_kbar/pwlr/MLP/seed=56 RMSE=12.152 (37.9s) ETA 0.02h
[1920/1920] opx_only/P_kbar/pwlr/MLP/seed=61 RMSE=13.195 (48.3s) ETA 0.00h
---
Processed 1920 cells this run, skipped 0 already-done.
Total in CSV now: 1920.
Wall: 21909.5s (6.09h).
