Selected 4 winners:
  opx_liq/P_kbar: MLP/raw (baseline 4.404)
  opx_liq/T_C: ElasticNet/raw (baseline 77.062)
  opx_only/P_kbar: RF/pwlr (baseline 10.347)
  opx_only/T_C: LightGBM/alr (baseline 146.627)
[  1/80] opx_liq/P_kbar/MLP/raw seed=42 winner=A pre=6.412 A=3.235 B=6.532 (19.0s) ETA 25.1m
[  2/80] opx_liq/P_kbar/MLP/raw seed=43 winner=A pre=5.363 A=2.955 B=5.824 (21.6s) ETA 26.4m
[  3/80] opx_liq/P_kbar/MLP/raw seed=44 winner=A pre=7.175 A=3.501 B=7.152 (20.6s) ETA 26.2m
[  4/80] opx_liq/P_kbar/MLP/raw seed=45 winner=A pre=5.672 A=3.090 B=5.828 (19.5s) ETA 25.6m
[  5/80] opx_liq/P_kbar/MLP/raw seed=46 winner=A pre=5.945 A=2.927 B=5.845 (19.6s) ETA 25.1m
[  6/80] opx_liq/P_kbar/MLP/raw seed=47 winner=none pre=4.850 A=2.609 B=5.013 (24.7s) ETA 25.7m
[  7/80] opx_liq/P_kbar/MLP/raw seed=48 winner=A pre=6.065 A=3.236 B=6.032 (21.6s) ETA 25.5m
[  8/80] opx_liq/P_kbar/MLP/raw seed=49 winner=A pre=5.803 A=2.895 B=6.084 (21.0s) ETA 25.2m
[  9/80] opx_liq/P_kbar/MLP/raw seed=50 winner=none pre=5.782 A=2.837 B=6.342 (22.4s) ETA 25.0m
[ 10/80] opx_liq/P_kbar/MLP/raw seed=51 winner=A pre=6.505 A=3.575 B=6.578 (20.8s) ETA 24.6m
[ 11/80] opx_liq/P_kbar/MLP/raw seed=52 winner=A pre=5.936 A=2.896 B=5.616 (22.2s) ETA 24.4m
[ 12/80] opx_liq/P_kbar/MLP/raw seed=53 winner=none pre=6.323 A=2.911 B=6.346 (22.4s) ETA 24.1m
[ 13/80] opx_liq/P_kbar/MLP/raw seed=54 winner=A pre=5.858 A=3.093 B=5.873 (19.4s) ETA 23.6m
[ 14/80] opx_liq/P_kbar/MLP/raw seed=55 winner=A pre=5.132 A=2.664 B=5.376 (25.0s) ETA 23.6m
[ 15/80] opx_liq/P_kbar/MLP/raw seed=56 winner=A pre=6.136 A=3.150 B=6.333 (40.5s) ETA 24.6m
[ 16/80] opx_liq/P_kbar/MLP/raw seed=57 winner=A pre=5.625 A=3.043 B=5.955 (38.2s) ETA 25.2m
[ 17/80] opx_liq/P_kbar/MLP/raw seed=58 winner=A pre=6.020 A=3.294 B=6.282 (32.6s) ETA 25.4m
[ 18/80] opx_liq/P_kbar/MLP/raw seed=59 winner=A pre=5.131 A=2.984 B=5.300 (34.6s) ETA 25.6m
[ 19/80] opx_liq/P_kbar/MLP/raw seed=60 winner=A pre=5.726 A=3.258 B=5.989 (33.1s) ETA 25.6m
[ 20/80] opx_liq/P_kbar/MLP/raw seed=61 winner=A pre=5.317 A=3.120 B=5.454 (52.7s) ETA 26.6m
[ 21/80] opx_liq/T_C/ElasticNet/raw seed=42 winner=none pre=77.086 A=77.234 B=76.421 (0.4s) ETA 24.9m
[ 22/80] opx_liq/T_C/ElasticNet/raw seed=43 winner=none pre=77.188 A=77.697 B=76.600 (0.4s) ETA 23.4m
[ 23/80] opx_liq/T_C/ElasticNet/raw seed=44 winner=none pre=77.246 A=78.083 B=76.549 (0.5s) ETA 22.0m
[ 24/80] opx_liq/T_C/ElasticNet/raw seed=45 winner=none pre=77.187 A=78.134 B=76.456 (0.4s) ETA 20.7m
[ 25/80] opx_liq/T_C/ElasticNet/raw seed=46 winner=none pre=77.085 A=77.164 B=76.404 (0.4s) ETA 19.6m
[ 26/80] opx_liq/T_C/ElasticNet/raw seed=47 winner=none pre=77.416 A=77.542 B=76.711 (0.4s) ETA 18.5m
[ 27/80] opx_liq/T_C/ElasticNet/raw seed=48 winner=none pre=77.121 A=77.950 B=76.491 (0.5s) ETA 17.5m
[ 28/80] opx_liq/T_C/ElasticNet/raw seed=49 winner=none pre=77.196 A=77.832 B=76.552 (0.5s) ETA 16.6m
[ 29/80] opx_liq/T_C/ElasticNet/raw seed=50 winner=none pre=77.180 A=77.655 B=76.455 (0.4s) ETA 15.7m
[ 30/80] opx_liq/T_C/ElasticNet/raw seed=51 winner=none pre=77.096 A=77.231 B=76.422 (0.4s) ETA 14.9m
[ 31/80] opx_liq/T_C/ElasticNet/raw seed=52 winner=none pre=77.274 A=77.340 B=76.568 (0.7s) ETA 14.1m
[ 32/80] opx_liq/T_C/ElasticNet/raw seed=53 winner=none pre=77.370 A=77.809 B=76.717 (0.6s) ETA 13.4m
[ 33/80] opx_liq/T_C/ElasticNet/raw seed=54 winner=none pre=77.061 A=77.507 B=76.395 (0.6s) ETA 12.8m
[ 34/80] opx_liq/T_C/ElasticNet/raw seed=55 winner=none pre=77.149 A=77.643 B=76.490 (0.5s) ETA 12.1m
[ 35/80] opx_liq/T_C/ElasticNet/raw seed=56 winner=none pre=77.213 A=78.081 B=76.602 (0.6s) ETA 11.5m
[ 36/80] opx_liq/T_C/ElasticNet/raw seed=57 winner=none pre=77.367 A=78.131 B=76.652 (0.4s) ETA 11.0m
[ 37/80] opx_liq/T_C/ElasticNet/raw seed=58 winner=none pre=77.020 A=77.447 B=76.445 (0.3s) ETA 10.5m
[ 38/80] opx_liq/T_C/ElasticNet/raw seed=59 winner=none pre=77.103 A=77.908 B=76.387 (0.4s) ETA 9.9m
[ 39/80] opx_liq/T_C/ElasticNet/raw seed=60 winner=none pre=77.234 A=77.857 B=76.707 (0.4s) ETA 9.5m
[ 40/80] opx_liq/T_C/ElasticNet/raw seed=61 winner=none pre=77.209 A=77.638 B=76.462 (0.4s) ETA 9.0m
[ 41/80] opx_only/P_kbar/RF/pwlr seed=42 winner=A pre=12.463 A=5.962 B=12.458 (344.3s) ETA 14.0m
[ 42/80] opx_only/P_kbar/RF/pwlr seed=43 winner=A pre=12.295 A=5.948 B=12.408 (396.7s) ETA 19.3m
[ 43/80] opx_only/P_kbar/RF/pwlr seed=44 winner=A pre=12.299 A=5.958 B=12.348 (363.1s) ETA 23.6m
[ 44/80] opx_only/P_kbar/RF/pwlr seed=45 winner=A pre=12.119 A=5.942 B=12.432 (333.8s) ETA 27.0m
[ 45/80] opx_only/P_kbar/RF/pwlr seed=46 winner=A pre=12.432 A=5.944 B=12.621 (273.3s) ETA 29.2m
[ 46/80] opx_only/P_kbar/RF/pwlr seed=47 winner=A pre=11.753 A=5.935 B=11.928 (223.2s) ETA 30.5m
[ 47/80] opx_only/P_kbar/RF/pwlr seed=48 winner=A pre=11.841 A=5.935 B=11.981 (228.9s) ETA 31.6m
[ 48/80] opx_only/P_kbar/RF/pwlr seed=49 winner=A pre=12.482 A=5.969 B=12.568 (240.8s) ETA 32.7m
[ 49/80] opx_only/P_kbar/RF/pwlr seed=50 winner=A pre=12.249 A=5.937 B=12.414 (226.4s) ETA 33.4m
[ 50/80] opx_only/P_kbar/RF/pwlr seed=51 winner=A pre=12.167 A=5.941 B=12.168 (218.8s) ETA 33.9m
[ 51/80] opx_only/P_kbar/RF/pwlr seed=52 winner=A pre=12.035 A=5.930 B=12.102 (218.4s) ETA 34.2m
[ 52/80] opx_only/P_kbar/RF/pwlr seed=53 winner=A pre=12.080 A=5.954 B=12.177 (223.6s) ETA 34.4m
[ 53/80] opx_only/P_kbar/RF/pwlr seed=54 winner=A pre=12.229 A=5.936 B=12.192 (220.5s) ETA 34.4m
[ 54/80] opx_only/P_kbar/RF/pwlr seed=55 winner=A pre=12.398 A=5.948 B=12.589 (222.8s) ETA 34.3m
[ 55/80] opx_only/P_kbar/RF/pwlr seed=56 winner=A pre=12.651 A=5.965 B=12.533 (227.2s) ETA 34.1m
[ 56/80] opx_only/P_kbar/RF/pwlr seed=57 winner=A pre=12.167 A=5.950 B=12.303 (221.2s) ETA 33.7m
[ 57/80] opx_only/P_kbar/RF/pwlr seed=58 winner=A pre=12.093 A=5.954 B=12.178 (221.9s) ETA 33.3m
[ 58/80] opx_only/P_kbar/RF/pwlr seed=59 winner=A pre=12.281 A=5.966 B=12.325 (223.3s) ETA 32.7m
[ 59/80] opx_only/P_kbar/RF/pwlr seed=60 winner=A pre=12.379 A=5.976 B=12.361 (221.1s) ETA 32.0m
[ 60/80] opx_only/P_kbar/RF/pwlr seed=61 winner=A pre=12.263 A=5.976 B=12.294 (220.4s) ETA 31.2m
C:\Users\NQTa\Documents\MLCourse\Final Project\.venv\Lib\site-packages\sklearn\utils\validation.py:2691: UserWarning: X does not have valid feature names, but LGBMRegressor was fitted with feature names
  warnings.warn(
C:\Users\NQTa\Documents\MLCourse\Final Project\.venv\Lib\site-packages\sklearn\utils\validation.py:2691: UserWarning: X does not have valid feature names, but LGBMRegressor was fitted with feature names
  warnings.warn(
C:\Users\NQTa\Documents\MLCourse\Final Project\.venv\Lib\site-packages\sklearn\utils\validation.py:2691: UserWarning: X does not have valid feature names, but LGBMRegressor was fitted with feature names
  warnings.warn(
C:\Users\NQTa\Documents\MLCourse\Final Project\.venv\Lib\site-packages\sklearn\utils\validation.py:2691: UserWarning: X does not have valid feature names, but LGBMRegressor was fitted with feature names
  warnings.warn(
C:\Users\NQTa\Documents\MLCourse\Final Project\.venv\Lib\site-packages\sklearn\utils\validation.py:2691: UserWarning: X does not have valid feature names, but LGBMRegressor was fitted with feature names
  warnings.warn(
C:\Users\NQTa\Documents\MLCourse\Final Project\.venv\Lib\site-packages\sklearn\utils\validation.py:2691: UserWarning: X does not have valid feature names, but LGBMRegressor was fitted with feature names
  warnings.warn(
C:\Users\NQTa\Documents\MLCourse\Final Project\.venv\Lib\site-packages\sklearn\utils\validation.py:2691: UserWarning: X does not have valid feature names, but LGBMRegressor was fitted with feature names
  warnings.warn(
C:\Users\NQTa\Documents\MLCourse\Final Project\.venv\Lib\site-packages\sklearn\utils\validation.py:2691: UserWarning: X does not have valid feature names, but LGBMRegressor was fitted with feature names
  warnings.warn(
C:\Users\NQTa\Documents\MLCourse\Final Project\.venv\Lib\site-packages\sklearn\utils\validation.py:2691: UserWarning: X does not have valid feature names, but LGBMRegressor was fitted with feature names
  warnings.warn(
C:\Users\NQTa\Documents\MLCourse\Final Project\.venv\Lib\site-packages\sklearn\utils\validation.py:2691: UserWarning: X does not have valid feature names, but LGBMRegressor was fitted with feature names
  warnings.warn(
C:\Users\NQTa\Documents\MLCourse\Final Project\.venv\Lib\site-packages\sklearn\utils\validation.py:2691: UserWarning: X does not have valid feature names, but LGBMRegressor was fitted with feature names
  warnings.warn(
[ 61/80] opx_only/T_C/LightGBM/alr seed=42 winner=A pre=196.117 A=148.088 B=192.129 (20.4s) ETA 29.2m
C:\Users\NQTa\Documents\MLCourse\Final Project\.venv\Lib\site-packages\sklearn\utils\validation.py:2691: UserWarning: X does not have valid feature names, but LGBMRegressor was fitted with feature names
  warnings.warn(
C:\Users\NQTa\Documents\MLCourse\Final Project\.venv\Lib\site-packages\sklearn\utils\validation.py:2691: UserWarning: X does not have valid feature names, but LGBMRegressor was fitted with feature names
  warnings.warn(
C:\Users\NQTa\Documents\MLCourse\Final Project\.venv\Lib\site-packages\sklearn\utils\validation.py:2691: UserWarning: X does not have valid feature names, but LGBMRegressor was fitted with feature names
  warnings.warn(
C:\Users\NQTa\Documents\MLCourse\Final Project\.venv\Lib\site-packages\sklearn\utils\validation.py:2691: UserWarning: X does not have valid feature names, but LGBMRegressor was fitted with feature names
  warnings.warn(
C:\Users\NQTa\Documents\MLCourse\Final Project\.venv\Lib\site-packages\sklearn\utils\validation.py:2691: UserWarning: X does not have valid feature names, but LGBMRegressor was fitted with feature names
  warnings.warn(
C:\Users\NQTa\Documents\MLCourse\Final Project\.venv\Lib\site-packages\sklearn\utils\validation.py:2691: UserWarning: X does not have valid feature names, but LGBMRegressor was fitted with feature names
  warnings.warn(
C:\Users\NQTa\Documents\MLCourse\Final Project\.venv\Lib\site-packages\sklearn\utils\validation.py:2691: UserWarning: X does not have valid feature names, but LGBMRegressor was fitted with feature names
  warnings.warn(
C:\Users\NQTa\Documents\MLCourse\Final Project\.venv\Lib\site-packages\sklearn\utils\validation.py:2691: UserWarning: X does not have valid feature names, but LGBMRegressor was fitted with feature names
  warnings.warn(
C:\Users\NQTa\Documents\MLCourse\Final Project\.venv\Lib\site-packages\sklearn\utils\validation.py:2691: UserWarning: X does not have valid feature names, but LGBMRegressor was fitted with feature names
  warnings.warn(
C:\Users\NQTa\Documents\MLCourse\Final Project\.venv\Lib\site-packages\sklearn\utils\validation.py:2691: UserWarning: X does not have valid feature names, but LGBMRegressor was fitted with feature names
  warnings.warn(
C:\Users\NQTa\Documents\MLCourse\Final Project\.venv\Lib\site-packages\sklearn\utils\validation.py:2691: UserWarning: X does not have valid feature names, but LGBMRegressor was fitted with feature names
  warnings.warn(
[ 62/80] opx_only/T_C/LightGBM/alr seed=43 winner=A pre=195.225 A=148.934 B=190.498 (13.7s) ETA 27.3m
C:\Users\NQTa\Documents\MLCourse\Final Project\.venv\Lib\site-packages\sklearn\utils\validation.py:2691: UserWarning: X does not have valid feature names, but LGBMRegressor was fitted with feature names
  warnings.warn(
C:\Users\NQTa\Documents\MLCourse\Final Project\.venv\Lib\site-packages\sklearn\utils\validation.py:2691: UserWarning: X does not have valid feature names, but LGBMRegressor was fitted with feature names
  warnings.warn(
C:\Users\NQTa\Documents\MLCourse\Final Project\.venv\Lib\site-packages\sklearn\utils\validation.py:2691: UserWarning: X does not have valid feature names, but LGBMRegressor was fitted with feature names
  warnings.warn(
C:\Users\NQTa\Documents\MLCourse\Final Project\.venv\Lib\site-packages\sklearn\utils\validation.py:2691: UserWarning: X does not have valid feature names, but LGBMRegressor was fitted with feature names
  warnings.warn(
C:\Users\NQTa\Documents\MLCourse\Final Project\.venv\Lib\site-packages\sklearn\utils\validation.py:2691: UserWarning: X does not have valid feature names, but LGBMRegressor was fitted with feature names
  warnings.warn(
C:\Users\NQTa\Documents\MLCourse\Final Project\.venv\Lib\site-packages\sklearn\utils\validation.py:2691: UserWarning: X does not have valid feature names, but LGBMRegressor was fitted with feature names
  warnings.warn(
C:\Users\NQTa\Documents\MLCourse\Final Project\.venv\Lib\site-packages\sklearn\utils\validation.py:2691: UserWarning: X does not have valid feature names, but LGBMRegressor was fitted with feature names
  warnings.warn(
C:\Users\NQTa\Documents\MLCourse\Final Project\.venv\Lib\site-packages\sklearn\utils\validation.py:2691: UserWarning: X does not have valid feature names, but LGBMRegressor was fitted with feature names
  warnings.warn(
C:\Users\NQTa\Documents\MLCourse\Final Project\.venv\Lib\site-packages\sklearn\utils\validation.py:2691: UserWarning: X does not have valid feature names, but LGBMRegressor was fitted with feature names
  warnings.warn(
C:\Users\NQTa\Documents\MLCourse\Final Project\.venv\Lib\site-packages\sklearn\utils\validation.py:2691: UserWarning: X does not have valid feature names, but LGBMRegressor was fitted with feature names
  warnings.warn(
C:\Users\NQTa\Documents\MLCourse\Final Project\.venv\Lib\site-packages\sklearn\utils\validation.py:2691: UserWarning: X does not have valid feature names, but LGBMRegressor was fitted with feature names
  warnings.warn(
[ 63/80] opx_only/T_C/LightGBM/alr seed=44 winner=A pre=196.663 A=147.749 B=191.883 (11.8s) ETA 25.4m
C:\Users\NQTa\Documents\MLCourse\Final Project\.venv\Lib\site-packages\sklearn\utils\validation.py:2691: UserWarning: X does not have valid feature names, but LGBMRegressor was fitted with feature names
  warnings.warn(
C:\Users\NQTa\Documents\MLCourse\Final Project\.venv\Lib\site-packages\sklearn\utils\validation.py:2691: UserWarning: X does not have valid feature names, but LGBMRegressor was fitted with feature names
  warnings.warn(
C:\Users\NQTa\Documents\MLCourse\Final Project\.venv\Lib\site-packages\sklearn\utils\validation.py:2691: UserWarning: X does not have valid feature names, but LGBMRegressor was fitted with feature names
  warnings.warn(
C:\Users\NQTa\Documents\MLCourse\Final Project\.venv\Lib\site-packages\sklearn\utils\validation.py:2691: UserWarning: X does not have valid feature names, but LGBMRegressor was fitted with feature names
  warnings.warn(
C:\Users\NQTa\Documents\MLCourse\Final Project\.venv\Lib\site-packages\sklearn\utils\validation.py:2691: UserWarning: X does not have valid feature names, but LGBMRegressor was fitted with feature names
  warnings.warn(
C:\Users\NQTa\Documents\MLCourse\Final Project\.venv\Lib\site-packages\sklearn\utils\validation.py:2691: UserWarning: X does not have valid feature names, but LGBMRegressor was fitted with feature names
  warnings.warn(
C:\Users\NQTa\Documents\MLCourse\Final Project\.venv\Lib\site-packages\sklearn\utils\validation.py:2691: UserWarning: X does not have valid feature names, but LGBMRegressor was fitted with feature names
  warnings.warn(
C:\Users\NQTa\Documents\MLCourse\Final Project\.venv\Lib\site-packages\sklearn\utils\validation.py:2691: UserWarning: X does not have valid feature names, but LGBMRegressor was fitted with feature names
  warnings.warn(
C:\Users\NQTa\Documents\MLCourse\Final Project\.venv\Lib\site-packages\sklearn\utils\validation.py:2691: UserWarning: X does not have valid feature names, but LGBMRegressor was fitted with feature names
  warnings.warn(
C:\Users\NQTa\Documents\MLCourse\Final Project\.venv\Lib\site-packages\sklearn\utils\validation.py:2691: UserWarning: X does not have valid feature names, but LGBMRegressor was fitted with feature names
  warnings.warn(
C:\Users\NQTa\Documents\MLCourse\Final Project\.venv\Lib\site-packages\sklearn\utils\validation.py:2691: UserWarning: X does not have valid feature names, but LGBMRegressor was fitted with feature names
  warnings.warn(
[ 64/80] opx_only/T_C/LightGBM/alr seed=45 winner=A pre=197.786 A=149.724 B=193.235 (11.3s) ETA 23.6m
C:\Users\NQTa\Documents\MLCourse\Final Project\.venv\Lib\site-packages\sklearn\utils\validation.py:2691: UserWarning: X does not have valid feature names, but LGBMRegressor was fitted with feature names
  warnings.warn(
C:\Users\NQTa\Documents\MLCourse\Final Project\.venv\Lib\site-packages\sklearn\utils\validation.py:2691: UserWarning: X does not have valid feature names, but LGBMRegressor was fitted with feature names
  warnings.warn(
C:\Users\NQTa\Documents\MLCourse\Final Project\.venv\Lib\site-packages\sklearn\utils\validation.py:2691: UserWarning: X does not have valid feature names, but LGBMRegressor was fitted with feature names
  warnings.warn(
C:\Users\NQTa\Documents\MLCourse\Final Project\.venv\Lib\site-packages\sklearn\utils\validation.py:2691: UserWarning: X does not have valid feature names, but LGBMRegressor was fitted with feature names
  warnings.warn(
C:\Users\NQTa\Documents\MLCourse\Final Project\.venv\Lib\site-packages\sklearn\utils\validation.py:2691: UserWarning: X does not have valid feature names, but LGBMRegressor was fitted with feature names
  warnings.warn(
C:\Users\NQTa\Documents\MLCourse\Final Project\.venv\Lib\site-packages\sklearn\utils\validation.py:2691: UserWarning: X does not have valid feature names, but LGBMRegressor was fitted with feature names
  warnings.warn(
C:\Users\NQTa\Documents\MLCourse\Final Project\.venv\Lib\site-packages\sklearn\utils\validation.py:2691: UserWarning: X does not have valid feature names, but LGBMRegressor was fitted with feature names
  warnings.warn(
C:\Users\NQTa\Documents\MLCourse\Final Project\.venv\Lib\site-packages\sklearn\utils\validation.py:2691: UserWarning: X does not have valid feature names, but LGBMRegressor was fitted with feature names
  warnings.warn(
C:\Users\NQTa\Documents\MLCourse\Final Project\.venv\Lib\site-packages\sklearn\utils\validation.py:2691: UserWarning: X does not have valid feature names, but LGBMRegressor was fitted with feature names
  warnings.warn(
C:\Users\NQTa\Documents\MLCourse\Final Project\.venv\Lib\site-packages\sklearn\utils\validation.py:2691: UserWarning: X does not have valid feature names, but LGBMRegressor was fitted with feature names
  warnings.warn(
C:\Users\NQTa\Documents\MLCourse\Final Project\.venv\Lib\site-packages\sklearn\utils\validation.py:2691: UserWarning: X does not have valid feature names, but LGBMRegressor was fitted with feature names
  warnings.warn(
[ 65/80] opx_only/T_C/LightGBM/alr seed=46 winner=A pre=195.062 A=146.491 B=190.314 (18.6s) ETA 21.9m
C:\Users\NQTa\Documents\MLCourse\Final Project\.venv\Lib\site-packages\sklearn\utils\validation.py:2691: UserWarning: X does not have valid feature names, but LGBMRegressor was fitted with feature names
  warnings.warn(
C:\Users\NQTa\Documents\MLCourse\Final Project\.venv\Lib\site-packages\sklearn\utils\validation.py:2691: UserWarning: X does not have valid feature names, but LGBMRegressor was fitted with feature names
  warnings.warn(
C:\Users\NQTa\Documents\MLCourse\Final Project\.venv\Lib\site-packages\sklearn\utils\validation.py:2691: UserWarning: X does not have valid feature names, but LGBMRegressor was fitted with feature names
  warnings.warn(
C:\Users\NQTa\Documents\MLCourse\Final Project\.venv\Lib\site-packages\sklearn\utils\validation.py:2691: UserWarning: X does not have valid feature names, but LGBMRegressor was fitted with feature names
  warnings.warn(
C:\Users\NQTa\Documents\MLCourse\Final Project\.venv\Lib\site-packages\sklearn\utils\validation.py:2691: UserWarning: X does not have valid feature names, but LGBMRegressor was fitted with feature names
  warnings.warn(
C:\Users\NQTa\Documents\MLCourse\Final Project\.venv\Lib\site-packages\sklearn\utils\validation.py:2691: UserWarning: X does not have valid feature names, but LGBMRegressor was fitted with feature names
  warnings.warn(
C:\Users\NQTa\Documents\MLCourse\Final Project\.venv\Lib\site-packages\sklearn\utils\validation.py:2691: UserWarning: X does not have valid feature names, but LGBMRegressor was fitted with feature names
  warnings.warn(
C:\Users\NQTa\Documents\MLCourse\Final Project\.venv\Lib\site-packages\sklearn\utils\validation.py:2691: UserWarning: X does not have valid feature names, but LGBMRegressor was fitted with feature names
  warnings.warn(
C:\Users\NQTa\Documents\MLCourse\Final Project\.venv\Lib\site-packages\sklearn\utils\validation.py:2691: UserWarning: X does not have valid feature names, but LGBMRegressor was fitted with feature names
  warnings.warn(
C:\Users\NQTa\Documents\MLCourse\Final Project\.venv\Lib\site-packages\sklearn\utils\validation.py:2691: UserWarning: X does not have valid feature names, but LGBMRegressor was fitted with feature names
  warnings.warn(
C:\Users\NQTa\Documents\MLCourse\Final Project\.venv\Lib\site-packages\sklearn\utils\validation.py:2691: UserWarning: X does not have valid feature names, but LGBMRegressor was fitted with feature names
  warnings.warn(
[ 66/80] opx_only/T_C/LightGBM/alr seed=47 winner=A pre=192.868 A=147.191 B=188.597 (16.3s) ETA 20.2m
C:\Users\NQTa\Documents\MLCourse\Final Project\.venv\Lib\site-packages\sklearn\utils\validation.py:2691: UserWarning: X does not have valid feature names, but LGBMRegressor was fitted with feature names
  warnings.warn(
C:\Users\NQTa\Documents\MLCourse\Final Project\.venv\Lib\site-packages\sklearn\utils\validation.py:2691: UserWarning: X does not have valid feature names, but LGBMRegressor was fitted with feature names
  warnings.warn(
C:\Users\NQTa\Documents\MLCourse\Final Project\.venv\Lib\site-packages\sklearn\utils\validation.py:2691: UserWarning: X does not have valid feature names, but LGBMRegressor was fitted with feature names
  warnings.warn(
C:\Users\NQTa\Documents\MLCourse\Final Project\.venv\Lib\site-packages\sklearn\utils\validation.py:2691: UserWarning: X does not have valid feature names, but LGBMRegressor was fitted with feature names
  warnings.warn(
C:\Users\NQTa\Documents\MLCourse\Final Project\.venv\Lib\site-packages\sklearn\utils\validation.py:2691: UserWarning: X does not have valid feature names, but LGBMRegressor was fitted with feature names
  warnings.warn(
C:\Users\NQTa\Documents\MLCourse\Final Project\.venv\Lib\site-packages\sklearn\utils\validation.py:2691: UserWarning: X does not have valid feature names, but LGBMRegressor was fitted with feature names
  warnings.warn(
C:\Users\NQTa\Documents\MLCourse\Final Project\.venv\Lib\site-packages\sklearn\utils\validation.py:2691: UserWarning: X does not have valid feature names, but LGBMRegressor was fitted with feature names
  warnings.warn(
C:\Users\NQTa\Documents\MLCourse\Final Project\.venv\Lib\site-packages\sklearn\utils\validation.py:2691: UserWarning: X does not have valid feature names, but LGBMRegressor was fitted with feature names
  warnings.warn(
C:\Users\NQTa\Documents\MLCourse\Final Project\.venv\Lib\site-packages\sklearn\utils\validation.py:2691: UserWarning: X does not have valid feature names, but LGBMRegressor was fitted with feature names
  warnings.warn(
C:\Users\NQTa\Documents\MLCourse\Final Project\.venv\Lib\site-packages\sklearn\utils\validation.py:2691: UserWarning: X does not have valid feature names, but LGBMRegressor was fitted with feature names
  warnings.warn(
C:\Users\NQTa\Documents\MLCourse\Final Project\.venv\Lib\site-packages\sklearn\utils\validation.py:2691: UserWarning: X does not have valid feature names, but LGBMRegressor was fitted with feature names
  warnings.warn(
[ 67/80] opx_only/T_C/LightGBM/alr seed=48 winner=A pre=194.387 A=145.130 B=190.195 (12.3s) ETA 18.5m
C:\Users\NQTa\Documents\MLCourse\Final Project\.venv\Lib\site-packages\sklearn\utils\validation.py:2691: UserWarning: X does not have valid feature names, but LGBMRegressor was fitted with feature names
  warnings.warn(
C:\Users\NQTa\Documents\MLCourse\Final Project\.venv\Lib\site-packages\sklearn\utils\validation.py:2691: UserWarning: X does not have valid feature names, but LGBMRegressor was fitted with feature names
  warnings.warn(
C:\Users\NQTa\Documents\MLCourse\Final Project\.venv\Lib\site-packages\sklearn\utils\validation.py:2691: UserWarning: X does not have valid feature names, but LGBMRegressor was fitted with feature names
  warnings.warn(
C:\Users\NQTa\Documents\MLCourse\Final Project\.venv\Lib\site-packages\sklearn\utils\validation.py:2691: UserWarning: X does not have valid feature names, but LGBMRegressor was fitted with feature names
  warnings.warn(
C:\Users\NQTa\Documents\MLCourse\Final Project\.venv\Lib\site-packages\sklearn\utils\validation.py:2691: UserWarning: X does not have valid feature names, but LGBMRegressor was fitted with feature names
  warnings.warn(
C:\Users\NQTa\Documents\MLCourse\Final Project\.venv\Lib\site-packages\sklearn\utils\validation.py:2691: UserWarning: X does not have valid feature names, but LGBMRegressor was fitted with feature names
  warnings.warn(
C:\Users\NQTa\Documents\MLCourse\Final Project\.venv\Lib\site-packages\sklearn\utils\validation.py:2691: UserWarning: X does not have valid feature names, but LGBMRegressor was fitted with feature names
  warnings.warn(
C:\Users\NQTa\Documents\MLCourse\Final Project\.venv\Lib\site-packages\sklearn\utils\validation.py:2691: UserWarning: X does not have valid feature names, but LGBMRegressor was fitted with feature names
  warnings.warn(
C:\Users\NQTa\Documents\MLCourse\Final Project\.venv\Lib\site-packages\sklearn\utils\validation.py:2691: UserWarning: X does not have valid feature names, but LGBMRegressor was fitted with feature names
  warnings.warn(
C:\Users\NQTa\Documents\MLCourse\Final Project\.venv\Lib\site-packages\sklearn\utils\validation.py:2691: UserWarning: X does not have valid feature names, but LGBMRegressor was fitted with feature names
  warnings.warn(
C:\Users\NQTa\Documents\MLCourse\Final Project\.venv\Lib\site-packages\sklearn\utils\validation.py:2691: UserWarning: X does not have valid feature names, but LGBMRegressor was fitted with feature names
  warnings.warn(
[ 68/80] opx_only/T_C/LightGBM/alr seed=49 winner=A pre=193.364 A=145.593 B=189.095 (11.5s) ETA 16.8m
C:\Users\NQTa\Documents\MLCourse\Final Project\.venv\Lib\site-packages\sklearn\utils\validation.py:2691: UserWarning: X does not have valid feature names, but LGBMRegressor was fitted with feature names
  warnings.warn(
C:\Users\NQTa\Documents\MLCourse\Final Project\.venv\Lib\site-packages\sklearn\utils\validation.py:2691: UserWarning: X does not have valid feature names, but LGBMRegressor was fitted with feature names
  warnings.warn(
C:\Users\NQTa\Documents\MLCourse\Final Project\.venv\Lib\site-packages\sklearn\utils\validation.py:2691: UserWarning: X does not have valid feature names, but LGBMRegressor was fitted with feature names
  warnings.warn(
C:\Users\NQTa\Documents\MLCourse\Final Project\.venv\Lib\site-packages\sklearn\utils\validation.py:2691: UserWarning: X does not have valid feature names, but LGBMRegressor was fitted with feature names
  warnings.warn(
C:\Users\NQTa\Documents\MLCourse\Final Project\.venv\Lib\site-packages\sklearn\utils\validation.py:2691: UserWarning: X does not have valid feature names, but LGBMRegressor was fitted with feature names
  warnings.warn(
C:\Users\NQTa\Documents\MLCourse\Final Project\.venv\Lib\site-packages\sklearn\utils\validation.py:2691: UserWarning: X does not have valid feature names, but LGBMRegressor was fitted with feature names
  warnings.warn(
C:\Users\NQTa\Documents\MLCourse\Final Project\.venv\Lib\site-packages\sklearn\utils\validation.py:2691: UserWarning: X does not have valid feature names, but LGBMRegressor was fitted with feature names
  warnings.warn(
C:\Users\NQTa\Documents\MLCourse\Final Project\.venv\Lib\site-packages\sklearn\utils\validation.py:2691: UserWarning: X does not have valid feature names, but LGBMRegressor was fitted with feature names
  warnings.warn(
C:\Users\NQTa\Documents\MLCourse\Final Project\.venv\Lib\site-packages\sklearn\utils\validation.py:2691: UserWarning: X does not have valid feature names, but LGBMRegressor was fitted with feature names
  warnings.warn(
C:\Users\NQTa\Documents\MLCourse\Final Project\.venv\Lib\site-packages\sklearn\utils\validation.py:2691: UserWarning: X does not have valid feature names, but LGBMRegressor was fitted with feature names
  warnings.warn(
C:\Users\NQTa\Documents\MLCourse\Final Project\.venv\Lib\site-packages\sklearn\utils\validation.py:2691: UserWarning: X does not have valid feature names, but LGBMRegressor was fitted with feature names
  warnings.warn(
[ 69/80] opx_only/T_C/LightGBM/alr seed=50 winner=A pre=192.640 A=144.328 B=188.220 (11.9s) ETA 15.2m
C:\Users\NQTa\Documents\MLCourse\Final Project\.venv\Lib\site-packages\sklearn\utils\validation.py:2691: UserWarning: X does not have valid feature names, but LGBMRegressor was fitted with feature names
  warnings.warn(
C:\Users\NQTa\Documents\MLCourse\Final Project\.venv\Lib\site-packages\sklearn\utils\validation.py:2691: UserWarning: X does not have valid feature names, but LGBMRegressor was fitted with feature names
  warnings.warn(
C:\Users\NQTa\Documents\MLCourse\Final Project\.venv\Lib\site-packages\sklearn\utils\validation.py:2691: UserWarning: X does not have valid feature names, but LGBMRegressor was fitted with feature names
  warnings.warn(
C:\Users\NQTa\Documents\MLCourse\Final Project\.venv\Lib\site-packages\sklearn\utils\validation.py:2691: UserWarning: X does not have valid feature names, but LGBMRegressor was fitted with feature names
  warnings.warn(
C:\Users\NQTa\Documents\MLCourse\Final Project\.venv\Lib\site-packages\sklearn\utils\validation.py:2691: UserWarning: X does not have valid feature names, but LGBMRegressor was fitted with feature names
  warnings.warn(
C:\Users\NQTa\Documents\MLCourse\Final Project\.venv\Lib\site-packages\sklearn\utils\validation.py:2691: UserWarning: X does not have valid feature names, but LGBMRegressor was fitted with feature names
  warnings.warn(
C:\Users\NQTa\Documents\MLCourse\Final Project\.venv\Lib\site-packages\sklearn\utils\validation.py:2691: UserWarning: X does not have valid feature names, but LGBMRegressor was fitted with feature names
  warnings.warn(
C:\Users\NQTa\Documents\MLCourse\Final Project\.venv\Lib\site-packages\sklearn\utils\validation.py:2691: UserWarning: X does not have valid feature names, but LGBMRegressor was fitted with feature names
  warnings.warn(
C:\Users\NQTa\Documents\MLCourse\Final Project\.venv\Lib\site-packages\sklearn\utils\validation.py:2691: UserWarning: X does not have valid feature names, but LGBMRegressor was fitted with feature names
  warnings.warn(
C:\Users\NQTa\Documents\MLCourse\Final Project\.venv\Lib\site-packages\sklearn\utils\validation.py:2691: UserWarning: X does not have valid feature names, but LGBMRegressor was fitted with feature names
  warnings.warn(
C:\Users\NQTa\Documents\MLCourse\Final Project\.venv\Lib\site-packages\sklearn\utils\validation.py:2691: UserWarning: X does not have valid feature names, but LGBMRegressor was fitted with feature names
  warnings.warn(
[ 70/80] opx_only/T_C/LightGBM/alr seed=51 winner=A pre=195.318 A=145.873 B=191.149 (12.5s) ETA 13.7m
C:\Users\NQTa\Documents\MLCourse\Final Project\.venv\Lib\site-packages\sklearn\utils\validation.py:2691: UserWarning: X does not have valid feature names, but LGBMRegressor was fitted with feature names
  warnings.warn(
C:\Users\NQTa\Documents\MLCourse\Final Project\.venv\Lib\site-packages\sklearn\utils\validation.py:2691: UserWarning: X does not have valid feature names, but LGBMRegressor was fitted with feature names
  warnings.warn(
C:\Users\NQTa\Documents\MLCourse\Final Project\.venv\Lib\site-packages\sklearn\utils\validation.py:2691: UserWarning: X does not have valid feature names, but LGBMRegressor was fitted with feature names
  warnings.warn(
C:\Users\NQTa\Documents\MLCourse\Final Project\.venv\Lib\site-packages\sklearn\utils\validation.py:2691: UserWarning: X does not have valid feature names, but LGBMRegressor was fitted with feature names
  warnings.warn(
C:\Users\NQTa\Documents\MLCourse\Final Project\.venv\Lib\site-packages\sklearn\utils\validation.py:2691: UserWarning: X does not have valid feature names, but LGBMRegressor was fitted with feature names
  warnings.warn(
C:\Users\NQTa\Documents\MLCourse\Final Project\.venv\Lib\site-packages\sklearn\utils\validation.py:2691: UserWarning: X does not have valid feature names, but LGBMRegressor was fitted with feature names
  warnings.warn(
C:\Users\NQTa\Documents\MLCourse\Final Project\.venv\Lib\site-packages\sklearn\utils\validation.py:2691: UserWarning: X does not have valid feature names, but LGBMRegressor was fitted with feature names
  warnings.warn(
C:\Users\NQTa\Documents\MLCourse\Final Project\.venv\Lib\site-packages\sklearn\utils\validation.py:2691: UserWarning: X does not have valid feature names, but LGBMRegressor was fitted with feature names
  warnings.warn(
C:\Users\NQTa\Documents\MLCourse\Final Project\.venv\Lib\site-packages\sklearn\utils\validation.py:2691: UserWarning: X does not have valid feature names, but LGBMRegressor was fitted with feature names
  warnings.warn(
C:\Users\NQTa\Documents\MLCourse\Final Project\.venv\Lib\site-packages\sklearn\utils\validation.py:2691: UserWarning: X does not have valid feature names, but LGBMRegressor was fitted with feature names
  warnings.warn(
C:\Users\NQTa\Documents\MLCourse\Final Project\.venv\Lib\site-packages\sklearn\utils\validation.py:2691: UserWarning: X does not have valid feature names, but LGBMRegressor was fitted with feature names
  warnings.warn(
[ 71/80] opx_only/T_C/LightGBM/alr seed=52 winner=A pre=196.999 A=149.288 B=192.089 (14.0s) ETA 12.2m
C:\Users\NQTa\Documents\MLCourse\Final Project\.venv\Lib\site-packages\sklearn\utils\validation.py:2691: UserWarning: X does not have valid feature names, but LGBMRegressor was fitted with feature names
  warnings.warn(
C:\Users\NQTa\Documents\MLCourse\Final Project\.venv\Lib\site-packages\sklearn\utils\validation.py:2691: UserWarning: X does not have valid feature names, but LGBMRegressor was fitted with feature names
  warnings.warn(
C:\Users\NQTa\Documents\MLCourse\Final Project\.venv\Lib\site-packages\sklearn\utils\validation.py:2691: UserWarning: X does not have valid feature names, but LGBMRegressor was fitted with feature names
  warnings.warn(
C:\Users\NQTa\Documents\MLCourse\Final Project\.venv\Lib\site-packages\sklearn\utils\validation.py:2691: UserWarning: X does not have valid feature names, but LGBMRegressor was fitted with feature names
  warnings.warn(
C:\Users\NQTa\Documents\MLCourse\Final Project\.venv\Lib\site-packages\sklearn\utils\validation.py:2691: UserWarning: X does not have valid feature names, but LGBMRegressor was fitted with feature names
  warnings.warn(
C:\Users\NQTa\Documents\MLCourse\Final Project\.venv\Lib\site-packages\sklearn\utils\validation.py:2691: UserWarning: X does not have valid feature names, but LGBMRegressor was fitted with feature names
  warnings.warn(
C:\Users\NQTa\Documents\MLCourse\Final Project\.venv\Lib\site-packages\sklearn\utils\validation.py:2691: UserWarning: X does not have valid feature names, but LGBMRegressor was fitted with feature names
  warnings.warn(
C:\Users\NQTa\Documents\MLCourse\Final Project\.venv\Lib\site-packages\sklearn\utils\validation.py:2691: UserWarning: X does not have valid feature names, but LGBMRegressor was fitted with feature names
  warnings.warn(
C:\Users\NQTa\Documents\MLCourse\Final Project\.venv\Lib\site-packages\sklearn\utils\validation.py:2691: UserWarning: X does not have valid feature names, but LGBMRegressor was fitted with feature names
  warnings.warn(
C:\Users\NQTa\Documents\MLCourse\Final Project\.venv\Lib\site-packages\sklearn\utils\validation.py:2691: UserWarning: X does not have valid feature names, but LGBMRegressor was fitted with feature names
  warnings.warn(
C:\Users\NQTa\Documents\MLCourse\Final Project\.venv\Lib\site-packages\sklearn\utils\validation.py:2691: UserWarning: X does not have valid feature names, but LGBMRegressor was fitted with feature names
  warnings.warn(
[ 72/80] opx_only/T_C/LightGBM/alr seed=53 winner=A pre=195.181 A=146.939 B=190.979 (19.6s) ETA 10.7m
C:\Users\NQTa\Documents\MLCourse\Final Project\.venv\Lib\site-packages\sklearn\utils\validation.py:2691: UserWarning: X does not have valid feature names, but LGBMRegressor was fitted with feature names
  warnings.warn(
C:\Users\NQTa\Documents\MLCourse\Final Project\.venv\Lib\site-packages\sklearn\utils\validation.py:2691: UserWarning: X does not have valid feature names, but LGBMRegressor was fitted with feature names
  warnings.warn(
C:\Users\NQTa\Documents\MLCourse\Final Project\.venv\Lib\site-packages\sklearn\utils\validation.py:2691: UserWarning: X does not have valid feature names, but LGBMRegressor was fitted with feature names
  warnings.warn(
C:\Users\NQTa\Documents\MLCourse\Final Project\.venv\Lib\site-packages\sklearn\utils\validation.py:2691: UserWarning: X does not have valid feature names, but LGBMRegressor was fitted with feature names
  warnings.warn(
C:\Users\NQTa\Documents\MLCourse\Final Project\.venv\Lib\site-packages\sklearn\utils\validation.py:2691: UserWarning: X does not have valid feature names, but LGBMRegressor was fitted with feature names
  warnings.warn(
C:\Users\NQTa\Documents\MLCourse\Final Project\.venv\Lib\site-packages\sklearn\utils\validation.py:2691: UserWarning: X does not have valid feature names, but LGBMRegressor was fitted with feature names
  warnings.warn(
C:\Users\NQTa\Documents\MLCourse\Final Project\.venv\Lib\site-packages\sklearn\utils\validation.py:2691: UserWarning: X does not have valid feature names, but LGBMRegressor was fitted with feature names
  warnings.warn(
C:\Users\NQTa\Documents\MLCourse\Final Project\.venv\Lib\site-packages\sklearn\utils\validation.py:2691: UserWarning: X does not have valid feature names, but LGBMRegressor was fitted with feature names
  warnings.warn(
C:\Users\NQTa\Documents\MLCourse\Final Project\.venv\Lib\site-packages\sklearn\utils\validation.py:2691: UserWarning: X does not have valid feature names, but LGBMRegressor was fitted with feature names
  warnings.warn(
C:\Users\NQTa\Documents\MLCourse\Final Project\.venv\Lib\site-packages\sklearn\utils\validation.py:2691: UserWarning: X does not have valid feature names, but LGBMRegressor was fitted with feature names
  warnings.warn(
C:\Users\NQTa\Documents\MLCourse\Final Project\.venv\Lib\site-packages\sklearn\utils\validation.py:2691: UserWarning: X does not have valid feature names, but LGBMRegressor was fitted with feature names
  warnings.warn(
[ 73/80] opx_only/T_C/LightGBM/alr seed=54 winner=A pre=193.712 A=145.437 B=188.605 (12.5s) ETA 9.3m
C:\Users\NQTa\Documents\MLCourse\Final Project\.venv\Lib\site-packages\sklearn\utils\validation.py:2691: UserWarning: X does not have valid feature names, but LGBMRegressor was fitted with feature names
  warnings.warn(
C:\Users\NQTa\Documents\MLCourse\Final Project\.venv\Lib\site-packages\sklearn\utils\validation.py:2691: UserWarning: X does not have valid feature names, but LGBMRegressor was fitted with feature names
  warnings.warn(
C:\Users\NQTa\Documents\MLCourse\Final Project\.venv\Lib\site-packages\sklearn\utils\validation.py:2691: UserWarning: X does not have valid feature names, but LGBMRegressor was fitted with feature names
  warnings.warn(
C:\Users\NQTa\Documents\MLCourse\Final Project\.venv\Lib\site-packages\sklearn\utils\validation.py:2691: UserWarning: X does not have valid feature names, but LGBMRegressor was fitted with feature names
  warnings.warn(
C:\Users\NQTa\Documents\MLCourse\Final Project\.venv\Lib\site-packages\sklearn\utils\validation.py:2691: UserWarning: X does not have valid feature names, but LGBMRegressor was fitted with feature names
  warnings.warn(
C:\Users\NQTa\Documents\MLCourse\Final Project\.venv\Lib\site-packages\sklearn\utils\validation.py:2691: UserWarning: X does not have valid feature names, but LGBMRegressor was fitted with feature names
  warnings.warn(
C:\Users\NQTa\Documents\MLCourse\Final Project\.venv\Lib\site-packages\sklearn\utils\validation.py:2691: UserWarning: X does not have valid feature names, but LGBMRegressor was fitted with feature names
  warnings.warn(
C:\Users\NQTa\Documents\MLCourse\Final Project\.venv\Lib\site-packages\sklearn\utils\validation.py:2691: UserWarning: X does not have valid feature names, but LGBMRegressor was fitted with feature names
  warnings.warn(
C:\Users\NQTa\Documents\MLCourse\Final Project\.venv\Lib\site-packages\sklearn\utils\validation.py:2691: UserWarning: X does not have valid feature names, but LGBMRegressor was fitted with feature names
  warnings.warn(
C:\Users\NQTa\Documents\MLCourse\Final Project\.venv\Lib\site-packages\sklearn\utils\validation.py:2691: UserWarning: X does not have valid feature names, but LGBMRegressor was fitted with feature names
  warnings.warn(
C:\Users\NQTa\Documents\MLCourse\Final Project\.venv\Lib\site-packages\sklearn\utils\validation.py:2691: UserWarning: X does not have valid feature names, but LGBMRegressor was fitted with feature names
  warnings.warn(
[ 74/80] opx_only/T_C/LightGBM/alr seed=55 winner=A pre=195.038 A=145.678 B=190.684 (12.2s) ETA 7.9m
C:\Users\NQTa\Documents\MLCourse\Final Project\.venv\Lib\site-packages\sklearn\utils\validation.py:2691: UserWarning: X does not have valid feature names, but LGBMRegressor was fitted with feature names
  warnings.warn(
C:\Users\NQTa\Documents\MLCourse\Final Project\.venv\Lib\site-packages\sklearn\utils\validation.py:2691: UserWarning: X does not have valid feature names, but LGBMRegressor was fitted with feature names
  warnings.warn(
C:\Users\NQTa\Documents\MLCourse\Final Project\.venv\Lib\site-packages\sklearn\utils\validation.py:2691: UserWarning: X does not have valid feature names, but LGBMRegressor was fitted with feature names
  warnings.warn(
C:\Users\NQTa\Documents\MLCourse\Final Project\.venv\Lib\site-packages\sklearn\utils\validation.py:2691: UserWarning: X does not have valid feature names, but LGBMRegressor was fitted with feature names
  warnings.warn(
C:\Users\NQTa\Documents\MLCourse\Final Project\.venv\Lib\site-packages\sklearn\utils\validation.py:2691: UserWarning: X does not have valid feature names, but LGBMRegressor was fitted with feature names
  warnings.warn(
C:\Users\NQTa\Documents\MLCourse\Final Project\.venv\Lib\site-packages\sklearn\utils\validation.py:2691: UserWarning: X does not have valid feature names, but LGBMRegressor was fitted with feature names
  warnings.warn(
C:\Users\NQTa\Documents\MLCourse\Final Project\.venv\Lib\site-packages\sklearn\utils\validation.py:2691: UserWarning: X does not have valid feature names, but LGBMRegressor was fitted with feature names
  warnings.warn(
C:\Users\NQTa\Documents\MLCourse\Final Project\.venv\Lib\site-packages\sklearn\utils\validation.py:2691: UserWarning: X does not have valid feature names, but LGBMRegressor was fitted with feature names
  warnings.warn(
C:\Users\NQTa\Documents\MLCourse\Final Project\.venv\Lib\site-packages\sklearn\utils\validation.py:2691: UserWarning: X does not have valid feature names, but LGBMRegressor was fitted with feature names
  warnings.warn(
C:\Users\NQTa\Documents\MLCourse\Final Project\.venv\Lib\site-packages\sklearn\utils\validation.py:2691: UserWarning: X does not have valid feature names, but LGBMRegressor was fitted with feature names
  warnings.warn(
C:\Users\NQTa\Documents\MLCourse\Final Project\.venv\Lib\site-packages\sklearn\utils\validation.py:2691: UserWarning: X does not have valid feature names, but LGBMRegressor was fitted with feature names
  warnings.warn(
[ 75/80] opx_only/T_C/LightGBM/alr seed=56 winner=A pre=194.319 A=145.432 B=189.016 (11.7s) ETA 6.5m
C:\Users\NQTa\Documents\MLCourse\Final Project\.venv\Lib\site-packages\sklearn\utils\validation.py:2691: UserWarning: X does not have valid feature names, but LGBMRegressor was fitted with feature names
  warnings.warn(
C:\Users\NQTa\Documents\MLCourse\Final Project\.venv\Lib\site-packages\sklearn\utils\validation.py:2691: UserWarning: X does not have valid feature names, but LGBMRegressor was fitted with feature names
  warnings.warn(
C:\Users\NQTa\Documents\MLCourse\Final Project\.venv\Lib\site-packages\sklearn\utils\validation.py:2691: UserWarning: X does not have valid feature names, but LGBMRegressor was fitted with feature names
  warnings.warn(
C:\Users\NQTa\Documents\MLCourse\Final Project\.venv\Lib\site-packages\sklearn\utils\validation.py:2691: UserWarning: X does not have valid feature names, but LGBMRegressor was fitted with feature names
  warnings.warn(
C:\Users\NQTa\Documents\MLCourse\Final Project\.venv\Lib\site-packages\sklearn\utils\validation.py:2691: UserWarning: X does not have valid feature names, but LGBMRegressor was fitted with feature names
  warnings.warn(
C:\Users\NQTa\Documents\MLCourse\Final Project\.venv\Lib\site-packages\sklearn\utils\validation.py:2691: UserWarning: X does not have valid feature names, but LGBMRegressor was fitted with feature names
  warnings.warn(
C:\Users\NQTa\Documents\MLCourse\Final Project\.venv\Lib\site-packages\sklearn\utils\validation.py:2691: UserWarning: X does not have valid feature names, but LGBMRegressor was fitted with feature names
  warnings.warn(
C:\Users\NQTa\Documents\MLCourse\Final Project\.venv\Lib\site-packages\sklearn\utils\validation.py:2691: UserWarning: X does not have valid feature names, but LGBMRegressor was fitted with feature names
  warnings.warn(
C:\Users\NQTa\Documents\MLCourse\Final Project\.venv\Lib\site-packages\sklearn\utils\validation.py:2691: UserWarning: X does not have valid feature names, but LGBMRegressor was fitted with feature names
  warnings.warn(
C:\Users\NQTa\Documents\MLCourse\Final Project\.venv\Lib\site-packages\sklearn\utils\validation.py:2691: UserWarning: X does not have valid feature names, but LGBMRegressor was fitted with feature names
  warnings.warn(
C:\Users\NQTa\Documents\MLCourse\Final Project\.venv\Lib\site-packages\sklearn\utils\validation.py:2691: UserWarning: X does not have valid feature names, but LGBMRegressor was fitted with feature names
  warnings.warn(
[ 76/80] opx_only/T_C/LightGBM/alr seed=57 winner=A pre=195.433 A=147.987 B=191.232 (11.6s) ETA 5.1m
C:\Users\NQTa\Documents\MLCourse\Final Project\.venv\Lib\site-packages\sklearn\utils\validation.py:2691: UserWarning: X does not have valid feature names, but LGBMRegressor was fitted with feature names
  warnings.warn(
C:\Users\NQTa\Documents\MLCourse\Final Project\.venv\Lib\site-packages\sklearn\utils\validation.py:2691: UserWarning: X does not have valid feature names, but LGBMRegressor was fitted with feature names
  warnings.warn(
C:\Users\NQTa\Documents\MLCourse\Final Project\.venv\Lib\site-packages\sklearn\utils\validation.py:2691: UserWarning: X does not have valid feature names, but LGBMRegressor was fitted with feature names
  warnings.warn(
C:\Users\NQTa\Documents\MLCourse\Final Project\.venv\Lib\site-packages\sklearn\utils\validation.py:2691: UserWarning: X does not have valid feature names, but LGBMRegressor was fitted with feature names
  warnings.warn(
C:\Users\NQTa\Documents\MLCourse\Final Project\.venv\Lib\site-packages\sklearn\utils\validation.py:2691: UserWarning: X does not have valid feature names, but LGBMRegressor was fitted with feature names
  warnings.warn(
C:\Users\NQTa\Documents\MLCourse\Final Project\.venv\Lib\site-packages\sklearn\utils\validation.py:2691: UserWarning: X does not have valid feature names, but LGBMRegressor was fitted with feature names
  warnings.warn(
C:\Users\NQTa\Documents\MLCourse\Final Project\.venv\Lib\site-packages\sklearn\utils\validation.py:2691: UserWarning: X does not have valid feature names, but LGBMRegressor was fitted with feature names
  warnings.warn(
C:\Users\NQTa\Documents\MLCourse\Final Project\.venv\Lib\site-packages\sklearn\utils\validation.py:2691: UserWarning: X does not have valid feature names, but LGBMRegressor was fitted with feature names
  warnings.warn(
C:\Users\NQTa\Documents\MLCourse\Final Project\.venv\Lib\site-packages\sklearn\utils\validation.py:2691: UserWarning: X does not have valid feature names, but LGBMRegressor was fitted with feature names
  warnings.warn(
C:\Users\NQTa\Documents\MLCourse\Final Project\.venv\Lib\site-packages\sklearn\utils\validation.py:2691: UserWarning: X does not have valid feature names, but LGBMRegressor was fitted with feature names
  warnings.warn(
C:\Users\NQTa\Documents\MLCourse\Final Project\.venv\Lib\site-packages\sklearn\utils\validation.py:2691: UserWarning: X does not have valid feature names, but LGBMRegressor was fitted with feature names
  warnings.warn(
[ 77/80] opx_only/T_C/LightGBM/alr seed=58 winner=A pre=193.795 A=145.283 B=188.593 (12.2s) ETA 3.8m
C:\Users\NQTa\Documents\MLCourse\Final Project\.venv\Lib\site-packages\sklearn\utils\validation.py:2691: UserWarning: X does not have valid feature names, but LGBMRegressor was fitted with feature names
  warnings.warn(
C:\Users\NQTa\Documents\MLCourse\Final Project\.venv\Lib\site-packages\sklearn\utils\validation.py:2691: UserWarning: X does not have valid feature names, but LGBMRegressor was fitted with feature names
  warnings.warn(
C:\Users\NQTa\Documents\MLCourse\Final Project\.venv\Lib\site-packages\sklearn\utils\validation.py:2691: UserWarning: X does not have valid feature names, but LGBMRegressor was fitted with feature names
  warnings.warn(
C:\Users\NQTa\Documents\MLCourse\Final Project\.venv\Lib\site-packages\sklearn\utils\validation.py:2691: UserWarning: X does not have valid feature names, but LGBMRegressor was fitted with feature names
  warnings.warn(
C:\Users\NQTa\Documents\MLCourse\Final Project\.venv\Lib\site-packages\sklearn\utils\validation.py:2691: UserWarning: X does not have valid feature names, but LGBMRegressor was fitted with feature names
  warnings.warn(
C:\Users\NQTa\Documents\MLCourse\Final Project\.venv\Lib\site-packages\sklearn\utils\validation.py:2691: UserWarning: X does not have valid feature names, but LGBMRegressor was fitted with feature names
  warnings.warn(
C:\Users\NQTa\Documents\MLCourse\Final Project\.venv\Lib\site-packages\sklearn\utils\validation.py:2691: UserWarning: X does not have valid feature names, but LGBMRegressor was fitted with feature names
  warnings.warn(
C:\Users\NQTa\Documents\MLCourse\Final Project\.venv\Lib\site-packages\sklearn\utils\validation.py:2691: UserWarning: X does not have valid feature names, but LGBMRegressor was fitted with feature names
  warnings.warn(
C:\Users\NQTa\Documents\MLCourse\Final Project\.venv\Lib\site-packages\sklearn\utils\validation.py:2691: UserWarning: X does not have valid feature names, but LGBMRegressor was fitted with feature names
  warnings.warn(
C:\Users\NQTa\Documents\MLCourse\Final Project\.venv\Lib\site-packages\sklearn\utils\validation.py:2691: UserWarning: X does not have valid feature names, but LGBMRegressor was fitted with feature names
  warnings.warn(
C:\Users\NQTa\Documents\MLCourse\Final Project\.venv\Lib\site-packages\sklearn\utils\validation.py:2691: UserWarning: X does not have valid feature names, but LGBMRegressor was fitted with feature names
  warnings.warn(
[ 78/80] opx_only/T_C/LightGBM/alr seed=59 winner=A pre=194.956 A=147.796 B=190.393 (17.1s) ETA 2.5m
C:\Users\NQTa\Documents\MLCourse\Final Project\.venv\Lib\site-packages\sklearn\utils\validation.py:2691: UserWarning: X does not have valid feature names, but LGBMRegressor was fitted with feature names
  warnings.warn(
C:\Users\NQTa\Documents\MLCourse\Final Project\.venv\Lib\site-packages\sklearn\utils\validation.py:2691: UserWarning: X does not have valid feature names, but LGBMRegressor was fitted with feature names
  warnings.warn(
C:\Users\NQTa\Documents\MLCourse\Final Project\.venv\Lib\site-packages\sklearn\utils\validation.py:2691: UserWarning: X does not have valid feature names, but LGBMRegressor was fitted with feature names
  warnings.warn(
C:\Users\NQTa\Documents\MLCourse\Final Project\.venv\Lib\site-packages\sklearn\utils\validation.py:2691: UserWarning: X does not have valid feature names, but LGBMRegressor was fitted with feature names
  warnings.warn(
C:\Users\NQTa\Documents\MLCourse\Final Project\.venv\Lib\site-packages\sklearn\utils\validation.py:2691: UserWarning: X does not have valid feature names, but LGBMRegressor was fitted with feature names
  warnings.warn(
C:\Users\NQTa\Documents\MLCourse\Final Project\.venv\Lib\site-packages\sklearn\utils\validation.py:2691: UserWarning: X does not have valid feature names, but LGBMRegressor was fitted with feature names
  warnings.warn(
C:\Users\NQTa\Documents\MLCourse\Final Project\.venv\Lib\site-packages\sklearn\utils\validation.py:2691: UserWarning: X does not have valid feature names, but LGBMRegressor was fitted with feature names
  warnings.warn(
C:\Users\NQTa\Documents\MLCourse\Final Project\.venv\Lib\site-packages\sklearn\utils\validation.py:2691: UserWarning: X does not have valid feature names, but LGBMRegressor was fitted with feature names
  warnings.warn(
C:\Users\NQTa\Documents\MLCourse\Final Project\.venv\Lib\site-packages\sklearn\utils\validation.py:2691: UserWarning: X does not have valid feature names, but LGBMRegressor was fitted with feature names
  warnings.warn(
C:\Users\NQTa\Documents\MLCourse\Final Project\.venv\Lib\site-packages\sklearn\utils\validation.py:2691: UserWarning: X does not have valid feature names, but LGBMRegressor was fitted with feature names
  warnings.warn(
C:\Users\NQTa\Documents\MLCourse\Final Project\.venv\Lib\site-packages\sklearn\utils\validation.py:2691: UserWarning: X does not have valid feature names, but LGBMRegressor was fitted with feature names
  warnings.warn(
[ 79/80] opx_only/T_C/LightGBM/alr seed=60 winner=A pre=195.677 A=145.588 B=190.831 (16.9s) ETA 1.2m
C:\Users\NQTa\Documents\MLCourse\Final Project\.venv\Lib\site-packages\sklearn\utils\validation.py:2691: UserWarning: X does not have valid feature names, but LGBMRegressor was fitted with feature names
  warnings.warn(
C:\Users\NQTa\Documents\MLCourse\Final Project\.venv\Lib\site-packages\sklearn\utils\validation.py:2691: UserWarning: X does not have valid feature names, but LGBMRegressor was fitted with feature names
  warnings.warn(
C:\Users\NQTa\Documents\MLCourse\Final Project\.venv\Lib\site-packages\sklearn\utils\validation.py:2691: UserWarning: X does not have valid feature names, but LGBMRegressor was fitted with feature names
  warnings.warn(
C:\Users\NQTa\Documents\MLCourse\Final Project\.venv\Lib\site-packages\sklearn\utils\validation.py:2691: UserWarning: X does not have valid feature names, but LGBMRegressor was fitted with feature names
  warnings.warn(
C:\Users\NQTa\Documents\MLCourse\Final Project\.venv\Lib\site-packages\sklearn\utils\validation.py:2691: UserWarning: X does not have valid feature names, but LGBMRegressor was fitted with feature names
  warnings.warn(
C:\Users\NQTa\Documents\MLCourse\Final Project\.venv\Lib\site-packages\sklearn\utils\validation.py:2691: UserWarning: X does not have valid feature names, but LGBMRegressor was fitted with feature names
  warnings.warn(
C:\Users\NQTa\Documents\MLCourse\Final Project\.venv\Lib\site-packages\sklearn\utils\validation.py:2691: UserWarning: X does not have valid feature names, but LGBMRegressor was fitted with feature names
  warnings.warn(
C:\Users\NQTa\Documents\MLCourse\Final Project\.venv\Lib\site-packages\sklearn\utils\validation.py:2691: UserWarning: X does not have valid feature names, but LGBMRegressor was fitted with feature names
  warnings.warn(
C:\Users\NQTa\Documents\MLCourse\Final Project\.venv\Lib\site-packages\sklearn\utils\validation.py:2691: UserWarning: X does not have valid feature names, but LGBMRegressor was fitted with feature names
  warnings.warn(
C:\Users\NQTa\Documents\MLCourse\Final Project\.venv\Lib\site-packages\sklearn\utils\validation.py:2691: UserWarning: X does not have valid feature names, but LGBMRegressor was fitted with feature names
  warnings.warn(
C:\Users\NQTa\Documents\MLCourse\Final Project\.venv\Lib\site-packages\sklearn\utils\validation.py:2691: UserWarning: X does not have valid feature names, but LGBMRegressor was fitted with feature names
  warnings.warn(
[ 80/80] opx_only/T_C/LightGBM/alr seed=61 winner=A pre=195.338 A=145.152 B=190.522 (11.5s) ETA 0.0m

Wrote:
  C:\Users\NQTa\Documents\MLCourse\Final Project\results\augmentation_ablation_opx_bias_correction.csv
  C:\Users\NQTa\Documents\MLCourse\Final Project\results\augmentation_ablation_opx_regime_rmse.csv
  C:\Users\NQTa\Documents\MLCourse\Final Project\results\augmentation_ablation_opx_oof.pkl
