2026-04-15 17:39:39,312 | INFO | ========================================================================
2026-04-15 17:39:39,313 | INFO | run_phase2_optuna: n_trials=50, models=('RF', 'ERT', 'XGB', 'GB'), dry_run=True
2026-04-15 17:39:40,984 | INFO | Planned studies: 48
2026-04-15 17:39:41,054 | INFO | DRY RF|T_C|opx_only|raw -> study_RF_T_C_opx_only_raw.joblib
2026-04-15 17:39:41,055 | INFO | DRY RF|P_kbar|opx_only|raw -> study_RF_P_kbar_opx_only_raw.joblib
2026-04-15 17:39:41,055 | INFO | DRY ERT|T_C|opx_only|raw -> study_ERT_T_C_opx_only_raw.joblib
2026-04-15 17:39:41,055 | INFO | DRY ERT|P_kbar|opx_only|raw -> study_ERT_P_kbar_opx_only_raw.joblib
2026-04-15 17:39:41,057 | INFO | DRY XGB|T_C|opx_only|raw -> study_XGB_T_C_opx_only_raw.joblib
2026-04-15 17:39:41,057 | INFO | DRY XGB|P_kbar|opx_only|raw -> study_XGB_P_kbar_opx_only_raw.joblib
2026-04-15 17:39:41,058 | INFO | DRY GB|T_C|opx_only|raw -> study_GB_T_C_opx_only_raw.joblib
2026-04-15 17:39:41,058 | INFO | DRY GB|P_kbar|opx_only|raw -> study_GB_P_kbar_opx_only_raw.joblib
2026-04-15 17:39:41,068 | INFO | DRY RF|T_C|opx_only|alr -> study_RF_T_C_opx_only_alr.joblib
2026-04-15 17:39:41,068 | INFO | DRY RF|P_kbar|opx_only|alr -> study_RF_P_kbar_opx_only_alr.joblib
2026-04-15 17:39:41,069 | INFO | DRY ERT|T_C|opx_only|alr -> study_ERT_T_C_opx_only_alr.joblib
2026-04-15 17:39:41,069 | INFO | DRY ERT|P_kbar|opx_only|alr -> study_ERT_P_kbar_opx_only_alr.joblib
2026-04-15 17:39:41,069 | INFO | DRY XGB|T_C|opx_only|alr -> study_XGB_T_C_opx_only_alr.joblib
2026-04-15 17:39:41,069 | INFO | DRY XGB|P_kbar|opx_only|alr -> study_XGB_P_kbar_opx_only_alr.joblib
2026-04-15 17:39:41,069 | INFO | DRY GB|T_C|opx_only|alr -> study_GB_T_C_opx_only_alr.joblib
2026-04-15 17:39:41,069 | INFO | DRY GB|P_kbar|opx_only|alr -> study_GB_P_kbar_opx_only_alr.joblib
2026-04-15 17:39:41,119 | INFO | DRY RF|T_C|opx_only|pwlr -> study_RF_T_C_opx_only_pwlr.joblib
2026-04-15 17:39:41,120 | INFO | DRY RF|P_kbar|opx_only|pwlr -> study_RF_P_kbar_opx_only_pwlr.joblib
2026-04-15 17:39:41,120 | INFO | DRY ERT|T_C|opx_only|pwlr -> study_ERT_T_C_opx_only_pwlr.joblib
2026-04-15 17:39:41,120 | INFO | DRY ERT|P_kbar|opx_only|pwlr -> study_ERT_P_kbar_opx_only_pwlr.joblib
2026-04-15 17:39:41,120 | INFO | DRY XGB|T_C|opx_only|pwlr -> study_XGB_T_C_opx_only_pwlr.joblib
2026-04-15 17:39:41,120 | INFO | DRY XGB|P_kbar|opx_only|pwlr -> study_XGB_P_kbar_opx_only_pwlr.joblib
2026-04-15 17:39:41,120 | INFO | DRY GB|T_C|opx_only|pwlr -> study_GB_T_C_opx_only_pwlr.joblib
2026-04-15 17:39:41,120 | INFO | DRY GB|P_kbar|opx_only|pwlr -> study_GB_P_kbar_opx_only_pwlr.joblib
2026-04-15 17:39:41,160 | INFO | DRY RF|T_C|opx_liq|raw -> study_RF_T_C_opx_liq_raw.joblib
2026-04-15 17:39:41,160 | INFO | DRY RF|P_kbar|opx_liq|raw -> study_RF_P_kbar_opx_liq_raw.joblib
2026-04-15 17:39:41,161 | INFO | DRY ERT|T_C|opx_liq|raw -> study_ERT_T_C_opx_liq_raw.joblib
2026-04-15 17:39:41,161 | INFO | DRY ERT|P_kbar|opx_liq|raw -> study_ERT_P_kbar_opx_liq_raw.joblib
2026-04-15 17:39:41,161 | INFO | DRY XGB|T_C|opx_liq|raw -> study_XGB_T_C_opx_liq_raw.joblib
2026-04-15 17:39:41,162 | INFO | DRY XGB|P_kbar|opx_liq|raw -> study_XGB_P_kbar_opx_liq_raw.joblib
2026-04-15 17:39:41,162 | INFO | DRY GB|T_C|opx_liq|raw -> study_GB_T_C_opx_liq_raw.joblib
2026-04-15 17:39:41,162 | INFO | DRY GB|P_kbar|opx_liq|raw -> study_GB_P_kbar_opx_liq_raw.joblib
2026-04-15 17:39:41,183 | INFO | DRY RF|T_C|opx_liq|alr -> study_RF_T_C_opx_liq_alr.joblib
2026-04-15 17:39:41,183 | INFO | DRY RF|P_kbar|opx_liq|alr -> study_RF_P_kbar_opx_liq_alr.joblib
2026-04-15 17:39:41,183 | INFO | DRY ERT|T_C|opx_liq|alr -> study_ERT_T_C_opx_liq_alr.joblib
2026-04-15 17:39:41,183 | INFO | DRY ERT|P_kbar|opx_liq|alr -> study_ERT_P_kbar_opx_liq_alr.joblib
2026-04-15 17:39:41,183 | INFO | DRY XGB|T_C|opx_liq|alr -> study_XGB_T_C_opx_liq_alr.joblib
2026-04-15 17:39:41,184 | INFO | DRY XGB|P_kbar|opx_liq|alr -> study_XGB_P_kbar_opx_liq_alr.joblib
2026-04-15 17:39:41,184 | INFO | DRY GB|T_C|opx_liq|alr -> study_GB_T_C_opx_liq_alr.joblib
2026-04-15 17:39:41,184 | INFO | DRY GB|P_kbar|opx_liq|alr -> study_GB_P_kbar_opx_liq_alr.joblib
2026-04-15 17:39:41,251 | INFO | DRY RF|T_C|opx_liq|pwlr -> study_RF_T_C_opx_liq_pwlr.joblib
2026-04-15 17:39:41,251 | INFO | DRY RF|P_kbar|opx_liq|pwlr -> study_RF_P_kbar_opx_liq_pwlr.joblib
2026-04-15 17:39:41,251 | INFO | DRY ERT|T_C|opx_liq|pwlr -> study_ERT_T_C_opx_liq_pwlr.joblib
2026-04-15 17:39:41,252 | INFO | DRY ERT|P_kbar|opx_liq|pwlr -> study_ERT_P_kbar_opx_liq_pwlr.joblib
2026-04-15 17:39:41,252 | INFO | DRY XGB|T_C|opx_liq|pwlr -> study_XGB_T_C_opx_liq_pwlr.joblib
2026-04-15 17:39:41,252 | INFO | DRY XGB|P_kbar|opx_liq|pwlr -> study_XGB_P_kbar_opx_liq_pwlr.joblib
2026-04-15 17:39:41,252 | INFO | DRY GB|T_C|opx_liq|pwlr -> study_GB_T_C_opx_liq_pwlr.joblib
2026-04-15 17:39:41,253 | INFO | DRY GB|P_kbar|opx_liq|pwlr -> study_GB_P_kbar_opx_liq_pwlr.joblib
2026-04-15 17:39:41,253 | INFO | Dry run done. 48 studies listed.
2026-04-15 17:50:34,164 | INFO | ========================================================================
2026-04-15 17:50:34,164 | INFO | run_phase2_optuna: n_trials=3, models=('RF',), dry_run=False
2026-04-15 17:50:34,241 | INFO | Planned studies: 12
2026-04-15 17:50:39,259 | INFO | OK RF|T_C|opx_only|raw rmse=143.905 pruned=0 failed=0 (5s)
2026-04-15 17:50:44,454 | INFO | OK RF|P_kbar|opx_only|raw rmse=11.144 pruned=0 failed=0 (5s)
2026-04-15 17:50:49,360 | INFO | OK RF|T_C|opx_only|alr rmse=142.314 pruned=0 failed=0 (5s)
2026-04-15 17:50:54,230 | INFO | OK RF|P_kbar|opx_only|alr rmse=11.022 pruned=0 failed=0 (5s)
2026-04-15 17:51:01,127 | INFO | OK RF|T_C|opx_only|pwlr rmse=134.725 pruned=0 failed=0 (7s)
2026-04-15 17:51:08,285 | INFO | OK RF|P_kbar|opx_only|pwlr rmse=10.375 pruned=0 failed=0 (7s)
2026-04-15 17:51:12,655 | INFO | OK RF|T_C|opx_liq|raw rmse=81.508 pruned=0 failed=0 (4s)
2026-04-15 17:51:16,932 | INFO | OK RF|P_kbar|opx_liq|raw rmse=5.836 pruned=0 failed=0 (4s)
2026-04-15 17:51:21,122 | INFO | OK RF|T_C|opx_liq|alr rmse=79.214 pruned=0 failed=0 (4s)
2026-04-15 17:51:26,555 | INFO | OK RF|P_kbar|opx_liq|alr rmse=5.676 pruned=0 failed=0 (5s)
2026-04-15 17:51:26,557 | INFO | CHECKPOINT 10/12 studies done, partial saved
2026-04-15 17:51:32,463 | INFO | OK RF|T_C|opx_liq|pwlr rmse=77.999 pruned=0 failed=0 (6s)
2026-04-15 17:51:38,048 | INFO | OK RF|P_kbar|opx_liq|pwlr rmse=5.615 pruned=0 failed=0 (6s)
2026-04-15 17:51:38,067 | INFO | Complete: 12 studies in 0.02h. Log: C:\Users\NQTa\Documents\MLCourse\Final Project\logs\run_phase2_optuna.log
2026-04-15 17:58:26,989 | INFO | ========================================================================
2026-04-15 17:58:26,990 | INFO | run_phase2_optuna: n_trials=2, models=('RF',), dry_run=False
2026-04-15 17:58:28,096 | INFO | Planned studies: 12
2026-04-15 17:58:33,202 | INFO | OK RF|T_C|opx_only|raw rmse=143.905 pruned=0 failed=0 (5s)
2026-04-15 17:58:37,184 | INFO | OK RF|P_kbar|opx_only|raw rmse=11.144 pruned=0 failed=0 (4s)
2026-04-15 17:58:41,011 | INFO | OK RF|T_C|opx_only|alr rmse=143.370 pruned=0 failed=0 (4s)
2026-04-15 17:58:45,492 | INFO | OK RF|P_kbar|opx_only|alr rmse=11.022 pruned=0 failed=0 (4s)
2026-04-15 17:58:52,105 | INFO | OK RF|T_C|opx_only|pwlr rmse=135.655 pruned=0 failed=0 (7s)
2026-04-15 17:58:58,077 | INFO | OK RF|P_kbar|opx_only|pwlr rmse=10.375 pruned=0 failed=0 (6s)
2026-04-15 17:59:02,287 | INFO | OK RF|T_C|opx_liq|raw rmse=81.508 pruned=0 failed=0 (4s)
2026-04-15 17:59:07,337 | INFO | OK RF|P_kbar|opx_liq|raw rmse=5.836 pruned=0 failed=0 (5s)
2026-04-15 17:59:12,033 | INFO | OK RF|T_C|opx_liq|alr rmse=79.214 pruned=0 failed=0 (5s)
2026-04-15 17:59:16,495 | INFO | OK RF|P_kbar|opx_liq|alr rmse=5.676 pruned=0 failed=0 (4s)
2026-04-15 17:59:16,497 | INFO | CHECKPOINT 10/12 studies done, partial saved
2026-04-15 17:59:21,168 | INFO | OK RF|T_C|opx_liq|pwlr rmse=77.999 pruned=0 failed=0 (5s)
2026-04-15 17:59:25,555 | INFO | OK RF|P_kbar|opx_liq|pwlr rmse=5.615 pruned=0 failed=0 (4s)
2026-04-15 17:59:25,579 | INFO | Complete: 12 studies in 0.02h. Log: C:\Users\NQTa\Documents\MLCourse\Final Project\logs\run_phase2_optuna.log
2026-04-15 17:59:37,126 | INFO | ========================================================================
2026-04-15 17:59:37,126 | INFO | run_phase2_optuna: n_trials=2, models=('ERT',), dry_run=False
2026-04-15 17:59:37,208 | INFO | Planned studies: 12
2026-04-15 17:59:39,663 | INFO | OK ERT|T_C|opx_only|raw rmse=141.471 pruned=0 failed=0 (2s)
2026-04-15 17:59:42,703 | INFO | OK ERT|P_kbar|opx_only|raw rmse=10.897 pruned=0 failed=0 (3s)
2026-04-15 17:59:46,003 | INFO | OK ERT|T_C|opx_only|alr rmse=143.163 pruned=0 failed=0 (3s)
2026-04-15 17:59:48,899 | INFO | OK ERT|P_kbar|opx_only|alr rmse=11.085 pruned=0 failed=0 (3s)
2026-04-15 17:59:52,635 | INFO | OK ERT|T_C|opx_only|pwlr rmse=133.700 pruned=0 failed=0 (4s)
2026-04-15 17:59:56,125 | INFO | OK ERT|P_kbar|opx_only|pwlr rmse=10.460 pruned=0 failed=0 (3s)
2026-04-15 17:59:58,641 | INFO | OK ERT|T_C|opx_liq|raw rmse=82.480 pruned=0 failed=0 (3s)
2026-04-15 18:00:01,077 | INFO | OK ERT|P_kbar|opx_liq|raw rmse=5.972 pruned=0 failed=0 (2s)
2026-04-15 18:00:04,485 | INFO | OK ERT|T_C|opx_liq|alr rmse=86.171 pruned=0 failed=0 (3s)
2026-04-15 18:00:08,038 | INFO | OK ERT|P_kbar|opx_liq|alr rmse=6.070 pruned=0 failed=0 (4s)
2026-04-15 18:00:08,039 | INFO | CHECKPOINT 10/12 studies done, partial saved
2026-04-15 18:00:11,216 | INFO | OK ERT|T_C|opx_liq|pwlr rmse=80.304 pruned=0 failed=0 (3s)
2026-04-15 18:00:14,059 | INFO | OK ERT|P_kbar|opx_liq|pwlr rmse=5.956 pruned=0 failed=0 (3s)
2026-04-15 18:00:14,066 | INFO | Complete: 12 studies in 0.01h. Log: C:\Users\NQTa\Documents\MLCourse\Final Project\logs\run_phase2_optuna.log
2026-04-15 18:00:34,192 | INFO | ========================================================================
2026-04-15 18:00:34,192 | INFO | run_phase2_optuna: n_trials=2, models=('XGB',), dry_run=False
2026-04-15 18:00:34,309 | INFO | Planned studies: 12
2026-04-15 18:00:42,425 | INFO | OK XGB|T_C|opx_only|raw rmse=141.648 pruned=0 failed=0 (8s)
2026-04-15 18:00:50,211 | INFO | OK XGB|P_kbar|opx_only|raw rmse=11.457 pruned=0 failed=0 (8s)
2026-04-15 18:00:57,791 | INFO | OK XGB|T_C|opx_only|alr rmse=138.546 pruned=0 failed=0 (8s)
2026-04-15 18:01:05,713 | INFO | OK XGB|P_kbar|opx_only|alr rmse=11.276 pruned=0 failed=0 (8s)
2026-04-15 18:01:25,153 | INFO | OK XGB|T_C|opx_only|pwlr rmse=137.392 pruned=0 failed=0 (19s)
2026-04-15 18:01:43,272 | INFO | OK XGB|P_kbar|opx_only|pwlr rmse=10.656 pruned=0 failed=0 (18s)
2026-04-15 18:01:51,051 | INFO | OK XGB|T_C|opx_liq|raw rmse=81.531 pruned=0 failed=0 (8s)
2026-04-15 18:01:58,426 | INFO | OK XGB|P_kbar|opx_liq|raw rmse=5.456 pruned=0 failed=0 (7s)
2026-04-15 18:02:07,754 | INFO | OK XGB|T_C|opx_liq|alr rmse=80.316 pruned=0 failed=0 (9s)
2026-04-15 18:02:15,145 | INFO | OK XGB|P_kbar|opx_liq|alr rmse=5.525 pruned=0 failed=0 (7s)
2026-04-15 18:02:15,146 | INFO | CHECKPOINT 10/12 studies done, partial saved
2026-04-15 18:02:38,924 | INFO | OK XGB|T_C|opx_liq|pwlr rmse=77.438 pruned=0 failed=0 (24s)
2026-04-15 18:02:59,383 | INFO | OK XGB|P_kbar|opx_liq|pwlr rmse=5.296 pruned=0 failed=0 (20s)
2026-04-15 18:02:59,389 | INFO | Complete: 12 studies in 0.04h. Log: C:\Users\NQTa\Documents\MLCourse\Final Project\logs\run_phase2_optuna.log
2026-04-15 18:03:31,493 | INFO | ========================================================================
2026-04-15 18:03:31,493 | INFO | run_phase2_optuna: n_trials=2, models=('GB',), dry_run=False
2026-04-15 18:03:31,554 | INFO | Planned studies: 12
2026-04-15 18:03:35,455 | INFO | OK GB|T_C|opx_only|raw rmse=141.288 pruned=0 failed=0 (4s)
2026-04-15 18:03:38,913 | INFO | OK GB|P_kbar|opx_only|raw rmse=10.752 pruned=0 failed=0 (3s)
2026-04-15 18:03:42,319 | INFO | OK GB|T_C|opx_only|alr rmse=143.262 pruned=0 failed=0 (3s)
2026-04-15 18:03:45,648 | INFO | OK GB|P_kbar|opx_only|alr rmse=10.772 pruned=0 failed=0 (3s)
2026-04-15 18:03:49,364 | INFO | OK GB|T_C|opx_only|pwlr rmse=143.712 pruned=0 failed=0 (4s)
2026-04-15 18:03:53,293 | INFO | OK GB|P_kbar|opx_only|pwlr rmse=10.455 pruned=0 failed=0 (4s)
2026-04-15 18:03:55,235 | INFO | OK GB|T_C|opx_liq|raw rmse=80.777 pruned=0 failed=0 (2s)
2026-04-15 18:03:57,105 | INFO | OK GB|P_kbar|opx_liq|raw rmse=5.140 pruned=0 failed=0 (2s)
2026-04-15 18:03:59,252 | INFO | OK GB|T_C|opx_liq|alr rmse=81.414 pruned=0 failed=0 (2s)
2026-04-15 18:04:01,344 | INFO | OK GB|P_kbar|opx_liq|alr rmse=5.521 pruned=0 failed=0 (2s)
2026-04-15 18:04:01,346 | INFO | CHECKPOINT 10/12 studies done, partial saved
2026-04-15 18:04:04,196 | INFO | OK GB|T_C|opx_liq|pwlr rmse=79.467 pruned=0 failed=0 (3s)
2026-04-15 18:04:07,005 | INFO | OK GB|P_kbar|opx_liq|pwlr rmse=5.489 pruned=0 failed=0 (3s)
2026-04-15 18:04:07,014 | INFO | Complete: 12 studies in 0.01h. Log: C:\Users\NQTa\Documents\MLCourse\Final Project\logs\run_phase2_optuna.log
2026-04-15 18:59:23,265 | INFO | ========================================================================
2026-04-15 18:59:23,265 | INFO | run_phase2_optuna: n_trials=50, models=('RF', 'ERT', 'XGB', 'GB'), dry_run=False
2026-04-15 18:59:23,334 | INFO | Planned studies: 48
2026-04-15 19:01:06,043 | INFO | OK RF|T_C|opx_only|raw rmse=141.213 pruned=0 failed=0 (103s)
2026-04-15 19:03:32,852 | INFO | OK RF|P_kbar|opx_only|raw rmse=10.978 pruned=0 failed=0 (147s)
2026-04-15 19:04:36,632 | INFO | OK ERT|T_C|opx_only|raw rmse=139.512 pruned=0 failed=0 (64s)
2026-04-15 19:06:05,227 | INFO | OK ERT|P_kbar|opx_only|raw rmse=10.793 pruned=0 failed=0 (89s)
2026-04-15 19:07:02,822 | INFO | OK XGB|T_C|opx_only|raw rmse=136.762 pruned=0 failed=0 (58s)
2026-04-15 19:07:55,640 | INFO | OK XGB|P_kbar|opx_only|raw rmse=10.659 pruned=0 failed=0 (53s)
2026-04-15 19:09:38,134 | INFO | OK GB|T_C|opx_only|raw rmse=141.224 pruned=0 failed=0 (102s)
2026-04-15 19:10:56,524 | INFO | OK GB|P_kbar|opx_only|raw rmse=10.561 pruned=0 failed=0 (78s)
2026-04-15 19:13:11,981 | INFO | OK RF|T_C|opx_only|alr rmse=140.465 pruned=0 failed=0 (135s)
2026-04-15 19:16:17,749 | INFO | OK RF|P_kbar|opx_only|alr rmse=10.838 pruned=0 failed=0 (186s)
2026-04-15 19:16:17,752 | INFO | CHECKPOINT 10/48 studies done, partial saved
2026-04-15 19:18:16,899 | INFO | OK ERT|T_C|opx_only|alr rmse=139.909 pruned=0 failed=0 (119s)
2026-04-15 19:19:38,593 | INFO | OK ERT|P_kbar|opx_only|alr rmse=10.864 pruned=0 failed=0 (82s)
2026-04-15 19:22:39,695 | INFO | OK XGB|T_C|opx_only|alr rmse=134.691 pruned=0 failed=0 (181s)
2026-04-15 19:23:55,536 | INFO | OK XGB|P_kbar|opx_only|alr rmse=10.702 pruned=0 failed=0 (76s)
2026-04-15 19:26:01,756 | INFO | OK GB|T_C|opx_only|alr rmse=140.570 pruned=0 failed=0 (126s)
2026-04-15 19:27:41,921 | INFO | OK GB|P_kbar|opx_only|alr rmse=10.525 pruned=0 failed=0 (100s)
2026-04-15 19:30:47,500 | INFO | OK RF|T_C|opx_only|pwlr rmse=133.082 pruned=0 failed=0 (186s)
2026-04-15 19:35:03,835 | INFO | OK RF|P_kbar|opx_only|pwlr rmse=10.267 pruned=0 failed=0 (256s)
2026-04-15 19:37:01,366 | INFO | OK ERT|T_C|opx_only|pwlr rmse=132.532 pruned=0 failed=0 (118s)
2026-04-15 19:38:21,230 | INFO | OK ERT|P_kbar|opx_only|pwlr rmse=10.393 pruned=0 failed=0 (80s)
2026-04-15 19:38:21,232 | INFO | CHECKPOINT 20/48 studies done, partial saved
2026-04-15 19:46:59,416 | INFO | OK XGB|T_C|opx_only|pwlr rmse=132.055 pruned=0 failed=0 (518s)
2026-04-15 19:51:34,526 | INFO | OK XGB|P_kbar|opx_only|pwlr rmse=10.038 pruned=0 failed=0 (275s)
2026-04-15 20:02:49,232 | INFO | OK GB|T_C|opx_only|pwlr rmse=137.736 pruned=0 failed=0 (675s)
2026-04-15 20:07:48,413 | INFO | OK GB|P_kbar|opx_only|pwlr rmse=10.370 pruned=0 failed=0 (299s)
2026-04-15 20:10:09,774 | INFO | OK RF|T_C|opx_liq|raw rmse=79.472 pruned=0 failed=0 (141s)
2026-04-15 20:12:45,694 | INFO | OK RF|P_kbar|opx_liq|raw rmse=5.616 pruned=0 failed=0 (156s)
2026-04-15 20:14:24,505 | INFO | OK ERT|T_C|opx_liq|raw rmse=77.841 pruned=0 failed=0 (99s)
2026-04-15 20:16:09,442 | INFO | OK ERT|P_kbar|opx_liq|raw rmse=5.469 pruned=0 failed=0 (105s)
2026-04-15 20:17:13,102 | INFO | OK XGB|T_C|opx_liq|raw rmse=75.436 pruned=0 failed=0 (64s)
2026-04-15 20:18:30,074 | INFO | OK XGB|P_kbar|opx_liq|raw rmse=4.842 pruned=0 failed=0 (77s)
2026-04-15 20:18:30,075 | INFO | CHECKPOINT 30/48 studies done, partial saved
2026-04-15 20:23:08,695 | INFO | OK GB|T_C|opx_liq|raw rmse=78.124 pruned=0 failed=0 (279s)
2026-04-15 20:25:49,410 | INFO | OK GB|P_kbar|opx_liq|raw rmse=4.989 pruned=0 failed=0 (161s)
2026-04-15 20:28:04,982 | INFO | OK RF|T_C|opx_liq|alr rmse=77.863 pruned=0 failed=0 (136s)
2026-04-15 20:29:59,692 | INFO | OK RF|P_kbar|opx_liq|alr rmse=5.499 pruned=0 failed=0 (115s)
2026-04-15 20:31:16,659 | INFO | OK ERT|T_C|opx_liq|alr rmse=81.194 pruned=0 failed=0 (77s)
2026-04-15 20:32:58,071 | INFO | OK ERT|P_kbar|opx_liq|alr rmse=5.721 pruned=0 failed=0 (101s)
2026-04-15 20:34:36,649 | INFO | OK XGB|T_C|opx_liq|alr rmse=73.780 pruned=0 failed=0 (99s)
2026-04-15 20:35:50,606 | INFO | OK XGB|P_kbar|opx_liq|alr rmse=5.097 pruned=0 failed=0 (74s)
2026-04-15 20:41:18,984 | INFO | OK GB|T_C|opx_liq|alr rmse=76.601 pruned=0 failed=0 (328s)
2026-04-15 20:44:27,626 | INFO | OK GB|P_kbar|opx_liq|alr rmse=5.374 pruned=0 failed=0 (189s)
2026-04-15 20:44:27,629 | INFO | CHECKPOINT 40/48 studies done, partial saved
2026-04-15 20:47:06,822 | INFO | OK RF|T_C|opx_liq|pwlr rmse=77.339 pruned=0 failed=0 (159s)
2026-04-15 20:50:18,996 | INFO | OK RF|P_kbar|opx_liq|pwlr rmse=5.478 pruned=0 failed=0 (192s)
2026-04-15 20:52:00,175 | INFO | OK ERT|T_C|opx_liq|pwlr rmse=77.836 pruned=0 failed=0 (101s)
2026-04-15 20:53:20,984 | INFO | OK ERT|P_kbar|opx_liq|pwlr rmse=5.718 pruned=0 failed=0 (81s)
2026-04-15 20:55:29,562 | INFO | OK XGB|T_C|opx_liq|pwlr rmse=74.631 pruned=0 failed=0 (129s)
2026-04-15 20:58:13,596 | INFO | OK XGB|P_kbar|opx_liq|pwlr rmse=4.777 pruned=0 failed=0 (164s)
2026-04-15 21:04:25,802 | INFO | OK GB|T_C|opx_liq|pwlr rmse=75.635 pruned=0 failed=0 (372s)
2026-04-15 21:06:41,964 | INFO | OK GB|P_kbar|opx_liq|pwlr rmse=5.065 pruned=0 failed=0 (136s)
2026-04-15 21:06:41,980 | INFO | Complete: 48 studies in 2.12h. Log: C:\Users\NQTa\Documents\MLCourse\Final Project\logs\run_phase2_optuna.log
