OOF rows: 12710; test rows: 72080
  opx/opx_liq/T_C seed=42 winner=none pre=84.094 A=85.555 B=84.353
  opx/opx_liq/T_C seed=43 winner=none pre=83.648 A=83.845 B=84.735
  opx/opx_liq/T_C seed=44 winner=none pre=85.340 A=84.860 B=86.045
  opx/opx_liq/T_C seed=45 winner=none pre=85.546 A=83.375 B=86.414
  opx/opx_liq/T_C seed=46 winner=none pre=84.100 A=85.529 B=84.817
  opx/opx_liq/P_kbar seed=42 winner=none pre=5.286 A=2.752 B=5.857
  opx/opx_liq/P_kbar seed=43 winner=A pre=5.446 A=2.529 B=5.385
  opx/opx_liq/P_kbar seed=44 winner=none pre=5.452 A=2.663 B=6.138
  opx/opx_liq/P_kbar seed=45 winner=A pre=5.471 A=2.629 B=5.798
  opx/opx_liq/P_kbar seed=46 winner=none pre=5.669 A=2.781 B=6.565
  opx/opx_only/T_C seed=42 winner=A pre=152.681 A=125.576 B=151.020
  opx/opx_only/T_C seed=43 winner=A pre=148.695 A=121.385 B=147.433
  opx/opx_only/T_C seed=44 winner=none pre=150.252 A=125.661 B=149.456
  opx/opx_only/T_C seed=45 winner=A pre=150.096 A=122.543 B=148.705
  opx/opx_only/T_C seed=46 winner=none pre=151.519 A=124.613 B=150.620
  opx/opx_only/P_kbar seed=42 winner=A pre=12.687 A=5.939 B=12.688
  opx/opx_only/P_kbar seed=43 winner=A pre=12.383 A=5.952 B=12.332
  opx/opx_only/P_kbar seed=44 winner=A pre=12.688 A=5.946 B=12.578
  opx/opx_only/P_kbar seed=45 winner=A pre=12.486 A=5.896 B=12.650
  opx/opx_only/P_kbar seed=46 winner=A pre=12.378 A=5.945 B=12.339
Wrote C:\Users\NQTa\Documents\MLCourse\Final Project\results\tabpfn_bias_correction_perseed.csv (20 rows)
Wrote C:\Users\NQTa\Documents\MLCourse\Final Project\results\tabpfn_bias_correction_summary.csv (4 rows)
Updated C:\Users\NQTa\Documents\MLCourse\Final Project\results\bias_correction_shipped.csv

Summary:
pipeline    track target  ship_a_count  ship_b_count  winner_A  winner_B  winner_none  pre_rmse_mean  post_rmse_a_mean  post_rmse_b_mean
     opx  opx_liq    T_C             0             0         0         0            5      84.545573         84.632645         85.272807
     opx  opx_liq P_kbar             2             0         2         0            3       5.464871          2.670752          5.948670
     opx opx_only    T_C             3             0         3         0            2     150.648443        123.955640        149.446976
     opx opx_only P_kbar             5             0         5         0            0      12.524388          5.935368         12.517572
