[2026-04-20 01:36:53] ======================================================================
[2026-04-20 01:36:53] tabpfn_oof: 4 combos x 5 seeds x 10 folds = 200 fits
[2026-04-20 01:36:53] output: C:\Users\NQTa\Documents\MLCourse\Final Project\results\tabpfn_oof_predictions.csv
[2026-04-20 01:36:53] [1/20] opx/opx_liq/T_C seed=42
[2026-04-20 01:37:06]   fold 0/10: train=390 val=36 (12.3s)
[2026-04-20 01:37:18]   fold 1/10: train=403 val=23 (12.2s)
[2026-04-20 01:37:30]   fold 2/10: train=386 val=40 (11.7s)
[2026-04-20 01:37:41]   fold 3/10: train=364 val=62 (11.8s)
[2026-04-20 01:37:54]   fold 4/10: train=393 val=33 (12.3s)
[2026-04-20 01:38:07]   fold 5/10: train=368 val=58 (13.1s)
[2026-04-20 01:38:19]   fold 6/10: train=385 val=41 (12.2s)
[2026-04-20 01:38:34]   fold 7/10: train=401 val=25 (15.0s)
[2026-04-20 01:38:50]   fold 8/10: train=398 val=28 (16.1s)
[2026-04-20 01:39:05]   fold 9/10: train=346 val=80 (14.6s)
[2026-04-20 01:39:05]   [DONE] opx/opx_liq/T_C seed=42 wrote 426 rows (2.2m)
[2026-04-20 01:39:05]   elapsed 2.2m, ETA 41.7m
[2026-04-20 01:39:05] [2/20] opx/opx_liq/T_C seed=43
[2026-04-20 01:39:17]   fold 0/10: train=377 val=49 (12.5s)
[2026-04-20 01:39:32]   fold 1/10: train=383 val=43 (14.4s)
[2026-04-20 01:39:47]   fold 2/10: train=398 val=28 (14.9s)
[2026-04-20 01:39:59]   fold 3/10: train=358 val=68 (12.7s)
[2026-04-20 01:40:12]   fold 4/10: train=376 val=50 (12.8s)
[2026-04-20 01:40:25]   fold 5/10: train=389 val=37 (13.2s)
[2026-04-20 01:40:39]   fold 6/10: train=408 val=18 (14.0s)
[2026-04-20 01:40:54]   fold 7/10: train=372 val=54 (14.4s)
[2026-04-20 01:41:09]   fold 8/10: train=396 val=30 (15.6s)
[2026-04-20 01:41:23]   fold 9/10: train=377 val=49 (14.1s)
[2026-04-20 01:41:23]   [DONE] opx/opx_liq/T_C seed=43 wrote 426 rows (2.3m)
[2026-04-20 01:41:23]   elapsed 4.5m, ETA 40.6m
[2026-04-20 01:41:23] [3/20] opx/opx_liq/T_C seed=44
[2026-04-20 01:41:37]   fold 0/10: train=388 val=38 (13.9s)
[2026-04-20 01:41:52]   fold 1/10: train=417 val=9 (14.3s)
[2026-04-20 01:42:06]   fold 2/10: train=347 val=79 (14.1s)
[2026-04-20 01:42:20]   fold 3/10: train=377 val=49 (14.0s)
[2026-04-20 01:42:37]   fold 4/10: train=395 val=31 (16.9s)
[2026-04-20 01:42:51]   fold 5/10: train=408 val=18 (14.3s)
[2026-04-20 01:43:05]   fold 6/10: train=401 val=25 (14.3s)
[2026-04-20 01:43:20]   fold 7/10: train=366 val=60 (14.6s)
[2026-04-20 01:43:35]   fold 8/10: train=370 val=56 (15.0s)
[2026-04-20 01:43:49]   fold 9/10: train=365 val=61 (14.3s)
[2026-04-20 01:43:49]   [DONE] opx/opx_liq/T_C seed=44 wrote 426 rows (2.4m)
[2026-04-20 01:43:49]   elapsed 6.9m, ETA 39.3m
[2026-04-20 01:43:49] [4/20] opx/opx_liq/T_C seed=45
[2026-04-20 01:44:07]   fold 0/10: train=377 val=49 (17.2s)
[2026-04-20 01:44:22]   fold 1/10: train=414 val=12 (14.8s)
[2026-04-20 01:44:36]   fold 2/10: train=411 val=15 (14.7s)
[2026-04-20 01:44:51]   fold 3/10: train=355 val=71 (14.8s)
[2026-04-20 01:45:06]   fold 4/10: train=391 val=35 (14.9s)
[2026-04-20 01:45:21]   fold 5/10: train=387 val=39 (14.9s)
[2026-04-20 01:45:38]   fold 6/10: train=374 val=52 (17.4s)
[2026-04-20 01:45:53]   fold 7/10: train=391 val=35 (15.0s)
[2026-04-20 01:46:08]   fold 8/10: train=351 val=75 (14.6s)
[2026-04-20 01:46:23]   fold 9/10: train=383 val=43 (14.9s)
[2026-04-20 01:46:23]   [DONE] opx/opx_liq/T_C seed=45 wrote 426 rows (2.6m)
[2026-04-20 01:46:23]   elapsed 9.5m, ETA 38.0m
[2026-04-20 01:46:23] [5/20] opx/opx_liq/T_C seed=46
[2026-04-20 01:46:38]   fold 0/10: train=390 val=36 (14.9s)
[2026-04-20 01:46:53]   fold 1/10: train=409 val=17 (15.2s)
[2026-04-20 01:47:10]   fold 2/10: train=370 val=56 (17.1s)
[2026-04-20 01:47:25]   fold 3/10: train=394 val=32 (14.7s)
[2026-04-20 01:47:39]   fold 4/10: train=364 val=62 (14.4s)
[2026-04-20 01:47:54]   fold 5/10: train=378 val=48 (15.0s)
[2026-04-20 01:48:09]   fold 6/10: train=368 val=58 (14.5s)
[2026-04-20 01:48:24]   fold 7/10: train=380 val=46 (15.3s)
[2026-04-20 01:48:41]   fold 8/10: train=383 val=43 (17.0s)
[2026-04-20 01:48:57]   fold 9/10: train=398 val=28 (16.2s)
[2026-04-20 01:48:57]   [DONE] opx/opx_liq/T_C seed=46 wrote 426 rows (2.6m)
[2026-04-20 01:48:57]   elapsed 12.1m, ETA 36.2m
[2026-04-20 01:48:57] [6/20] opx/opx_liq/P_kbar seed=42
[2026-04-20 01:49:12]   fold 0/10: train=372 val=54 (14.7s)
[2026-04-20 01:49:27]   fold 1/10: train=358 val=68 (14.5s)
[2026-04-20 01:49:42]   fold 2/10: train=412 val=14 (15.1s)
[2026-04-20 01:49:58]   fold 3/10: train=396 val=30 (15.9s)
[2026-04-20 01:50:15]   fold 4/10: train=406 val=20 (17.2s)
[2026-04-20 01:50:32]   fold 5/10: train=358 val=68 (16.9s)
[2026-04-20 01:50:47]   fold 6/10: train=401 val=25 (15.0s)
[2026-04-20 01:51:01]   fold 7/10: train=379 val=47 (14.5s)
[2026-04-20 01:51:16]   fold 8/10: train=370 val=56 (14.6s)
[2026-04-20 01:51:33]   fold 9/10: train=382 val=44 (16.9s)
[2026-04-20 01:51:33]   [DONE] opx/opx_liq/P_kbar seed=42 wrote 426 rows (2.6m)
[2026-04-20 01:51:33]   elapsed 14.7m, ETA 34.2m
[2026-04-20 01:51:33] [7/20] opx/opx_liq/P_kbar seed=43
[2026-04-20 01:51:49]   fold 0/10: train=379 val=47 (16.5s)
[2026-04-20 01:52:04]   fold 1/10: train=360 val=66 (14.5s)
[2026-04-20 01:52:19]   fold 2/10: train=398 val=28 (14.9s)
[2026-04-20 01:52:33]   fold 3/10: train=404 val=22 (14.7s)
[2026-04-20 01:52:48]   fold 4/10: train=401 val=25 (14.7s)
[2026-04-20 01:53:05]   fold 5/10: train=358 val=68 (16.7s)
[2026-04-20 01:53:21]   fold 6/10: train=388 val=38 (16.7s)
[2026-04-20 01:53:36]   fold 7/10: train=410 val=16 (14.7s)
[2026-04-20 01:53:51]   fold 8/10: train=358 val=68 (14.5s)
[2026-04-20 01:54:05]   fold 9/10: train=378 val=48 (14.8s)
[2026-04-20 01:54:05]   [DONE] opx/opx_liq/P_kbar seed=43 wrote 426 rows (2.5m)
[2026-04-20 01:54:05]   elapsed 17.2m, ETA 32.0m
[2026-04-20 01:54:05] [8/20] opx/opx_liq/P_kbar seed=44
[2026-04-20 01:54:20]   fold 0/10: train=390 val=36 (15.0s)
[2026-04-20 01:54:37]   fold 1/10: train=350 val=76 (16.8s)
[2026-04-20 01:54:54]   fold 2/10: train=385 val=41 (16.9s)
[2026-04-20 01:55:09]   fold 3/10: train=369 val=57 (14.6s)
[2026-04-20 01:55:24]   fold 4/10: train=410 val=16 (15.0s)
[2026-04-20 01:55:39]   fold 5/10: train=363 val=63 (14.9s)
[2026-04-20 01:55:54]   fold 6/10: train=366 val=60 (15.3s)
[2026-04-20 01:56:12]   fold 7/10: train=409 val=17 (17.7s)
[2026-04-20 01:56:28]   fold 8/10: train=390 val=36 (16.4s)
[2026-04-20 01:56:43]   fold 9/10: train=402 val=24 (14.9s)
[2026-04-20 01:56:43]   [DONE] opx/opx_liq/P_kbar seed=44 wrote 426 rows (2.6m)
[2026-04-20 01:56:43]   elapsed 19.8m, ETA 29.7m
[2026-04-20 01:56:43] [9/20] opx/opx_liq/P_kbar seed=45
[2026-04-20 01:56:58]   fold 0/10: train=377 val=49 (14.8s)
[2026-04-20 01:57:12]   fold 1/10: train=337 val=89 (14.5s)
[2026-04-20 01:57:29]   fold 2/10: train=417 val=9 (16.3s)
[2026-04-20 01:57:45]   fold 3/10: train=402 val=24 (16.5s)
[2026-04-20 01:58:01]   fold 4/10: train=396 val=30 (15.7s)
[2026-04-20 01:58:16]   fold 5/10: train=386 val=40 (14.9s)
[2026-04-20 01:58:30]   fold 6/10: train=364 val=62 (14.6s)
[2026-04-20 01:58:45]   fold 7/10: train=384 val=42 (14.9s)
[2026-04-20 01:59:02]   fold 8/10: train=385 val=41 (16.5s)
[2026-04-20 01:59:19]   fold 9/10: train=386 val=40 (17.3s)
[2026-04-20 01:59:19]   [DONE] opx/opx_liq/P_kbar seed=45 wrote 426 rows (2.6m)
[2026-04-20 01:59:19]   elapsed 22.4m, ETA 27.4m
[2026-04-20 01:59:19] [10/20] opx/opx_liq/P_kbar seed=46
[2026-04-20 01:59:35]   fold 0/10: train=360 val=66 (15.6s)
[2026-04-20 01:59:50]   fold 1/10: train=359 val=67 (14.9s)
[2026-04-20 02:00:05]   fold 2/10: train=397 val=29 (15.5s)
[2026-04-20 02:00:20]   fold 3/10: train=406 val=20 (15.0s)
[2026-04-20 02:00:38]   fold 4/10: train=393 val=33 (17.3s)
[2026-04-20 02:00:54]   fold 5/10: train=358 val=68 (16.2s)
[2026-04-20 02:01:09]   fold 6/10: train=388 val=38 (14.9s)
[2026-04-20 02:01:23]   fold 7/10: train=366 val=60 (14.5s)
[2026-04-20 02:01:38]   fold 8/10: train=404 val=22 (14.8s)
[2026-04-20 02:01:54]   fold 9/10: train=403 val=23 (15.6s)
[2026-04-20 02:01:54]   [DONE] opx/opx_liq/P_kbar seed=46 wrote 426 rows (2.6m)
[2026-04-20 02:01:54]   elapsed 25.0m, ETA 25.0m
[2026-04-20 02:01:54] [11/20] opx/opx_only/T_C seed=42
[2026-04-20 02:02:20]   fold 0/10: train=744 val=101 (25.6s)
[2026-04-20 02:02:44]   fold 1/10: train=811 val=34 (24.3s)
[2026-04-20 02:03:07]   fold 2/10: train=778 val=67 (23.4s)
[2026-04-20 02:03:31]   fold 3/10: train=764 val=81 (24.0s)
[2026-04-20 02:03:57]   fold 4/10: train=769 val=76 (25.6s)
[2026-04-20 02:04:20]   fold 5/10: train=762 val=83 (22.7s)
[2026-04-20 02:04:42]   fold 6/10: train=730 val=115 (22.6s)
[2026-04-20 02:05:08]   fold 7/10: train=775 val=70 (25.6s)
[2026-04-20 02:05:32]   fold 8/10: train=740 val=105 (24.5s)
[2026-04-20 02:05:55]   fold 9/10: train=732 val=113 (22.8s)
[2026-04-20 02:05:55]   [DONE] opx/opx_only/T_C seed=42 wrote 845 rows (4.0m)
[2026-04-20 02:05:55]   elapsed 29.0m, ETA 23.8m
[2026-04-20 02:05:55] [12/20] opx/opx_only/T_C seed=43
[2026-04-20 02:06:18]   fold 0/10: train=758 val=87 (22.9s)
[2026-04-20 02:06:44]   fold 1/10: train=780 val=65 (26.2s)
[2026-04-20 02:07:09]   fold 2/10: train=778 val=67 (24.4s)
[2026-04-20 02:07:31]   fold 3/10: train=747 val=98 (22.7s)
[2026-04-20 02:07:55]   fold 4/10: train=770 val=75 (24.0s)
[2026-04-20 02:08:21]   fold 5/10: train=733 val=112 (26.2s)
[2026-04-20 02:08:46]   fold 6/10: train=760 val=85 (24.6s)
[2026-04-20 02:09:11]   fold 7/10: train=788 val=57 (24.5s)
[2026-04-20 02:09:35]   fold 8/10: train=713 val=132 (24.5s)
[2026-04-20 02:10:01]   fold 9/10: train=778 val=67 (25.7s)
[2026-04-20 02:10:01]   [DONE] opx/opx_only/T_C seed=43 wrote 845 rows (4.1m)
[2026-04-20 02:10:01]   elapsed 33.1m, ETA 22.1m
[2026-04-20 02:10:01] [13/20] opx/opx_only/T_C seed=44
[2026-04-20 02:10:23]   fold 0/10: train=757 val=88 (22.5s)
[2026-04-20 02:10:46]   fold 1/10: train=759 val=86 (22.5s)
[2026-04-20 02:11:13]   fold 2/10: train=812 val=33 (26.8s)
[2026-04-20 02:11:48]   fold 3/10: train=780 val=65 (35.7s)
[2026-04-20 02:12:19]   fold 4/10: train=770 val=75 (30.5s)
[2026-04-20 02:12:49]   fold 5/10: train=708 val=137 (29.9s)
[2026-04-20 02:13:14]   fold 6/10: train=759 val=86 (24.8s)
[2026-04-20 02:13:37]   fold 7/10: train=768 val=77 (23.0s)
[2026-04-20 02:14:01]   fold 8/10: train=743 val=102 (24.8s)
[2026-04-20 02:14:27]   fold 9/10: train=749 val=96 (25.6s)
[2026-04-20 02:14:27]   [DONE] opx/opx_only/T_C seed=44 wrote 845 rows (4.4m)
[2026-04-20 02:14:27]   elapsed 37.6m, ETA 20.2m
[2026-04-20 02:14:27] [14/20] opx/opx_only/T_C seed=45
[2026-04-20 02:14:50]   fold 0/10: train=743 val=102 (22.6s)
[2026-04-20 02:15:13]   fold 1/10: train=777 val=68 (23.3s)
[2026-04-20 02:15:39]   fold 2/10: train=790 val=55 (25.9s)
[2026-04-20 02:16:03]   fold 3/10: train=766 val=79 (24.4s)
[2026-04-20 02:16:27]   fold 4/10: train=758 val=87 (23.8s)
[2026-04-20 02:16:50]   fold 5/10: train=759 val=86 (22.5s)
[2026-04-20 02:17:16]   fold 6/10: train=772 val=73 (26.5s)
[2026-04-20 02:17:40]   fold 7/10: train=766 val=79 (24.4s)
[2026-04-20 02:18:03]   fold 8/10: train=745 val=100 (22.3s)
[2026-04-20 02:18:27]   fold 9/10: train=729 val=116 (24.5s)
[2026-04-20 02:18:27]   [DONE] opx/opx_only/T_C seed=45 wrote 845 rows (4.0m)
[2026-04-20 02:18:27]   elapsed 41.6m, ETA 17.8m
[2026-04-20 02:18:27] [15/20] opx/opx_only/T_C seed=46
[2026-04-20 02:18:53]   fold 0/10: train=731 val=114 (26.0s)
[2026-04-20 02:19:17]   fold 1/10: train=791 val=54 (23.7s)
[2026-04-20 02:19:40]   fold 2/10: train=738 val=107 (22.4s)
[2026-04-20 02:20:05]   fold 3/10: train=801 val=44 (25.6s)
[2026-04-20 02:20:29]   fold 4/10: train=742 val=103 (24.4s)
[2026-04-20 02:20:52]   fold 5/10: train=729 val=116 (22.3s)
[2026-04-20 02:21:14]   fold 6/10: train=757 val=88 (22.5s)
[2026-04-20 02:21:40]   fold 7/10: train=780 val=65 (25.7s)
[2026-04-20 02:22:05]   fold 8/10: train=790 val=55 (24.8s)
[2026-04-20 02:22:28]   fold 9/10: train=746 val=99 (22.9s)
[2026-04-20 02:22:28]   [DONE] opx/opx_only/T_C seed=46 wrote 845 rows (4.0m)
[2026-04-20 02:22:28]   elapsed 45.6m, ETA 15.2m
[2026-04-20 02:22:28] [16/20] opx/opx_only/P_kbar seed=42
[2026-04-20 02:22:51]   fold 0/10: train=747 val=98 (22.9s)
[2026-04-20 02:23:17]   fold 1/10: train=748 val=97 (25.9s)
[2026-04-20 02:23:42]   fold 2/10: train=800 val=45 (25.6s)
[2026-04-20 02:24:06]   fold 3/10: train=776 val=69 (23.3s)
[2026-04-20 02:24:30]   fold 4/10: train=764 val=81 (24.0s)
[2026-04-20 02:24:56]   fold 5/10: train=789 val=56 (26.4s)
[2026-04-20 02:25:19]   fold 6/10: train=766 val=79 (22.7s)
[2026-04-20 02:25:41]   fold 7/10: train=722 val=123 (22.2s)
[2026-04-20 02:26:05]   fold 8/10: train=732 val=113 (24.4s)
[2026-04-20 02:26:30]   fold 9/10: train=761 val=84 (24.3s)
[2026-04-20 02:26:30]   [DONE] opx/opx_only/P_kbar seed=42 wrote 845 rows (4.0m)
[2026-04-20 02:26:30]   elapsed 49.6m, ETA 12.4m
[2026-04-20 02:26:30] [17/20] opx/opx_only/P_kbar seed=43
[2026-04-20 02:26:53]   fold 0/10: train=817 val=28 (23.6s)
[2026-04-20 02:27:16]   fold 1/10: train=768 val=77 (23.0s)
[2026-04-20 02:27:41]   fold 2/10: train=720 val=125 (24.6s)
[2026-04-20 02:28:05]   fold 3/10: train=762 val=83 (24.2s)
[2026-04-20 02:28:28]   fold 4/10: train=780 val=65 (23.1s)
[2026-04-20 02:28:52]   fold 5/10: train=757 val=88 (23.9s)
[2026-04-20 02:29:17]   fold 6/10: train=670 val=175 (24.6s)
[2026-04-20 02:29:42]   fold 7/10: train=803 val=42 (25.0s)
[2026-04-20 02:30:04]   fold 8/10: train=752 val=93 (22.4s)
[2026-04-20 02:30:28]   fold 9/10: train=776 val=69 (24.2s)
[2026-04-20 02:30:28]   [DONE] opx/opx_only/P_kbar seed=43 wrote 845 rows (4.0m)
[2026-04-20 02:30:28]   elapsed 53.6m, ETA 9.5m
[2026-04-20 02:30:28] [18/20] opx/opx_only/P_kbar seed=44
[2026-04-20 02:30:55]   fold 0/10: train=739 val=106 (26.0s)
[2026-04-20 02:31:17]   fold 1/10: train=758 val=87 (22.8s)
[2026-04-20 02:31:40]   fold 2/10: train=751 val=94 (22.7s)
[2026-04-20 02:32:06]   fold 3/10: train=786 val=59 (25.5s)
[2026-04-20 02:32:31]   fold 4/10: train=790 val=55 (25.7s)
[2026-04-20 02:32:54]   fold 5/10: train=758 val=87 (22.9s)
[2026-04-20 02:33:18]   fold 6/10: train=777 val=68 (23.5s)
[2026-04-20 02:33:43]   fold 7/10: train=710 val=135 (25.4s)
[2026-04-20 02:34:08]   fold 8/10: train=785 val=60 (24.9s)
[2026-04-20 02:34:30]   fold 9/10: train=751 val=94 (22.4s)
[2026-04-20 02:34:30]   [DONE] opx/opx_only/P_kbar seed=44 wrote 845 rows (4.0m)
[2026-04-20 02:34:30]   elapsed 57.6m, ETA 6.4m
[2026-04-20 02:34:30] [19/20] opx/opx_only/P_kbar seed=45
[2026-04-20 02:34:55]   fold 0/10: train=779 val=66 (24.8s)
[2026-04-20 02:35:22]   fold 1/10: train=765 val=80 (26.6s)
[2026-04-20 02:35:46]   fold 2/10: train=799 val=46 (24.2s)
[2026-04-20 02:36:08]   fold 3/10: train=719 val=126 (22.2s)
[2026-04-20 02:36:34]   fold 4/10: train=800 val=45 (25.5s)
[2026-04-20 02:36:59]   fold 5/10: train=732 val=113 (25.0s)
[2026-04-20 02:37:22]   fold 6/10: train=760 val=85 (23.0s)
[2026-04-20 02:37:45]   fold 7/10: train=771 val=74 (23.6s)
[2026-04-20 02:38:11]   fold 8/10: train=763 val=82 (25.2s)
[2026-04-20 02:38:35]   fold 9/10: train=717 val=128 (24.0s)
[2026-04-20 02:38:35]   [DONE] opx/opx_only/P_kbar seed=45 wrote 845 rows (4.1m)
[2026-04-20 02:38:35]   elapsed 61.7m, ETA 3.2m
[2026-04-20 02:38:35] [20/20] opx/opx_only/P_kbar seed=46
[2026-04-20 02:38:58]   fold 0/10: train=772 val=73 (23.7s)
[2026-04-20 02:39:21]   fold 1/10: train=707 val=138 (22.1s)
[2026-04-20 02:39:47]   fold 2/10: train=768 val=77 (26.6s)
[2026-04-20 02:40:11]   fold 3/10: train=743 val=102 (23.6s)
[2026-04-20 02:40:35]   fold 4/10: train=795 val=50 (23.8s)
[2026-04-20 02:41:00]   fold 5/10: train=804 val=41 (25.2s)
[2026-04-20 02:41:26]   fold 6/10: train=766 val=79 (25.7s)
[2026-04-20 02:41:48]   fold 7/10: train=728 val=117 (22.2s)
[2026-04-20 02:42:11]   fold 8/10: train=774 val=71 (23.5s)
[2026-04-20 02:42:37]   fold 9/10: train=748 val=97 (25.7s)
[2026-04-20 02:42:37]   [DONE] opx/opx_only/P_kbar seed=46 wrote 845 rows (4.0m)
[2026-04-20 02:42:37]   elapsed 65.7m, ETA 0.0m
[2026-04-20 02:42:37] FINISHED total wall 65.7m
