[2026-04-18 15:39:35] START cells=[('ElasticNet', 'T_C', 'opx_liq', 'raw'), ('MLP', 'P_kbar', 'opx_liq', 'raw'), ('ElasticNet', 'P_kbar', 'opx_liq', 'raw')]
[2026-04-18 15:39:35] [ElasticNet/raw/T_C] OOF elapsed=0.0s params={'deep_crustal_MASH': (0.844, 192.729), 'deeper_mantle': (1.326, -463.848), 'lithospheric_mantle': (0.919, 116.334), 'shallow_crustal': (1.034, -64.351)}
[2026-04-18 15:39:35]   deep_crustal_MASH n=61 pre=78.464[30.402,111.636] post=76.919[33.270,107.700] improvement=+1.545
[2026-04-18 15:39:35]   deeper_mantle n=8 pre=105.996[78.465,130.083] post=61.542[52.232,70.113] improvement=+44.454
[2026-04-18 15:39:35]   lithospheric_mantle n=58 pre=93.698[79.135,108.674] post=93.577[79.003,108.805] improvement=+0.121
[2026-04-18 15:39:35]   shallow_crustal n=47 pre=35.330[27.961,43.559] post=54.007[47.258,62.600] improvement=-18.677
[2026-04-18 15:39:35]   ALL n=174 pre=77.062 post=77.169 improvement=-0.107
[2026-04-18 15:39:37] [MLP/raw/P_kbar] OOF elapsed=1.2s params={'deep_crustal_MASH': (0.076, 9.249), 'deeper_mantle': (0.235, 26.575), 'lithospheric_mantle': (0.435, 11.107), 'shallow_crustal': (0.128, 0.528)}
[2026-04-18 15:39:37]   deep_crustal_MASH n=61 pre=2.079[1.672,2.515] post=1.953[1.579,2.295] improvement=+0.126
[2026-04-18 15:39:37]   deeper_mantle n=8 pre=4.715[3.616,5.954] post=7.866[4.026,10.745] improvement=-3.151
[2026-04-18 15:39:37]   lithospheric_mantle n=58 pre=5.380[4.008,6.846] post=2.636[1.995,3.171] improvement=+2.744
[2026-04-18 15:39:37]   shallow_crustal n=47 pre=2.965[1.485,3.957] post=0.798[0.671,0.925] improvement=+2.167
[2026-04-18 15:39:37]   ALL n=174 pre=3.816 post=2.583 improvement=+1.233
[2026-04-18 15:39:37] [ElasticNet/raw/P_kbar] OOF elapsed=0.1s params={'deep_crustal_MASH': (0.122, 8.813), 'deeper_mantle': (0.304, 25.491), 'lithospheric_mantle': (0.456, 10.207), 'shallow_crustal': (0.015, 0.985)}
[2026-04-18 15:39:37]   deep_crustal_MASH n=61 pre=3.153[2.610,3.710] post=1.733[1.362,2.063] improvement=+1.421
[2026-04-18 15:39:37]   deeper_mantle n=8 pre=18.360[15.214,21.137] post=9.585[0.647,13.544] improvement=+8.774
[2026-04-18 15:39:37]   lithospheric_mantle n=58 pre=5.560[4.208,6.941] post=3.362[2.568,4.121] improvement=+2.198
[2026-04-18 15:39:37]   shallow_crustal n=47 pre=2.663[2.265,3.061] post=1.015[1.008,1.023] improvement=+1.647
[2026-04-18 15:39:37]   ALL n=174 pre=5.586 post=3.053 improvement=+2.533
[2026-04-18 15:39:37] wrote C:\Users\NQTa\Documents\MLCourse\Final Project\results\v10_opx_liq_bias_correction.csv
[2026-04-18 15:39:37] wrote C:\Users\NQTa\Documents\MLCourse\Final Project\results\v10_opx_liq_bias_correction_params.csv
[2026-04-18 15:39:38] wrote figures/fig28_bias_correction_opx_liq.{pdf,png}
[2026-04-18 15:39:38] wrote C:\Users\NQTa\Documents\MLCourse\Final Project\tables\S8_8_bias_correction_opx_liq.md
[2026-04-18 15:39:38] wrote C:\Users\NQTa\Documents\MLCourse\Final Project\tables\S8_8_bias_correction_opx_liq.csv
[2026-04-18 15:39:38] DONE
