[2026-04-18 21:45:23] A4 edge sensitivity: perturbations=['base', 'inner_m1', 'inner_p1']
[2026-04-18 21:45:23] cpx/cpx_liq/P_kbar/LightGBM/pwlr
[2026-04-18 21:45:23]   base      ships=False overall_delta=+0.809 worst_regime_delta=+0.917
[2026-04-18 21:45:24]   inner_m1  ships=False overall_delta=+0.809 worst_regime_delta=+0.882
[2026-04-18 21:45:24]   inner_p1  ships=True overall_delta=+1.089 worst_regime_delta=-0.123
[2026-04-18 21:45:24] cpx/cpx_liq/T_C/ERT/pwlr
[2026-04-18 21:45:24]   base      ships=False overall_delta=+3.549 worst_regime_delta=+0.899
[2026-04-18 21:45:24]   inner_m1  ships=False overall_delta=+3.190 worst_regime_delta=+1.106
[2026-04-18 21:45:24]   inner_p1  ships=False overall_delta=+4.959 worst_regime_delta=+3.254
[2026-04-18 21:45:24] cpx/cpx_only/P_kbar/MLP/alr
[2026-04-18 21:45:24]   base      ships=True overall_delta=+2.411 worst_regime_delta=-0.853
[2026-04-18 21:45:24]   inner_m1  ships=True overall_delta=+2.559 worst_regime_delta=-1.216
[2026-04-18 21:45:24]   inner_p1  ships=True overall_delta=+2.816 worst_regime_delta=-1.908
[2026-04-18 21:45:24] cpx/cpx_only/T_C/ERT/pwlr
[2026-04-18 21:45:24]   base      ships=False overall_delta=-12.023 worst_regime_delta=+31.182
[2026-04-18 21:45:24]   inner_m1  ships=False overall_delta=-10.800 worst_regime_delta=+29.706
[2026-04-18 21:45:24]   inner_p1  ships=False overall_delta=-17.938 worst_regime_delta=+39.465
[2026-04-18 21:45:24] opx/opx_liq/P_kbar/MLP/raw
[2026-04-18 21:45:24]   base      ships=False overall_delta=+1.233 worst_regime_delta=+3.151
[2026-04-18 21:45:24]   inner_m1  ships=False overall_delta=+1.234 worst_regime_delta=+3.151
[2026-04-18 21:45:24]   inner_p1  ships=True overall_delta=+1.485 worst_regime_delta=-0.872
[2026-04-18 21:45:24] opx/opx_liq/T_C/ElasticNet/raw
[2026-04-18 21:45:24]   base      ships=False overall_delta=-0.107 worst_regime_delta=+18.677
[2026-04-18 21:45:24]   inner_m1  ships=False overall_delta=+0.124 worst_regime_delta=+17.728
[2026-04-18 21:45:24]   inner_p1  ships=False overall_delta=+0.144 worst_regime_delta=+18.772
[2026-04-18 21:45:24] opx/opx_only/P_kbar/RF/pwlr
[2026-04-18 21:45:24]   base      ships=True overall_delta=+4.296 worst_regime_delta=-4.154
[2026-04-18 21:45:24]   inner_m1  ships=True overall_delta=+4.157 worst_regime_delta=-3.760
[2026-04-18 21:45:24]   inner_p1  ships=True overall_delta=+5.174 worst_regime_delta=-2.238
[2026-04-18 21:45:24] opx/opx_only/T_C/LightGBM/alr
[2026-04-18 21:45:24]   base      ships=False overall_delta=+24.564 worst_regime_delta=+3.903
[2026-04-18 21:45:24]   inner_m1  ships=False overall_delta=+23.348 worst_regime_delta=+4.770
[2026-04-18 21:45:24]   inner_p1  ships=False overall_delta=+20.775 worst_regime_delta=+9.367
[2026-04-18 21:45:24] wrote C:\Users\NQTa\Documents\MLCourse\Final Project\results\v10_bias_correction_edge_sensitivity.csv  rows=120
[2026-04-18 21:45:24] ship-decision stability across perturbations:
[2026-04-18 21:45:24]   perturbation               base  inner_m1  inner_p1
[2026-04-18 21:45:24]   pipeline track    target                           
[2026-04-18 21:45:24]   cpx      cpx_liq  P_kbar  False     False      True
[2026-04-18 21:45:24]                     T_C     False     False     False
[2026-04-18 21:45:24]            cpx_only P_kbar   True      True      True
[2026-04-18 21:45:24]                     T_C     False     False     False
[2026-04-18 21:45:24]   opx      opx_liq  P_kbar  False     False      True
[2026-04-18 21:45:24]                     T_C     False     False     False
[2026-04-18 21:45:24]            opx_only P_kbar   True      True      True
[2026-04-18 21:45:24]                     T_C     False     False     False
