[2026-04-18 19:06:58] START H.3a regime summary
[2026-04-18 19:06:58] loaded 53050 natural opx predictions
[2026-04-18 19:06:58] regime labels assigned (descriptive; no RMSE claims)
[2026-04-18 19:06:58] wrote C:\Users\NQTa\Documents\MLCourse\Final Project\results\v10_phase_h3a_regime_summary.csv
[2026-04-18 19:06:58] 
                         n   T_mean   T_std    T_p10    T_p90  P_mean  P_std  P_p10  P_p90  ood_pct  meets_n_floor
regime                                                                                                            
shallow_crustal      26047   976.16   57.74   905.28  1054.86    4.28   0.34   3.87   4.76     9.36           True
deep_crustal_MASH    13177  1113.78  114.87   936.07  1256.89    9.18   3.30   5.24  14.13     9.97           True
lithospheric_mantle  11138  1253.73   50.17  1189.80  1304.19   20.45   4.23  15.75  27.64     0.67           True
deeper_mantle         2688  1288.15   51.67  1232.04  1354.12   36.26   5.02  30.60  43.48     0.89           True
[2026-04-18 19:06:58] 

tectonic setting x regime crosstab:
regime                                       shallow_crustal  deep_crustal_MASH  lithospheric_mantle  deeper_mantle
TECTONIC SETTING                                                                                                   
ARCHEAN CRATON (INCLUDING GREENSTONE BELTS)               22                890                  283              5
COMPLEX VOLCANIC SETTINGS                                  0                 14                   19             18
CONTINENTAL FLOOD BASALT                                 117                770                  810            374
CONVERGENT MARGIN                                      23973               5527                 1975            187
INTRAPLATE VOLCANICS                                    1113               4875                 6280           1666
OCEAN ISLAND                                              56                287                  612            154
OCEANIC PLATEAU                                            0                 18                  140             21
RIFT VOLCANICS                                           455                730                  914            212
SEAMOUNT                                                 311                 59                   87             47
SUBMARINE RIDGE                                            0                  0                    2              0
[2026-04-18 19:06:58] DONE
