[2026-04-16 21:49:01] Phase C driver START  total=96 studies n_trials=50
[2026-04-16 21:49:01] [1/96]
[2026-04-16 21:49:01] START RF__T_C__opx_only__raw (n_trials=50)
[2026-04-16 21:49:01]   data shape X=(845, 16) y=(845,) n_groups=98
[2026-04-16 21:50:13] DONE  RF__T_C__opx_only__raw  best_rmse=141.2126  elapsed=71.9s
[2026-04-16 21:50:13] [2/96]
[2026-04-16 21:50:13] START RF__T_C__opx_only__alr (n_trials=50)
[2026-04-16 21:50:13]   data shape X=(845, 15) y=(845,) n_groups=98
[2026-04-16 21:51:46] DONE  RF__T_C__opx_only__alr  best_rmse=140.4652  elapsed=92.8s
[2026-04-16 21:51:46] [3/96]
[2026-04-16 21:51:46] START RF__T_C__opx_only__pwlr (n_trials=50)
[2026-04-16 21:51:46]   data shape X=(845, 43) y=(845,) n_groups=98
[2026-04-16 21:53:37] DONE  RF__T_C__opx_only__pwlr  best_rmse=133.0824  elapsed=111.4s
[2026-04-16 21:53:37] [4/96]
[2026-04-16 21:53:37] START RF__T_C__opx_liq__raw (n_trials=50)
[2026-04-16 21:53:37]   data shape X=(426, 25) y=(426,) n_groups=74
[2026-04-16 21:55:03] DONE  RF__T_C__opx_liq__raw  best_rmse=79.4719  elapsed=85.6s
[2026-04-16 21:55:03] [5/96]
[2026-04-16 21:55:03] START RF__T_C__opx_liq__alr (n_trials=50)
[2026-04-16 21:55:03]   data shape X=(426, 23) y=(426,) n_groups=74
[2026-04-16 21:57:39] DONE  RF__T_C__opx_liq__alr  best_rmse=77.8628  elapsed=156.0s
[2026-04-16 21:57:39] [6/96]
[2026-04-16 21:57:39] START RF__T_C__opx_liq__pwlr (n_trials=50)
[2026-04-16 21:57:39]   data shape X=(426, 72) y=(426,) n_groups=74
[2026-04-16 21:59:45] DONE  RF__T_C__opx_liq__pwlr  best_rmse=77.3387  elapsed=126.0s
[2026-04-16 21:59:45] [7/96]
[2026-04-16 21:59:45] START RF__P_kbar__opx_only__raw (n_trials=50)
[2026-04-16 21:59:45]   data shape X=(845, 16) y=(845,) n_groups=98
[2026-04-16 22:01:41] DONE  RF__P_kbar__opx_only__raw  best_rmse=10.9779  elapsed=116.4s
[2026-04-16 22:01:41] [8/96]
[2026-04-16 22:01:41] START RF__P_kbar__opx_only__alr (n_trials=50)
[2026-04-16 22:01:41]   data shape X=(845, 15) y=(845,) n_groups=98
[2026-04-16 22:03:48] DONE  RF__P_kbar__opx_only__alr  best_rmse=10.8379  elapsed=126.9s
[2026-04-16 22:03:48] [9/96]
[2026-04-16 22:03:48] START RF__P_kbar__opx_only__pwlr (n_trials=50)
[2026-04-16 22:03:48]   data shape X=(845, 43) y=(845,) n_groups=98
[2026-04-16 22:06:36] DONE  RF__P_kbar__opx_only__pwlr  best_rmse=10.2669  elapsed=168.2s
[2026-04-16 22:06:36] [10/96]
[2026-04-16 22:06:36] START RF__P_kbar__opx_liq__raw (n_trials=50)
[2026-04-16 22:06:36]   data shape X=(426, 25) y=(426,) n_groups=74
[2026-04-16 22:08:24] DONE  RF__P_kbar__opx_liq__raw  best_rmse=5.6160  elapsed=107.6s
[2026-04-16 22:08:24] [11/96]
[2026-04-16 22:08:24] START RF__P_kbar__opx_liq__alr (n_trials=50)
[2026-04-16 22:08:24]   data shape X=(426, 23) y=(426,) n_groups=74
[2026-04-16 22:09:43] DONE  RF__P_kbar__opx_liq__alr  best_rmse=5.4993  elapsed=79.1s
[2026-04-16 22:09:43] [12/96]
[2026-04-16 22:09:43] START RF__P_kbar__opx_liq__pwlr (n_trials=50)
[2026-04-16 22:09:43]   data shape X=(426, 72) y=(426,) n_groups=74
[2026-04-16 22:12:07] DONE  RF__P_kbar__opx_liq__pwlr  best_rmse=5.4785  elapsed=144.5s
[2026-04-16 22:12:07] [13/96]
[2026-04-16 22:12:07] START ERT__T_C__opx_only__raw (n_trials=50)
[2026-04-16 22:12:07]   data shape X=(845, 16) y=(845,) n_groups=98
[2026-04-16 22:12:59] DONE  ERT__T_C__opx_only__raw  best_rmse=139.5121  elapsed=51.7s
[2026-04-16 22:12:59] [14/96]
[2026-04-16 22:12:59] START ERT__T_C__opx_only__alr (n_trials=50)
[2026-04-16 22:12:59]   data shape X=(845, 15) y=(845,) n_groups=98
[2026-04-16 22:14:13] DONE  ERT__T_C__opx_only__alr  best_rmse=139.9093  elapsed=73.8s
[2026-04-16 22:14:13] [15/96]
[2026-04-16 22:14:13] START ERT__T_C__opx_only__pwlr (n_trials=50)
[2026-04-16 22:14:13]   data shape X=(845, 43) y=(845,) n_groups=98
[2026-04-16 22:15:33] DONE  ERT__T_C__opx_only__pwlr  best_rmse=132.5320  elapsed=79.9s
[2026-04-16 22:15:33] [16/96]
[2026-04-16 22:15:33] START ERT__T_C__opx_liq__raw (n_trials=50)
[2026-04-16 22:15:33]   data shape X=(426, 25) y=(426,) n_groups=74
[2026-04-16 22:16:41] DONE  ERT__T_C__opx_liq__raw  best_rmse=77.8408  elapsed=68.1s
[2026-04-16 22:16:41] [17/96]
[2026-04-16 22:16:41] START ERT__T_C__opx_liq__alr (n_trials=50)
[2026-04-16 22:16:41]   data shape X=(426, 23) y=(426,) n_groups=74
[2026-04-16 22:17:19] DONE  ERT__T_C__opx_liq__alr  best_rmse=81.1944  elapsed=37.8s
[2026-04-16 22:17:19] [18/96]
[2026-04-16 22:17:19] START ERT__T_C__opx_liq__pwlr (n_trials=50)
[2026-04-16 22:17:19]   data shape X=(426, 72) y=(426,) n_groups=74
[2026-04-16 22:18:30] DONE  ERT__T_C__opx_liq__pwlr  best_rmse=77.8357  elapsed=71.2s
[2026-04-16 22:18:30] [19/96]
[2026-04-16 22:18:30] START ERT__P_kbar__opx_only__raw (n_trials=50)
[2026-04-16 22:18:30]   data shape X=(845, 16) y=(845,) n_groups=98
[2026-04-16 22:19:44] DONE  ERT__P_kbar__opx_only__raw  best_rmse=10.7930  elapsed=73.6s
[2026-04-16 22:19:44] [20/96]
[2026-04-16 22:19:44] START ERT__P_kbar__opx_only__alr (n_trials=50)
[2026-04-16 22:19:44]   data shape X=(845, 15) y=(845,) n_groups=98
[2026-04-16 22:20:32] DONE  ERT__P_kbar__opx_only__alr  best_rmse=10.8640  elapsed=48.4s
[2026-04-16 22:20:32] [21/96]
[2026-04-16 22:20:32] START ERT__P_kbar__opx_only__pwlr (n_trials=50)
[2026-04-16 22:20:32]   data shape X=(845, 43) y=(845,) n_groups=98
[2026-04-16 22:21:28] DONE  ERT__P_kbar__opx_only__pwlr  best_rmse=10.3934  elapsed=55.7s
[2026-04-16 22:21:28] [22/96]
[2026-04-16 22:21:28] START ERT__P_kbar__opx_liq__raw (n_trials=50)
[2026-04-16 22:21:28]   data shape X=(426, 25) y=(426,) n_groups=74
[2026-04-16 22:22:41] DONE  ERT__P_kbar__opx_liq__raw  best_rmse=5.4686  elapsed=73.0s
[2026-04-16 22:22:41] [23/96]
[2026-04-16 22:22:41] START ERT__P_kbar__opx_liq__alr (n_trials=50)
[2026-04-16 22:22:41]   data shape X=(426, 23) y=(426,) n_groups=74
[2026-04-16 22:23:33] DONE  ERT__P_kbar__opx_liq__alr  best_rmse=5.7212  elapsed=52.1s
[2026-04-16 22:23:33] [24/96]
[2026-04-16 22:23:33] START ERT__P_kbar__opx_liq__pwlr (n_trials=50)
[2026-04-16 22:23:33]   data shape X=(426, 72) y=(426,) n_groups=74
[2026-04-16 22:24:31] DONE  ERT__P_kbar__opx_liq__pwlr  best_rmse=5.7182  elapsed=58.4s
[2026-04-16 22:24:31] [25/96]
[2026-04-16 22:24:31] START XGB__T_C__opx_only__raw (n_trials=50)
[2026-04-16 22:24:31]   data shape X=(845, 16) y=(845,) n_groups=98
[2026-04-16 22:25:15] DONE  XGB__T_C__opx_only__raw  best_rmse=136.7625  elapsed=43.9s
[2026-04-16 22:25:15] [26/96]
[2026-04-16 22:25:15] START XGB__T_C__opx_only__alr (n_trials=50)
[2026-04-16 22:25:15]   data shape X=(845, 15) y=(845,) n_groups=98
[2026-04-16 22:26:41] DONE  XGB__T_C__opx_only__alr  best_rmse=134.6906  elapsed=85.9s
[2026-04-16 22:26:41] [27/96]
[2026-04-16 22:26:41] START XGB__T_C__opx_only__pwlr (n_trials=50)
[2026-04-16 22:26:41]   data shape X=(845, 43) y=(845,) n_groups=98
[2026-04-16 22:32:03] DONE  XGB__T_C__opx_only__pwlr  best_rmse=132.0551  elapsed=322.3s
[2026-04-16 22:32:03] [28/96]
[2026-04-16 22:32:03] START XGB__T_C__opx_liq__raw (n_trials=50)
[2026-04-16 22:32:03]   data shape X=(426, 25) y=(426,) n_groups=74
[2026-04-16 22:32:52] DONE  XGB__T_C__opx_liq__raw  best_rmse=75.4359  elapsed=48.6s
[2026-04-16 22:32:52] [29/96]
[2026-04-16 22:32:52] START XGB__T_C__opx_liq__alr (n_trials=50)
[2026-04-16 22:32:52]   data shape X=(426, 23) y=(426,) n_groups=74
[2026-04-16 22:34:02] DONE  XGB__T_C__opx_liq__alr  best_rmse=73.7798  elapsed=70.5s
[2026-04-16 22:34:02] [30/96]
[2026-04-16 22:34:02] START XGB__T_C__opx_liq__pwlr (n_trials=50)
[2026-04-16 22:34:03]   data shape X=(426, 72) y=(426,) n_groups=74
[2026-04-16 22:35:41] DONE  XGB__T_C__opx_liq__pwlr  best_rmse=74.6309  elapsed=98.4s
[2026-04-16 22:35:41] [31/96]
[2026-04-16 22:35:41] START XGB__P_kbar__opx_only__raw (n_trials=50)
[2026-04-16 22:35:41]   data shape X=(845, 16) y=(845,) n_groups=98
[2026-04-16 22:36:22] DONE  XGB__P_kbar__opx_only__raw  best_rmse=10.6595  elapsed=41.3s
[2026-04-16 22:36:22] [32/96]
[2026-04-16 22:36:22] START XGB__P_kbar__opx_only__alr (n_trials=50)
[2026-04-16 22:36:22]   data shape X=(845, 15) y=(845,) n_groups=98
[2026-04-16 22:37:09] DONE  XGB__P_kbar__opx_only__alr  best_rmse=10.7019  elapsed=46.9s
[2026-04-16 22:37:09] [33/96]
[2026-04-16 22:37:09] START XGB__P_kbar__opx_only__pwlr (n_trials=50)
[2026-04-16 22:37:09]   data shape X=(845, 43) y=(845,) n_groups=98
[2026-04-16 22:39:57] DONE  XGB__P_kbar__opx_only__pwlr  best_rmse=10.0376  elapsed=168.1s
[2026-04-16 22:39:57] [34/96]
[2026-04-16 22:39:57] START XGB__P_kbar__opx_liq__raw (n_trials=50)
[2026-04-16 22:39:57]   data shape X=(426, 25) y=(426,) n_groups=74
[2026-04-16 22:40:55] DONE  XGB__P_kbar__opx_liq__raw  best_rmse=4.8419  elapsed=58.0s
[2026-04-16 22:40:55] [35/96]
[2026-04-16 22:40:55] START XGB__P_kbar__opx_liq__alr (n_trials=50)
[2026-04-16 22:40:55]   data shape X=(426, 23) y=(426,) n_groups=74
[2026-04-16 22:41:49] DONE  XGB__P_kbar__opx_liq__alr  best_rmse=5.0970  elapsed=54.0s
[2026-04-16 22:41:49] [36/96]
[2026-04-16 22:41:49] START XGB__P_kbar__opx_liq__pwlr (n_trials=50)
[2026-04-16 22:41:49]   data shape X=(426, 72) y=(426,) n_groups=74
[2026-04-16 22:43:55] DONE  XGB__P_kbar__opx_liq__pwlr  best_rmse=4.7766  elapsed=125.5s
[2026-04-16 22:43:55] [37/96]
[2026-04-16 22:43:55] START GB__T_C__opx_only__raw (n_trials=50)
[2026-04-16 22:43:55]   data shape X=(845, 16) y=(845,) n_groups=98
[2026-04-16 22:45:03] DONE  GB__T_C__opx_only__raw  best_rmse=141.2238  elapsed=68.5s
[2026-04-16 22:45:03] [38/96]
[2026-04-16 22:45:03] START GB__T_C__opx_only__alr (n_trials=50)
[2026-04-16 22:45:03]   data shape X=(845, 15) y=(845,) n_groups=98
[2026-04-16 22:46:13] DONE  GB__T_C__opx_only__alr  best_rmse=140.5699  elapsed=69.5s
[2026-04-16 22:46:13] [39/96]
[2026-04-16 22:46:13] START GB__T_C__opx_only__pwlr (n_trials=50)
[2026-04-16 22:46:13]   data shape X=(845, 43) y=(845,) n_groups=98
[2026-04-16 22:48:44] DONE  GB__T_C__opx_only__pwlr  best_rmse=137.7362  elapsed=151.8s
[2026-04-16 22:48:44] [40/96]
[2026-04-16 22:48:44] START GB__T_C__opx_liq__raw (n_trials=50)
[2026-04-16 22:48:44]   data shape X=(426, 25) y=(426,) n_groups=74
[2026-04-16 22:49:54] DONE  GB__T_C__opx_liq__raw  best_rmse=78.1236  elapsed=70.0s
[2026-04-16 22:49:54] [41/96]
[2026-04-16 22:49:54] START GB__T_C__opx_liq__alr (n_trials=50)
[2026-04-16 22:49:54]   data shape X=(426, 23) y=(426,) n_groups=74
[2026-04-16 22:51:15] DONE  GB__T_C__opx_liq__alr  best_rmse=76.6008  elapsed=80.6s
[2026-04-16 22:51:15] [42/96]
[2026-04-16 22:51:15] START GB__T_C__opx_liq__pwlr (n_trials=50)
[2026-04-16 22:51:15]   data shape X=(426, 72) y=(426,) n_groups=74
[2026-04-16 22:52:58] DONE  GB__T_C__opx_liq__pwlr  best_rmse=75.6350  elapsed=102.5s
[2026-04-16 22:52:58] [43/96]
[2026-04-16 22:52:58] START GB__P_kbar__opx_only__raw (n_trials=50)
[2026-04-16 22:52:58]   data shape X=(845, 16) y=(845,) n_groups=98
[2026-04-16 22:53:54] DONE  GB__P_kbar__opx_only__raw  best_rmse=10.5610  elapsed=56.3s
[2026-04-16 22:53:54] [44/96]
[2026-04-16 22:53:54] START GB__P_kbar__opx_only__alr (n_trials=50)
[2026-04-16 22:53:54]   data shape X=(845, 15) y=(845,) n_groups=98
[2026-04-16 22:54:55] DONE  GB__P_kbar__opx_only__alr  best_rmse=10.5250  elapsed=60.7s
[2026-04-16 22:54:55] [45/96]
[2026-04-16 22:54:55] START GB__P_kbar__opx_only__pwlr (n_trials=50)
[2026-04-16 22:54:55]   data shape X=(845, 43) y=(845,) n_groups=98
[2026-04-16 22:56:12] DONE  GB__P_kbar__opx_only__pwlr  best_rmse=10.3705  elapsed=77.5s
[2026-04-16 22:56:12] [46/96]
[2026-04-16 22:56:12] START GB__P_kbar__opx_liq__raw (n_trials=50)
[2026-04-16 22:56:12]   data shape X=(426, 25) y=(426,) n_groups=74
[2026-04-16 22:56:58] DONE  GB__P_kbar__opx_liq__raw  best_rmse=4.9887  elapsed=45.7s
[2026-04-16 22:56:58] [47/96]
[2026-04-16 22:56:58] START GB__P_kbar__opx_liq__alr (n_trials=50)
[2026-04-16 22:56:58]   data shape X=(426, 23) y=(426,) n_groups=74
[2026-04-16 22:57:50] DONE  GB__P_kbar__opx_liq__alr  best_rmse=5.3738  elapsed=52.3s
[2026-04-16 22:57:50] [48/96]
[2026-04-16 22:57:50] START GB__P_kbar__opx_liq__pwlr (n_trials=50)
[2026-04-16 22:57:50]   data shape X=(426, 72) y=(426,) n_groups=74
[2026-04-16 22:59:19] DONE  GB__P_kbar__opx_liq__pwlr  best_rmse=5.0650  elapsed=88.9s
[2026-04-16 22:59:19] [49/96]
[2026-04-16 22:59:19] START CatBoost__T_C__opx_only__raw (n_trials=50)
[2026-04-16 22:59:19]   data shape X=(845, 16) y=(845,) n_groups=98
[2026-04-16 23:28:06] DONE  CatBoost__T_C__opx_only__raw  best_rmse=133.4656  elapsed=1727.0s
[2026-04-16 23:28:06] [50/96]
[2026-04-16 23:28:06] START CatBoost__T_C__opx_only__alr (n_trials=50)
[2026-04-16 23:28:06]   data shape X=(845, 15) y=(845,) n_groups=98
[2026-04-16 23:40:16] DONE  CatBoost__T_C__opx_only__alr  best_rmse=131.9858  elapsed=730.0s
[2026-04-16 23:40:16] [51/96]
[2026-04-16 23:40:16] START CatBoost__T_C__opx_only__pwlr (n_trials=50)
[2026-04-16 23:40:16]   data shape X=(845, 43) y=(845,) n_groups=98
[2026-04-17 01:06:09] DONE  CatBoost__T_C__opx_only__pwlr  best_rmse=131.5365  elapsed=5153.3s
[2026-04-17 01:06:09] [52/96]
[2026-04-17 01:06:09] START CatBoost__T_C__opx_liq__raw (n_trials=50)
[2026-04-17 01:06:09]   data shape X=(426, 25) y=(426,) n_groups=74
[2026-04-17 01:13:37] DONE  CatBoost__T_C__opx_liq__raw  best_rmse=79.8993  elapsed=447.4s
[2026-04-17 01:13:37] [53/96]
[2026-04-17 01:13:37] START CatBoost__T_C__opx_liq__alr (n_trials=50)
[2026-04-17 01:13:37]   data shape X=(426, 23) y=(426,) n_groups=74
[2026-04-17 01:22:51] DONE  CatBoost__T_C__opx_liq__alr  best_rmse=77.6676  elapsed=554.2s
[2026-04-17 01:22:51] [54/96]
[2026-04-17 01:22:51] START CatBoost__T_C__opx_liq__pwlr (n_trials=50)
[2026-04-17 01:22:51]   data shape X=(426, 72) y=(426,) n_groups=74
[2026-04-17 02:00:52] DONE  CatBoost__T_C__opx_liq__pwlr  best_rmse=77.5657  elapsed=2280.8s
[2026-04-17 02:00:52] [55/96]
[2026-04-17 02:00:52] START CatBoost__P_kbar__opx_only__raw (n_trials=50)
[2026-04-17 02:00:52]   data shape X=(845, 16) y=(845,) n_groups=98
[2026-04-17 02:18:17] DONE  CatBoost__P_kbar__opx_only__raw  best_rmse=10.3209  elapsed=1045.0s
[2026-04-17 02:18:17] [56/96]
[2026-04-17 02:18:17] START CatBoost__P_kbar__opx_only__alr (n_trials=50)
[2026-04-17 02:18:17]   data shape X=(845, 15) y=(845,) n_groups=98
[2026-04-17 02:50:50] DONE  CatBoost__P_kbar__opx_only__alr  best_rmse=10.4200  elapsed=1953.4s
[2026-04-17 02:50:50] [57/96]
[2026-04-17 02:50:50] START CatBoost__P_kbar__opx_only__pwlr (n_trials=50)
[2026-04-17 02:50:50]   data shape X=(845, 43) y=(845,) n_groups=98
[2026-04-17 04:23:26] DONE  CatBoost__P_kbar__opx_only__pwlr  best_rmse=10.1672  elapsed=5556.5s
[2026-04-17 04:23:26] [58/96]
[2026-04-17 04:23:26] START CatBoost__P_kbar__opx_liq__raw (n_trials=50)
[2026-04-17 04:23:27]   data shape X=(426, 25) y=(426,) n_groups=74
[2026-04-17 04:30:35] DONE  CatBoost__P_kbar__opx_liq__raw  best_rmse=4.9118  elapsed=428.5s
[2026-04-17 04:30:35] [59/96]
[2026-04-17 04:30:35] START CatBoost__P_kbar__opx_liq__alr (n_trials=50)
[2026-04-17 04:30:35]   data shape X=(426, 23) y=(426,) n_groups=74
[2026-04-17 04:39:07] DONE  CatBoost__P_kbar__opx_liq__alr  best_rmse=5.0119  elapsed=511.6s
[2026-04-17 04:39:07] [60/96]
[2026-04-17 04:39:07] START CatBoost__P_kbar__opx_liq__pwlr (n_trials=50)
[2026-04-17 04:39:07]   data shape X=(426, 72) y=(426,) n_groups=74
[2026-04-17 05:04:15] DONE  CatBoost__P_kbar__opx_liq__pwlr  best_rmse=5.1414  elapsed=1508.0s
[2026-04-17 05:04:15] [61/96]
[2026-04-17 05:04:15] START LightGBM__T_C__opx_only__raw (n_trials=50)
[2026-04-17 05:04:15]   data shape X=(845, 16) y=(845,) n_groups=98
[2026-04-17 05:04:36] DONE  LightGBM__T_C__opx_only__raw  best_rmse=138.2487  elapsed=20.9s
[2026-04-17 05:04:36] [62/96]
[2026-04-17 05:04:36] START LightGBM__T_C__opx_only__alr (n_trials=50)
[2026-04-17 05:04:36]   data shape X=(845, 15) y=(845,) n_groups=98
[2026-04-17 05:04:55] DONE  LightGBM__T_C__opx_only__alr  best_rmse=139.2293  elapsed=19.4s
[2026-04-17 05:04:55] [63/96]
[2026-04-17 05:04:55] START LightGBM__T_C__opx_only__pwlr (n_trials=50)
[2026-04-17 05:04:55]   data shape X=(845, 43) y=(845,) n_groups=98
[2026-04-17 05:05:52] DONE  LightGBM__T_C__opx_only__pwlr  best_rmse=133.3586  elapsed=56.7s
[2026-04-17 05:05:52] [64/96]
[2026-04-17 05:05:52] START LightGBM__T_C__opx_liq__raw (n_trials=50)
[2026-04-17 05:05:52]   data shape X=(426, 25) y=(426,) n_groups=74
[2026-04-17 05:06:06] DONE  LightGBM__T_C__opx_liq__raw  best_rmse=77.7384  elapsed=14.4s
[2026-04-17 05:06:06] [65/96]
[2026-04-17 05:06:06] START LightGBM__T_C__opx_liq__alr (n_trials=50)
[2026-04-17 05:06:06]   data shape X=(426, 23) y=(426,) n_groups=74
[2026-04-17 05:06:28] DONE  LightGBM__T_C__opx_liq__alr  best_rmse=75.0980  elapsed=22.0s
[2026-04-17 05:06:28] [66/96]
[2026-04-17 05:06:28] START LightGBM__T_C__opx_liq__pwlr (n_trials=50)
[2026-04-17 05:06:28]   data shape X=(426, 72) y=(426,) n_groups=74
[2026-04-17 05:07:00] DONE  LightGBM__T_C__opx_liq__pwlr  best_rmse=75.4127  elapsed=32.1s
[2026-04-17 05:07:00] [67/96]
[2026-04-17 05:07:00] START LightGBM__P_kbar__opx_only__raw (n_trials=50)
[2026-04-17 05:07:00]   data shape X=(845, 16) y=(845,) n_groups=98
[2026-04-17 05:07:16] DONE  LightGBM__P_kbar__opx_only__raw  best_rmse=10.5852  elapsed=15.6s
[2026-04-17 05:07:16] [68/96]
[2026-04-17 05:07:16] START LightGBM__P_kbar__opx_only__alr (n_trials=50)
[2026-04-17 05:07:16]   data shape X=(845, 15) y=(845,) n_groups=98
[2026-04-17 05:07:34] DONE  LightGBM__P_kbar__opx_only__alr  best_rmse=10.5346  elapsed=18.2s
[2026-04-17 05:07:34] [69/96]
[2026-04-17 05:07:34] START LightGBM__P_kbar__opx_only__pwlr (n_trials=50)
[2026-04-17 05:07:34]   data shape X=(845, 43) y=(845,) n_groups=98
[2026-04-17 05:08:20] DONE  LightGBM__P_kbar__opx_only__pwlr  best_rmse=10.3545  elapsed=45.5s
[2026-04-17 05:08:20] [70/96]
[2026-04-17 05:08:20] START LightGBM__P_kbar__opx_liq__raw (n_trials=50)
[2026-04-17 05:08:20]   data shape X=(426, 25) y=(426,) n_groups=74
[2026-04-17 05:08:34] DONE  LightGBM__P_kbar__opx_liq__raw  best_rmse=5.0184  elapsed=14.0s
[2026-04-17 05:08:34] [71/96]
[2026-04-17 05:08:34] START LightGBM__P_kbar__opx_liq__alr (n_trials=50)
[2026-04-17 05:08:34]   data shape X=(426, 23) y=(426,) n_groups=74
[2026-04-17 05:08:48] DONE  LightGBM__P_kbar__opx_liq__alr  best_rmse=5.3473  elapsed=14.1s
[2026-04-17 05:08:48] [72/96]
[2026-04-17 05:08:48] START LightGBM__P_kbar__opx_liq__pwlr (n_trials=50)
[2026-04-17 05:08:48]   data shape X=(426, 72) y=(426,) n_groups=74
[2026-04-17 05:09:13] DONE  LightGBM__P_kbar__opx_liq__pwlr  best_rmse=5.2125  elapsed=24.9s
[2026-04-17 05:09:13] [73/96]
[2026-04-17 05:09:13] START ElasticNet__T_C__opx_only__raw (n_trials=50)
[2026-04-17 05:09:13]   data shape X=(845, 16) y=(845,) n_groups=98
[2026-04-17 05:09:16] DONE  ElasticNet__T_C__opx_only__raw  best_rmse=144.1807  elapsed=3.6s
[2026-04-17 05:09:16] [74/96]
[2026-04-17 05:09:16] START ElasticNet__T_C__opx_only__alr (n_trials=50)
[2026-04-17 05:09:16]   data shape X=(845, 15) y=(845,) n_groups=98
[2026-04-17 05:09:20] DONE  ElasticNet__T_C__opx_only__alr  best_rmse=155.0355  elapsed=3.5s
[2026-04-17 05:09:20] [75/96]
[2026-04-17 05:09:20] START ElasticNet__T_C__opx_only__pwlr (n_trials=50)
[2026-04-17 05:09:20]   data shape X=(845, 43) y=(845,) n_groups=98
[2026-04-17 05:09:32] DONE  ElasticNet__T_C__opx_only__pwlr  best_rmse=157.3698  elapsed=12.2s
[2026-04-17 05:09:32] [76/96]
[2026-04-17 05:09:32] START ElasticNet__T_C__opx_liq__raw (n_trials=50)
[2026-04-17 05:09:32]   data shape X=(426, 25) y=(426,) n_groups=74
[2026-04-17 05:09:36] DONE  ElasticNet__T_C__opx_liq__raw  best_rmse=71.3743  elapsed=3.9s
[2026-04-17 05:09:36] [77/96]
[2026-04-17 05:09:36] START ElasticNet__T_C__opx_liq__alr (n_trials=50)
[2026-04-17 05:09:36]   data shape X=(426, 23) y=(426,) n_groups=74
[2026-04-17 05:09:39] DONE  ElasticNet__T_C__opx_liq__alr  best_rmse=83.2381  elapsed=3.7s
[2026-04-17 05:09:39] [78/96]
[2026-04-17 05:09:39] START ElasticNet__T_C__opx_liq__pwlr (n_trials=50)
[2026-04-17 05:09:39]   data shape X=(426, 72) y=(426,) n_groups=74
[2026-04-17 05:09:51] DONE  ElasticNet__T_C__opx_liq__pwlr  best_rmse=83.9062  elapsed=11.7s
[2026-04-17 05:09:51] [79/96]
[2026-04-17 05:09:51] START ElasticNet__P_kbar__opx_only__raw (n_trials=50)
[2026-04-17 05:09:51]   data shape X=(845, 16) y=(845,) n_groups=98
[2026-04-17 05:09:56] DONE  ElasticNet__P_kbar__opx_only__raw  best_rmse=11.5363  elapsed=5.4s
[2026-04-17 05:09:56] [80/96]
[2026-04-17 05:09:56] START ElasticNet__P_kbar__opx_only__alr (n_trials=50)
[2026-04-17 05:09:57]   data shape X=(845, 15) y=(845,) n_groups=98
[2026-04-17 05:10:01] DONE  ElasticNet__P_kbar__opx_only__alr  best_rmse=12.7204  elapsed=4.2s
[2026-04-17 05:10:01] [81/96]
[2026-04-17 05:10:01] START ElasticNet__P_kbar__opx_only__pwlr (n_trials=50)
[2026-04-17 05:10:01]   data shape X=(845, 43) y=(845,) n_groups=98
[2026-04-17 05:10:07] DONE  ElasticNet__P_kbar__opx_only__pwlr  best_rmse=12.7966  elapsed=6.1s
[2026-04-17 05:10:07] [82/96]
[2026-04-17 05:10:07] START ElasticNet__P_kbar__opx_liq__raw (n_trials=50)
[2026-04-17 05:10:07]   data shape X=(426, 25) y=(426,) n_groups=74
[2026-04-17 05:10:14] DONE  ElasticNet__P_kbar__opx_liq__raw  best_rmse=5.5025  elapsed=6.7s
[2026-04-17 05:10:14] [83/96]
[2026-04-17 05:10:14] START ElasticNet__P_kbar__opx_liq__alr (n_trials=50)
[2026-04-17 05:10:14]   data shape X=(426, 23) y=(426,) n_groups=74
[2026-04-17 05:10:18] DONE  ElasticNet__P_kbar__opx_liq__alr  best_rmse=5.9295  elapsed=4.4s
[2026-04-17 05:10:18] [84/96]
[2026-04-17 05:10:18] START ElasticNet__P_kbar__opx_liq__pwlr (n_trials=50)
[2026-04-17 05:10:18]   data shape X=(426, 72) y=(426,) n_groups=74
[2026-04-17 05:10:24] DONE  ElasticNet__P_kbar__opx_liq__pwlr  best_rmse=6.0596  elapsed=5.8s
[2026-04-17 05:10:24] [85/96]
[2026-04-17 05:10:24] START MLP__T_C__opx_only__raw (n_trials=50)
[2026-04-17 05:10:24]   data shape X=(845, 16) y=(845,) n_groups=98
[2026-04-17 05:13:53] DONE  MLP__T_C__opx_only__raw  best_rmse=151.3279  elapsed=209.3s
[2026-04-17 05:13:53] [86/96]
[2026-04-17 05:13:53] START MLP__T_C__opx_only__alr (n_trials=50)
[2026-04-17 05:13:53]   data shape X=(845, 15) y=(845,) n_groups=98
[2026-04-17 05:16:34] DONE  MLP__T_C__opx_only__alr  best_rmse=162.1121  elapsed=161.0s
[2026-04-17 05:16:34] [87/96]
[2026-04-17 05:16:34] START MLP__T_C__opx_only__pwlr (n_trials=50)
[2026-04-17 05:16:34]   data shape X=(845, 43) y=(845,) n_groups=98
[2026-04-17 05:22:27] DONE  MLP__T_C__opx_only__pwlr  best_rmse=167.9087  elapsed=353.2s
[2026-04-17 05:22:27] [88/96]
[2026-04-17 05:22:27] START MLP__T_C__opx_liq__raw (n_trials=50)
[2026-04-17 05:22:27]   data shape X=(426, 25) y=(426,) n_groups=74
[2026-04-17 05:24:57] DONE  MLP__T_C__opx_liq__raw  best_rmse=130.9507  elapsed=150.1s
[2026-04-17 05:24:57] [89/96]
[2026-04-17 05:24:57] START MLP__T_C__opx_liq__alr (n_trials=50)
[2026-04-17 05:24:57]   data shape X=(426, 23) y=(426,) n_groups=74
[2026-04-17 05:27:31] DONE  MLP__T_C__opx_liq__alr  best_rmse=118.7634  elapsed=153.5s
[2026-04-17 05:27:31] [90/96]
[2026-04-17 05:27:31] START MLP__T_C__opx_liq__pwlr (n_trials=50)
[2026-04-17 05:27:31]   data shape X=(426, 72) y=(426,) n_groups=74
[2026-04-17 05:32:03] DONE  MLP__T_C__opx_liq__pwlr  best_rmse=135.9328  elapsed=272.4s
[2026-04-17 05:32:03] [91/96]
[2026-04-17 05:32:03] START MLP__P_kbar__opx_only__raw (n_trials=50)
[2026-04-17 05:32:03]   data shape X=(845, 16) y=(845,) n_groups=98
[2026-04-17 05:35:32] DONE  MLP__P_kbar__opx_only__raw  best_rmse=10.9123  elapsed=208.3s
[2026-04-17 05:35:32] [92/96]
[2026-04-17 05:35:32] START MLP__P_kbar__opx_only__alr (n_trials=50)
[2026-04-17 05:35:32]   data shape X=(845, 15) y=(845,) n_groups=98
[2026-04-17 05:39:46] DONE  MLP__P_kbar__opx_only__alr  best_rmse=11.9001  elapsed=254.4s
[2026-04-17 05:39:46] [93/96]
[2026-04-17 05:39:46] START MLP__P_kbar__opx_only__pwlr (n_trials=50)
[2026-04-17 05:39:46]   data shape X=(845, 43) y=(845,) n_groups=98
[2026-04-17 05:43:47] DONE  MLP__P_kbar__opx_only__pwlr  best_rmse=11.4168  elapsed=241.0s
[2026-04-17 05:43:47] [94/96]
[2026-04-17 05:43:47] START MLP__P_kbar__opx_liq__raw (n_trials=50)
[2026-04-17 05:43:47]   data shape X=(426, 25) y=(426,) n_groups=74
[2026-04-17 05:44:40] DONE  MLP__P_kbar__opx_liq__raw  best_rmse=4.8510  elapsed=53.2s
[2026-04-17 05:44:40] [95/96]
[2026-04-17 05:44:40] START MLP__P_kbar__opx_liq__alr (n_trials=50)
[2026-04-17 05:44:40]   data shape X=(426, 23) y=(426,) n_groups=74
[2026-04-17 05:45:49] DONE  MLP__P_kbar__opx_liq__alr  best_rmse=5.2831  elapsed=68.8s
[2026-04-17 05:45:49] [96/96]
[2026-04-17 05:45:49] START MLP__P_kbar__opx_liq__pwlr (n_trials=50)
[2026-04-17 05:45:49]   data shape X=(426, 72) y=(426,) n_groups=74
[2026-04-17 05:48:00] DONE  MLP__P_kbar__opx_liq__pwlr  best_rmse=5.3314  elapsed=130.8s
[2026-04-17 05:48:00] Phase C driver DONE  completed=96  failed=0
