[2026-04-17 10:38:51] START twopx runner  cells=8
[2026-04-17 10:38:51] [1/8]
[2026-04-17 10:38:51] CELL T_C/twopx/raw START
[2026-04-17 10:38:57]   bases: {'RF': 87.87729035893148, 'ERT': 87.79920520852399, 'XGB': 102.52642727692607, 'GB': 105.73267634979797, 'CatBoost': 92.10369336432936, 'LightGBM': 105.99168536583583, 'ElasticNet': 79.53579684431216, 'MLP': 310.07280589213605}
[2026-04-17 10:39:19]   ensembles: {'ridge': 102.58052486387817, 'two_level': 98.96081487771387, 'greedy': 92.78921535524704}
[2026-04-17 10:39:19] CELL T_C/twopx/raw DONE  elapsed=28.4s
[2026-04-17 10:39:19] [2/8]
[2026-04-17 10:39:19] CELL T_C/twopx/alr START
[2026-04-17 10:39:25]   bases: {'RF': 90.58100903799541, 'ERT': 90.78035195231354, 'XGB': 110.35871793892606, 'GB': 111.62597129832226, 'CatBoost': 85.98010044608505, 'LightGBM': 106.88446517273549, 'ElasticNet': 79.72635175235887, 'MLP': 264.360984996042}
[2026-04-17 10:39:49]   ensembles: {'ridge': 88.61165621329418, 'two_level': 91.19063747196968, 'greedy': 89.200373710752}
[2026-04-17 10:39:49] CELL T_C/twopx/alr DONE  elapsed=29.5s
[2026-04-17 10:39:49] [3/8]
[2026-04-17 10:39:49] CELL T_C/twopx/pwlr START
[2026-04-17 10:39:57]   bases: {'RF': 84.72663576875328, 'ERT': 88.32872706429669, 'XGB': 92.91590385746935, 'GB': 89.41468640733983, 'CatBoost': 82.69170392960639, 'LightGBM': 97.92860251619219, 'ElasticNet': 85.31248810954717, 'MLP': 444.0653866162669}
[2026-04-17 10:40:28]   ensembles: {'ridge': 93.21415879417286, 'two_level': 85.74053563350417, 'greedy': 81.04040551446074}
[2026-04-17 10:40:28] CELL T_C/twopx/pwlr DONE  elapsed=39.7s
[2026-04-17 10:40:28] [4/8]
[2026-04-17 10:40:28] CELL T_C/twopx/twopx_components START
[2026-04-17 10:40:32]   bases: {'RF': 93.92168861093748, 'ERT': 99.51413878363859, 'XGB': 95.9381901104613, 'GB': 99.19896028466412, 'CatBoost': 94.8954804709775, 'LightGBM': 98.7100673311632, 'ElasticNet': 110.95589284701295, 'MLP': 409.9449359583043}
[2026-04-17 10:40:49]   ensembles: {'ridge': 97.62381734245201, 'two_level': 96.87509719150394, 'greedy': 93.81355100909603}
[2026-04-17 10:40:49] CELL T_C/twopx/twopx_components DONE  elapsed=20.8s
[2026-04-17 10:40:49] [5/8]
[2026-04-17 10:40:49] CELL P_kbar/twopx/raw START
[2026-04-17 10:40:58]   bases: {'RF': 4.5879607770221735, 'ERT': 4.4798654690482165, 'XGB': 4.279930136844735, 'GB': 4.521411256934363, 'CatBoost': 4.668808985165133, 'LightGBM': 4.6897166156909975, 'ElasticNet': 4.778917845463868, 'MLP': 5.237424453346497}
[2026-04-17 10:41:28]   ensembles: {'ridge': 5.145549074652774, 'two_level': 9.21201807399356, 'greedy': 4.573541498673976}
[2026-04-17 10:41:28] CELL P_kbar/twopx/raw DONE  elapsed=38.9s
[2026-04-17 10:41:28] [6/8]
[2026-04-17 10:41:28] CELL P_kbar/twopx/alr START
[2026-04-17 10:41:34]   bases: {'RF': 4.580604807636983, 'ERT': 4.670397099868709, 'XGB': 4.262968061132832, 'GB': 4.60791567995762, 'CatBoost': 4.911716420350418, 'LightGBM': 4.587823650473292, 'ElasticNet': 4.868615116820685, 'MLP': 5.923539578263637}
[2026-04-17 10:41:56]   ensembles: {'ridge': 5.239755992901647, 'two_level': 5.753639629023698, 'greedy': 4.596394046282718}
[2026-04-17 10:41:56] CELL P_kbar/twopx/alr DONE  elapsed=27.6s
[2026-04-17 10:41:56] [7/8]
[2026-04-17 10:41:56] CELL P_kbar/twopx/pwlr START
[2026-04-17 10:42:01]   bases: {'RF': 4.808723723839126, 'ERT': 4.406395173301417, 'XGB': 4.683914383154267, 'GB': 4.599867880724804, 'CatBoost': 4.4071080246399905, 'LightGBM': 4.584402255258671, 'ElasticNet': 5.580191717705463, 'MLP': 7.714806679684145}
[2026-04-17 10:42:22]   ensembles: {'ridge': 4.9574929487060935, 'two_level': 4.558814125192857, 'greedy': 4.513915817286822}
[2026-04-17 10:42:22] CELL P_kbar/twopx/pwlr DONE  elapsed=26.4s
[2026-04-17 10:42:22] [8/8]
[2026-04-17 10:42:22] CELL P_kbar/twopx/twopx_components START
[2026-04-17 10:42:27]   bases: {'RF': 5.221717840627274, 'ERT': 5.544428295271923, 'XGB': 5.540213534981055, 'GB': 5.253778233545142, 'CatBoost': 5.624734082941897, 'LightGBM': 5.4221031800130906, 'ElasticNet': 5.749398553037476, 'MLP': 5.6066170418632}
[2026-04-17 10:42:46]   ensembles: {'ridge': 5.65366462106198, 'two_level': 5.1868062152145, 'greedy': 5.4198304974733205}
[2026-04-17 10:42:46] CELL P_kbar/twopx/twopx_components DONE  elapsed=24.4s
[2026-04-17 10:42:46] wrote C:\Users\NQTa\Documents\MLCourse\Final Project\results\v10_twopx_per_cell_results.csv
[2026-04-17 10:42:47] wrote C:\Users\NQTa\Documents\MLCourse\Final Project\results\v10_twopx_ensemble_results.csv
[2026-04-17 10:42:47] DONE  n_base_rows=64  n_ens_rows=24
