[2026-04-18 19:50:00] START regime_allmodels bootstrap n_boot=500
[2026-04-18 19:50:00] [opx_liq] train n=426 test n=174
[2026-04-18 19:50:00] [opx/opx_liq] cells=48
[2026-04-18 19:50:05]   [8/48] fit ERT/T_C/alr
[2026-04-18 19:50:07]   [16/48] fit XGB/P_kbar/raw
[2026-04-18 19:50:13]   [24/48] fit GB/P_kbar/pwlr
[2026-04-18 19:50:26]   [32/48] fit LightGBM/T_C/alr
[2026-04-18 19:50:27]   [40/48] fit ElasticNet/P_kbar/raw
[2026-04-18 19:50:35]   [48/48] fit MLP/P_kbar/pwlr
[2026-04-18 19:50:36] [opx_liq] checkpoint rows=832
[2026-04-18 19:50:36] [opx_only] train n=845 test n=190
[2026-04-18 19:50:36] [opx/opx_only] cells=48
[2026-04-18 19:50:41]   [8/48] fit ERT/T_C/alr
[2026-04-18 19:50:46]   [16/48] fit XGB/P_kbar/raw
[2026-04-18 19:50:50]   [24/48] fit GB/P_kbar/pwlr
[2026-04-18 19:53:30]   [32/48] fit LightGBM/T_C/alr
[2026-04-18 19:53:31]   [40/48] fit ElasticNet/P_kbar/raw
[2026-04-18 19:53:46]   [48/48] fit MLP/P_kbar/pwlr
[2026-04-18 19:53:46] [opx_only] checkpoint rows=1616
[2026-04-18 19:53:46] [cpx_liq] train n=1731 test n=654
[2026-04-18 19:53:46] [cpx/cpx_liq] cells=48
[2026-04-18 19:53:58]   [8/48] fit ERT/T_C/alr
[2026-04-18 19:54:12]   [16/48] fit XGB/P_kbar/raw
[2026-04-18 19:54:20]   [24/48] fit GB/P_kbar/pwlr
[2026-04-18 19:55:01]   [32/48] fit LightGBM/T_C/alr
[2026-04-18 19:55:04]   [40/48] fit ElasticNet/P_kbar/raw
[2026-04-18 19:55:18]   [48/48] fit MLP/P_kbar/pwlr
Youve selected a P-independent function
Im normalizing using the Jorgenson method, e.g. 100 total, 2dp
Youve selected a T-independent function
Im normalizing using the Jorgenson method, e.g. 100 total, 2dp
Youve selected a T-independent function
Youve selected a P-independent function
Youve selected a T-independent function
Youve selected a T-independent function
[2026-04-18 19:55:38] [cpx_liq] checkpoint rows=2602
[2026-04-18 19:55:38] [cpx_only] train n=2113 test n=784
[2026-04-18 19:55:38] [cpx/cpx_only] cells=48
[2026-04-18 19:55:52]   [8/48] fit ERT/T_C/alr
[2026-04-18 19:55:57]   [16/48] fit XGB/P_kbar/raw
[2026-04-18 19:56:04]   [24/48] fit GB/P_kbar/pwlr
[2026-04-18 19:56:49]   [32/48] fit LightGBM/T_C/alr
[2026-04-18 19:56:50]   [40/48] fit ElasticNet/P_kbar/raw
[2026-04-18 19:57:13]   [48/48] fit MLP/P_kbar/pwlr
Youve selected a P-independent function
Youve selected a T-independent function
[2026-04-18 19:57:37] [cpx_only] checkpoint rows=3537
[2026-04-18 19:57:37] [twopx] train n=96 test n=48
[2026-04-18 19:57:37] [twopx/twopx] cells=64
[2026-04-18 19:57:42]   [8/64] fit RF/P_kbar/twopx_components
[2026-04-18 19:57:44]   [16/64] fit ERT/P_kbar/twopx_components
[2026-04-18 19:57:45]   [24/64] fit XGB/P_kbar/twopx_components
[2026-04-18 19:57:47]   [32/64] fit GB/P_kbar/twopx_components
[2026-04-18 19:58:06]   [40/64] fit CatBoost/P_kbar/twopx_components
[2026-04-18 19:58:07]   [48/64] fit LightGBM/P_kbar/twopx_components
[2026-04-18 19:58:07]   [56/64] fit ElasticNet/P_kbar/twopx_components
[2026-04-18 19:58:08]   [64/64] fit MLP/P_kbar/twopx_components
[2026-04-18 19:58:08]   twopx external skipped: If using all scalar values, you must pass an index
[2026-04-18 19:58:09] [twopx] checkpoint rows=4497
[2026-04-18 19:58:09] [universal] train n=2224 test n=1005
[2026-04-18 19:58:09] [universal/universal] cells=16
[2026-04-18 19:58:19]   [8/16] fit GB/P_kbar/universal_raw
[2026-04-18 19:58:35]   [16/16] fit MLP/P_kbar/universal_raw
[2026-04-18 19:58:36] [universal] checkpoint rows=4769
[2026-04-18 19:58:36] DONE total rows=4769 -> C:\Users\NQTa\Documents\MLCourse\Final Project\results\v10_regime_allmodels.csv
