[2026-04-17 16:16:27] START cpx runner  cells=12
[2026-04-17 16:16:27] [1/12]
[2026-04-17 16:16:27] CELL T_C/cpx_only/raw START
[2026-04-17 16:16:44]   bases: {'RF': 144.434696950973, 'ERT': 143.05599220475318, 'XGB': 145.68729119097537, 'GB': 146.36172653028345, 'CatBoost': 139.72230333962128, 'LightGBM': 145.15377327134118, 'ElasticNet': 151.75057974977986, 'MLP': 156.7953323984207}
[2026-04-17 16:17:55]   ensembles: {'ridge': 141.55261036482796, 'two_level': 141.67660822682348, 'greedy': 142.27395214793796}
[2026-04-17 16:17:55] CELL T_C/cpx_only/raw DONE  elapsed=87.3s
[2026-04-17 16:17:55] [2/12]
[2026-04-17 16:17:55] CELL T_C/cpx_only/alr START
[2026-04-17 16:18:07]   bases: {'RF': 144.1644254537965, 'ERT': 133.43828871315387, 'XGB': 142.477055491817, 'GB': 145.95019778247865, 'CatBoost': 138.1527196759428, 'LightGBM': 144.98004825500686, 'ElasticNet': 151.5589753504157, 'MLP': 136.9457514896057}
[2026-04-17 16:18:43]   ensembles: {'ridge': 136.72925343811465, 'two_level': 138.96946994092974, 'greedy': 136.04019486000237}
[2026-04-17 16:18:43] CELL T_C/cpx_only/alr DONE  elapsed=48.6s
[2026-04-17 16:18:43] [3/12]
[2026-04-17 16:18:43] CELL T_C/cpx_only/pwlr START
[2026-04-17 16:18:54]   bases: {'RF': 138.60494300928272, 'ERT': 127.34987708248192, 'XGB': 133.831905894774, 'GB': 131.59019236799173, 'CatBoost': 137.02158378842944, 'LightGBM': 132.2532059805331, 'ElasticNet': 151.32654929532444, 'MLP': 130.8329932011939}
[2026-04-17 16:19:31]   ensembles: {'ridge': 135.88615810169392, 'two_level': 128.88196340101865, 'greedy': 129.86279303784724}
[2026-04-17 16:19:31] CELL T_C/cpx_only/pwlr DONE  elapsed=47.4s
[2026-04-17 16:19:31] [4/12]
[2026-04-17 16:19:31] CELL T_C/cpx_liq/raw START
[2026-04-17 16:19:43]   bases: {'RF': 77.85368638432337, 'ERT': 76.29736767007329, 'XGB': 74.1795423072363, 'GB': 75.47126631357939, 'CatBoost': 76.08411541888674, 'LightGBM': 76.94006309815414, 'ElasticNet': 93.99018437258833, 'MLP': 107.40087892790257}
[2026-04-17 16:20:30]   ensembles: {'ridge': 74.6006079728329, 'two_level': 75.72761698654186, 'greedy': 74.72922084095411}
[2026-04-17 16:20:30] CELL T_C/cpx_liq/raw DONE  elapsed=59.1s
[2026-04-17 16:20:30] [5/12]
[2026-04-17 16:20:30] CELL T_C/cpx_liq/alr START
[2026-04-17 16:20:41]   bases: {'RF': 78.92814350635837, 'ERT': 76.42866694187045, 'XGB': 75.58243472221426, 'GB': 75.57558883291043, 'CatBoost': 76.89399322371258, 'LightGBM': 78.40124179444294, 'ElasticNet': 89.66595115175612, 'MLP': 97.06028009189987}
[2026-04-17 16:21:25]   ensembles: {'ridge': 75.31156605163733, 'two_level': 74.96040394226189, 'greedy': 75.99010559520774}
[2026-04-17 16:21:25] CELL T_C/cpx_liq/alr DONE  elapsed=55.0s
[2026-04-17 16:21:25] [6/12]
[2026-04-17 16:21:25] CELL T_C/cpx_liq/pwlr START
[2026-04-17 16:21:42]   bases: {'RF': 75.57012053165393, 'ERT': 72.50372208958599, 'XGB': 75.36093459310659, 'GB': 75.66579252945712, 'CatBoost': 71.57088937329678, 'LightGBM': 74.18043798075021, 'ElasticNet': 91.8709006268369, 'MLP': 132.13622316389927}
[2026-04-17 16:22:47]   ensembles: {'ridge': 68.36042538109832, 'two_level': 68.86889239117261, 'greedy': 69.98169690785697}
[2026-04-17 16:22:47] CELL T_C/cpx_liq/pwlr DONE  elapsed=82.1s
[2026-04-17 16:22:47] [7/12]
[2026-04-17 16:22:47] CELL P_kbar/cpx_only/raw START
[2026-04-17 16:22:53]   bases: {'RF': 14.316004275492874, 'ERT': 14.256242865455112, 'XGB': 14.932636987891598, 'GB': 14.20756348036959, 'CatBoost': 14.332758458989833, 'LightGBM': 14.392326742633339, 'ElasticNet': 16.102325975631732, 'MLP': 15.79354053052118}
[2026-04-17 16:23:14]   ensembles: {'ridge': 14.742048293555525, 'two_level': 14.285077508613965, 'greedy': 14.382205470669998}
[2026-04-17 16:23:14] CELL P_kbar/cpx_only/raw DONE  elapsed=27.0s
[2026-04-17 16:23:14] [8/12]
[2026-04-17 16:23:14] CELL P_kbar/cpx_only/alr START
[2026-04-17 16:23:21]   bases: {'RF': 22.462214439379988, 'ERT': 14.575046782831858, 'XGB': 25.59887886964721, 'GB': 20.248269063830325, 'CatBoost': 15.813644258460362, 'LightGBM': 18.060771849728045, 'ElasticNet': 15.984798370955643, 'MLP': 13.46565902091653}
[2026-04-17 16:23:45]   ensembles: {'ridge': 20.15426855171842, 'two_level': 19.491890317168824, 'greedy': 18.871331165756448}
[2026-04-17 16:23:45] CELL P_kbar/cpx_only/alr DONE  elapsed=31.0s
[2026-04-17 16:23:45] [9/12]
[2026-04-17 16:23:45] CELL P_kbar/cpx_only/pwlr START
[2026-04-17 16:24:09]   bases: {'RF': 19.365995085893093, 'ERT': 14.089170033836199, 'XGB': 16.010078777842548, 'GB': 15.6581509712797, 'CatBoost': 15.794562768803079, 'LightGBM': 15.323156318956222, 'ElasticNet': 15.781491226139186, 'MLP': 14.171405374024587}
[2026-04-17 16:25:29]   ensembles: {'ridge': 16.6303471696394, 'two_level': 16.523500308685122, 'greedy': 14.804313940451102}
[2026-04-17 16:25:29] CELL P_kbar/cpx_only/pwlr DONE  elapsed=103.9s
[2026-04-17 16:25:29] [10/12]
[2026-04-17 16:25:29] CELL P_kbar/cpx_liq/raw START
[2026-04-17 16:25:38]   bases: {'RF': 7.5155844311841316, 'ERT': 7.309607658223723, 'XGB': 7.627408221661685, 'GB': 7.259173965437224, 'CatBoost': 7.803076148465326, 'LightGBM': 7.447061245735498, 'ElasticNet': 9.225202737028805, 'MLP': 7.417884145408285}
[2026-04-17 16:26:09]   ensembles: {'ridge': 7.404623588791675, 'two_level': 7.121672224968708, 'greedy': 7.235203829362162}
[2026-04-17 16:26:09] CELL P_kbar/cpx_liq/raw DONE  elapsed=40.2s
[2026-04-17 16:26:09] [11/12]
[2026-04-17 16:26:09] CELL P_kbar/cpx_liq/alr START
[2026-04-17 16:26:25]   bases: {'RF': 7.267436428728355, 'ERT': 7.672517173768393, 'XGB': 7.406292841097794, 'GB': 7.262548958803217, 'CatBoost': 7.228917443318905, 'LightGBM': 7.322066818244874, 'ElasticNet': 7.712227991981382, 'MLP': 8.721922436372374}
[2026-04-17 16:27:29]   ensembles: {'ridge': 7.385944705138648, 'two_level': 6.698646946886256, 'greedy': 7.305506123999128}
[2026-04-17 16:27:29] CELL P_kbar/cpx_liq/alr DONE  elapsed=80.4s
[2026-04-17 16:27:29] [12/12]
[2026-04-17 16:27:29] CELL P_kbar/cpx_liq/pwlr START
[2026-04-17 16:27:41]   bases: {'RF': 7.015138642977244, 'ERT': 7.412852316135044, 'XGB': 7.073629825919581, 'GB': 7.052132163652133, 'CatBoost': 7.349762423516187, 'LightGBM': 6.536933057636693, 'ElasticNet': 7.7756595413634875, 'MLP': 7.135593232227349}
[2026-04-17 16:28:22]   ensembles: {'ridge': 6.521954916556333, 'two_level': 6.68461214785127, 'greedy': 6.620618217532456}
[2026-04-17 16:28:22] CELL P_kbar/cpx_liq/pwlr DONE  elapsed=52.4s
[2026-04-17 16:28:22] wrote C:\Users\NQTa\Documents\MLCourse\Final Project\results\v10_cpx_per_cell_results.csv
[2026-04-17 16:28:22] wrote C:\Users\NQTa\Documents\MLCourse\Final Project\results\v10_cpx_ensemble_results.csv
[2026-04-17 16:28:22] DONE  n_base_rows=96  n_ens_rows=36
