[2026-04-19 02:55:22] ========================================================================
[2026-04-19 02:55:22] TabPFN baseline run: seeds=[42, 43, 44, 45, 46] pipelines=all dry_run=False force=False
[2026-04-19 02:55:22] [full] opx/opx_liq/T_C
[2026-04-19 02:55:24]   [model v2 load path] tabpfn==2.2.1 via model_path='auto' (package-version pinned to v2 by tabpfn>=2.0,<2.5)
[2026-04-19 02:55:38]   [ok seed=42] rmse=84.094 mae=57.346 r2=0.632 elapsed=15.7s (n_est=8)
[2026-04-19 02:55:53]   [ok seed=43] rmse=83.648 mae=57.773 r2=0.636 elapsed=14.9s (n_est=8)
[2026-04-19 02:56:10]   [ok seed=44] rmse=85.340 mae=58.847 r2=0.622 elapsed=17.1s (n_est=8)
[2026-04-19 02:56:34]   [ok seed=45] rmse=85.546 mae=59.481 r2=0.620 elapsed=24.1s (n_est=8)
[2026-04-19 02:57:04]   [ok seed=46] rmse=84.100 mae=58.970 r2=0.632 elapsed=30.4s (n_est=8)
[2026-04-19 02:57:04]   [summary] rmse mean=84.546 std=0.754 min=83.648 max=85.546
[2026-04-19 02:57:04] [full] opx/opx_liq/P_kbar
[2026-04-19 02:57:04]   [model v2 load path] tabpfn==2.2.1 via model_path='auto' (package-version pinned to v2 by tabpfn>=2.0,<2.5)
[2026-04-19 02:57:26]   [ok seed=42] rmse=5.286 mae=3.836 r2=0.699 elapsed=21.2s (n_est=8)
[2026-04-19 02:57:43]   [ok seed=43] rmse=5.446 mae=3.876 r2=0.681 elapsed=17.7s (n_est=8)
[2026-04-19 02:58:03]   [ok seed=44] rmse=5.452 mae=3.911 r2=0.680 elapsed=19.6s (n_est=8)
[2026-04-19 02:58:21]   [ok seed=45] rmse=5.471 mae=3.954 r2=0.678 elapsed=18.5s (n_est=8)
[2026-04-19 02:58:48]   [ok seed=46] rmse=5.669 mae=4.107 r2=0.654 elapsed=26.7s (n_est=8)
[2026-04-19 02:58:48]   [summary] rmse mean=5.465 std=0.122 min=5.286 max=5.669
[2026-04-19 02:58:48] [full] opx/opx_only/T_C
[2026-04-19 02:58:48]   [model v2 load path] tabpfn==2.2.1 via model_path='auto' (package-version pinned to v2 by tabpfn>=2.0,<2.5)
[2026-04-19 02:59:16]   [ok seed=42] rmse=152.681 mae=111.674 r2=0.245 elapsed=27.7s (n_est=8)
[2026-04-19 02:59:46]   [ok seed=43] rmse=148.695 mae=107.359 r2=0.284 elapsed=29.5s (n_est=8)
[2026-04-19 03:00:16]   [ok seed=44] rmse=150.252 mae=110.222 r2=0.269 elapsed=30.3s (n_est=8)
[2026-04-19 03:00:47]   [ok seed=45] rmse=150.096 mae=108.159 r2=0.271 elapsed=31.1s (n_est=8)
[2026-04-19 03:01:17]   [ok seed=46] rmse=151.519 mae=109.114 r2=0.257 elapsed=30.1s (n_est=8)
[2026-04-19 03:01:17]   [summary] rmse mean=150.648 std=1.354 min=148.695 max=152.681
[2026-04-19 03:01:17] [full] opx/opx_only/P_kbar
[2026-04-19 03:01:17]   [model v2 load path] tabpfn==2.2.1 via model_path='auto' (package-version pinned to v2 by tabpfn>=2.0,<2.5)
[2026-04-19 03:01:48]   [ok seed=42] rmse=12.687 mae=8.158 r2=0.170 elapsed=30.9s (n_est=8)
[2026-04-19 03:02:20]   [ok seed=43] rmse=12.383 mae=7.861 r2=0.210 elapsed=31.8s (n_est=8)
[2026-04-19 03:02:52]   [ok seed=44] rmse=12.688 mae=7.975 r2=0.170 elapsed=31.9s (n_est=8)
[2026-04-19 03:03:24]   [ok seed=45] rmse=12.486 mae=7.841 r2=0.197 elapsed=31.9s (n_est=8)
[2026-04-19 03:03:57]   [ok seed=46] rmse=12.378 mae=7.898 r2=0.210 elapsed=32.9s (n_est=8)
[2026-04-19 03:03:57]   [summary] rmse mean=12.524 std=0.139 min=12.378 max=12.688
[2026-04-19 03:03:57] [full] cpx/cpx_liq/T_C
[2026-04-19 03:03:57]   [model v2 load path] tabpfn==2.2.1 via model_path='auto' (package-version pinned to v2 by tabpfn>=2.0,<2.5)
[2026-04-19 03:03:57]   [FAIL seed=42] Running on CPU with more than 1000 samples is not allowed by default due to slow performance.
To override this behavior, set the environment variable TABPFN_ALLOW_CPU_LARGE_DATASET=1 or set ignore_pretraining_limits=True.
Alternatively, consider using a GPU or the tabpfn-client API: https://github.com/PriorLabs/tabpfn-client
[2026-04-19 03:03:57] Traceback (most recent call last):
  File "C:\Users\NQTa\Documents\MLCourse\Final Project\scripts\v10_nb03_tabpfn_baseline.py", line 165, in _fit_one
    reg.fit(data['X_tr'], data['y_tr'])
    ~~~~~~~^^^^^^^^^^^^^^^^^^^^^^^^^^^^
  File "C:\Program Files\WindowsApps\PythonSoftwareFoundation.Python.3.13_3.13.3568.0_x64__qbz5n2kfra8p0\Lib\contextlib.py", line 85, in inner
    return func(*args, **kwds)
  File "C:\Users\NQTa\Documents\MLCourse\Final Project\.venv-tabpfn\Lib\site-packages\tabpfn_common_utils\telemetry\core\decorators.py", line 321, in wrapper
    return _safe_call_with_telemetry(
        func, args, kwargs, model_method, param_names
    )
  File "C:\Users\NQTa\Documents\MLCourse\Final Project\.venv-tabpfn\Lib\site-packages\tabpfn_common_utils\telemetry\core\decorators.py", line 365, in _safe_call_with_telemetry
    result = func(*args, **kwargs)
  File "C:\Users\NQTa\Documents\MLCourse\Final Project\.venv-tabpfn\Lib\site-packages\tabpfn\regressor.py", line 718, in fit
    self._initialize_dataset_preprocessing(X, y, rng)
    ~~~~~~~~~~~~~~~~~~~~~~~~~~~~~~~~~~~~~~^^^^^^^^^^^
  File "C:\Users\NQTa\Documents\MLCourse\Final Project\.venv-tabpfn\Lib\site-packages\tabpfn\regressor.py", line 563, in _initialize_dataset_preprocessing
    check_cpu_warning(
    ~~~~~~~~~~~~~~~~~^
        self.devices_, X, allow_cpu_override=self.ignore_pretraining_limits
        ^^^^^^^^^^^^^^^^^^^^^^^^^^^^^^^^^^^^^^^^^^^^^^^^^^^^^^^^^^^^^^^^^^^
    )
    ^
  File "C:\Users\NQTa\Documents\MLCourse\Final Project\.venv-tabpfn\Lib\site-packages\tabpfn\base.py", line 349, in check_cpu_warning
    raise RuntimeError(
    ...<7 lines>...
    )
RuntimeError: Running on CPU with more than 1000 samples is not allowed by default due to slow performance.
To override this behavior, set the environment variable TABPFN_ALLOW_CPU_LARGE_DATASET=1 or set ignore_pretraining_limits=True.
Alternatively, consider using a GPU or the tabpfn-client API: https://github.com/PriorLabs/tabpfn-client

[2026-04-19 03:03:57]   [FAIL seed=43] Running on CPU with more than 1000 samples is not allowed by default due to slow performance.
To override this behavior, set the environment variable TABPFN_ALLOW_CPU_LARGE_DATASET=1 or set ignore_pretraining_limits=True.
Alternatively, consider using a GPU or the tabpfn-client API: https://github.com/PriorLabs/tabpfn-client
[2026-04-19 03:03:57] Traceback (most recent call last):
  File "C:\Users\NQTa\Documents\MLCourse\Final Project\scripts\v10_nb03_tabpfn_baseline.py", line 165, in _fit_one
    reg.fit(data['X_tr'], data['y_tr'])
    ~~~~~~~^^^^^^^^^^^^^^^^^^^^^^^^^^^^
  File "C:\Program Files\WindowsApps\PythonSoftwareFoundation.Python.3.13_3.13.3568.0_x64__qbz5n2kfra8p0\Lib\contextlib.py", line 85, in inner
    return func(*args, **kwds)
  File "C:\Users\NQTa\Documents\MLCourse\Final Project\.venv-tabpfn\Lib\site-packages\tabpfn_common_utils\telemetry\core\decorators.py", line 321, in wrapper
    return _safe_call_with_telemetry(
        func, args, kwargs, model_method, param_names
    )
  File "C:\Users\NQTa\Documents\MLCourse\Final Project\.venv-tabpfn\Lib\site-packages\tabpfn_common_utils\telemetry\core\decorators.py", line 365, in _safe_call_with_telemetry
    result = func(*args, **kwargs)
  File "C:\Users\NQTa\Documents\MLCourse\Final Project\.venv-tabpfn\Lib\site-packages\tabpfn\regressor.py", line 718, in fit
    self._initialize_dataset_preprocessing(X, y, rng)
    ~~~~~~~~~~~~~~~~~~~~~~~~~~~~~~~~~~~~~~^^^^^^^^^^^
  File "C:\Users\NQTa\Documents\MLCourse\Final Project\.venv-tabpfn\Lib\site-packages\tabpfn\regressor.py", line 563, in _initialize_dataset_preprocessing
    check_cpu_warning(
    ~~~~~~~~~~~~~~~~~^
        self.devices_, X, allow_cpu_override=self.ignore_pretraining_limits
        ^^^^^^^^^^^^^^^^^^^^^^^^^^^^^^^^^^^^^^^^^^^^^^^^^^^^^^^^^^^^^^^^^^^
    )
    ^
  File "C:\Users\NQTa\Documents\MLCourse\Final Project\.venv-tabpfn\Lib\site-packages\tabpfn\base.py", line 349, in check_cpu_warning
    raise RuntimeError(
    ...<7 lines>...
    )
RuntimeError: Running on CPU with more than 1000 samples is not allowed by default due to slow performance.
To override this behavior, set the environment variable TABPFN_ALLOW_CPU_LARGE_DATASET=1 or set ignore_pretraining_limits=True.
Alternatively, consider using a GPU or the tabpfn-client API: https://github.com/PriorLabs/tabpfn-client

[2026-04-19 03:03:58]   [FAIL seed=44] Running on CPU with more than 1000 samples is not allowed by default due to slow performance.
To override this behavior, set the environment variable TABPFN_ALLOW_CPU_LARGE_DATASET=1 or set ignore_pretraining_limits=True.
Alternatively, consider using a GPU or the tabpfn-client API: https://github.com/PriorLabs/tabpfn-client
[2026-04-19 03:03:58] Traceback (most recent call last):
  File "C:\Users\NQTa\Documents\MLCourse\Final Project\scripts\v10_nb03_tabpfn_baseline.py", line 165, in _fit_one
    reg.fit(data['X_tr'], data['y_tr'])
    ~~~~~~~^^^^^^^^^^^^^^^^^^^^^^^^^^^^
  File "C:\Program Files\WindowsApps\PythonSoftwareFoundation.Python.3.13_3.13.3568.0_x64__qbz5n2kfra8p0\Lib\contextlib.py", line 85, in inner
    return func(*args, **kwds)
  File "C:\Users\NQTa\Documents\MLCourse\Final Project\.venv-tabpfn\Lib\site-packages\tabpfn_common_utils\telemetry\core\decorators.py", line 321, in wrapper
    return _safe_call_with_telemetry(
        func, args, kwargs, model_method, param_names
    )
  File "C:\Users\NQTa\Documents\MLCourse\Final Project\.venv-tabpfn\Lib\site-packages\tabpfn_common_utils\telemetry\core\decorators.py", line 365, in _safe_call_with_telemetry
    result = func(*args, **kwargs)
  File "C:\Users\NQTa\Documents\MLCourse\Final Project\.venv-tabpfn\Lib\site-packages\tabpfn\regressor.py", line 718, in fit
    self._initialize_dataset_preprocessing(X, y, rng)
    ~~~~~~~~~~~~~~~~~~~~~~~~~~~~~~~~~~~~~~^^^^^^^^^^^
  File "C:\Users\NQTa\Documents\MLCourse\Final Project\.venv-tabpfn\Lib\site-packages\tabpfn\regressor.py", line 563, in _initialize_dataset_preprocessing
    check_cpu_warning(
    ~~~~~~~~~~~~~~~~~^
        self.devices_, X, allow_cpu_override=self.ignore_pretraining_limits
        ^^^^^^^^^^^^^^^^^^^^^^^^^^^^^^^^^^^^^^^^^^^^^^^^^^^^^^^^^^^^^^^^^^^
    )
    ^
  File "C:\Users\NQTa\Documents\MLCourse\Final Project\.venv-tabpfn\Lib\site-packages\tabpfn\base.py", line 349, in check_cpu_warning
    raise RuntimeError(
    ...<7 lines>...
    )
RuntimeError: Running on CPU with more than 1000 samples is not allowed by default due to slow performance.
To override this behavior, set the environment variable TABPFN_ALLOW_CPU_LARGE_DATASET=1 or set ignore_pretraining_limits=True.
Alternatively, consider using a GPU or the tabpfn-client API: https://github.com/PriorLabs/tabpfn-client

[2026-04-19 03:03:58]   [FAIL seed=45] Running on CPU with more than 1000 samples is not allowed by default due to slow performance.
To override this behavior, set the environment variable TABPFN_ALLOW_CPU_LARGE_DATASET=1 or set ignore_pretraining_limits=True.
Alternatively, consider using a GPU or the tabpfn-client API: https://github.com/PriorLabs/tabpfn-client
[2026-04-19 03:03:58] Traceback (most recent call last):
  File "C:\Users\NQTa\Documents\MLCourse\Final Project\scripts\v10_nb03_tabpfn_baseline.py", line 165, in _fit_one
    reg.fit(data['X_tr'], data['y_tr'])
    ~~~~~~~^^^^^^^^^^^^^^^^^^^^^^^^^^^^
  File "C:\Program Files\WindowsApps\PythonSoftwareFoundation.Python.3.13_3.13.3568.0_x64__qbz5n2kfra8p0\Lib\contextlib.py", line 85, in inner
    return func(*args, **kwds)
  File "C:\Users\NQTa\Documents\MLCourse\Final Project\.venv-tabpfn\Lib\site-packages\tabpfn_common_utils\telemetry\core\decorators.py", line 321, in wrapper
    return _safe_call_with_telemetry(
        func, args, kwargs, model_method, param_names
    )
  File "C:\Users\NQTa\Documents\MLCourse\Final Project\.venv-tabpfn\Lib\site-packages\tabpfn_common_utils\telemetry\core\decorators.py", line 365, in _safe_call_with_telemetry
    result = func(*args, **kwargs)
  File "C:\Users\NQTa\Documents\MLCourse\Final Project\.venv-tabpfn\Lib\site-packages\tabpfn\regressor.py", line 718, in fit
    self._initialize_dataset_preprocessing(X, y, rng)
    ~~~~~~~~~~~~~~~~~~~~~~~~~~~~~~~~~~~~~~^^^^^^^^^^^
  File "C:\Users\NQTa\Documents\MLCourse\Final Project\.venv-tabpfn\Lib\site-packages\tabpfn\regressor.py", line 563, in _initialize_dataset_preprocessing
    check_cpu_warning(
    ~~~~~~~~~~~~~~~~~^
        self.devices_, X, allow_cpu_override=self.ignore_pretraining_limits
        ^^^^^^^^^^^^^^^^^^^^^^^^^^^^^^^^^^^^^^^^^^^^^^^^^^^^^^^^^^^^^^^^^^^
    )
    ^
  File "C:\Users\NQTa\Documents\MLCourse\Final Project\.venv-tabpfn\Lib\site-packages\tabpfn\base.py", line 349, in check_cpu_warning
    raise RuntimeError(
    ...<7 lines>...
    )
RuntimeError: Running on CPU with more than 1000 samples is not allowed by default due to slow performance.
To override this behavior, set the environment variable TABPFN_ALLOW_CPU_LARGE_DATASET=1 or set ignore_pretraining_limits=True.
Alternatively, consider using a GPU or the tabpfn-client API: https://github.com/PriorLabs/tabpfn-client

[2026-04-19 03:03:58]   [FAIL seed=46] Running on CPU with more than 1000 samples is not allowed by default due to slow performance.
To override this behavior, set the environment variable TABPFN_ALLOW_CPU_LARGE_DATASET=1 or set ignore_pretraining_limits=True.
Alternatively, consider using a GPU or the tabpfn-client API: https://github.com/PriorLabs/tabpfn-client
[2026-04-19 03:03:58] Traceback (most recent call last):
  File "C:\Users\NQTa\Documents\MLCourse\Final Project\scripts\v10_nb03_tabpfn_baseline.py", line 165, in _fit_one
    reg.fit(data['X_tr'], data['y_tr'])
    ~~~~~~~^^^^^^^^^^^^^^^^^^^^^^^^^^^^
  File "C:\Program Files\WindowsApps\PythonSoftwareFoundation.Python.3.13_3.13.3568.0_x64__qbz5n2kfra8p0\Lib\contextlib.py", line 85, in inner
    return func(*args, **kwds)
  File "C:\Users\NQTa\Documents\MLCourse\Final Project\.venv-tabpfn\Lib\site-packages\tabpfn_common_utils\telemetry\core\decorators.py", line 321, in wrapper
    return _safe_call_with_telemetry(
        func, args, kwargs, model_method, param_names
    )
  File "C:\Users\NQTa\Documents\MLCourse\Final Project\.venv-tabpfn\Lib\site-packages\tabpfn_common_utils\telemetry\core\decorators.py", line 365, in _safe_call_with_telemetry
    result = func(*args, **kwargs)
  File "C:\Users\NQTa\Documents\MLCourse\Final Project\.venv-tabpfn\Lib\site-packages\tabpfn\regressor.py", line 718, in fit
    self._initialize_dataset_preprocessing(X, y, rng)
    ~~~~~~~~~~~~~~~~~~~~~~~~~~~~~~~~~~~~~~^^^^^^^^^^^
  File "C:\Users\NQTa\Documents\MLCourse\Final Project\.venv-tabpfn\Lib\site-packages\tabpfn\regressor.py", line 563, in _initialize_dataset_preprocessing
    check_cpu_warning(
    ~~~~~~~~~~~~~~~~~^
        self.devices_, X, allow_cpu_override=self.ignore_pretraining_limits
        ^^^^^^^^^^^^^^^^^^^^^^^^^^^^^^^^^^^^^^^^^^^^^^^^^^^^^^^^^^^^^^^^^^^
    )
    ^
  File "C:\Users\NQTa\Documents\MLCourse\Final Project\.venv-tabpfn\Lib\site-packages\tabpfn\base.py", line 349, in check_cpu_warning
    raise RuntimeError(
    ...<7 lines>...
    )
RuntimeError: Running on CPU with more than 1000 samples is not allowed by default due to slow performance.
To override this behavior, set the environment variable TABPFN_ALLOW_CPU_LARGE_DATASET=1 or set ignore_pretraining_limits=True.
Alternatively, consider using a GPU or the tabpfn-client API: https://github.com/PriorLabs/tabpfn-client

[2026-04-19 03:03:58]   [ALL SEEDS FAILED] skipping combination outputs
[2026-04-19 03:03:58] [full] cpx/cpx_liq/P_kbar
[2026-04-19 03:03:58]   [model v2 load path] tabpfn==2.2.1 via model_path='auto' (package-version pinned to v2 by tabpfn>=2.0,<2.5)
[2026-04-19 03:03:58]   [FAIL seed=42] Running on CPU with more than 1000 samples is not allowed by default due to slow performance.
To override this behavior, set the environment variable TABPFN_ALLOW_CPU_LARGE_DATASET=1 or set ignore_pretraining_limits=True.
Alternatively, consider using a GPU or the tabpfn-client API: https://github.com/PriorLabs/tabpfn-client
[2026-04-19 03:03:58] Traceback (most recent call last):
  File "C:\Users\NQTa\Documents\MLCourse\Final Project\scripts\v10_nb03_tabpfn_baseline.py", line 165, in _fit_one
    reg.fit(data['X_tr'], data['y_tr'])
    ~~~~~~~^^^^^^^^^^^^^^^^^^^^^^^^^^^^
  File "C:\Program Files\WindowsApps\PythonSoftwareFoundation.Python.3.13_3.13.3568.0_x64__qbz5n2kfra8p0\Lib\contextlib.py", line 85, in inner
    return func(*args, **kwds)
  File "C:\Users\NQTa\Documents\MLCourse\Final Project\.venv-tabpfn\Lib\site-packages\tabpfn_common_utils\telemetry\core\decorators.py", line 321, in wrapper
    return _safe_call_with_telemetry(
        func, args, kwargs, model_method, param_names
    )
  File "C:\Users\NQTa\Documents\MLCourse\Final Project\.venv-tabpfn\Lib\site-packages\tabpfn_common_utils\telemetry\core\decorators.py", line 365, in _safe_call_with_telemetry
    result = func(*args, **kwargs)
  File "C:\Users\NQTa\Documents\MLCourse\Final Project\.venv-tabpfn\Lib\site-packages\tabpfn\regressor.py", line 718, in fit
    self._initialize_dataset_preprocessing(X, y, rng)
    ~~~~~~~~~~~~~~~~~~~~~~~~~~~~~~~~~~~~~~^^^^^^^^^^^
  File "C:\Users\NQTa\Documents\MLCourse\Final Project\.venv-tabpfn\Lib\site-packages\tabpfn\regressor.py", line 563, in _initialize_dataset_preprocessing
    check_cpu_warning(
    ~~~~~~~~~~~~~~~~~^
        self.devices_, X, allow_cpu_override=self.ignore_pretraining_limits
        ^^^^^^^^^^^^^^^^^^^^^^^^^^^^^^^^^^^^^^^^^^^^^^^^^^^^^^^^^^^^^^^^^^^
    )
    ^
  File "C:\Users\NQTa\Documents\MLCourse\Final Project\.venv-tabpfn\Lib\site-packages\tabpfn\base.py", line 349, in check_cpu_warning
    raise RuntimeError(
    ...<7 lines>...
    )
RuntimeError: Running on CPU with more than 1000 samples is not allowed by default due to slow performance.
To override this behavior, set the environment variable TABPFN_ALLOW_CPU_LARGE_DATASET=1 or set ignore_pretraining_limits=True.
Alternatively, consider using a GPU or the tabpfn-client API: https://github.com/PriorLabs/tabpfn-client

[2026-04-19 03:03:58]   [FAIL seed=43] Running on CPU with more than 1000 samples is not allowed by default due to slow performance.
To override this behavior, set the environment variable TABPFN_ALLOW_CPU_LARGE_DATASET=1 or set ignore_pretraining_limits=True.
Alternatively, consider using a GPU or the tabpfn-client API: https://github.com/PriorLabs/tabpfn-client
[2026-04-19 03:03:58] Traceback (most recent call last):
  File "C:\Users\NQTa\Documents\MLCourse\Final Project\scripts\v10_nb03_tabpfn_baseline.py", line 165, in _fit_one
    reg.fit(data['X_tr'], data['y_tr'])
    ~~~~~~~^^^^^^^^^^^^^^^^^^^^^^^^^^^^
  File "C:\Program Files\WindowsApps\PythonSoftwareFoundation.Python.3.13_3.13.3568.0_x64__qbz5n2kfra8p0\Lib\contextlib.py", line 85, in inner
    return func(*args, **kwds)
  File "C:\Users\NQTa\Documents\MLCourse\Final Project\.venv-tabpfn\Lib\site-packages\tabpfn_common_utils\telemetry\core\decorators.py", line 321, in wrapper
    return _safe_call_with_telemetry(
        func, args, kwargs, model_method, param_names
    )
  File "C:\Users\NQTa\Documents\MLCourse\Final Project\.venv-tabpfn\Lib\site-packages\tabpfn_common_utils\telemetry\core\decorators.py", line 365, in _safe_call_with_telemetry
    result = func(*args, **kwargs)
  File "C:\Users\NQTa\Documents\MLCourse\Final Project\.venv-tabpfn\Lib\site-packages\tabpfn\regressor.py", line 718, in fit
    self._initialize_dataset_preprocessing(X, y, rng)
    ~~~~~~~~~~~~~~~~~~~~~~~~~~~~~~~~~~~~~~^^^^^^^^^^^
  File "C:\Users\NQTa\Documents\MLCourse\Final Project\.venv-tabpfn\Lib\site-packages\tabpfn\regressor.py", line 563, in _initialize_dataset_preprocessing
    check_cpu_warning(
    ~~~~~~~~~~~~~~~~~^
        self.devices_, X, allow_cpu_override=self.ignore_pretraining_limits
        ^^^^^^^^^^^^^^^^^^^^^^^^^^^^^^^^^^^^^^^^^^^^^^^^^^^^^^^^^^^^^^^^^^^
    )
    ^
  File "C:\Users\NQTa\Documents\MLCourse\Final Project\.venv-tabpfn\Lib\site-packages\tabpfn\base.py", line 349, in check_cpu_warning
    raise RuntimeError(
    ...<7 lines>...
    )
RuntimeError: Running on CPU with more than 1000 samples is not allowed by default due to slow performance.
To override this behavior, set the environment variable TABPFN_ALLOW_CPU_LARGE_DATASET=1 or set ignore_pretraining_limits=True.
Alternatively, consider using a GPU or the tabpfn-client API: https://github.com/PriorLabs/tabpfn-client

[2026-04-19 03:03:58]   [FAIL seed=44] Running on CPU with more than 1000 samples is not allowed by default due to slow performance.
To override this behavior, set the environment variable TABPFN_ALLOW_CPU_LARGE_DATASET=1 or set ignore_pretraining_limits=True.
Alternatively, consider using a GPU or the tabpfn-client API: https://github.com/PriorLabs/tabpfn-client
[2026-04-19 03:03:59] Traceback (most recent call last):
  File "C:\Users\NQTa\Documents\MLCourse\Final Project\scripts\v10_nb03_tabpfn_baseline.py", line 165, in _fit_one
    reg.fit(data['X_tr'], data['y_tr'])
    ~~~~~~~^^^^^^^^^^^^^^^^^^^^^^^^^^^^
  File "C:\Program Files\WindowsApps\PythonSoftwareFoundation.Python.3.13_3.13.3568.0_x64__qbz5n2kfra8p0\Lib\contextlib.py", line 85, in inner
    return func(*args, **kwds)
  File "C:\Users\NQTa\Documents\MLCourse\Final Project\.venv-tabpfn\Lib\site-packages\tabpfn_common_utils\telemetry\core\decorators.py", line 321, in wrapper
    return _safe_call_with_telemetry(
        func, args, kwargs, model_method, param_names
    )
  File "C:\Users\NQTa\Documents\MLCourse\Final Project\.venv-tabpfn\Lib\site-packages\tabpfn_common_utils\telemetry\core\decorators.py", line 365, in _safe_call_with_telemetry
    result = func(*args, **kwargs)
  File "C:\Users\NQTa\Documents\MLCourse\Final Project\.venv-tabpfn\Lib\site-packages\tabpfn\regressor.py", line 718, in fit
    self._initialize_dataset_preprocessing(X, y, rng)
    ~~~~~~~~~~~~~~~~~~~~~~~~~~~~~~~~~~~~~~^^^^^^^^^^^
  File "C:\Users\NQTa\Documents\MLCourse\Final Project\.venv-tabpfn\Lib\site-packages\tabpfn\regressor.py", line 563, in _initialize_dataset_preprocessing
    check_cpu_warning(
    ~~~~~~~~~~~~~~~~~^
        self.devices_, X, allow_cpu_override=self.ignore_pretraining_limits
        ^^^^^^^^^^^^^^^^^^^^^^^^^^^^^^^^^^^^^^^^^^^^^^^^^^^^^^^^^^^^^^^^^^^
    )
    ^
  File "C:\Users\NQTa\Documents\MLCourse\Final Project\.venv-tabpfn\Lib\site-packages\tabpfn\base.py", line 349, in check_cpu_warning
    raise RuntimeError(
    ...<7 lines>...
    )
RuntimeError: Running on CPU with more than 1000 samples is not allowed by default due to slow performance.
To override this behavior, set the environment variable TABPFN_ALLOW_CPU_LARGE_DATASET=1 or set ignore_pretraining_limits=True.
Alternatively, consider using a GPU or the tabpfn-client API: https://github.com/PriorLabs/tabpfn-client

[2026-04-19 03:03:59]   [FAIL seed=45] Running on CPU with more than 1000 samples is not allowed by default due to slow performance.
To override this behavior, set the environment variable TABPFN_ALLOW_CPU_LARGE_DATASET=1 or set ignore_pretraining_limits=True.
Alternatively, consider using a GPU or the tabpfn-client API: https://github.com/PriorLabs/tabpfn-client
[2026-04-19 03:03:59] Traceback (most recent call last):
  File "C:\Users\NQTa\Documents\MLCourse\Final Project\scripts\v10_nb03_tabpfn_baseline.py", line 165, in _fit_one
    reg.fit(data['X_tr'], data['y_tr'])
    ~~~~~~~^^^^^^^^^^^^^^^^^^^^^^^^^^^^
  File "C:\Program Files\WindowsApps\PythonSoftwareFoundation.Python.3.13_3.13.3568.0_x64__qbz5n2kfra8p0\Lib\contextlib.py", line 85, in inner
    return func(*args, **kwds)
  File "C:\Users\NQTa\Documents\MLCourse\Final Project\.venv-tabpfn\Lib\site-packages\tabpfn_common_utils\telemetry\core\decorators.py", line 321, in wrapper
    return _safe_call_with_telemetry(
        func, args, kwargs, model_method, param_names
    )
  File "C:\Users\NQTa\Documents\MLCourse\Final Project\.venv-tabpfn\Lib\site-packages\tabpfn_common_utils\telemetry\core\decorators.py", line 365, in _safe_call_with_telemetry
    result = func(*args, **kwargs)
  File "C:\Users\NQTa\Documents\MLCourse\Final Project\.venv-tabpfn\Lib\site-packages\tabpfn\regressor.py", line 718, in fit
    self._initialize_dataset_preprocessing(X, y, rng)
    ~~~~~~~~~~~~~~~~~~~~~~~~~~~~~~~~~~~~~~^^^^^^^^^^^
  File "C:\Users\NQTa\Documents\MLCourse\Final Project\.venv-tabpfn\Lib\site-packages\tabpfn\regressor.py", line 563, in _initialize_dataset_preprocessing
    check_cpu_warning(
    ~~~~~~~~~~~~~~~~~^
        self.devices_, X, allow_cpu_override=self.ignore_pretraining_limits
        ^^^^^^^^^^^^^^^^^^^^^^^^^^^^^^^^^^^^^^^^^^^^^^^^^^^^^^^^^^^^^^^^^^^
    )
    ^
  File "C:\Users\NQTa\Documents\MLCourse\Final Project\.venv-tabpfn\Lib\site-packages\tabpfn\base.py", line 349, in check_cpu_warning
    raise RuntimeError(
    ...<7 lines>...
    )
RuntimeError: Running on CPU with more than 1000 samples is not allowed by default due to slow performance.
To override this behavior, set the environment variable TABPFN_ALLOW_CPU_LARGE_DATASET=1 or set ignore_pretraining_limits=True.
Alternatively, consider using a GPU or the tabpfn-client API: https://github.com/PriorLabs/tabpfn-client

[2026-04-19 03:03:59]   [FAIL seed=46] Running on CPU with more than 1000 samples is not allowed by default due to slow performance.
To override this behavior, set the environment variable TABPFN_ALLOW_CPU_LARGE_DATASET=1 or set ignore_pretraining_limits=True.
Alternatively, consider using a GPU or the tabpfn-client API: https://github.com/PriorLabs/tabpfn-client
[2026-04-19 03:03:59] Traceback (most recent call last):
  File "C:\Users\NQTa\Documents\MLCourse\Final Project\scripts\v10_nb03_tabpfn_baseline.py", line 165, in _fit_one
    reg.fit(data['X_tr'], data['y_tr'])
    ~~~~~~~^^^^^^^^^^^^^^^^^^^^^^^^^^^^
  File "C:\Program Files\WindowsApps\PythonSoftwareFoundation.Python.3.13_3.13.3568.0_x64__qbz5n2kfra8p0\Lib\contextlib.py", line 85, in inner
    return func(*args, **kwds)
  File "C:\Users\NQTa\Documents\MLCourse\Final Project\.venv-tabpfn\Lib\site-packages\tabpfn_common_utils\telemetry\core\decorators.py", line 321, in wrapper
    return _safe_call_with_telemetry(
        func, args, kwargs, model_method, param_names
    )
  File "C:\Users\NQTa\Documents\MLCourse\Final Project\.venv-tabpfn\Lib\site-packages\tabpfn_common_utils\telemetry\core\decorators.py", line 365, in _safe_call_with_telemetry
    result = func(*args, **kwargs)
  File "C:\Users\NQTa\Documents\MLCourse\Final Project\.venv-tabpfn\Lib\site-packages\tabpfn\regressor.py", line 718, in fit
    self._initialize_dataset_preprocessing(X, y, rng)
    ~~~~~~~~~~~~~~~~~~~~~~~~~~~~~~~~~~~~~~^^^^^^^^^^^
  File "C:\Users\NQTa\Documents\MLCourse\Final Project\.venv-tabpfn\Lib\site-packages\tabpfn\regressor.py", line 563, in _initialize_dataset_preprocessing
    check_cpu_warning(
    ~~~~~~~~~~~~~~~~~^
        self.devices_, X, allow_cpu_override=self.ignore_pretraining_limits
        ^^^^^^^^^^^^^^^^^^^^^^^^^^^^^^^^^^^^^^^^^^^^^^^^^^^^^^^^^^^^^^^^^^^
    )
    ^
  File "C:\Users\NQTa\Documents\MLCourse\Final Project\.venv-tabpfn\Lib\site-packages\tabpfn\base.py", line 349, in check_cpu_warning
    raise RuntimeError(
    ...<7 lines>...
    )
RuntimeError: Running on CPU with more than 1000 samples is not allowed by default due to slow performance.
To override this behavior, set the environment variable TABPFN_ALLOW_CPU_LARGE_DATASET=1 or set ignore_pretraining_limits=True.
Alternatively, consider using a GPU or the tabpfn-client API: https://github.com/PriorLabs/tabpfn-client

[2026-04-19 03:03:59]   [ALL SEEDS FAILED] skipping combination outputs
[2026-04-19 03:03:59] [full] cpx/cpx_only/T_C
[2026-04-19 03:03:59]   [model v2 load path] tabpfn==2.2.1 via model_path='auto' (package-version pinned to v2 by tabpfn>=2.0,<2.5)
[2026-04-19 03:03:59]   [FAIL seed=42] Running on CPU with more than 1000 samples is not allowed by default due to slow performance.
To override this behavior, set the environment variable TABPFN_ALLOW_CPU_LARGE_DATASET=1 or set ignore_pretraining_limits=True.
Alternatively, consider using a GPU or the tabpfn-client API: https://github.com/PriorLabs/tabpfn-client
[2026-04-19 03:03:59] Traceback (most recent call last):
  File "C:\Users\NQTa\Documents\MLCourse\Final Project\scripts\v10_nb03_tabpfn_baseline.py", line 165, in _fit_one
    reg.fit(data['X_tr'], data['y_tr'])
    ~~~~~~~^^^^^^^^^^^^^^^^^^^^^^^^^^^^
  File "C:\Program Files\WindowsApps\PythonSoftwareFoundation.Python.3.13_3.13.3568.0_x64__qbz5n2kfra8p0\Lib\contextlib.py", line 85, in inner
    return func(*args, **kwds)
  File "C:\Users\NQTa\Documents\MLCourse\Final Project\.venv-tabpfn\Lib\site-packages\tabpfn_common_utils\telemetry\core\decorators.py", line 321, in wrapper
    return _safe_call_with_telemetry(
        func, args, kwargs, model_method, param_names
    )
  File "C:\Users\NQTa\Documents\MLCourse\Final Project\.venv-tabpfn\Lib\site-packages\tabpfn_common_utils\telemetry\core\decorators.py", line 365, in _safe_call_with_telemetry
    result = func(*args, **kwargs)
  File "C:\Users\NQTa\Documents\MLCourse\Final Project\.venv-tabpfn\Lib\site-packages\tabpfn\regressor.py", line 718, in fit
    self._initialize_dataset_preprocessing(X, y, rng)
    ~~~~~~~~~~~~~~~~~~~~~~~~~~~~~~~~~~~~~~^^^^^^^^^^^
  File "C:\Users\NQTa\Documents\MLCourse\Final Project\.venv-tabpfn\Lib\site-packages\tabpfn\regressor.py", line 563, in _initialize_dataset_preprocessing
    check_cpu_warning(
    ~~~~~~~~~~~~~~~~~^
        self.devices_, X, allow_cpu_override=self.ignore_pretraining_limits
        ^^^^^^^^^^^^^^^^^^^^^^^^^^^^^^^^^^^^^^^^^^^^^^^^^^^^^^^^^^^^^^^^^^^
    )
    ^
  File "C:\Users\NQTa\Documents\MLCourse\Final Project\.venv-tabpfn\Lib\site-packages\tabpfn\base.py", line 349, in check_cpu_warning
    raise RuntimeError(
    ...<7 lines>...
    )
RuntimeError: Running on CPU with more than 1000 samples is not allowed by default due to slow performance.
To override this behavior, set the environment variable TABPFN_ALLOW_CPU_LARGE_DATASET=1 or set ignore_pretraining_limits=True.
Alternatively, consider using a GPU or the tabpfn-client API: https://github.com/PriorLabs/tabpfn-client

[2026-04-19 03:03:59]   [FAIL seed=43] Running on CPU with more than 1000 samples is not allowed by default due to slow performance.
To override this behavior, set the environment variable TABPFN_ALLOW_CPU_LARGE_DATASET=1 or set ignore_pretraining_limits=True.
Alternatively, consider using a GPU or the tabpfn-client API: https://github.com/PriorLabs/tabpfn-client
[2026-04-19 03:03:59] Traceback (most recent call last):
  File "C:\Users\NQTa\Documents\MLCourse\Final Project\scripts\v10_nb03_tabpfn_baseline.py", line 165, in _fit_one
    reg.fit(data['X_tr'], data['y_tr'])
    ~~~~~~~^^^^^^^^^^^^^^^^^^^^^^^^^^^^
  File "C:\Program Files\WindowsApps\PythonSoftwareFoundation.Python.3.13_3.13.3568.0_x64__qbz5n2kfra8p0\Lib\contextlib.py", line 85, in inner
    return func(*args, **kwds)
  File "C:\Users\NQTa\Documents\MLCourse\Final Project\.venv-tabpfn\Lib\site-packages\tabpfn_common_utils\telemetry\core\decorators.py", line 321, in wrapper
    return _safe_call_with_telemetry(
        func, args, kwargs, model_method, param_names
    )
  File "C:\Users\NQTa\Documents\MLCourse\Final Project\.venv-tabpfn\Lib\site-packages\tabpfn_common_utils\telemetry\core\decorators.py", line 365, in _safe_call_with_telemetry
    result = func(*args, **kwargs)
  File "C:\Users\NQTa\Documents\MLCourse\Final Project\.venv-tabpfn\Lib\site-packages\tabpfn\regressor.py", line 718, in fit
    self._initialize_dataset_preprocessing(X, y, rng)
    ~~~~~~~~~~~~~~~~~~~~~~~~~~~~~~~~~~~~~~^^^^^^^^^^^
  File "C:\Users\NQTa\Documents\MLCourse\Final Project\.venv-tabpfn\Lib\site-packages\tabpfn\regressor.py", line 563, in _initialize_dataset_preprocessing
    check_cpu_warning(
    ~~~~~~~~~~~~~~~~~^
        self.devices_, X, allow_cpu_override=self.ignore_pretraining_limits
        ^^^^^^^^^^^^^^^^^^^^^^^^^^^^^^^^^^^^^^^^^^^^^^^^^^^^^^^^^^^^^^^^^^^
    )
    ^
  File "C:\Users\NQTa\Documents\MLCourse\Final Project\.venv-tabpfn\Lib\site-packages\tabpfn\base.py", line 349, in check_cpu_warning
    raise RuntimeError(
    ...<7 lines>...
    )
RuntimeError: Running on CPU with more than 1000 samples is not allowed by default due to slow performance.
To override this behavior, set the environment variable TABPFN_ALLOW_CPU_LARGE_DATASET=1 or set ignore_pretraining_limits=True.
Alternatively, consider using a GPU or the tabpfn-client API: https://github.com/PriorLabs/tabpfn-client

[2026-04-19 03:03:59]   [FAIL seed=44] Running on CPU with more than 1000 samples is not allowed by default due to slow performance.
To override this behavior, set the environment variable TABPFN_ALLOW_CPU_LARGE_DATASET=1 or set ignore_pretraining_limits=True.
Alternatively, consider using a GPU or the tabpfn-client API: https://github.com/PriorLabs/tabpfn-client
[2026-04-19 03:03:59] Traceback (most recent call last):
  File "C:\Users\NQTa\Documents\MLCourse\Final Project\scripts\v10_nb03_tabpfn_baseline.py", line 165, in _fit_one
    reg.fit(data['X_tr'], data['y_tr'])
    ~~~~~~~^^^^^^^^^^^^^^^^^^^^^^^^^^^^
  File "C:\Program Files\WindowsApps\PythonSoftwareFoundation.Python.3.13_3.13.3568.0_x64__qbz5n2kfra8p0\Lib\contextlib.py", line 85, in inner
    return func(*args, **kwds)
  File "C:\Users\NQTa\Documents\MLCourse\Final Project\.venv-tabpfn\Lib\site-packages\tabpfn_common_utils\telemetry\core\decorators.py", line 321, in wrapper
    return _safe_call_with_telemetry(
        func, args, kwargs, model_method, param_names
    )
  File "C:\Users\NQTa\Documents\MLCourse\Final Project\.venv-tabpfn\Lib\site-packages\tabpfn_common_utils\telemetry\core\decorators.py", line 365, in _safe_call_with_telemetry
    result = func(*args, **kwargs)
  File "C:\Users\NQTa\Documents\MLCourse\Final Project\.venv-tabpfn\Lib\site-packages\tabpfn\regressor.py", line 718, in fit
    self._initialize_dataset_preprocessing(X, y, rng)
    ~~~~~~~~~~~~~~~~~~~~~~~~~~~~~~~~~~~~~~^^^^^^^^^^^
  File "C:\Users\NQTa\Documents\MLCourse\Final Project\.venv-tabpfn\Lib\site-packages\tabpfn\regressor.py", line 563, in _initialize_dataset_preprocessing
    check_cpu_warning(
    ~~~~~~~~~~~~~~~~~^
        self.devices_, X, allow_cpu_override=self.ignore_pretraining_limits
        ^^^^^^^^^^^^^^^^^^^^^^^^^^^^^^^^^^^^^^^^^^^^^^^^^^^^^^^^^^^^^^^^^^^
    )
    ^
  File "C:\Users\NQTa\Documents\MLCourse\Final Project\.venv-tabpfn\Lib\site-packages\tabpfn\base.py", line 349, in check_cpu_warning
    raise RuntimeError(
    ...<7 lines>...
    )
RuntimeError: Running on CPU with more than 1000 samples is not allowed by default due to slow performance.
To override this behavior, set the environment variable TABPFN_ALLOW_CPU_LARGE_DATASET=1 or set ignore_pretraining_limits=True.
Alternatively, consider using a GPU or the tabpfn-client API: https://github.com/PriorLabs/tabpfn-client

[2026-04-19 03:03:59]   [FAIL seed=45] Running on CPU with more than 1000 samples is not allowed by default due to slow performance.
To override this behavior, set the environment variable TABPFN_ALLOW_CPU_LARGE_DATASET=1 or set ignore_pretraining_limits=True.
Alternatively, consider using a GPU or the tabpfn-client API: https://github.com/PriorLabs/tabpfn-client
[2026-04-19 03:03:59] Traceback (most recent call last):
  File "C:\Users\NQTa\Documents\MLCourse\Final Project\scripts\v10_nb03_tabpfn_baseline.py", line 165, in _fit_one
    reg.fit(data['X_tr'], data['y_tr'])
    ~~~~~~~^^^^^^^^^^^^^^^^^^^^^^^^^^^^
  File "C:\Program Files\WindowsApps\PythonSoftwareFoundation.Python.3.13_3.13.3568.0_x64__qbz5n2kfra8p0\Lib\contextlib.py", line 85, in inner
    return func(*args, **kwds)
  File "C:\Users\NQTa\Documents\MLCourse\Final Project\.venv-tabpfn\Lib\site-packages\tabpfn_common_utils\telemetry\core\decorators.py", line 321, in wrapper
    return _safe_call_with_telemetry(
        func, args, kwargs, model_method, param_names
    )
  File "C:\Users\NQTa\Documents\MLCourse\Final Project\.venv-tabpfn\Lib\site-packages\tabpfn_common_utils\telemetry\core\decorators.py", line 365, in _safe_call_with_telemetry
    result = func(*args, **kwargs)
  File "C:\Users\NQTa\Documents\MLCourse\Final Project\.venv-tabpfn\Lib\site-packages\tabpfn\regressor.py", line 718, in fit
    self._initialize_dataset_preprocessing(X, y, rng)
    ~~~~~~~~~~~~~~~~~~~~~~~~~~~~~~~~~~~~~~^^^^^^^^^^^
  File "C:\Users\NQTa\Documents\MLCourse\Final Project\.venv-tabpfn\Lib\site-packages\tabpfn\regressor.py", line 563, in _initialize_dataset_preprocessing
    check_cpu_warning(
    ~~~~~~~~~~~~~~~~~^
        self.devices_, X, allow_cpu_override=self.ignore_pretraining_limits
        ^^^^^^^^^^^^^^^^^^^^^^^^^^^^^^^^^^^^^^^^^^^^^^^^^^^^^^^^^^^^^^^^^^^
    )
    ^
  File "C:\Users\NQTa\Documents\MLCourse\Final Project\.venv-tabpfn\Lib\site-packages\tabpfn\base.py", line 349, in check_cpu_warning
    raise RuntimeError(
    ...<7 lines>...
    )
RuntimeError: Running on CPU with more than 1000 samples is not allowed by default due to slow performance.
To override this behavior, set the environment variable TABPFN_ALLOW_CPU_LARGE_DATASET=1 or set ignore_pretraining_limits=True.
Alternatively, consider using a GPU or the tabpfn-client API: https://github.com/PriorLabs/tabpfn-client

[2026-04-19 03:04:00]   [FAIL seed=46] Running on CPU with more than 1000 samples is not allowed by default due to slow performance.
To override this behavior, set the environment variable TABPFN_ALLOW_CPU_LARGE_DATASET=1 or set ignore_pretraining_limits=True.
Alternatively, consider using a GPU or the tabpfn-client API: https://github.com/PriorLabs/tabpfn-client
[2026-04-19 03:04:00] Traceback (most recent call last):
  File "C:\Users\NQTa\Documents\MLCourse\Final Project\scripts\v10_nb03_tabpfn_baseline.py", line 165, in _fit_one
    reg.fit(data['X_tr'], data['y_tr'])
    ~~~~~~~^^^^^^^^^^^^^^^^^^^^^^^^^^^^
  File "C:\Program Files\WindowsApps\PythonSoftwareFoundation.Python.3.13_3.13.3568.0_x64__qbz5n2kfra8p0\Lib\contextlib.py", line 85, in inner
    return func(*args, **kwds)
  File "C:\Users\NQTa\Documents\MLCourse\Final Project\.venv-tabpfn\Lib\site-packages\tabpfn_common_utils\telemetry\core\decorators.py", line 321, in wrapper
    return _safe_call_with_telemetry(
        func, args, kwargs, model_method, param_names
    )
  File "C:\Users\NQTa\Documents\MLCourse\Final Project\.venv-tabpfn\Lib\site-packages\tabpfn_common_utils\telemetry\core\decorators.py", line 365, in _safe_call_with_telemetry
    result = func(*args, **kwargs)
  File "C:\Users\NQTa\Documents\MLCourse\Final Project\.venv-tabpfn\Lib\site-packages\tabpfn\regressor.py", line 718, in fit
    self._initialize_dataset_preprocessing(X, y, rng)
    ~~~~~~~~~~~~~~~~~~~~~~~~~~~~~~~~~~~~~~^^^^^^^^^^^
  File "C:\Users\NQTa\Documents\MLCourse\Final Project\.venv-tabpfn\Lib\site-packages\tabpfn\regressor.py", line 563, in _initialize_dataset_preprocessing
    check_cpu_warning(
    ~~~~~~~~~~~~~~~~~^
        self.devices_, X, allow_cpu_override=self.ignore_pretraining_limits
        ^^^^^^^^^^^^^^^^^^^^^^^^^^^^^^^^^^^^^^^^^^^^^^^^^^^^^^^^^^^^^^^^^^^
    )
    ^
  File "C:\Users\NQTa\Documents\MLCourse\Final Project\.venv-tabpfn\Lib\site-packages\tabpfn\base.py", line 349, in check_cpu_warning
    raise RuntimeError(
    ...<7 lines>...
    )
RuntimeError: Running on CPU with more than 1000 samples is not allowed by default due to slow performance.
To override this behavior, set the environment variable TABPFN_ALLOW_CPU_LARGE_DATASET=1 or set ignore_pretraining_limits=True.
Alternatively, consider using a GPU or the tabpfn-client API: https://github.com/PriorLabs/tabpfn-client

[2026-04-19 03:04:00]   [ALL SEEDS FAILED] skipping combination outputs
[2026-04-19 03:04:00] [full] cpx/cpx_only/P_kbar
[2026-04-19 03:04:00]   [model v2 load path] tabpfn==2.2.1 via model_path='auto' (package-version pinned to v2 by tabpfn>=2.0,<2.5)
[2026-04-19 03:04:00]   [FAIL seed=42] Running on CPU with more than 1000 samples is not allowed by default due to slow performance.
To override this behavior, set the environment variable TABPFN_ALLOW_CPU_LARGE_DATASET=1 or set ignore_pretraining_limits=True.
Alternatively, consider using a GPU or the tabpfn-client API: https://github.com/PriorLabs/tabpfn-client
[2026-04-19 03:04:00] Traceback (most recent call last):
  File "C:\Users\NQTa\Documents\MLCourse\Final Project\scripts\v10_nb03_tabpfn_baseline.py", line 165, in _fit_one
    reg.fit(data['X_tr'], data['y_tr'])
    ~~~~~~~^^^^^^^^^^^^^^^^^^^^^^^^^^^^
  File "C:\Program Files\WindowsApps\PythonSoftwareFoundation.Python.3.13_3.13.3568.0_x64__qbz5n2kfra8p0\Lib\contextlib.py", line 85, in inner
    return func(*args, **kwds)
  File "C:\Users\NQTa\Documents\MLCourse\Final Project\.venv-tabpfn\Lib\site-packages\tabpfn_common_utils\telemetry\core\decorators.py", line 321, in wrapper
    return _safe_call_with_telemetry(
        func, args, kwargs, model_method, param_names
    )
  File "C:\Users\NQTa\Documents\MLCourse\Final Project\.venv-tabpfn\Lib\site-packages\tabpfn_common_utils\telemetry\core\decorators.py", line 365, in _safe_call_with_telemetry
    result = func(*args, **kwargs)
  File "C:\Users\NQTa\Documents\MLCourse\Final Project\.venv-tabpfn\Lib\site-packages\tabpfn\regressor.py", line 718, in fit
    self._initialize_dataset_preprocessing(X, y, rng)
    ~~~~~~~~~~~~~~~~~~~~~~~~~~~~~~~~~~~~~~^^^^^^^^^^^
  File "C:\Users\NQTa\Documents\MLCourse\Final Project\.venv-tabpfn\Lib\site-packages\tabpfn\regressor.py", line 563, in _initialize_dataset_preprocessing
    check_cpu_warning(
    ~~~~~~~~~~~~~~~~~^
        self.devices_, X, allow_cpu_override=self.ignore_pretraining_limits
        ^^^^^^^^^^^^^^^^^^^^^^^^^^^^^^^^^^^^^^^^^^^^^^^^^^^^^^^^^^^^^^^^^^^
    )
    ^
  File "C:\Users\NQTa\Documents\MLCourse\Final Project\.venv-tabpfn\Lib\site-packages\tabpfn\base.py", line 349, in check_cpu_warning
    raise RuntimeError(
    ...<7 lines>...
    )
RuntimeError: Running on CPU with more than 1000 samples is not allowed by default due to slow performance.
To override this behavior, set the environment variable TABPFN_ALLOW_CPU_LARGE_DATASET=1 or set ignore_pretraining_limits=True.
Alternatively, consider using a GPU or the tabpfn-client API: https://github.com/PriorLabs/tabpfn-client

[2026-04-19 03:04:00]   [FAIL seed=43] Running on CPU with more than 1000 samples is not allowed by default due to slow performance.
To override this behavior, set the environment variable TABPFN_ALLOW_CPU_LARGE_DATASET=1 or set ignore_pretraining_limits=True.
Alternatively, consider using a GPU or the tabpfn-client API: https://github.com/PriorLabs/tabpfn-client
[2026-04-19 03:04:00] Traceback (most recent call last):
  File "C:\Users\NQTa\Documents\MLCourse\Final Project\scripts\v10_nb03_tabpfn_baseline.py", line 165, in _fit_one
    reg.fit(data['X_tr'], data['y_tr'])
    ~~~~~~~^^^^^^^^^^^^^^^^^^^^^^^^^^^^
  File "C:\Program Files\WindowsApps\PythonSoftwareFoundation.Python.3.13_3.13.3568.0_x64__qbz5n2kfra8p0\Lib\contextlib.py", line 85, in inner
    return func(*args, **kwds)
  File "C:\Users\NQTa\Documents\MLCourse\Final Project\.venv-tabpfn\Lib\site-packages\tabpfn_common_utils\telemetry\core\decorators.py", line 321, in wrapper
    return _safe_call_with_telemetry(
        func, args, kwargs, model_method, param_names
    )
  File "C:\Users\NQTa\Documents\MLCourse\Final Project\.venv-tabpfn\Lib\site-packages\tabpfn_common_utils\telemetry\core\decorators.py", line 365, in _safe_call_with_telemetry
    result = func(*args, **kwargs)
  File "C:\Users\NQTa\Documents\MLCourse\Final Project\.venv-tabpfn\Lib\site-packages\tabpfn\regressor.py", line 718, in fit
    self._initialize_dataset_preprocessing(X, y, rng)
    ~~~~~~~~~~~~~~~~~~~~~~~~~~~~~~~~~~~~~~^^^^^^^^^^^
  File "C:\Users\NQTa\Documents\MLCourse\Final Project\.venv-tabpfn\Lib\site-packages\tabpfn\regressor.py", line 563, in _initialize_dataset_preprocessing
    check_cpu_warning(
    ~~~~~~~~~~~~~~~~~^
        self.devices_, X, allow_cpu_override=self.ignore_pretraining_limits
        ^^^^^^^^^^^^^^^^^^^^^^^^^^^^^^^^^^^^^^^^^^^^^^^^^^^^^^^^^^^^^^^^^^^
    )
    ^
  File "C:\Users\NQTa\Documents\MLCourse\Final Project\.venv-tabpfn\Lib\site-packages\tabpfn\base.py", line 349, in check_cpu_warning
    raise RuntimeError(
    ...<7 lines>...
    )
RuntimeError: Running on CPU with more than 1000 samples is not allowed by default due to slow performance.
To override this behavior, set the environment variable TABPFN_ALLOW_CPU_LARGE_DATASET=1 or set ignore_pretraining_limits=True.
Alternatively, consider using a GPU or the tabpfn-client API: https://github.com/PriorLabs/tabpfn-client

[2026-04-19 03:04:00]   [FAIL seed=44] Running on CPU with more than 1000 samples is not allowed by default due to slow performance.
To override this behavior, set the environment variable TABPFN_ALLOW_CPU_LARGE_DATASET=1 or set ignore_pretraining_limits=True.
Alternatively, consider using a GPU or the tabpfn-client API: https://github.com/PriorLabs/tabpfn-client
[2026-04-19 03:04:00] Traceback (most recent call last):
  File "C:\Users\NQTa\Documents\MLCourse\Final Project\scripts\v10_nb03_tabpfn_baseline.py", line 165, in _fit_one
    reg.fit(data['X_tr'], data['y_tr'])
    ~~~~~~~^^^^^^^^^^^^^^^^^^^^^^^^^^^^
  File "C:\Program Files\WindowsApps\PythonSoftwareFoundation.Python.3.13_3.13.3568.0_x64__qbz5n2kfra8p0\Lib\contextlib.py", line 85, in inner
    return func(*args, **kwds)
  File "C:\Users\NQTa\Documents\MLCourse\Final Project\.venv-tabpfn\Lib\site-packages\tabpfn_common_utils\telemetry\core\decorators.py", line 321, in wrapper
    return _safe_call_with_telemetry(
        func, args, kwargs, model_method, param_names
    )
  File "C:\Users\NQTa\Documents\MLCourse\Final Project\.venv-tabpfn\Lib\site-packages\tabpfn_common_utils\telemetry\core\decorators.py", line 365, in _safe_call_with_telemetry
    result = func(*args, **kwargs)
  File "C:\Users\NQTa\Documents\MLCourse\Final Project\.venv-tabpfn\Lib\site-packages\tabpfn\regressor.py", line 718, in fit
    self._initialize_dataset_preprocessing(X, y, rng)
    ~~~~~~~~~~~~~~~~~~~~~~~~~~~~~~~~~~~~~~^^^^^^^^^^^
  File "C:\Users\NQTa\Documents\MLCourse\Final Project\.venv-tabpfn\Lib\site-packages\tabpfn\regressor.py", line 563, in _initialize_dataset_preprocessing
    check_cpu_warning(
    ~~~~~~~~~~~~~~~~~^
        self.devices_, X, allow_cpu_override=self.ignore_pretraining_limits
        ^^^^^^^^^^^^^^^^^^^^^^^^^^^^^^^^^^^^^^^^^^^^^^^^^^^^^^^^^^^^^^^^^^^
    )
    ^
  File "C:\Users\NQTa\Documents\MLCourse\Final Project\.venv-tabpfn\Lib\site-packages\tabpfn\base.py", line 349, in check_cpu_warning
    raise RuntimeError(
    ...<7 lines>...
    )
RuntimeError: Running on CPU with more than 1000 samples is not allowed by default due to slow performance.
To override this behavior, set the environment variable TABPFN_ALLOW_CPU_LARGE_DATASET=1 or set ignore_pretraining_limits=True.
Alternatively, consider using a GPU or the tabpfn-client API: https://github.com/PriorLabs/tabpfn-client

[2026-04-19 03:04:00]   [FAIL seed=45] Running on CPU with more than 1000 samples is not allowed by default due to slow performance.
To override this behavior, set the environment variable TABPFN_ALLOW_CPU_LARGE_DATASET=1 or set ignore_pretraining_limits=True.
Alternatively, consider using a GPU or the tabpfn-client API: https://github.com/PriorLabs/tabpfn-client
[2026-04-19 03:04:00] Traceback (most recent call last):
  File "C:\Users\NQTa\Documents\MLCourse\Final Project\scripts\v10_nb03_tabpfn_baseline.py", line 165, in _fit_one
    reg.fit(data['X_tr'], data['y_tr'])
    ~~~~~~~^^^^^^^^^^^^^^^^^^^^^^^^^^^^
  File "C:\Program Files\WindowsApps\PythonSoftwareFoundation.Python.3.13_3.13.3568.0_x64__qbz5n2kfra8p0\Lib\contextlib.py", line 85, in inner
    return func(*args, **kwds)
  File "C:\Users\NQTa\Documents\MLCourse\Final Project\.venv-tabpfn\Lib\site-packages\tabpfn_common_utils\telemetry\core\decorators.py", line 321, in wrapper
    return _safe_call_with_telemetry(
        func, args, kwargs, model_method, param_names
    )
  File "C:\Users\NQTa\Documents\MLCourse\Final Project\.venv-tabpfn\Lib\site-packages\tabpfn_common_utils\telemetry\core\decorators.py", line 365, in _safe_call_with_telemetry
    result = func(*args, **kwargs)
  File "C:\Users\NQTa\Documents\MLCourse\Final Project\.venv-tabpfn\Lib\site-packages\tabpfn\regressor.py", line 718, in fit
    self._initialize_dataset_preprocessing(X, y, rng)
    ~~~~~~~~~~~~~~~~~~~~~~~~~~~~~~~~~~~~~~^^^^^^^^^^^
  File "C:\Users\NQTa\Documents\MLCourse\Final Project\.venv-tabpfn\Lib\site-packages\tabpfn\regressor.py", line 563, in _initialize_dataset_preprocessing
    check_cpu_warning(
    ~~~~~~~~~~~~~~~~~^
        self.devices_, X, allow_cpu_override=self.ignore_pretraining_limits
        ^^^^^^^^^^^^^^^^^^^^^^^^^^^^^^^^^^^^^^^^^^^^^^^^^^^^^^^^^^^^^^^^^^^
    )
    ^
  File "C:\Users\NQTa\Documents\MLCourse\Final Project\.venv-tabpfn\Lib\site-packages\tabpfn\base.py", line 349, in check_cpu_warning
    raise RuntimeError(
    ...<7 lines>...
    )
RuntimeError: Running on CPU with more than 1000 samples is not allowed by default due to slow performance.
To override this behavior, set the environment variable TABPFN_ALLOW_CPU_LARGE_DATASET=1 or set ignore_pretraining_limits=True.
Alternatively, consider using a GPU or the tabpfn-client API: https://github.com/PriorLabs/tabpfn-client

[2026-04-19 03:04:00]   [FAIL seed=46] Running on CPU with more than 1000 samples is not allowed by default due to slow performance.
To override this behavior, set the environment variable TABPFN_ALLOW_CPU_LARGE_DATASET=1 or set ignore_pretraining_limits=True.
Alternatively, consider using a GPU or the tabpfn-client API: https://github.com/PriorLabs/tabpfn-client
[2026-04-19 03:04:00] Traceback (most recent call last):
  File "C:\Users\NQTa\Documents\MLCourse\Final Project\scripts\v10_nb03_tabpfn_baseline.py", line 165, in _fit_one
    reg.fit(data['X_tr'], data['y_tr'])
    ~~~~~~~^^^^^^^^^^^^^^^^^^^^^^^^^^^^
  File "C:\Program Files\WindowsApps\PythonSoftwareFoundation.Python.3.13_3.13.3568.0_x64__qbz5n2kfra8p0\Lib\contextlib.py", line 85, in inner
    return func(*args, **kwds)
  File "C:\Users\NQTa\Documents\MLCourse\Final Project\.venv-tabpfn\Lib\site-packages\tabpfn_common_utils\telemetry\core\decorators.py", line 321, in wrapper
    return _safe_call_with_telemetry(
        func, args, kwargs, model_method, param_names
    )
  File "C:\Users\NQTa\Documents\MLCourse\Final Project\.venv-tabpfn\Lib\site-packages\tabpfn_common_utils\telemetry\core\decorators.py", line 365, in _safe_call_with_telemetry
    result = func(*args, **kwargs)
  File "C:\Users\NQTa\Documents\MLCourse\Final Project\.venv-tabpfn\Lib\site-packages\tabpfn\regressor.py", line 718, in fit
    self._initialize_dataset_preprocessing(X, y, rng)
    ~~~~~~~~~~~~~~~~~~~~~~~~~~~~~~~~~~~~~~^^^^^^^^^^^
  File "C:\Users\NQTa\Documents\MLCourse\Final Project\.venv-tabpfn\Lib\site-packages\tabpfn\regressor.py", line 563, in _initialize_dataset_preprocessing
    check_cpu_warning(
    ~~~~~~~~~~~~~~~~~^
        self.devices_, X, allow_cpu_override=self.ignore_pretraining_limits
        ^^^^^^^^^^^^^^^^^^^^^^^^^^^^^^^^^^^^^^^^^^^^^^^^^^^^^^^^^^^^^^^^^^^
    )
    ^
  File "C:\Users\NQTa\Documents\MLCourse\Final Project\.venv-tabpfn\Lib\site-packages\tabpfn\base.py", line 349, in check_cpu_warning
    raise RuntimeError(
    ...<7 lines>...
    )
RuntimeError: Running on CPU with more than 1000 samples is not allowed by default due to slow performance.
To override this behavior, set the environment variable TABPFN_ALLOW_CPU_LARGE_DATASET=1 or set ignore_pretraining_limits=True.
Alternatively, consider using a GPU or the tabpfn-client API: https://github.com/PriorLabs/tabpfn-client

[2026-04-19 03:04:00]   [ALL SEEDS FAILED] skipping combination outputs
[2026-04-19 03:04:00] wrote C:\Users\NQTa\Documents\MLCourse\Final Project\results\v10_tabpfn_multiseed_results.csv (40 rows)
[2026-04-19 03:04:00] wrote C:\Users\NQTa\Documents\MLCourse\Final Project\results\v10_tabpfn_multiseed_summary.csv (4 rows)
[2026-04-19 03:04:00] wrote C:\Users\NQTa\Documents\MLCourse\Final Project\results\v10_tabpfn_regime_rmse.csv (20 rows)
[2026-04-19 03:04:00] wrote C:\Users\NQTa\Documents\MLCourse\Final Project\results\v10_tabpfn_predictions.csv (3640 rows)
[2026-04-19 03:04:42] ========================================================================
[2026-04-19 03:04:42] TabPFN baseline run: seeds=[42, 43, 44, 45, 46] pipelines=all dry_run=False force=False
[2026-04-19 03:04:42] [full] opx/opx_liq/T_C
[2026-04-19 03:04:42]   [cache hit] opx/opx_liq/T_C s=42
[2026-04-19 03:04:42]   [cache hit] opx/opx_liq/T_C s=43
[2026-04-19 03:04:42]   [cache hit] opx/opx_liq/T_C s=44
[2026-04-19 03:04:42]   [cache hit] opx/opx_liq/T_C s=45
[2026-04-19 03:04:42]   [cache hit] opx/opx_liq/T_C s=46
[2026-04-19 03:04:42]   [summary] rmse mean=84.546 std=0.754 min=83.648 max=85.546
[2026-04-19 03:04:42] [full] opx/opx_liq/P_kbar
[2026-04-19 03:04:42]   [cache hit] opx/opx_liq/P_kbar s=42
[2026-04-19 03:04:42]   [cache hit] opx/opx_liq/P_kbar s=43
[2026-04-19 03:04:42]   [cache hit] opx/opx_liq/P_kbar s=44
[2026-04-19 03:04:42]   [cache hit] opx/opx_liq/P_kbar s=45
[2026-04-19 03:04:42]   [cache hit] opx/opx_liq/P_kbar s=46
[2026-04-19 03:04:42]   [summary] rmse mean=5.465 std=0.122 min=5.286 max=5.669
[2026-04-19 03:04:42] [full] opx/opx_only/T_C
[2026-04-19 03:04:43]   [cache hit] opx/opx_only/T_C s=42
[2026-04-19 03:04:43]   [cache hit] opx/opx_only/T_C s=43
[2026-04-19 03:04:43]   [cache hit] opx/opx_only/T_C s=44
[2026-04-19 03:04:43]   [cache hit] opx/opx_only/T_C s=45
[2026-04-19 03:04:43]   [cache hit] opx/opx_only/T_C s=46
[2026-04-19 03:04:43]   [summary] rmse mean=150.648 std=1.354 min=148.695 max=152.681
[2026-04-19 03:04:43] [full] opx/opx_only/P_kbar
[2026-04-19 03:04:43]   [cache hit] opx/opx_only/P_kbar s=42
[2026-04-19 03:04:43]   [cache hit] opx/opx_only/P_kbar s=43
[2026-04-19 03:04:43]   [cache hit] opx/opx_only/P_kbar s=44
[2026-04-19 03:04:43]   [cache hit] opx/opx_only/P_kbar s=45
[2026-04-19 03:04:43]   [cache hit] opx/opx_only/P_kbar s=46
[2026-04-19 03:04:43]   [summary] rmse mean=12.524 std=0.139 min=12.378 max=12.688
[2026-04-19 03:04:43] [full] cpx/cpx_liq/T_C
[2026-04-19 03:04:45]   [model v2 load path] tabpfn==2.2.1 via model_path='auto' ignore_pretraining_limits=True (package-version pinned to v2 by tabpfn>=2.0,<2.5)
[2026-04-19 03:05:50]   [ok seed=42] rmse=68.785 mae=41.977 r2=0.846 elapsed=66.9s (n_est=4)
[2026-04-19 03:06:55]   [ok seed=43] rmse=69.582 mae=41.685 r2=0.842 elapsed=65.2s (n_est=4)
[2026-04-19 03:08:00]   [ok seed=44] rmse=70.949 mae=42.916 r2=0.836 elapsed=65.2s (n_est=4)
[2026-04-19 03:09:09]   [ok seed=45] rmse=69.690 mae=42.846 r2=0.842 elapsed=69.0s (n_est=4)
[2026-04-19 03:10:21]   [ok seed=46] rmse=71.314 mae=42.852 r2=0.834 elapsed=71.8s (n_est=4)
[2026-04-19 03:10:21]   [summary] rmse mean=70.064 std=0.933 min=68.785 max=71.314
[2026-04-19 03:10:21] [full] cpx/cpx_liq/P_kbar
[2026-04-19 03:10:21]   [model v2 load path] tabpfn==2.2.1 via model_path='auto' ignore_pretraining_limits=True (package-version pinned to v2 by tabpfn>=2.0,<2.5)
[2026-04-19 03:11:43]   [ok seed=42] rmse=7.303 mae=3.302 r2=0.706 elapsed=81.5s (n_est=4)
[2026-04-19 03:12:55]   [ok seed=43] rmse=7.641 mae=3.530 r2=0.678 elapsed=71.9s (n_est=4)
[2026-04-19 03:14:01]   [ok seed=44] rmse=7.503 mae=3.368 r2=0.689 elapsed=66.0s (n_est=4)
[2026-04-19 03:15:09]   [ok seed=45] rmse=7.587 mae=3.487 r2=0.682 elapsed=67.9s (n_est=4)
[2026-04-19 03:16:17]   [ok seed=46] rmse=7.533 mae=3.460 r2=0.687 elapsed=68.1s (n_est=4)
[2026-04-19 03:16:17]   [summary] rmse mean=7.513 std=0.115 min=7.303 max=7.641
[2026-04-19 03:16:17] [full] cpx/cpx_only/T_C
[2026-04-19 03:16:17]   [model v2 load path] tabpfn==2.2.1 via model_path='auto' ignore_pretraining_limits=True (package-version pinned to v2 by tabpfn>=2.0,<2.5)
[2026-04-19 03:17:19]   [ok seed=42] rmse=128.071 mae=83.354 r2=0.599 elapsed=62.0s (n_est=4)
[2026-04-19 03:18:20]   [ok seed=43] rmse=134.701 mae=84.458 r2=0.556 elapsed=61.2s (n_est=4)
[2026-04-19 03:19:22]   [ok seed=44] rmse=132.565 mae=84.788 r2=0.570 elapsed=61.6s (n_est=4)
[2026-04-19 03:20:23]   [ok seed=45] rmse=129.382 mae=82.962 r2=0.590 elapsed=61.6s (n_est=4)
[2026-04-19 03:21:25]   [ok seed=46] rmse=128.047 mae=82.831 r2=0.599 elapsed=61.2s (n_est=4)
[2026-04-19 03:21:25]   [summary] rmse mean=130.553 std=2.648 min=128.047 max=134.701
[2026-04-19 03:21:25] [full] cpx/cpx_only/P_kbar
[2026-04-19 03:21:25]   [model v2 load path] tabpfn==2.2.1 via model_path='auto' ignore_pretraining_limits=True (package-version pinned to v2 by tabpfn>=2.0,<2.5)
[2026-04-19 03:22:26]   [ok seed=42] rmse=13.329 mae=6.639 r2=0.553 elapsed=60.8s (n_est=4)
[2026-04-19 03:23:26]   [ok seed=43] rmse=13.604 mae=6.710 r2=0.535 elapsed=60.4s (n_est=4)
[2026-04-19 03:24:26]   [ok seed=44] rmse=13.380 mae=6.653 r2=0.550 elapsed=60.2s (n_est=4)
[2026-04-19 03:25:28]   [ok seed=45] rmse=12.572 mae=6.431 r2=0.603 elapsed=61.2s (n_est=4)
[2026-04-19 03:26:28]   [ok seed=46] rmse=14.185 mae=6.836 r2=0.494 elapsed=60.4s (n_est=4)
[2026-04-19 03:26:28]   [summary] rmse mean=13.414 std=0.519 min=12.572 max=14.185
[2026-04-19 03:26:28] wrote C:\Users\NQTa\Documents\MLCourse\Final Project\results\v10_tabpfn_multiseed_results.csv (40 rows)
[2026-04-19 03:26:28] wrote C:\Users\NQTa\Documents\MLCourse\Final Project\results\v10_tabpfn_multiseed_summary.csv (8 rows)
[2026-04-19 03:26:28] wrote C:\Users\NQTa\Documents\MLCourse\Final Project\results\v10_tabpfn_regime_rmse.csv (40 rows)
[2026-04-19 03:26:28] wrote C:\Users\NQTa\Documents\MLCourse\Final Project\results\v10_tabpfn_predictions.csv (18020 rows)
[2026-04-19 12:13:57] ========================================================================
[2026-04-19 12:13:57] TabPFN baseline run: seeds=[42, 43, 44, 45, 46, 47, 48, 49, 50, 51, 52, 53, 54, 55, 56, 57, 58, 59, 60, 61] pipelines=all dry_run=False force=False
[2026-04-19 12:13:57] [full] opx/opx_liq/T_C
[2026-04-19 12:13:57]   [cache hit] opx/opx_liq/T_C s=42
[2026-04-19 12:13:57]   [cache hit] opx/opx_liq/T_C s=43
[2026-04-19 12:13:57]   [cache hit] opx/opx_liq/T_C s=44
[2026-04-19 12:13:57]   [cache hit] opx/opx_liq/T_C s=45
[2026-04-19 12:13:57]   [cache hit] opx/opx_liq/T_C s=46
[2026-04-19 12:13:59]   [model v2 load path] tabpfn==2.2.1 via model_path='auto' ignore_pretraining_limits=True (package-version pinned to v2 by tabpfn>=2.0,<2.5)
[2026-04-19 12:14:12]   [ok seed=47] rmse=85.297 mae=59.076 r2=0.622 elapsed=15.4s (n_est=8)
[2026-04-19 12:14:27]   [ok seed=48] rmse=87.089 mae=60.787 r2=0.606 elapsed=15.1s (n_est=8)
[2026-04-19 12:14:45]   [ok seed=49] rmse=83.875 mae=57.229 r2=0.634 elapsed=18.0s (n_est=8)
[2026-04-19 12:15:16]   [ok seed=50] rmse=84.222 mae=58.427 r2=0.631 elapsed=30.5s (n_est=8)
[2026-04-19 12:15:42]   [ok seed=51] rmse=84.114 mae=57.677 r2=0.632 elapsed=26.1s (n_est=8)
[2026-04-19 12:16:01]   [ok seed=52] rmse=83.311 mae=56.704 r2=0.639 elapsed=18.7s (n_est=8)
[2026-04-19 12:16:19]   [ok seed=53] rmse=84.938 mae=58.279 r2=0.625 elapsed=18.9s (n_est=8)
[2026-04-19 12:16:38]   [ok seed=54] rmse=86.346 mae=60.070 r2=0.613 elapsed=18.2s (n_est=8)
[2026-04-19 12:16:57]   [ok seed=55] rmse=84.393 mae=58.496 r2=0.630 elapsed=18.9s (n_est=8)
[2026-04-19 12:17:16]   [ok seed=56] rmse=84.588 mae=59.417 r2=0.628 elapsed=19.0s (n_est=8)
[2026-04-19 12:17:42]   [ok seed=57] rmse=83.805 mae=58.924 r2=0.635 elapsed=26.3s (n_est=8)
[2026-04-19 12:18:05]   [ok seed=58] rmse=84.587 mae=59.303 r2=0.628 elapsed=23.1s (n_est=8)
[2026-04-19 12:18:34]   [ok seed=59] rmse=84.967 mae=59.434 r2=0.625 elapsed=28.8s (n_est=8)
[2026-04-19 12:18:57]   [ok seed=60] rmse=87.245 mae=61.212 r2=0.604 elapsed=23.0s (n_est=8)
[2026-04-19 12:19:21]   [ok seed=61] rmse=86.193 mae=58.355 r2=0.614 elapsed=24.0s (n_est=8)
[2026-04-19 12:19:21]   [summary] rmse mean=84.885 std=1.095 min=83.311 max=87.245
[2026-04-19 12:19:21] [full] opx/opx_liq/P_kbar
[2026-04-19 12:19:21]   [cache hit] opx/opx_liq/P_kbar s=42
[2026-04-19 12:19:21]   [cache hit] opx/opx_liq/P_kbar s=43
[2026-04-19 12:19:21]   [cache hit] opx/opx_liq/P_kbar s=44
[2026-04-19 12:19:21]   [cache hit] opx/opx_liq/P_kbar s=45
[2026-04-19 12:19:21]   [cache hit] opx/opx_liq/P_kbar s=46
[2026-04-19 12:19:21]   [model v2 load path] tabpfn==2.2.1 via model_path='auto' ignore_pretraining_limits=True (package-version pinned to v2 by tabpfn>=2.0,<2.5)
[2026-04-19 12:19:42]   [ok seed=47] rmse=5.480 mae=3.972 r2=0.677 elapsed=20.7s (n_est=8)
[2026-04-19 12:20:04]   [ok seed=48] rmse=5.442 mae=3.912 r2=0.681 elapsed=21.7s (n_est=8)
[2026-04-19 12:20:25]   [ok seed=49] rmse=5.492 mae=3.974 r2=0.675 elapsed=21.1s (n_est=8)
[2026-04-19 12:20:47]   [ok seed=50] rmse=5.422 mae=3.911 r2=0.684 elapsed=22.7s (n_est=8)
[2026-04-19 12:21:12]   [ok seed=51] rmse=5.287 mae=3.821 r2=0.699 elapsed=24.5s (n_est=8)
[2026-04-19 12:21:36]   [ok seed=52] rmse=5.332 mae=3.835 r2=0.694 elapsed=24.1s (n_est=8)
[2026-04-19 12:21:58]   [ok seed=53] rmse=5.506 mae=3.935 r2=0.674 elapsed=21.9s (n_est=8)
[2026-04-19 12:22:23]   [ok seed=54] rmse=5.698 mae=4.146 r2=0.651 elapsed=25.1s (n_est=8)
[2026-04-19 12:22:47]   [ok seed=55] rmse=5.383 mae=3.895 r2=0.688 elapsed=24.0s (n_est=8)
[2026-04-19 12:23:11]   [ok seed=56] rmse=5.555 mae=4.002 r2=0.668 elapsed=23.6s (n_est=8)
[2026-04-19 12:23:33]   [ok seed=57] rmse=5.441 mae=3.950 r2=0.681 elapsed=22.5s (n_est=8)
[2026-04-19 12:23:56]   [ok seed=58] rmse=5.326 mae=3.899 r2=0.695 elapsed=22.8s (n_est=8)
[2026-04-19 12:24:19]   [ok seed=59] rmse=5.760 mae=4.131 r2=0.643 elapsed=22.8s (n_est=8)
[2026-04-19 12:24:42]   [ok seed=60] rmse=5.475 mae=3.967 r2=0.677 elapsed=23.3s (n_est=8)
[2026-04-19 12:25:05]   [ok seed=61] rmse=5.646 mae=4.043 r2=0.657 elapsed=23.1s (n_est=8)
[2026-04-19 12:25:06]   [summary] rmse mean=5.478 std=0.129 min=5.286 max=5.760
[2026-04-19 12:25:06] [full] opx/opx_only/T_C
[2026-04-19 12:25:06]   [cache hit] opx/opx_only/T_C s=42
[2026-04-19 12:25:06]   [cache hit] opx/opx_only/T_C s=43
[2026-04-19 12:25:06]   [cache hit] opx/opx_only/T_C s=44
[2026-04-19 12:25:06]   [cache hit] opx/opx_only/T_C s=45
[2026-04-19 12:25:06]   [cache hit] opx/opx_only/T_C s=46
[2026-04-19 12:25:06]   [model v2 load path] tabpfn==2.2.1 via model_path='auto' ignore_pretraining_limits=True (package-version pinned to v2 by tabpfn>=2.0,<2.5)
[2026-04-19 12:25:40]   [ok seed=47] rmse=151.289 mae=110.353 r2=0.259 elapsed=34.5s (n_est=8)
[2026-04-19 12:26:13]   [ok seed=48] rmse=149.225 mae=108.718 r2=0.279 elapsed=33.0s (n_est=8)
[2026-04-19 12:26:47]   [ok seed=49] rmse=150.042 mae=108.268 r2=0.271 elapsed=33.5s (n_est=8)
[2026-04-19 12:27:18]   [ok seed=50] rmse=149.258 mae=109.231 r2=0.279 elapsed=31.4s (n_est=8)
[2026-04-19 12:27:55]   [ok seed=51] rmse=150.591 mae=108.603 r2=0.266 elapsed=37.3s (n_est=8)
[2026-04-19 12:28:27]   [ok seed=52] rmse=151.571 mae=110.393 r2=0.256 elapsed=32.0s (n_est=8)
[2026-04-19 12:29:00]   [ok seed=53] rmse=149.646 mae=108.367 r2=0.275 elapsed=32.1s (n_est=8)
[2026-04-19 12:29:30]   [ok seed=54] rmse=148.053 mae=107.038 r2=0.290 elapsed=30.4s (n_est=8)
[2026-04-19 12:30:01]   [ok seed=55] rmse=150.921 mae=109.181 r2=0.263 elapsed=31.3s (n_est=8)
[2026-04-19 12:30:32]   [ok seed=56] rmse=150.344 mae=108.841 r2=0.268 elapsed=31.0s (n_est=8)
[2026-04-19 12:31:03]   [ok seed=57] rmse=150.131 mae=107.845 r2=0.270 elapsed=31.0s (n_est=8)
[2026-04-19 12:31:34]   [ok seed=58] rmse=147.960 mae=107.267 r2=0.291 elapsed=30.8s (n_est=8)
[2026-04-19 12:32:11]   [ok seed=59] rmse=149.401 mae=108.506 r2=0.277 elapsed=36.4s (n_est=8)
[2026-04-19 12:32:41]   [ok seed=60] rmse=148.775 mae=108.344 r2=0.283 elapsed=30.8s (n_est=8)
[2026-04-19 12:33:13]   [ok seed=61] rmse=152.861 mae=109.953 r2=0.243 elapsed=31.5s (n_est=8)
[2026-04-19 12:33:13]   [summary] rmse mean=150.166 std=1.332 min=147.960 max=152.861
[2026-04-19 12:33:13] [full] opx/opx_only/P_kbar
[2026-04-19 12:33:13]   [cache hit] opx/opx_only/P_kbar s=42
[2026-04-19 12:33:13]   [cache hit] opx/opx_only/P_kbar s=43
[2026-04-19 12:33:13]   [cache hit] opx/opx_only/P_kbar s=44
[2026-04-19 12:33:13]   [cache hit] opx/opx_only/P_kbar s=45
[2026-04-19 12:33:13]   [cache hit] opx/opx_only/P_kbar s=46
[2026-04-19 12:33:13]   [model v2 load path] tabpfn==2.2.1 via model_path='auto' ignore_pretraining_limits=True (package-version pinned to v2 by tabpfn>=2.0,<2.5)
[2026-04-19 12:33:45]   [ok seed=47] rmse=12.528 mae=7.963 r2=0.191 elapsed=32.0s (n_est=8)
[2026-04-19 12:34:18]   [ok seed=48] rmse=12.534 mae=7.896 r2=0.190 elapsed=32.9s (n_est=8)
[2026-04-19 12:34:51]   [ok seed=49] rmse=12.499 mae=7.931 r2=0.195 elapsed=33.3s (n_est=8)
[2026-04-19 12:35:24]   [ok seed=50] rmse=12.488 mae=7.905 r2=0.196 elapsed=32.7s (n_est=8)
[2026-04-19 12:35:58]   [ok seed=51] rmse=12.701 mae=8.044 r2=0.169 elapsed=34.4s (n_est=8)
[2026-04-19 12:36:31]   [ok seed=52] rmse=12.649 mae=7.989 r2=0.175 elapsed=32.1s (n_est=8)
[2026-04-19 12:37:02]   [ok seed=53] rmse=12.532 mae=7.994 r2=0.191 elapsed=31.4s (n_est=8)
[2026-04-19 12:37:33]   [ok seed=54] rmse=12.395 mae=7.886 r2=0.208 elapsed=30.9s (n_est=8)
[2026-04-19 12:38:05]   [ok seed=55] rmse=12.536 mae=7.921 r2=0.190 elapsed=31.8s (n_est=8)
[2026-04-19 12:38:36]   [ok seed=56] rmse=12.388 mae=7.851 r2=0.209 elapsed=31.0s (n_est=8)
[2026-04-19 12:39:07]   [ok seed=57] rmse=12.474 mae=7.929 r2=0.198 elapsed=31.0s (n_est=8)
[2026-04-19 12:39:38]   [ok seed=58] rmse=12.425 mae=7.906 r2=0.204 elapsed=31.2s (n_est=8)
[2026-04-19 12:40:14]   [ok seed=59] rmse=12.673 mae=7.952 r2=0.172 elapsed=35.7s (n_est=8)
[2026-04-19 12:40:44]   [ok seed=60] rmse=12.344 mae=7.878 r2=0.215 elapsed=30.5s (n_est=8)
[2026-04-19 12:41:17]   [ok seed=61] rmse=12.525 mae=7.950 r2=0.191 elapsed=32.4s (n_est=8)
[2026-04-19 12:41:17]   [summary] rmse mean=12.516 std=0.111 min=12.344 max=12.701
[2026-04-19 12:41:17] [full] cpx/cpx_liq/T_C
[2026-04-19 12:41:17]   [cache hit] cpx/cpx_liq/T_C s=42
[2026-04-19 12:41:17]   [cache hit] cpx/cpx_liq/T_C s=43
[2026-04-19 12:41:17]   [cache hit] cpx/cpx_liq/T_C s=44
[2026-04-19 12:41:17]   [cache hit] cpx/cpx_liq/T_C s=45
[2026-04-19 12:41:17]   [cache hit] cpx/cpx_liq/T_C s=46
[2026-04-19 12:41:17]   [model v2 load path] tabpfn==2.2.1 via model_path='auto' ignore_pretraining_limits=True (package-version pinned to v2 by tabpfn>=2.0,<2.5)
[2026-04-19 12:42:16]   [ok seed=47] rmse=69.092 mae=41.702 r2=0.844 elapsed=59.5s (n_est=4)
[2026-04-19 12:43:19]   [ok seed=48] rmse=69.131 mae=41.901 r2=0.844 elapsed=63.0s (n_est=4)
[2026-04-19 12:44:21]   [ok seed=49] rmse=69.158 mae=40.950 r2=0.844 elapsed=61.4s (n_est=4)
[2026-04-19 12:45:24]   [ok seed=50] rmse=70.978 mae=42.102 r2=0.836 elapsed=63.8s (n_est=4)
[2026-04-19 12:46:28]   [ok seed=51] rmse=69.309 mae=42.234 r2=0.843 elapsed=63.3s (n_est=4)
[2026-04-19 12:47:27]   [ok seed=52] rmse=68.379 mae=40.864 r2=0.848 elapsed=59.3s (n_est=4)
[2026-04-19 12:48:26]   [ok seed=53] rmse=71.837 mae=42.843 r2=0.832 elapsed=59.4s (n_est=4)
[2026-04-19 12:49:26]   [ok seed=54] rmse=70.027 mae=42.756 r2=0.840 elapsed=59.1s (n_est=4)
[2026-04-19 12:50:25]   [ok seed=55] rmse=69.656 mae=41.826 r2=0.842 elapsed=59.1s (n_est=4)
[2026-04-19 12:51:23]   [ok seed=56] rmse=70.370 mae=42.597 r2=0.839 elapsed=58.8s (n_est=4)
[2026-04-19 12:52:22]   [ok seed=57] rmse=70.238 mae=42.276 r2=0.839 elapsed=58.4s (n_est=4)
[2026-04-19 12:53:21]   [ok seed=58] rmse=70.176 mae=42.059 r2=0.840 elapsed=58.7s (n_est=4)
[2026-04-19 12:54:20]   [ok seed=59] rmse=69.702 mae=41.284 r2=0.842 elapsed=59.1s (n_est=4)
[2026-04-19 12:55:18]   [ok seed=60] rmse=71.727 mae=42.855 r2=0.832 elapsed=58.5s (n_est=4)
[2026-04-19 12:56:17]   [ok seed=61] rmse=69.092 mae=40.997 r2=0.844 elapsed=58.5s (n_est=4)
[2026-04-19 12:56:17]   [summary] rmse mean=69.960 std=0.957 min=68.379 max=71.837
[2026-04-19 12:56:17] [full] cpx/cpx_liq/P_kbar
[2026-04-19 12:56:17]   [cache hit] cpx/cpx_liq/P_kbar s=42
[2026-04-19 12:56:17]   [cache hit] cpx/cpx_liq/P_kbar s=43
[2026-04-19 12:56:17]   [cache hit] cpx/cpx_liq/P_kbar s=44
[2026-04-19 12:56:17]   [cache hit] cpx/cpx_liq/P_kbar s=45
[2026-04-19 12:56:17]   [cache hit] cpx/cpx_liq/P_kbar s=46
[2026-04-19 12:56:17]   [model v2 load path] tabpfn==2.2.1 via model_path='auto' ignore_pretraining_limits=True (package-version pinned to v2 by tabpfn>=2.0,<2.5)
[2026-04-19 12:57:17]   [ok seed=47] rmse=7.483 mae=3.424 r2=0.691 elapsed=59.7s (n_est=4)
[2026-04-19 12:58:18]   [ok seed=48] rmse=7.421 mae=3.429 r2=0.696 elapsed=61.1s (n_est=4)
[2026-04-19 12:59:17]   [ok seed=49] rmse=7.304 mae=3.318 r2=0.706 elapsed=59.6s (n_est=4)
[2026-04-19 13:00:21]   [ok seed=50] rmse=7.466 mae=3.431 r2=0.692 elapsed=63.7s (n_est=4)
[2026-04-19 13:01:22]   [ok seed=51] rmse=7.427 mae=3.301 r2=0.696 elapsed=60.8s (n_est=4)
[2026-04-19 13:02:21]   [ok seed=52] rmse=7.528 mae=3.541 r2=0.687 elapsed=58.8s (n_est=4)
[2026-04-19 13:03:20]   [ok seed=53] rmse=7.310 mae=3.311 r2=0.705 elapsed=59.2s (n_est=4)
[2026-04-19 13:04:19]   [ok seed=54] rmse=7.341 mae=3.428 r2=0.703 elapsed=59.0s (n_est=4)
[2026-04-19 13:05:17]   [ok seed=55] rmse=7.307 mae=3.416 r2=0.705 elapsed=58.5s (n_est=4)
[2026-04-19 13:06:20]   [ok seed=56] rmse=7.328 mae=3.313 r2=0.704 elapsed=62.9s (n_est=4)
[2026-04-19 13:07:24]   [ok seed=57] rmse=7.260 mae=3.374 r2=0.709 elapsed=63.5s (n_est=4)
[2026-04-19 13:08:29]   [ok seed=58] rmse=7.416 mae=3.313 r2=0.696 elapsed=64.9s (n_est=4)
[2026-04-19 13:09:36]   [ok seed=59] rmse=7.183 mae=3.275 r2=0.715 elapsed=67.2s (n_est=4)
[2026-04-19 13:10:40]   [ok seed=60] rmse=7.657 mae=3.679 r2=0.676 elapsed=63.8s (n_est=4)
[2026-04-19 13:11:43]   [ok seed=61] rmse=7.310 mae=3.257 r2=0.705 elapsed=63.5s (n_est=4)
[2026-04-19 13:11:44]   [summary] rmse mean=7.415 std=0.129 min=7.183 max=7.657
[2026-04-19 13:11:44] [full] cpx/cpx_only/T_C
[2026-04-19 13:11:44]   [cache hit] cpx/cpx_only/T_C s=42
[2026-04-19 13:11:44]   [cache hit] cpx/cpx_only/T_C s=43
[2026-04-19 13:11:44]   [cache hit] cpx/cpx_only/T_C s=44
[2026-04-19 13:11:44]   [cache hit] cpx/cpx_only/T_C s=45
[2026-04-19 13:11:44]   [cache hit] cpx/cpx_only/T_C s=46
[2026-04-19 13:11:44]   [model v2 load path] tabpfn==2.2.1 via model_path='auto' ignore_pretraining_limits=True (package-version pinned to v2 by tabpfn>=2.0,<2.5)
[2026-04-19 13:12:44]   [ok seed=47] rmse=132.670 mae=84.555 r2=0.569 elapsed=60.4s (n_est=4)
[2026-04-19 13:13:47]   [ok seed=48] rmse=131.176 mae=83.542 r2=0.579 elapsed=63.4s (n_est=4)
[2026-04-19 13:14:50]   [ok seed=49] rmse=130.775 mae=84.428 r2=0.582 elapsed=62.1s (n_est=4)
[2026-04-19 13:15:54]   [ok seed=50] rmse=129.778 mae=82.956 r2=0.588 elapsed=64.3s (n_est=4)
[2026-04-19 13:16:52]   [ok seed=51] rmse=130.367 mae=83.135 r2=0.584 elapsed=58.2s (n_est=4)
[2026-04-19 13:17:48]   [ok seed=52] rmse=130.035 mae=83.724 r2=0.586 elapsed=55.7s (n_est=4)
[2026-04-19 13:18:44]   [ok seed=53] rmse=132.979 mae=84.570 r2=0.567 elapsed=56.7s (n_est=4)
[2026-04-19 13:19:40]   [ok seed=54] rmse=131.560 mae=83.143 r2=0.577 elapsed=55.7s (n_est=4)
[2026-04-19 13:20:35]   [ok seed=55] rmse=130.785 mae=84.699 r2=0.582 elapsed=55.0s (n_est=4)
[2026-04-19 13:21:31]   [ok seed=56] rmse=134.408 mae=85.079 r2=0.558 elapsed=55.6s (n_est=4)
[2026-04-19 13:22:27]   [ok seed=57] rmse=129.195 mae=83.368 r2=0.592 elapsed=56.0s (n_est=4)
[2026-04-19 13:23:23]   [ok seed=58] rmse=134.753 mae=85.622 r2=0.556 elapsed=55.8s (n_est=4)
[2026-04-19 13:24:18]   [ok seed=59] rmse=130.453 mae=82.454 r2=0.584 elapsed=55.6s (n_est=4)
[2026-04-19 13:25:14]   [ok seed=60] rmse=129.671 mae=83.518 r2=0.589 elapsed=55.8s (n_est=4)
[2026-04-19 13:26:10]   [ok seed=61] rmse=136.536 mae=84.126 r2=0.544 elapsed=55.7s (n_est=4)
[2026-04-19 13:26:10]   [summary] rmse mean=131.395 std=2.287 min=128.047 max=136.536
[2026-04-19 13:26:10] [full] cpx/cpx_only/P_kbar
[2026-04-19 13:26:10]   [cache hit] cpx/cpx_only/P_kbar s=42
[2026-04-19 13:26:10]   [cache hit] cpx/cpx_only/P_kbar s=43
[2026-04-19 13:26:10]   [cache hit] cpx/cpx_only/P_kbar s=44
[2026-04-19 13:26:10]   [cache hit] cpx/cpx_only/P_kbar s=45
[2026-04-19 13:26:10]   [cache hit] cpx/cpx_only/P_kbar s=46
[2026-04-19 13:26:10]   [model v2 load path] tabpfn==2.2.1 via model_path='auto' ignore_pretraining_limits=True (package-version pinned to v2 by tabpfn>=2.0,<2.5)
[2026-04-19 13:27:06]   [ok seed=47] rmse=13.265 mae=6.652 r2=0.558 elapsed=55.6s (n_est=4)
[2026-04-19 13:28:01]   [ok seed=48] rmse=14.163 mae=6.797 r2=0.496 elapsed=55.4s (n_est=4)
[2026-04-19 13:28:58]   [ok seed=49] rmse=13.090 mae=6.487 r2=0.569 elapsed=57.3s (n_est=4)
[2026-04-19 13:29:54]   [ok seed=50] rmse=13.187 mae=6.668 r2=0.563 elapsed=55.4s (n_est=4)
[2026-04-19 13:30:49]   [ok seed=51] rmse=13.938 mae=6.827 r2=0.512 elapsed=55.3s (n_est=4)
[2026-04-19 13:31:44]   [ok seed=52] rmse=13.316 mae=6.732 r2=0.554 elapsed=55.2s (n_est=4)
[2026-04-19 13:32:40]   [ok seed=53] rmse=13.595 mae=6.669 r2=0.535 elapsed=55.6s (n_est=4)
[2026-04-19 13:33:36]   [ok seed=54] rmse=13.570 mae=6.736 r2=0.537 elapsed=55.9s (n_est=4)
[2026-04-19 13:34:31]   [ok seed=55] rmse=13.601 mae=6.672 r2=0.535 elapsed=55.8s (n_est=4)
[2026-04-19 13:35:27]   [ok seed=56] rmse=12.888 mae=6.409 r2=0.582 elapsed=55.5s (n_est=4)
[2026-04-19 13:36:23]   [ok seed=57] rmse=12.793 mae=6.508 r2=0.589 elapsed=55.8s (n_est=4)
[2026-04-19 13:37:19]   [ok seed=58] rmse=13.629 mae=6.785 r2=0.533 elapsed=56.2s (n_est=4)
[2026-04-19 13:38:19]   [ok seed=59] rmse=13.172 mae=6.566 r2=0.564 elapsed=60.3s (n_est=4)
[2026-04-19 13:39:17]   [ok seed=60] rmse=13.380 mae=6.657 r2=0.550 elapsed=58.0s (n_est=4)
[2026-04-19 13:40:15]   [ok seed=61] rmse=13.718 mae=6.716 r2=0.527 elapsed=58.1s (n_est=4)
[2026-04-19 13:40:16]   [summary] rmse mean=13.419 std=0.408 min=12.572 max=14.185
[2026-04-19 13:40:16] wrote C:\Users\NQTa\Documents\MLCourse\Final Project\results\tabpfn_multiseed_results.csv (160 rows)
[2026-04-19 13:40:16] wrote C:\Users\NQTa\Documents\MLCourse\Final Project\results\tabpfn_multiseed_summary.csv (8 rows)
[2026-04-19 13:40:16] wrote C:\Users\NQTa\Documents\MLCourse\Final Project\results\tabpfn_regime_rmse.csv (40 rows)
[2026-04-19 13:40:16] wrote C:\Users\NQTa\Documents\MLCourse\Final Project\results\tabpfn_predictions.csv (72080 rows)
