[2026-04-18 21:45:34] A5 Form-B stability: cv_seeds=[42, 43, 44, 45, 46] model_seed=42
[2026-04-18 21:45:34] n_cells=8
[2026-04-18 21:45:34] [1/8] opx_liq/T_C (ElasticNet/raw)
[2026-04-18 21:45:34]   cv_seed=42: alpha=(0.05,0.83) s=(+0.409,-0.177) oof_mse=4406.703 elapsed=0.04s
[2026-04-18 21:45:34]   cv_seed=43: alpha=(0.05,0.87) s=(+0.410,-0.223) oof_mse=4385.547 elapsed=0.04s
[2026-04-18 21:45:34]   cv_seed=44: alpha=(0.05,0.87) s=(+0.526,-0.242) oof_mse=4409.252 elapsed=0.04s
[2026-04-18 21:45:34]   cv_seed=45: alpha=(0.05,0.83) s=(+0.636,-0.195) oof_mse=4455.767 elapsed=0.05s
[2026-04-18 21:45:34]   cv_seed=46: alpha=(0.05,0.83) s=(+0.395,-0.182) oof_mse=4280.075 elapsed=0.04s
[2026-04-18 21:45:34] [2/8] opx_liq/P_kbar (MLP/raw)
[2026-04-18 21:45:35]   cv_seed=42: alpha=(0.13,0.55) s=(+0.549,+0.106) oof_mse=27.180 elapsed=1.21s
[2026-04-18 21:45:36]   cv_seed=43: alpha=(0.13,0.55) s=(+0.575,+0.184) oof_mse=33.181 elapsed=1.13s
[2026-04-18 21:45:37]   cv_seed=44: alpha=(0.45,0.95) s=(+0.192,-0.507) oof_mse=24.854 elapsed=1.2s
[2026-04-18 21:45:39]   cv_seed=45: alpha=(0.13,0.55) s=(+0.461,+0.091) oof_mse=26.437 elapsed=1.18s
[2026-04-18 21:45:40]   cv_seed=46: alpha=(0.17,0.55) s=(+0.316,+0.113) oof_mse=27.062 elapsed=1.05s
[2026-04-18 21:45:40] [3/8] opx_only/T_C (LightGBM/alr)
[2026-04-18 21:45:42]   cv_seed=42: alpha=(0.13,0.55) s=(-0.085,+0.125) oof_mse=17807.047 elapsed=1.99s
[2026-04-18 21:45:44]   cv_seed=43: alpha=(0.13,0.55) s=(-0.094,+0.120) oof_mse=18151.449 elapsed=2.21s
[2026-04-18 21:45:46]   cv_seed=44: alpha=(0.13,0.55) s=(-0.119,+0.099) oof_mse=18168.316 elapsed=1.99s
[2026-04-18 21:45:48]   cv_seed=45: alpha=(0.13,0.55) s=(-0.096,+0.134) oof_mse=17969.556 elapsed=2.15s
[2026-04-18 21:45:50]   cv_seed=46: alpha=(0.13,0.55) s=(-0.104,+0.133) oof_mse=18093.169 elapsed=1.78s
[2026-04-18 21:45:50] [4/8] opx_only/P_kbar (RF/pwlr)
[2026-04-18 21:46:07]   cv_seed=42: alpha=(0.29,0.91) s=(-0.157,+0.462) oof_mse=114.147 elapsed=17.52s
[2026-04-18 21:46:23]   cv_seed=43: alpha=(0.37,0.91) s=(-0.138,+0.629) oof_mse=115.995 elapsed=15.77s
[2026-04-18 21:46:39]   cv_seed=44: alpha=(0.29,0.83) s=(-0.105,+0.649) oof_mse=122.099 elapsed=15.46s
[2026-04-18 21:46:54]   cv_seed=45: alpha=(0.25,0.83) s=(-0.146,+0.677) oof_mse=121.418 elapsed=15.86s
[2026-04-18 21:47:10]   cv_seed=46: alpha=(0.33,0.79) s=(-0.084,+0.635) oof_mse=124.930 elapsed=15.09s
[2026-04-18 21:47:10] [5/8] cpx_liq/T_C (ERT/pwlr)
[2026-04-18 21:47:39]   cv_seed=42: alpha=(0.45,0.75) s=(-0.080,-0.073) oof_mse=6097.993 elapsed=29.73s
[2026-04-18 21:48:08]   cv_seed=43: alpha=(0.45,0.79) s=(-0.060,-0.170) oof_mse=5854.163 elapsed=28.21s
[2026-04-18 21:48:40]   cv_seed=44: alpha=(0.45,0.75) s=(-0.081,-0.120) oof_mse=6046.885 elapsed=32.81s
[2026-04-18 21:49:09]   cv_seed=45: alpha=(0.45,0.91) s=(-0.057,-0.239) oof_mse=6037.472 elapsed=28.35s
[2026-04-18 21:49:37]   cv_seed=46: alpha=(0.45,0.83) s=(-0.081,-0.143) oof_mse=5836.296 elapsed=28.6s
[2026-04-18 21:49:37] [6/8] cpx_liq/P_kbar (LightGBM/pwlr)
[2026-04-18 21:49:57]   cv_seed=42: alpha=(0.45,0.95) s=(-0.074,+0.178) oof_mse=70.961 elapsed=19.24s
[2026-04-18 21:50:15]   cv_seed=43: alpha=(0.45,0.95) s=(-0.049,+0.257) oof_mse=71.111 elapsed=18.14s
[2026-04-18 21:50:31]   cv_seed=44: alpha=(0.45,0.95) s=(-0.056,+0.190) oof_mse=69.787 elapsed=16.03s
[2026-04-18 21:50:43]   cv_seed=45: alpha=(0.45,0.95) s=(-0.070,+0.034) oof_mse=64.061 elapsed=12.17s
[2026-04-18 21:50:55]   cv_seed=46: alpha=(0.45,0.95) s=(-0.069,+0.270) oof_mse=76.189 elapsed=12.01s
[2026-04-18 21:50:55] [7/8] cpx_only/T_C (ERT/pwlr)
[2026-04-18 21:51:06]   cv_seed=42: alpha=(0.29,0.55) s=(+0.064,+0.406) oof_mse=24979.606 elapsed=10.7s
[2026-04-18 21:51:17]   cv_seed=43: alpha=(0.33,0.59) s=(+0.049,+0.444) oof_mse=24742.112 elapsed=11.76s
[2026-04-18 21:51:28]   cv_seed=44: alpha=(0.05,0.55) s=(-0.168,+0.342) oof_mse=24288.516 elapsed=10.22s
[2026-04-18 21:51:38]   cv_seed=45: alpha=(0.29,0.55) s=(+0.058,+0.409) oof_mse=24857.994 elapsed=10.14s
[2026-04-18 21:51:48]   cv_seed=46: alpha=(0.33,0.59) s=(+0.039,+0.490) oof_mse=25159.422 elapsed=9.94s
[2026-04-18 21:51:48] [8/8] cpx_only/P_kbar (MLP/alr)
[2026-04-18 21:52:02]   cv_seed=42: alpha=(0.13,0.95) s=(+1.679,+0.286) oof_mse=285.709 elapsed=14.38s
[2026-04-18 21:52:17]   cv_seed=43: alpha=(0.17,0.95) s=(+1.009,+0.299) oof_mse=289.244 elapsed=15.06s
[2026-04-18 21:52:32]   cv_seed=44: alpha=(0.13,0.95) s=(+1.405,+0.206) oof_mse=290.797 elapsed=15.04s
[2026-04-18 21:52:45]   cv_seed=45: alpha=(0.13,0.95) s=(+1.530,+0.115) oof_mse=303.253 elapsed=13.11s
[2026-04-18 21:52:56]   cv_seed=46: alpha=(0.13,0.95) s=(+1.641,+0.317) oof_mse=295.669 elapsed=10.95s
[2026-04-18 21:52:56] wrote C:\Users\NQTa\Documents\MLCourse\Final Project\results\v10_bias_correction_form_b_stability.csv  rows=40
[2026-04-18 21:52:56] stability summary (mean / std across CV seeds):
[2026-04-18 21:52:56]                                                   alpha_L           alpha_R                 s_L                 s_R                    a_L                     a_R                  oof_mse            
[2026-04-18 21:52:56]                                                      mean       std    mean       std      mean       std      mean       std         mean        std         mean        std          mean         std
[2026-04-18 21:52:56]   pipeline track    target model      feature_set                                                                                                                                                      
[2026-04-18 21:52:56]   cpx      cpx_liq  P_kbar LightGBM   pwlr          0.450  0.000000   0.950  0.000000 -0.063695  0.010873  0.185765  0.093779     8.381184   0.162564    34.450585   0.800696     70.421771    4.327082
[2026-04-18 21:52:56]                     T_C    ERT        pwlr          0.450  0.000000   0.806  0.066933 -0.071767  0.012293 -0.149140  0.061736  1184.805926   1.896763  1335.110687  36.596818   5974.561719  120.454575
[2026-04-18 21:52:56]            cpx_only P_kbar MLP        alr           0.138  0.017889   0.950  0.000000  1.453023  0.270008  0.244726  0.083911     2.681501   0.565209    45.058718   0.574217    292.934549    6.788578
[2026-04-18 21:52:56]                     T_C    ERT        pwlr          0.258  0.117983   0.566  0.021909  0.008260  0.098992  0.417963  0.054362  1124.813728  42.732101  1244.425675   7.673041  24805.530168  327.726790
[2026-04-18 21:52:56]   opx      opx_liq  P_kbar MLP        raw           0.202  0.139714   0.630  0.178885  0.418418  0.161932 -0.002803  0.284394     5.299970   2.958341    16.109101   8.547213     27.742822    3.178377
[2026-04-18 21:52:56]                     T_C    ElasticNet raw           0.050  0.000000   0.846  0.021909  0.475126  0.104273 -0.203740  0.027853   940.412555   4.332276  1443.155265  17.372799   4387.469011   65.280728
[2026-04-18 21:52:56]            opx_only P_kbar RF         pwlr          0.306  0.045607   0.854  0.053666 -0.125946  0.030518  0.610529  0.085094    10.905502   0.779291    24.817981   2.585816    119.717875    4.489494
[2026-04-18 21:52:56]                     T_C    LightGBM   alr           0.130  0.000000   0.550  0.000000 -0.099534  0.012732  0.122104  0.014084  1049.316512   1.967130  1287.956621   3.336300  18037.907435  150.764842
