[2026-04-18 19:02:17] START H.3a (opx_only natural inference)
[2026-04-18 19:02:17] natural samples loaded: (53050, 26)
[2026-04-18 19:02:17] training set loaded: (1035, 238)
[2026-04-18 19:02:17] engineered features added
[2026-04-18 19:02:17] alr feature shapes: train=(1035, 15) nat=(53050, 15)
[2026-04-18 19:02:17] pwlr feature shapes: train=(1035, 43) nat=(53050, 43)
[2026-04-18 19:02:17] models loaded: T=LGBMRegressor P=RandomForestRegressor
[2026-04-18 19:02:18] T_C pred summary: mean=1084.4 std=140.2 min=890.1 max=1425.3
[2026-04-18 19:02:18] P_kbar pred summary: mean=10.52 std=9.03 min=1.83 max=56.04
[2026-04-18 19:02:18] OOD feature cols: ['SiO2', 'TiO2', 'Al2O3', 'Cr2O3', 'FeO_total', 'MnO', 'MgO', 'CaO', 'Na2O', 'Mg_num']
[2026-04-18 19:02:18] OOD threshold (1st pct of train): -0.5974
[2026-04-18 19:02:18] OOD flagged natural samples: 3852/53050 (7.3%)
[2026-04-18 19:02:19] wrote C:\Users\NQTa\Documents\MLCourse\Final Project\results\v10_natural_opx_opx_only_predictions.csv shape=(53050, 30)
[2026-04-18 19:02:19] per-tectonic-setting summary:
                                                 n       T_mean       T_std     P_mean      P_std    ood_pct
TECTONIC SETTING                                                                                            
CONVERGENT MARGIN                            31662  1013.729084  102.729775   6.040227   4.556840   8.650749
INTRAPLATE VOLCANICS                         13934  1205.520719  105.824911  17.606687   9.776484   1.779819
RIFT VOLCANICS                                2311  1140.908560  154.093171  15.185505   9.597506  12.591952
CONTINENTAL FLOOD BASALT                      2071  1154.110098  156.560028  18.935761  11.934600  25.881217
ARCHEAN CRATON (INCLUDING GREENSTONE BELTS)   1200  1170.334943   92.046168  12.557031   5.188668   0.916667
OCEAN ISLAND                                  1109  1219.394383   87.308987  19.009932   8.888383   2.434626
SEAMOUNT                                       504  1046.619891  150.436302  10.094539   9.477757   0.000000
OCEANIC PLATEAU                                179  1254.364126   48.949825  22.032689   6.174564   0.000000
COMPLEX VOLCANIC SETTINGS                       51  1227.874254   76.769458  23.068938  10.319984   0.000000
SUBMARINE RIDGE                                  2  1174.943853  125.567630  15.344410   0.475790   0.000000
[2026-04-18 19:02:19] DONE
