[2026-04-18 21:07:37] ============================================================
[2026-04-18 21:07:37] START dry_run=True skip_done=False
[2026-04-18 21:07:37] n_cells=8 n_seeds=20
[2026-04-18 21:07:37]   cell: opx/opx_liq/T_C -> ElasticNet/raw (mean=77.062)
[2026-04-18 21:07:37]   cell: opx/opx_liq/P_kbar -> MLP/raw (mean=4.404)
[2026-04-18 21:07:37]   cell: opx/opx_only/T_C -> LightGBM/alr (mean=146.627)
[2026-04-18 21:07:37]   cell: opx/opx_only/P_kbar -> RF/pwlr (mean=10.347)
[2026-04-18 21:07:37]   cell: cpx/cpx_liq/T_C -> ERT/pwlr (mean=72.476)
[2026-04-18 21:07:37]   cell: cpx/cpx_liq/P_kbar -> LightGBM/pwlr (mean=6.546)
[2026-04-18 21:07:37]   cell: cpx/cpx_only/T_C -> ERT/pwlr (mean=127.022)
[2026-04-18 21:07:37]   cell: cpx/cpx_only/P_kbar -> MLP/alr (mean=13.664)
[2026-04-18 21:07:37] DRY RUN -- not executing
[2026-04-18 21:07:37] total (cell, seed) = 160; missing = 160
[2026-04-18 21:07:50] ============================================================
[2026-04-18 21:07:50] START dry_run=False skip_done=False
[2026-04-18 21:07:50] n_cells=1 n_seeds=1
[2026-04-18 21:07:50]   cell: opx/opx_liq/T_C -> ElasticNet/raw (mean=77.062)
[2026-04-18 21:07:50] [1/1][1/1] opx_liq/T_C seed=42 winner=none elapsed=0.5s
[2026-04-18 21:07:50] DONE
[2026-04-18 21:08:00] ============================================================
[2026-04-18 21:08:00] START dry_run=False skip_done=False
[2026-04-18 21:08:00] n_cells=1 n_seeds=1
[2026-04-18 21:08:00]   cell: opx/opx_liq/P_kbar -> MLP/raw (mean=4.404)
[2026-04-18 21:08:02] [1/1][1/1] opx_liq/P_kbar seed=42 winner=none elapsed=1.6s
[2026-04-18 21:08:02] DONE
[2026-04-18 21:09:13] ============================================================
[2026-04-18 21:09:13] START dry_run=False skip_done=False
[2026-04-18 21:09:13] n_cells=1 n_seeds=1
[2026-04-18 21:09:13]   cell: opx/opx_liq/T_C -> ElasticNet/raw (mean=77.062)
[2026-04-18 21:09:14] [1/1][1/1] opx_liq/T_C seed=42 winner=none elapsed=0.5s
[2026-04-18 21:09:14] DONE
[2026-04-18 21:10:21] ============================================================
[2026-04-18 21:10:21] START dry_run=False skip_done=True
[2026-04-18 21:10:21] n_cells=8 n_seeds=20
[2026-04-18 21:10:21]   cell: opx/opx_liq/T_C -> ElasticNet/raw (mean=77.062)
[2026-04-18 21:10:21]   cell: opx/opx_liq/P_kbar -> MLP/raw (mean=4.404)
[2026-04-18 21:10:21]   cell: opx/opx_only/T_C -> LightGBM/alr (mean=146.627)
[2026-04-18 21:10:21]   cell: opx/opx_only/P_kbar -> RF/pwlr (mean=10.347)
[2026-04-18 21:10:21]   cell: cpx/cpx_liq/T_C -> ERT/pwlr (mean=72.476)
[2026-04-18 21:10:21]   cell: cpx/cpx_liq/P_kbar -> LightGBM/pwlr (mean=6.546)
[2026-04-18 21:10:21]   cell: cpx/cpx_only/T_C -> ERT/pwlr (mean=127.022)
[2026-04-18 21:10:21]   cell: cpx/cpx_only/P_kbar -> MLP/alr (mean=13.664)
[2026-04-18 21:10:22] [1/8][2/20] opx_liq/T_C seed=43 winner=none elapsed=0.5s
[2026-04-18 21:10:22] [1/8][3/20] opx_liq/T_C seed=44 winner=none elapsed=0.5s
[2026-04-18 21:10:22] [1/8][4/20] opx_liq/T_C seed=45 winner=none elapsed=0.5s
[2026-04-18 21:10:23] [1/8][5/20] opx_liq/T_C seed=46 winner=none elapsed=0.5s
[2026-04-18 21:10:23] [1/8][6/20] opx_liq/T_C seed=47 winner=none elapsed=0.5s
[2026-04-18 21:10:24] [1/8][7/20] opx_liq/T_C seed=48 winner=none elapsed=0.5s
[2026-04-18 21:10:24] [1/8][8/20] opx_liq/T_C seed=49 winner=none elapsed=0.5s
[2026-04-18 21:10:25] [1/8][9/20] opx_liq/T_C seed=50 winner=none elapsed=0.5s
[2026-04-18 21:10:25] [1/8][10/20] opx_liq/T_C seed=51 winner=none elapsed=0.5s
[2026-04-18 21:10:26] [1/8][11/20] opx_liq/T_C seed=52 winner=none elapsed=0.5s
[2026-04-18 21:10:26] [1/8][12/20] opx_liq/T_C seed=53 winner=none elapsed=0.5s
[2026-04-18 21:10:27] [1/8][13/20] opx_liq/T_C seed=54 winner=none elapsed=0.4s
[2026-04-18 21:10:27] [1/8][14/20] opx_liq/T_C seed=55 winner=none elapsed=0.4s
[2026-04-18 21:10:28] [1/8][15/20] opx_liq/T_C seed=56 winner=none elapsed=0.4s
[2026-04-18 21:10:28] [1/8][16/20] opx_liq/T_C seed=57 winner=none elapsed=0.5s
[2026-04-18 21:10:28] [1/8][17/20] opx_liq/T_C seed=58 winner=none elapsed=0.5s
[2026-04-18 21:10:29] [1/8][18/20] opx_liq/T_C seed=59 winner=none elapsed=0.5s
[2026-04-18 21:10:29] [1/8][19/20] opx_liq/T_C seed=60 winner=none elapsed=0.5s
[2026-04-18 21:10:30] [1/8][20/20] opx_liq/T_C seed=61 winner=none elapsed=0.5s
[2026-04-18 21:10:32] [2/8][1/20] opx_liq/P_kbar seed=42 winner=none elapsed=1.7s
[2026-04-18 21:10:33] [2/8][2/20] opx_liq/P_kbar seed=43 winner=A elapsed=1.3s
[2026-04-18 21:10:34] [2/8][3/20] opx_liq/P_kbar seed=44 winner=A elapsed=1.4s
[2026-04-18 21:10:36] [2/8][4/20] opx_liq/P_kbar seed=45 winner=none elapsed=1.6s
[2026-04-18 21:10:37] [2/8][5/20] opx_liq/P_kbar seed=46 winner=A elapsed=1.3s
[2026-04-18 21:10:39] [2/8][6/20] opx_liq/P_kbar seed=47 winner=none elapsed=1.4s
[2026-04-18 21:10:40] [2/8][7/20] opx_liq/P_kbar seed=48 winner=none elapsed=1.5s
[2026-04-18 21:10:42] [2/8][8/20] opx_liq/P_kbar seed=49 winner=none elapsed=1.8s
[2026-04-18 21:10:43] [2/8][9/20] opx_liq/P_kbar seed=50 winner=none elapsed=1.5s
[2026-04-18 21:10:45] [2/8][10/20] opx_liq/P_kbar seed=51 winner=none elapsed=1.4s
[2026-04-18 21:10:46] [2/8][11/20] opx_liq/P_kbar seed=52 winner=A elapsed=1.4s
[2026-04-18 21:10:48] [2/8][12/20] opx_liq/P_kbar seed=53 winner=none elapsed=1.5s
[2026-04-18 21:10:49] [2/8][13/20] opx_liq/P_kbar seed=54 winner=A elapsed=1.7s
[2026-04-18 21:10:51] [2/8][14/20] opx_liq/P_kbar seed=55 winner=none elapsed=1.6s
[2026-04-18 21:10:52] [2/8][15/20] opx_liq/P_kbar seed=56 winner=A elapsed=1.5s
[2026-04-18 21:10:54] [2/8][16/20] opx_liq/P_kbar seed=57 winner=none elapsed=1.3s
[2026-04-18 21:10:56] [2/8][17/20] opx_liq/P_kbar seed=58 winner=A elapsed=1.9s
[2026-04-18 21:10:57] [2/8][18/20] opx_liq/P_kbar seed=59 winner=A elapsed=1.0s
[2026-04-18 21:10:58] [2/8][19/20] opx_liq/P_kbar seed=60 winner=none elapsed=1.6s
[2026-04-18 21:11:00] [2/8][20/20] opx_liq/P_kbar seed=61 winner=none elapsed=1.8s
[2026-04-18 21:11:03] [3/8][1/20] opx_only/T_C seed=42 winner=none elapsed=2.4s
[2026-04-18 21:11:06] [3/8][2/20] opx_only/T_C seed=43 winner=none elapsed=3.5s
[2026-04-18 21:11:10] [3/8][3/20] opx_only/T_C seed=44 winner=none elapsed=3.7s
[2026-04-18 21:11:13] [3/8][4/20] opx_only/T_C seed=45 winner=none elapsed=3.6s
[2026-04-18 21:11:17] [3/8][5/20] opx_only/T_C seed=46 winner=none elapsed=3.7s
[2026-04-18 21:11:21] [3/8][6/20] opx_only/T_C seed=47 winner=none elapsed=3.9s
[2026-04-18 21:11:24] [3/8][7/20] opx_only/T_C seed=48 winner=none elapsed=3.4s
[2026-04-18 21:11:27] [3/8][8/20] opx_only/T_C seed=49 winner=none elapsed=2.8s
[2026-04-18 21:11:31] [3/8][9/20] opx_only/T_C seed=50 winner=none elapsed=3.6s
[2026-04-18 21:11:35] [3/8][10/20] opx_only/T_C seed=51 winner=none elapsed=3.9s
[2026-04-18 21:11:40] [3/8][11/20] opx_only/T_C seed=52 winner=none elapsed=6.0s
[2026-04-18 21:11:46] [3/8][12/20] opx_only/T_C seed=53 winner=none elapsed=5.1s
[2026-04-18 21:11:52] [3/8][13/20] opx_only/T_C seed=54 winner=none elapsed=6.5s
[2026-04-18 21:11:58] [3/8][14/20] opx_only/T_C seed=55 winner=none elapsed=5.5s
[2026-04-18 21:12:01] [3/8][15/20] opx_only/T_C seed=56 winner=none elapsed=3.8s
[2026-04-18 21:12:06] [3/8][16/20] opx_only/T_C seed=57 winner=none elapsed=4.8s
[2026-04-18 21:12:10] [3/8][17/20] opx_only/T_C seed=58 winner=none elapsed=3.4s
[2026-04-18 21:12:15] [3/8][18/20] opx_only/T_C seed=59 winner=none elapsed=5.1s
[2026-04-18 21:12:19] [3/8][19/20] opx_only/T_C seed=60 winner=none elapsed=4.5s
[2026-04-18 21:12:23] [3/8][20/20] opx_only/T_C seed=61 winner=none elapsed=3.9s
[2026-04-18 21:12:42] [4/8][1/20] opx_only/P_kbar seed=42 winner=A elapsed=18.7s
[2026-04-18 21:13:05] [4/8][2/20] opx_only/P_kbar seed=43 winner=A elapsed=22.7s
[2026-04-18 21:13:24] [4/8][3/20] opx_only/P_kbar seed=44 winner=A elapsed=19.2s
[2026-04-18 21:13:43] [4/8][4/20] opx_only/P_kbar seed=45 winner=A elapsed=19.2s
[2026-04-18 21:14:01] [4/8][5/20] opx_only/P_kbar seed=46 winner=A elapsed=18.2s
[2026-04-18 21:14:20] [4/8][6/20] opx_only/P_kbar seed=47 winner=A elapsed=18.4s
[2026-04-18 21:14:39] [4/8][7/20] opx_only/P_kbar seed=48 winner=A elapsed=19.7s
[2026-04-18 21:14:58] [4/8][8/20] opx_only/P_kbar seed=49 winner=A elapsed=18.5s
[2026-04-18 21:15:16] [4/8][9/20] opx_only/P_kbar seed=50 winner=A elapsed=18.4s
[2026-04-18 21:15:34] [4/8][10/20] opx_only/P_kbar seed=51 winner=A elapsed=18.3s
[2026-04-18 21:15:53] [4/8][11/20] opx_only/P_kbar seed=52 winner=A elapsed=18.3s
[2026-04-18 21:16:16] [4/8][12/20] opx_only/P_kbar seed=53 winner=A elapsed=23.6s
[2026-04-18 21:16:35] [4/8][13/20] opx_only/P_kbar seed=54 winner=A elapsed=19.0s
[2026-04-18 21:16:54] [4/8][14/20] opx_only/P_kbar seed=55 winner=A elapsed=19.0s
[2026-04-18 21:17:13] [4/8][15/20] opx_only/P_kbar seed=56 winner=A elapsed=18.8s
[2026-04-18 21:17:31] [4/8][16/20] opx_only/P_kbar seed=57 winner=A elapsed=18.3s
[2026-04-18 21:17:52] [4/8][17/20] opx_only/P_kbar seed=58 winner=A elapsed=20.8s
[2026-04-18 21:18:15] [4/8][18/20] opx_only/P_kbar seed=59 winner=A elapsed=22.5s
[2026-04-18 21:18:35] [4/8][19/20] opx_only/P_kbar seed=60 winner=A elapsed=20.4s
[2026-04-18 21:18:55] [4/8][20/20] opx_only/P_kbar seed=61 winner=A elapsed=19.9s
[2026-04-18 21:19:27] [5/8][1/20] cpx_liq/T_C seed=42 winner=none elapsed=31.8s
[2026-04-18 21:20:01] [5/8][2/20] cpx_liq/T_C seed=43 winner=none elapsed=34.6s
[2026-04-18 21:20:36] [5/8][3/20] cpx_liq/T_C seed=44 winner=none elapsed=34.1s
[2026-04-18 21:21:07] [5/8][4/20] cpx_liq/T_C seed=45 winner=none elapsed=31.3s
[2026-04-18 21:21:39] [5/8][5/20] cpx_liq/T_C seed=46 winner=none elapsed=32.0s
[2026-04-18 21:22:11] [5/8][6/20] cpx_liq/T_C seed=47 winner=none elapsed=31.8s
[2026-04-18 21:22:43] [5/8][7/20] cpx_liq/T_C seed=48 winner=none elapsed=32.1s
[2026-04-18 21:23:14] [5/8][8/20] cpx_liq/T_C seed=49 winner=none elapsed=31.4s
[2026-04-18 21:23:45] [5/8][9/20] cpx_liq/T_C seed=50 winner=none elapsed=31.0s
[2026-04-18 21:24:16] [5/8][10/20] cpx_liq/T_C seed=51 winner=A elapsed=31.3s
[2026-04-18 21:24:47] [5/8][11/20] cpx_liq/T_C seed=52 winner=none elapsed=30.9s
[2026-04-18 21:25:18] [5/8][12/20] cpx_liq/T_C seed=53 winner=none elapsed=31.0s
[2026-04-18 21:25:50] [5/8][13/20] cpx_liq/T_C seed=54 winner=none elapsed=31.4s
[2026-04-18 21:26:21] [5/8][14/20] cpx_liq/T_C seed=55 winner=none elapsed=31.1s
[2026-04-18 21:26:51] [5/8][15/20] cpx_liq/T_C seed=56 winner=none elapsed=30.5s
[2026-04-18 21:27:22] [5/8][16/20] cpx_liq/T_C seed=57 winner=none elapsed=30.9s
[2026-04-18 21:27:54] [5/8][17/20] cpx_liq/T_C seed=58 winner=none elapsed=31.5s
[2026-04-18 21:28:27] [5/8][18/20] cpx_liq/T_C seed=59 winner=none elapsed=32.9s
[2026-04-18 21:28:57] [5/8][19/20] cpx_liq/T_C seed=60 winner=none elapsed=30.4s
[2026-04-18 21:29:28] [5/8][20/20] cpx_liq/T_C seed=61 winner=none elapsed=31.3s
[2026-04-18 21:29:48] [6/8][1/20] cpx_liq/P_kbar seed=42 winner=none elapsed=19.5s
[2026-04-18 21:30:06] [6/8][2/20] cpx_liq/P_kbar seed=43 winner=none elapsed=18.0s
[2026-04-18 21:30:22] [6/8][3/20] cpx_liq/P_kbar seed=44 winner=none elapsed=15.9s
[2026-04-18 21:30:37] [6/8][4/20] cpx_liq/P_kbar seed=45 winner=none elapsed=14.9s
[2026-04-18 21:30:51] [6/8][5/20] cpx_liq/P_kbar seed=46 winner=none elapsed=14.8s
[2026-04-18 21:31:08] [6/8][6/20] cpx_liq/P_kbar seed=47 winner=none elapsed=16.3s
[2026-04-18 21:31:23] [6/8][7/20] cpx_liq/P_kbar seed=48 winner=A elapsed=15.6s
[2026-04-18 21:31:38] [6/8][8/20] cpx_liq/P_kbar seed=49 winner=none elapsed=15.1s
[2026-04-18 21:31:54] [6/8][9/20] cpx_liq/P_kbar seed=50 winner=none elapsed=15.1s
[2026-04-18 21:32:09] [6/8][10/20] cpx_liq/P_kbar seed=51 winner=none elapsed=15.3s
[2026-04-18 21:32:24] [6/8][11/20] cpx_liq/P_kbar seed=52 winner=none elapsed=15.5s
[2026-04-18 21:32:40] [6/8][12/20] cpx_liq/P_kbar seed=53 winner=none elapsed=15.9s
[2026-04-18 21:32:56] [6/8][13/20] cpx_liq/P_kbar seed=54 winner=none elapsed=15.6s
[2026-04-18 21:33:12] [6/8][14/20] cpx_liq/P_kbar seed=55 winner=none elapsed=16.7s
[2026-04-18 21:33:29] [6/8][15/20] cpx_liq/P_kbar seed=56 winner=A elapsed=16.5s
[2026-04-18 21:33:46] [6/8][16/20] cpx_liq/P_kbar seed=57 winner=none elapsed=16.7s
[2026-04-18 21:34:09] [6/8][17/20] cpx_liq/P_kbar seed=58 winner=none elapsed=23.4s
[2026-04-18 21:34:34] [6/8][18/20] cpx_liq/P_kbar seed=59 winner=none elapsed=25.2s
[2026-04-18 21:34:58] [6/8][19/20] cpx_liq/P_kbar seed=60 winner=none elapsed=23.4s
[2026-04-18 21:35:18] [6/8][20/20] cpx_liq/P_kbar seed=61 winner=none elapsed=20.4s
[2026-04-18 21:35:31] [7/8][1/20] cpx_only/T_C seed=42 winner=none elapsed=13.0s
[2026-04-18 21:35:44] [7/8][2/20] cpx_only/T_C seed=43 winner=none elapsed=13.0s
[2026-04-18 21:35:56] [7/8][3/20] cpx_only/T_C seed=44 winner=none elapsed=12.4s
[2026-04-18 21:36:08] [7/8][4/20] cpx_only/T_C seed=45 winner=none elapsed=12.0s
[2026-04-18 21:36:20] [7/8][5/20] cpx_only/T_C seed=46 winner=none elapsed=12.2s
[2026-04-18 21:36:32] [7/8][6/20] cpx_only/T_C seed=47 winner=none elapsed=11.8s
[2026-04-18 21:36:45] [7/8][7/20] cpx_only/T_C seed=48 winner=none elapsed=12.4s
[2026-04-18 21:36:57] [7/8][8/20] cpx_only/T_C seed=49 winner=none elapsed=12.2s
[2026-04-18 21:37:09] [7/8][9/20] cpx_only/T_C seed=50 winner=none elapsed=11.7s
[2026-04-18 21:37:23] [7/8][10/20] cpx_only/T_C seed=51 winner=none elapsed=14.1s
[2026-04-18 21:37:34] [7/8][11/20] cpx_only/T_C seed=52 winner=none elapsed=11.8s
[2026-04-18 21:37:46] [7/8][12/20] cpx_only/T_C seed=53 winner=none elapsed=11.5s
[2026-04-18 21:37:58] [7/8][13/20] cpx_only/T_C seed=54 winner=none elapsed=11.8s
[2026-04-18 21:38:14] [7/8][14/20] cpx_only/T_C seed=55 winner=none elapsed=16.4s
[2026-04-18 21:38:28] [7/8][15/20] cpx_only/T_C seed=56 winner=none elapsed=14.1s
[2026-04-18 21:38:40] [7/8][16/20] cpx_only/T_C seed=57 winner=none elapsed=11.7s
[2026-04-18 21:38:52] [7/8][17/20] cpx_only/T_C seed=58 winner=none elapsed=11.9s
[2026-04-18 21:39:04] [7/8][18/20] cpx_only/T_C seed=59 winner=none elapsed=12.5s
[2026-04-18 21:39:19] [7/8][19/20] cpx_only/T_C seed=60 winner=none elapsed=14.9s
[2026-04-18 21:39:31] [7/8][20/20] cpx_only/T_C seed=61 winner=none elapsed=12.1s
[2026-04-18 21:39:48] [8/8][1/20] cpx_only/P_kbar seed=42 winner=A elapsed=16.1s
[2026-04-18 21:40:03] [8/8][2/20] cpx_only/P_kbar seed=43 winner=A elapsed=14.9s
[2026-04-18 21:40:15] [8/8][3/20] cpx_only/P_kbar seed=44 winner=none elapsed=12.8s
[2026-04-18 21:40:33] [8/8][4/20] cpx_only/P_kbar seed=45 winner=A elapsed=17.8s
[2026-04-18 21:40:48] [8/8][5/20] cpx_only/P_kbar seed=46 winner=A elapsed=14.9s
[2026-04-18 21:41:01] [8/8][6/20] cpx_only/P_kbar seed=47 winner=A elapsed=12.8s
[2026-04-18 21:41:14] [8/8][7/20] cpx_only/P_kbar seed=48 winner=A elapsed=12.9s
[2026-04-18 21:41:29] [8/8][8/20] cpx_only/P_kbar seed=49 winner=A elapsed=15.1s
[2026-04-18 21:41:43] [8/8][9/20] cpx_only/P_kbar seed=50 winner=A elapsed=14.0s
[2026-04-18 21:41:58] [8/8][10/20] cpx_only/P_kbar seed=51 winner=A elapsed=14.8s
[2026-04-18 21:42:15] [8/8][11/20] cpx_only/P_kbar seed=52 winner=A elapsed=17.3s
[2026-04-18 21:42:31] [8/8][12/20] cpx_only/P_kbar seed=53 winner=A elapsed=16.3s
[2026-04-18 21:42:44] [8/8][13/20] cpx_only/P_kbar seed=54 winner=A elapsed=12.7s
[2026-04-18 21:42:57] [8/8][14/20] cpx_only/P_kbar seed=55 winner=A elapsed=13.2s
[2026-04-18 21:43:14] [8/8][15/20] cpx_only/P_kbar seed=56 winner=A elapsed=17.5s
[2026-04-18 21:43:33] [8/8][16/20] cpx_only/P_kbar seed=57 winner=A elapsed=18.2s
[2026-04-18 21:43:51] [8/8][17/20] cpx_only/P_kbar seed=58 winner=A elapsed=17.8s
[2026-04-18 21:44:07] [8/8][18/20] cpx_only/P_kbar seed=59 winner=A elapsed=16.3s
[2026-04-18 21:44:21] [8/8][19/20] cpx_only/P_kbar seed=60 winner=A elapsed=14.5s
[2026-04-18 21:44:36] [8/8][20/20] cpx_only/P_kbar seed=61 winner=A elapsed=14.4s
[2026-04-18 21:44:36] aggregating checkpoints -> CSVs
[2026-04-18 21:44:38]   wrote C:\Users\NQTa\Documents\MLCourse\Final Project\results\v10_bias_correction_per_seed.csv  rows=1600
[2026-04-18 21:44:38]   wrote C:\Users\NQTa\Documents\MLCourse\Final Project\results\v10_bias_correction_summary.csv  rows=80
[2026-04-18 21:44:38]   wrote C:\Users\NQTa\Documents\MLCourse\Final Project\results\v10_bias_correction_shipped.csv  rows=8
[2026-04-18 21:44:38] DONE
