[2026-04-17 22:36:52] START pipelines=['opx'] seeds=[42]
[2026-04-17 22:36:52] [opx] n_cells=96 seeds=1
[2026-04-17 22:36:53] [opx] [1/96] RF/T_C/opx_only/raw  mean=158.203 std=nan elapsed=0.7s
[2026-04-17 22:36:54] [opx] [2/96] RF/T_C/opx_only/alr  mean=156.342 std=nan elapsed=0.8s
[2026-04-17 22:36:54] [opx] [3/96] RF/T_C/opx_only/pwlr  mean=152.038 std=nan elapsed=0.3s
[2026-04-17 22:36:55] [opx] [4/96] RF/T_C/opx_liq/raw  mean=88.000 std=nan elapsed=0.6s
[2026-04-17 22:36:55] [opx] [5/96] RF/T_C/opx_liq/alr  mean=87.067 std=nan elapsed=0.8s
[2026-04-17 22:36:56] [opx] [6/96] RF/T_C/opx_liq/pwlr  mean=84.893 std=nan elapsed=1.0s
[2026-04-17 22:36:57] [opx] [7/96] RF/P_kbar/opx_only/raw  mean=12.259 std=nan elapsed=0.6s
[2026-04-17 22:36:58] [opx] [8/96] RF/P_kbar/opx_only/alr  mean=11.101 std=nan elapsed=0.9s
[2026-04-17 22:36:59] [opx] [9/96] RF/P_kbar/opx_only/pwlr  mean=10.328 std=nan elapsed=1.0s
[2026-04-17 22:37:00] [opx] [10/96] RF/P_kbar/opx_liq/raw  mean=5.421 std=nan elapsed=0.7s
[2026-04-17 22:37:00] [opx] [11/96] RF/P_kbar/opx_liq/alr  mean=5.066 std=nan elapsed=0.5s
[2026-04-17 22:37:01] [opx] [12/96] RF/P_kbar/opx_liq/pwlr  mean=5.249 std=nan elapsed=0.8s
[2026-04-17 22:37:01] [opx] [13/96] ERT/T_C/opx_only/raw  mean=163.120 std=nan elapsed=0.3s
[2026-04-17 22:37:02] [opx] [14/96] ERT/T_C/opx_only/alr  mean=167.561 std=nan elapsed=0.4s
[2026-04-17 22:37:02] [opx] [15/96] ERT/T_C/opx_only/pwlr  mean=158.768 std=nan elapsed=0.4s
[2026-04-17 22:37:03] [opx] [16/96] ERT/T_C/opx_liq/raw  mean=90.914 std=nan elapsed=0.6s
[2026-04-17 22:37:03] [opx] [17/96] ERT/T_C/opx_liq/alr  mean=91.843 std=nan elapsed=0.2s
[2026-04-17 22:37:03] [opx] [18/96] ERT/T_C/opx_liq/pwlr  mean=86.628 std=nan elapsed=0.3s
[2026-04-17 22:37:04] [opx] [19/96] ERT/P_kbar/opx_only/raw  mean=12.102 std=nan elapsed=0.6s
[2026-04-17 22:37:04] [opx] [20/96] ERT/P_kbar/opx_only/alr  mean=11.090 std=nan elapsed=0.2s
[2026-04-17 22:37:04] [opx] [21/96] ERT/P_kbar/opx_only/pwlr  mean=10.886 std=nan elapsed=0.3s
[2026-04-17 22:37:05] [opx] [22/96] ERT/P_kbar/opx_liq/raw  mean=5.716 std=nan elapsed=0.6s
[2026-04-17 22:37:05] [opx] [23/96] ERT/P_kbar/opx_liq/alr  mean=6.650 std=nan elapsed=0.6s
[2026-04-17 22:37:05] [opx] [24/96] ERT/P_kbar/opx_liq/pwlr  mean=6.634 std=nan elapsed=0.2s
[2026-04-17 22:37:06] [opx] [25/96] XGB/T_C/opx_only/raw  mean=150.564 std=nan elapsed=0.1s
[2026-04-17 22:37:06] [opx] [26/96] XGB/T_C/opx_only/alr  mean=148.520 std=nan elapsed=0.4s
[2026-04-17 22:37:08] [opx] [27/96] XGB/T_C/opx_only/pwlr  mean=157.422 std=nan elapsed=2.1s
[2026-04-17 22:37:08] [opx] [28/96] XGB/T_C/opx_liq/raw  mean=87.270 std=nan elapsed=0.4s
[2026-04-17 22:37:09] [opx] [29/96] XGB/T_C/opx_liq/alr  mean=89.515 std=nan elapsed=0.3s
[2026-04-17 22:37:09] [opx] [30/96] XGB/T_C/opx_liq/pwlr  mean=87.817 std=nan elapsed=0.2s
[2026-04-17 22:37:09] [opx] [31/96] XGB/P_kbar/opx_only/raw  mean=11.694 std=nan elapsed=0.2s
[2026-04-17 22:37:09] [opx] [32/96] XGB/P_kbar/opx_only/alr  mean=10.591 std=nan elapsed=0.2s
[2026-04-17 22:37:11] [opx] [33/96] XGB/P_kbar/opx_only/pwlr  mean=10.202 std=nan elapsed=1.1s
[2026-04-17 22:37:11] [opx] [34/96] XGB/P_kbar/opx_liq/raw  mean=4.743 std=nan elapsed=0.3s
[2026-04-17 22:37:11] [opx] [35/96] XGB/P_kbar/opx_liq/alr  mean=4.927 std=nan elapsed=0.4s
[2026-04-17 22:37:12] [opx] [36/96] XGB/P_kbar/opx_liq/pwlr  mean=5.031 std=nan elapsed=0.5s
[2026-04-17 22:37:13] [opx] [37/96] GB/T_C/opx_only/raw  mean=158.284 std=nan elapsed=1.7s
[2026-04-17 22:37:14] [opx] [38/96] GB/T_C/opx_only/alr  mean=148.442 std=nan elapsed=0.3s
[2026-04-17 22:37:15] [opx] [39/96] GB/T_C/opx_only/pwlr  mean=164.958 std=nan elapsed=1.6s
[2026-04-17 22:37:16] [opx] [40/96] GB/T_C/opx_liq/raw  mean=86.180 std=nan elapsed=0.4s
[2026-04-17 22:37:16] [opx] [41/96] GB/T_C/opx_liq/alr  mean=93.425 std=nan elapsed=0.7s
[2026-04-17 22:37:17] [opx] [42/96] GB/T_C/opx_liq/pwlr  mean=88.068 std=nan elapsed=0.6s
[2026-04-17 22:37:17] [opx] [43/96] GB/P_kbar/opx_only/raw  mean=11.784 std=nan elapsed=0.2s
[2026-04-17 22:37:18] [opx] [44/96] GB/P_kbar/opx_only/alr  mean=11.810 std=nan elapsed=0.3s
[2026-04-17 22:37:18] [opx] [45/96] GB/P_kbar/opx_only/pwlr  mean=11.225 std=nan elapsed=0.3s
[2026-04-17 22:37:18] [opx] [46/96] GB/P_kbar/opx_liq/raw  mean=4.757 std=nan elapsed=0.2s
[2026-04-17 22:37:18] [opx] [47/96] GB/P_kbar/opx_liq/alr  mean=5.120 std=nan elapsed=0.4s
[2026-04-17 22:37:19] [opx] [48/96] GB/P_kbar/opx_liq/pwlr  mean=5.049 std=nan elapsed=0.5s
[2026-04-17 22:37:28] [opx] [49/96] CatBoost/T_C/opx_only/raw  mean=156.709 std=nan elapsed=8.8s
[2026-04-17 22:37:29] [opx] [50/96] CatBoost/T_C/opx_only/alr  mean=153.727 std=nan elapsed=1.3s
[2026-04-17 22:37:37] [opx] [51/96] CatBoost/T_C/opx_only/pwlr  mean=154.996 std=nan elapsed=7.9s
[2026-04-17 22:37:37] [opx] [52/96] CatBoost/T_C/opx_liq/raw  mean=92.455 std=nan elapsed=0.4s
[2026-04-17 22:37:38] [opx] [53/96] CatBoost/T_C/opx_liq/alr  mean=97.040 std=nan elapsed=0.7s
[2026-04-17 22:37:40] [opx] [54/96] CatBoost/T_C/opx_liq/pwlr  mean=87.788 std=nan elapsed=2.1s
[2026-04-17 22:37:44] [opx] [55/96] CatBoost/P_kbar/opx_only/raw  mean=11.618 std=nan elapsed=3.6s
[2026-04-17 22:38:02] [opx] [56/96] CatBoost/P_kbar/opx_only/alr  mean=11.956 std=nan elapsed=18.0s
[2026-04-17 22:38:40] [opx] [57/96] CatBoost/P_kbar/opx_only/pwlr  mean=11.019 std=nan elapsed=37.9s
[2026-04-17 22:38:41] [opx] [58/96] CatBoost/P_kbar/opx_liq/raw  mean=5.485 std=nan elapsed=1.0s
[2026-04-17 22:38:41] [opx] [59/96] CatBoost/P_kbar/opx_liq/alr  mean=5.105 std=nan elapsed=0.8s
[2026-04-17 22:38:44] [opx] [60/96] CatBoost/P_kbar/opx_liq/pwlr  mean=5.231 std=nan elapsed=2.6s
[2026-04-17 22:38:44] [opx] [61/96] LightGBM/T_C/opx_only/raw  mean=150.924 std=nan elapsed=0.2s
[2026-04-17 22:38:45] [opx] [62/96] LightGBM/T_C/opx_only/alr  mean=147.982 std=nan elapsed=0.4s
[2026-04-17 22:38:45] [opx] [63/96] LightGBM/T_C/opx_only/pwlr  mean=151.998 std=nan elapsed=0.3s
[2026-04-17 22:38:45] [opx] [64/96] LightGBM/T_C/opx_liq/raw  mean=87.024 std=nan elapsed=0.3s
[2026-04-17 22:38:46] [opx] [65/96] LightGBM/T_C/opx_liq/alr  mean=93.673 std=nan elapsed=0.4s
[2026-04-17 22:38:46] [opx] [66/96] LightGBM/T_C/opx_liq/pwlr  mean=88.440 std=nan elapsed=0.7s
[2026-04-17 22:38:46] [opx] [67/96] LightGBM/P_kbar/opx_only/raw  mean=11.759 std=nan elapsed=0.1s
[2026-04-17 22:38:47] [opx] [68/96] LightGBM/P_kbar/opx_only/alr  mean=11.728 std=nan elapsed=0.2s
[2026-04-17 22:38:47] [opx] [69/96] LightGBM/P_kbar/opx_only/pwlr  mean=10.918 std=nan elapsed=0.5s
[2026-04-17 22:38:47] [opx] [70/96] LightGBM/P_kbar/opx_liq/raw  mean=5.017 std=nan elapsed=0.2s
[2026-04-17 22:38:48] [opx] [71/96] LightGBM/P_kbar/opx_liq/alr  mean=5.268 std=nan elapsed=0.2s
[2026-04-17 22:38:48] [opx] [72/96] LightGBM/P_kbar/opx_liq/pwlr  mean=5.395 std=nan elapsed=0.2s
[2026-04-17 22:38:48] [opx] [73/96] ElasticNet/T_C/opx_only/raw  mean=161.443 std=nan elapsed=0.0s
[2026-04-17 22:38:48] [opx] [74/96] ElasticNet/T_C/opx_only/alr  mean=172.324 std=nan elapsed=0.0s
[2026-04-17 22:38:48] [opx] [75/96] ElasticNet/T_C/opx_only/pwlr  mean=170.633 std=nan elapsed=0.2s
[2026-04-17 22:38:48] [opx] [76/96] ElasticNet/T_C/opx_liq/raw  mean=77.062 std=nan elapsed=0.0s
[2026-04-17 22:38:48] [opx] [77/96] ElasticNet/T_C/opx_liq/alr  mean=86.305 std=nan elapsed=0.0s
[2026-04-17 22:38:48] [opx] [78/96] ElasticNet/T_C/opx_liq/pwlr  mean=87.824 std=nan elapsed=0.1s
[2026-04-17 22:38:48] [opx] [79/96] ElasticNet/P_kbar/opx_only/raw  mean=13.261 std=nan elapsed=0.0s
[2026-04-17 22:38:48] [opx] [80/96] ElasticNet/P_kbar/opx_only/alr  mean=13.287 std=nan elapsed=0.0s
[2026-04-17 22:38:48] [opx] [81/96] ElasticNet/P_kbar/opx_only/pwlr  mean=13.147 std=nan elapsed=0.0s
[2026-04-17 22:38:48] [opx] [82/96] ElasticNet/P_kbar/opx_liq/raw  mean=5.586 std=nan elapsed=0.0s
[2026-04-17 22:38:48] [opx] [83/96] ElasticNet/P_kbar/opx_liq/alr  mean=6.483 std=nan elapsed=0.0s
[2026-04-17 22:38:48] [opx] [84/96] ElasticNet/P_kbar/opx_liq/pwlr  mean=6.638 std=nan elapsed=0.0s
[2026-04-17 22:38:49] [opx] [85/96] MLP/T_C/opx_only/raw  mean=152.094 std=nan elapsed=1.1s
[2026-04-17 22:38:50] [opx] [86/96] MLP/T_C/opx_only/alr  mean=187.088 std=nan elapsed=0.6s
[2026-04-17 22:38:54] [opx] [87/96] MLP/T_C/opx_only/pwlr  mean=169.397 std=nan elapsed=4.4s
[2026-04-17 22:38:55] [opx] [88/96] MLP/T_C/opx_liq/raw  mean=150.812 std=nan elapsed=0.8s
[2026-04-17 22:38:57] [opx] [89/96] MLP/T_C/opx_liq/alr  mean=118.452 std=nan elapsed=1.8s
[2026-04-17 22:39:00] [opx] [90/96] MLP/T_C/opx_liq/pwlr  mean=156.702 std=nan elapsed=2.7s
[2026-04-17 22:39:00] [opx] [91/96] MLP/P_kbar/opx_only/raw  mean=13.546 std=nan elapsed=0.4s
[2026-04-17 22:39:04] [opx] [92/96] MLP/P_kbar/opx_only/alr  mean=12.743 std=nan elapsed=4.3s
[2026-04-17 22:39:06] [opx] [93/96] MLP/P_kbar/opx_only/pwlr  mean=11.935 std=nan elapsed=1.1s
[2026-04-17 22:39:06] [opx] [94/96] MLP/P_kbar/opx_liq/raw  mean=3.816 std=nan elapsed=0.1s
[2026-04-17 22:39:07] [opx] [95/96] MLP/P_kbar/opx_liq/alr  mean=5.492 std=nan elapsed=1.2s
[2026-04-17 22:39:10] [opx] [96/96] MLP/P_kbar/opx_liq/pwlr  mean=5.721 std=nan elapsed=3.6s
[2026-04-17 22:39:10] [opx] wrote C:\Users\NQTa\Documents\MLCourse\Final Project\results\v10_opx_multiseed_summary.csv  rows=96
[2026-04-17 22:39:10] [opx] DONE  elapsed=138.3s
[2026-04-17 22:39:10] ALL PIPELINES DONE
[2026-04-17 22:41:46] START pipelines=['opx', 'cpx', 'twopx', 'universal'] seeds=[42, 43, 44, 45, 46, 47, 48, 49, 50, 51, 52, 53, 54, 55, 56, 57, 58, 59, 60, 61]
[2026-04-17 22:41:46] [opx] n_cells=96 seeds=20
[2026-04-17 22:41:59] [opx] [1/96] RF/T_C/opx_only/raw  mean=157.159 std=0.703 elapsed=12.9s
[2026-04-17 22:42:13] [opx] [2/96] RF/T_C/opx_only/alr  mean=155.872 std=0.595 elapsed=14.2s
[2026-04-17 22:42:19] [opx] [3/96] RF/T_C/opx_only/pwlr  mean=151.688 std=0.929 elapsed=6.2s
[2026-04-17 22:42:32] [opx] [4/96] RF/T_C/opx_liq/raw  mean=88.206 std=0.331 elapsed=13.3s
[2026-04-17 22:42:50] [opx] [5/96] RF/T_C/opx_liq/alr  mean=86.891 std=0.335 elapsed=17.5s
[2026-04-17 22:43:13] [opx] [6/96] RF/T_C/opx_liq/pwlr  mean=84.883 std=0.248 elapsed=23.6s
[2026-04-17 22:43:32] [opx] [7/96] RF/P_kbar/opx_only/raw  mean=12.179 std=0.078 elapsed=19.2s
[2026-04-17 22:43:58] [opx] [8/96] RF/P_kbar/opx_only/alr  mean=11.073 std=0.088 elapsed=25.7s
[2026-04-17 22:44:25] [opx] [9/96] RF/P_kbar/opx_only/pwlr  mean=10.347 std=0.043 elapsed=26.4s
[2026-04-17 22:44:43] [opx] [10/96] RF/P_kbar/opx_liq/raw  mean=5.402 std=0.042 elapsed=18.3s
[2026-04-17 22:44:55] [opx] [11/96] RF/P_kbar/opx_liq/alr  mean=5.051 std=0.055 elapsed=12.0s
[2026-04-17 22:45:16] [opx] [12/96] RF/P_kbar/opx_liq/pwlr  mean=5.282 std=0.058 elapsed=20.7s
[2026-04-17 22:45:23] [opx] [13/96] ERT/T_C/opx_only/raw  mean=162.656 std=0.835 elapsed=7.6s
[2026-04-17 22:45:33] [opx] [14/96] ERT/T_C/opx_only/alr  mean=169.217 std=0.787 elapsed=10.3s
[2026-04-17 22:45:44] [opx] [15/96] ERT/T_C/opx_only/pwlr  mean=159.347 std=0.950 elapsed=10.3s
[2026-04-17 22:46:00] [opx] [16/96] ERT/T_C/opx_liq/raw  mean=90.503 std=0.300 elapsed=16.2s
[2026-04-17 22:46:04] [opx] [17/96] ERT/T_C/opx_liq/alr  mean=92.121 std=0.918 elapsed=4.4s
[2026-04-17 22:46:12] [opx] [18/96] ERT/T_C/opx_liq/pwlr  mean=86.870 std=0.366 elapsed=8.0s
[2026-04-17 22:46:27] [opx] [19/96] ERT/P_kbar/opx_only/raw  mean=12.137 std=0.073 elapsed=14.7s
[2026-04-17 22:46:31] [opx] [20/96] ERT/P_kbar/opx_only/alr  mean=10.976 std=0.106 elapsed=4.3s
[2026-04-17 22:46:40] [opx] [21/96] ERT/P_kbar/opx_only/pwlr  mean=10.879 std=0.106 elapsed=8.5s
[2026-04-17 22:46:56] [opx] [22/96] ERT/P_kbar/opx_liq/raw  mean=5.739 std=0.047 elapsed=15.7s
[2026-04-17 22:47:11] [opx] [23/96] ERT/P_kbar/opx_liq/alr  mean=6.636 std=0.045 elapsed=15.0s
[2026-04-17 22:47:16] [opx] [24/96] ERT/P_kbar/opx_liq/pwlr  mean=6.445 std=0.102 elapsed=5.2s
[2026-04-17 22:47:19] [opx] [25/96] XGB/T_C/opx_only/raw  mean=152.004 std=1.715 elapsed=2.8s
[2026-04-17 22:47:32] [opx] [26/96] XGB/T_C/opx_only/alr  mean=147.351 std=1.359 elapsed=13.5s
[2026-04-17 22:48:38] [opx] [27/96] XGB/T_C/opx_only/pwlr  mean=155.035 std=1.741 elapsed=66.4s
[2026-04-17 22:48:51] [opx] [28/96] XGB/T_C/opx_liq/raw  mean=87.365 std=0.446 elapsed=12.4s
[2026-04-17 22:49:01] [opx] [29/96] XGB/T_C/opx_liq/alr  mean=91.184 std=1.447 elapsed=9.6s
[2026-04-17 22:49:06] [opx] [30/96] XGB/T_C/opx_liq/pwlr  mean=88.837 std=0.912 elapsed=5.3s
[2026-04-17 22:49:12] [opx] [31/96] XGB/P_kbar/opx_only/raw  mean=11.800 std=0.070 elapsed=6.3s
[2026-04-17 22:49:20] [opx] [32/96] XGB/P_kbar/opx_only/alr  mean=10.797 std=0.129 elapsed=8.1s
[2026-04-17 22:49:57] [opx] [33/96] XGB/P_kbar/opx_only/pwlr  mean=10.418 std=0.280 elapsed=37.2s
[2026-04-17 22:50:07] [opx] [34/96] XGB/P_kbar/opx_liq/raw  mean=4.788 std=0.073 elapsed=9.3s
[2026-04-17 22:50:17] [opx] [35/96] XGB/P_kbar/opx_liq/alr  mean=4.815 std=0.118 elapsed=10.3s
[2026-04-17 22:50:35] [opx] [36/96] XGB/P_kbar/opx_liq/pwlr  mean=5.092 std=0.076 elapsed=18.0s
[2026-04-17 22:50:51] [opx] [37/96] GB/T_C/opx_only/raw  mean=158.284 std=0.000 elapsed=15.7s
[2026-04-17 22:51:02] [opx] [38/96] GB/T_C/opx_only/alr  mean=148.442 std=0.000 elapsed=11.6s
[2026-04-17 22:51:58] [opx] [39/96] GB/T_C/opx_only/pwlr  mean=164.958 std=0.000 elapsed=55.3s
[2026-04-17 22:52:10] [opx] [40/96] GB/T_C/opx_liq/raw  mean=86.180 std=0.000 elapsed=12.4s
[2026-04-17 22:52:33] [opx] [41/96] GB/T_C/opx_liq/alr  mean=93.425 std=0.000 elapsed=23.4s
[2026-04-17 22:52:53] [opx] [42/96] GB/T_C/opx_liq/pwlr  mean=88.068 std=0.000 elapsed=19.3s
[2026-04-17 22:53:00] [opx] [43/96] GB/P_kbar/opx_only/raw  mean=11.784 std=0.000 elapsed=6.9s
[2026-04-17 22:53:08] [opx] [44/96] GB/P_kbar/opx_only/alr  mean=11.810 std=0.000 elapsed=8.1s
[2026-04-17 22:53:16] [opx] [45/96] GB/P_kbar/opx_only/pwlr  mean=11.225 std=0.000 elapsed=8.0s
[2026-04-17 22:53:23] [opx] [46/96] GB/P_kbar/opx_liq/raw  mean=4.757 std=0.000 elapsed=7.0s
[2026-04-17 22:53:34] [opx] [47/96] GB/P_kbar/opx_liq/alr  mean=5.120 std=0.000 elapsed=11.7s
[2026-04-17 22:53:51] [opx] [48/96] GB/P_kbar/opx_liq/pwlr  mean=5.049 std=0.000 elapsed=16.6s
[2026-04-17 22:57:51] [opx] [49/96] CatBoost/T_C/opx_only/raw  mean=156.428 std=2.077 elapsed=240.2s
[2026-04-17 22:58:32] [opx] [50/96] CatBoost/T_C/opx_only/alr  mean=154.663 std=1.964 elapsed=41.0s
[2026-04-17 23:02:00] [opx] [51/96] CatBoost/T_C/opx_only/pwlr  mean=154.962 std=2.516 elapsed=208.4s
[2026-04-17 23:02:11] [opx] [52/96] CatBoost/T_C/opx_liq/raw  mean=90.296 std=1.169 elapsed=10.4s
[2026-04-17 23:02:30] [opx] [53/96] CatBoost/T_C/opx_liq/alr  mean=96.619 std=1.462 elapsed=19.5s
[2026-04-17 23:03:27] [opx] [54/96] CatBoost/T_C/opx_liq/pwlr  mean=88.719 std=0.688 elapsed=56.8s
[2026-04-17 23:05:07] [opx] [55/96] CatBoost/P_kbar/opx_only/raw  mean=11.447 std=0.162 elapsed=99.8s
[2026-04-17 23:12:22] [opx] [56/96] CatBoost/P_kbar/opx_only/alr  mean=11.805 std=0.251 elapsed=434.7s
[2026-04-17 23:25:16] [opx] [57/96] CatBoost/P_kbar/opx_only/pwlr  mean=11.007 std=0.168 elapsed=773.9s
[2026-04-17 23:25:39] [opx] [58/96] CatBoost/P_kbar/opx_liq/raw  mean=5.561 std=0.128 elapsed=23.6s
[2026-04-17 23:25:59] [opx] [59/96] CatBoost/P_kbar/opx_liq/alr  mean=5.042 std=0.089 elapsed=19.6s
[2026-04-17 23:27:02] [opx] [60/96] CatBoost/P_kbar/opx_liq/pwlr  mean=5.242 std=0.113 elapsed=63.7s
[2026-04-17 23:27:06] [opx] [61/96] LightGBM/T_C/opx_only/raw  mean=152.101 std=0.919 elapsed=3.9s
[2026-04-17 23:27:13] [opx] [62/96] LightGBM/T_C/opx_only/alr  mean=146.627 std=0.588 elapsed=6.8s
[2026-04-17 23:27:26] [opx] [63/96] LightGBM/T_C/opx_only/pwlr  mean=151.487 std=1.066 elapsed=12.5s
[2026-04-17 23:27:36] [opx] [64/96] LightGBM/T_C/opx_liq/raw  mean=87.285 std=0.281 elapsed=10.8s
[2026-04-17 23:27:55] [opx] [65/96] LightGBM/T_C/opx_liq/alr  mean=95.436 std=1.826 elapsed=18.5s
[2026-04-17 23:28:16] [opx] [66/96] LightGBM/T_C/opx_liq/pwlr  mean=88.277 std=0.546 elapsed=21.0s
[2026-04-17 23:28:21] [opx] [67/96] LightGBM/P_kbar/opx_only/raw  mean=11.798 std=0.033 elapsed=5.5s
[2026-04-17 23:28:28] [opx] [68/96] LightGBM/P_kbar/opx_only/alr  mean=11.909 std=0.142 elapsed=6.5s
[2026-04-17 23:28:45] [opx] [69/96] LightGBM/P_kbar/opx_only/pwlr  mean=10.899 std=0.097 elapsed=16.9s
[2026-04-17 23:28:48] [opx] [70/96] LightGBM/P_kbar/opx_liq/raw  mean=5.033 std=0.060 elapsed=3.1s
[2026-04-17 23:28:53] [opx] [71/96] LightGBM/P_kbar/opx_liq/alr  mean=5.367 std=0.146 elapsed=5.6s
[2026-04-17 23:28:56] [opx] [72/96] LightGBM/P_kbar/opx_liq/pwlr  mean=5.116 std=0.160 elapsed=2.2s
[2026-04-17 23:28:56] [opx] [73/96] ElasticNet/T_C/opx_only/raw  mean=161.443 std=0.000 elapsed=0.1s
[2026-04-17 23:28:56] [opx] [74/96] ElasticNet/T_C/opx_only/alr  mean=172.324 std=0.000 elapsed=0.1s
[2026-04-17 23:28:59] [opx] [75/96] ElasticNet/T_C/opx_only/pwlr  mean=170.633 std=0.000 elapsed=2.9s
[2026-04-17 23:28:59] [opx] [76/96] ElasticNet/T_C/opx_liq/raw  mean=77.062 std=0.000 elapsed=0.1s
[2026-04-17 23:28:59] [opx] [77/96] ElasticNet/T_C/opx_liq/alr  mean=86.305 std=0.000 elapsed=0.1s
[2026-04-17 23:29:01] [opx] [78/96] ElasticNet/T_C/opx_liq/pwlr  mean=87.824 std=0.000 elapsed=2.2s
[2026-04-17 23:29:01] [opx] [79/96] ElasticNet/P_kbar/opx_only/raw  mean=13.261 std=0.000 elapsed=0.3s
[2026-04-17 23:29:02] [opx] [80/96] ElasticNet/P_kbar/opx_only/alr  mean=13.287 std=0.000 elapsed=0.1s
[2026-04-17 23:29:02] [opx] [81/96] ElasticNet/P_kbar/opx_only/pwlr  mean=13.147 std=0.000 elapsed=0.1s
[2026-04-17 23:29:02] [opx] [82/96] ElasticNet/P_kbar/opx_liq/raw  mean=5.586 std=0.000 elapsed=0.3s
[2026-04-17 23:29:02] [opx] [83/96] ElasticNet/P_kbar/opx_liq/alr  mean=6.483 std=0.000 elapsed=0.1s
[2026-04-17 23:29:02] [opx] [84/96] ElasticNet/P_kbar/opx_liq/pwlr  mean=6.638 std=0.000 elapsed=0.1s
[2026-04-17 23:29:30] [opx] [85/96] MLP/T_C/opx_only/raw  mean=154.744 std=3.084 elapsed=28.2s
[2026-04-17 23:29:43] [opx] [86/96] MLP/T_C/opx_only/alr  mean=179.276 std=4.412 elapsed=12.7s
[2026-04-17 23:31:42] [opx] [87/96] MLP/T_C/opx_only/pwlr  mean=168.401 std=4.432 elapsed=118.7s
[2026-04-17 23:31:59] [opx] [88/96] MLP/T_C/opx_liq/raw  mean=148.209 std=10.219 elapsed=17.2s
[2026-04-17 23:32:43] [opx] [89/96] MLP/T_C/opx_liq/alr  mean=112.831 std=6.273 elapsed=44.0s
[2026-04-17 23:34:48] [opx] [90/96] MLP/T_C/opx_liq/pwlr  mean=144.765 std=10.795 elapsed=124.7s
[2026-04-17 23:34:55] [opx] [91/96] MLP/P_kbar/opx_only/raw  mean=13.432 std=0.660 elapsed=7.5s
[2026-04-17 23:36:36] [opx] [92/96] MLP/P_kbar/opx_only/alr  mean=11.817 std=0.741 elapsed=101.3s
[2026-04-17 23:37:13] [opx] [93/96] MLP/P_kbar/opx_only/pwlr  mean=11.390 std=1.111 elapsed=36.4s
[2026-04-17 23:37:15] [opx] [94/96] MLP/P_kbar/opx_liq/raw  mean=4.404 std=0.460 elapsed=2.5s
[2026-04-17 23:37:37] [opx] [95/96] MLP/P_kbar/opx_liq/alr  mean=5.638 std=0.843 elapsed=21.4s
[2026-04-17 23:39:20] [opx] [96/96] MLP/P_kbar/opx_liq/pwlr  mean=6.282 std=1.045 elapsed=103.5s
[2026-04-17 23:39:20] [opx] wrote C:\Users\NQTa\Documents\MLCourse\Final Project\results\v10_opx_multiseed_summary.csv  rows=96
[2026-04-17 23:39:20] [opx] DONE  elapsed=3454.6s
[2026-04-17 23:39:20] [cpx] n_cells=96 seeds=20
[2026-04-17 23:39:39] [cpx] [1/96] RF/T_C/cpx_only/raw  mean=145.143 std=0.477 elapsed=18.4s
[2026-04-17 23:40:09] [cpx] [2/96] RF/T_C/cpx_only/alr  mean=144.848 std=1.394 elapsed=30.6s
[2026-04-17 23:41:27] [cpx] [3/96] RF/T_C/cpx_only/pwlr  mean=139.361 std=0.669 elapsed=77.9s
[2026-04-17 23:42:05] [cpx] [4/96] RF/T_C/cpx_liq/raw  mean=77.852 std=0.351 elapsed=37.4s
[2026-04-17 23:42:32] [cpx] [5/96] RF/T_C/cpx_liq/alr  mean=78.707 std=0.351 elapsed=27.2s
[2026-04-17 23:43:13] [cpx] [6/96] RF/T_C/cpx_liq/pwlr  mean=75.224 std=0.298 elapsed=41.3s
[2026-04-17 23:43:46] [cpx] [7/96] RF/P_kbar/cpx_only/raw  mean=14.329 std=0.068 elapsed=32.8s
[2026-04-17 23:44:11] [cpx] [8/96] RF/P_kbar/cpx_only/alr  mean=22.086 std=0.491 elapsed=24.8s
[2026-04-17 23:45:18] [cpx] [9/96] RF/P_kbar/cpx_only/pwlr  mean=19.558 std=0.397 elapsed=67.4s
[2026-04-17 23:45:49] [cpx] [10/96] RF/P_kbar/cpx_liq/raw  mean=7.559 std=0.046 elapsed=30.8s
[2026-04-17 23:46:05] [cpx] [11/96] RF/P_kbar/cpx_liq/alr  mean=7.360 std=0.059 elapsed=16.6s
[2026-04-17 23:46:46] [cpx] [12/96] RF/P_kbar/cpx_liq/pwlr  mean=7.109 std=0.058 elapsed=41.0s
[2026-04-17 23:47:01] [cpx] [13/96] ERT/T_C/cpx_only/raw  mean=142.521 std=0.464 elapsed=14.5s
[2026-04-17 23:47:27] [cpx] [14/96] ERT/T_C/cpx_only/alr  mean=133.132 std=0.556 elapsed=26.6s
[2026-04-17 23:47:56] [cpx] [15/96] ERT/T_C/cpx_only/pwlr  mean=127.022 std=0.305 elapsed=28.7s
[2026-04-17 23:48:28] [cpx] [16/96] ERT/T_C/cpx_liq/raw  mean=76.005 std=0.155 elapsed=31.6s
[2026-04-17 23:48:59] [cpx] [17/96] ERT/T_C/cpx_liq/alr  mean=76.040 std=0.310 elapsed=31.3s
[2026-04-17 23:50:01] [cpx] [18/96] ERT/T_C/cpx_liq/pwlr  mean=72.476 std=0.209 elapsed=61.9s
[2026-04-17 23:50:13] [cpx] [19/96] ERT/P_kbar/cpx_only/raw  mean=14.198 std=0.073 elapsed=12.2s
[2026-04-17 23:50:19] [cpx] [20/96] ERT/P_kbar/cpx_only/alr  mean=14.393 std=0.096 elapsed=5.5s
[2026-04-17 23:51:11] [cpx] [21/96] ERT/P_kbar/cpx_only/pwlr  mean=14.083 std=0.080 elapsed=52.5s
[2026-04-17 23:51:42] [cpx] [22/96] ERT/P_kbar/cpx_liq/raw  mean=7.334 std=0.035 elapsed=30.9s
[2026-04-17 23:51:58] [cpx] [23/96] ERT/P_kbar/cpx_liq/alr  mean=7.608 std=0.053 elapsed=15.9s
[2026-04-17 23:52:50] [cpx] [24/96] ERT/P_kbar/cpx_liq/pwlr  mean=7.384 std=0.046 elapsed=51.9s
[2026-04-17 23:52:54] [cpx] [25/96] XGB/T_C/cpx_only/raw  mean=144.390 std=0.587 elapsed=4.2s
[2026-04-17 23:52:58] [cpx] [26/96] XGB/T_C/cpx_only/alr  mean=141.714 std=0.625 elapsed=3.7s
[2026-04-17 23:53:05] [cpx] [27/96] XGB/T_C/cpx_only/pwlr  mean=134.346 std=0.793 elapsed=6.9s
[2026-04-17 23:53:55] [cpx] [28/96] XGB/T_C/cpx_liq/raw  mean=75.052 std=0.593 elapsed=50.3s
[2026-04-17 23:54:44] [cpx] [29/96] XGB/T_C/cpx_liq/alr  mean=76.162 std=0.424 elapsed=48.7s
[2026-04-17 23:55:24] [cpx] [30/96] XGB/T_C/cpx_liq/pwlr  mean=73.273 std=1.180 elapsed=40.0s
[2026-04-17 23:55:31] [cpx] [31/96] XGB/P_kbar/cpx_only/raw  mean=15.132 std=0.345 elapsed=7.1s
[2026-04-17 23:56:04] [cpx] [32/96] XGB/P_kbar/cpx_only/alr  mean=25.787 std=0.511 elapsed=32.8s
[2026-04-17 23:56:38] [cpx] [33/96] XGB/P_kbar/cpx_only/pwlr  mean=17.451 std=1.338 elapsed=34.6s
[2026-04-17 23:57:02] [cpx] [34/96] XGB/P_kbar/cpx_liq/raw  mean=7.570 std=0.102 elapsed=23.6s
[2026-04-17 23:57:44] [cpx] [35/96] XGB/P_kbar/cpx_liq/alr  mean=7.301 std=0.061 elapsed=41.6s
[2026-04-17 23:57:57] [cpx] [36/96] XGB/P_kbar/cpx_liq/pwlr  mean=6.933 std=0.160 elapsed=12.8s
[2026-04-17 23:58:09] [cpx] [37/96] GB/T_C/cpx_only/raw  mean=146.362 std=0.000 elapsed=12.9s
[2026-04-17 23:58:37] [cpx] [38/96] GB/T_C/cpx_only/alr  mean=145.950 std=0.000 elapsed=27.1s
[2026-04-17 23:58:56] [cpx] [39/96] GB/T_C/cpx_only/pwlr  mean=131.590 std=0.000 elapsed=19.8s
[2026-04-17 23:59:33] [cpx] [40/96] GB/T_C/cpx_liq/raw  mean=75.471 std=0.000 elapsed=37.1s
[2026-04-17 23:59:59] [cpx] [41/96] GB/T_C/cpx_liq/alr  mean=75.576 std=0.000 elapsed=25.4s
[2026-04-18 00:00:39] [cpx] [42/96] GB/T_C/cpx_liq/pwlr  mean=75.666 std=0.000 elapsed=40.0s
[2026-04-18 00:00:55] [cpx] [43/96] GB/P_kbar/cpx_only/raw  mean=14.208 std=0.000 elapsed=16.6s
[2026-04-18 00:01:11] [cpx] [44/96] GB/P_kbar/cpx_only/alr  mean=20.248 std=0.000 elapsed=15.0s
[2026-04-18 00:01:39] [cpx] [45/96] GB/P_kbar/cpx_only/pwlr  mean=15.658 std=0.000 elapsed=28.0s
[2026-04-18 00:01:53] [cpx] [46/96] GB/P_kbar/cpx_liq/raw  mean=7.259 std=0.000 elapsed=14.9s
[2026-04-18 00:02:19] [cpx] [47/96] GB/P_kbar/cpx_liq/alr  mean=7.263 std=0.000 elapsed=25.9s
[2026-04-18 00:02:48] [cpx] [48/96] GB/P_kbar/cpx_liq/pwlr  mean=7.052 std=0.000 elapsed=28.4s
[2026-04-18 00:09:16] [cpx] [49/96] CatBoost/T_C/cpx_only/raw  mean=140.743 std=1.201 elapsed=388.1s
[2026-04-18 00:10:01] [cpx] [50/96] CatBoost/T_C/cpx_only/alr  mean=136.905 std=0.771 elapsed=45.5s
[2026-04-18 00:11:21] [cpx] [51/96] CatBoost/T_C/cpx_only/pwlr  mean=134.730 std=1.062 elapsed=79.8s
[2026-04-18 00:13:49] [cpx] [52/96] CatBoost/T_C/cpx_liq/raw  mean=75.543 std=0.839 elapsed=148.4s
[2026-04-18 00:15:10] [cpx] [53/96] CatBoost/T_C/cpx_liq/alr  mean=76.699 std=1.033 elapsed=80.6s
[2026-04-18 00:18:21] [cpx] [54/96] CatBoost/T_C/cpx_liq/pwlr  mean=72.775 std=0.793 elapsed=190.5s
[2026-04-18 00:18:43] [cpx] [55/96] CatBoost/P_kbar/cpx_only/raw  mean=14.318 std=0.098 elapsed=22.3s
[2026-04-18 00:19:03] [cpx] [56/96] CatBoost/P_kbar/cpx_only/alr  mean=15.635 std=0.313 elapsed=19.9s
[2026-04-18 00:21:01] [cpx] [57/96] CatBoost/P_kbar/cpx_only/pwlr  mean=15.726 std=0.652 elapsed=117.8s
[2026-04-18 00:21:32] [cpx] [58/96] CatBoost/P_kbar/cpx_liq/raw  mean=7.844 std=0.152 elapsed=31.2s
[2026-04-18 00:21:55] [cpx] [59/96] CatBoost/P_kbar/cpx_liq/alr  mean=7.385 std=0.152 elapsed=23.5s
[2026-04-18 00:23:09] [cpx] [60/96] CatBoost/P_kbar/cpx_liq/pwlr  mean=7.278 std=0.182 elapsed=73.6s
[2026-04-18 00:23:13] [cpx] [61/96] LightGBM/T_C/cpx_only/raw  mean=144.143 std=0.608 elapsed=4.5s
[2026-04-18 00:23:21] [cpx] [62/96] LightGBM/T_C/cpx_only/alr  mean=144.786 std=0.609 elapsed=7.6s
[2026-04-18 00:23:27] [cpx] [63/96] LightGBM/T_C/cpx_only/pwlr  mean=133.041 std=0.476 elapsed=5.8s
[2026-04-18 00:23:36] [cpx] [64/96] LightGBM/T_C/cpx_liq/raw  mean=76.175 std=1.304 elapsed=9.0s
[2026-04-18 00:23:48] [cpx] [65/96] LightGBM/T_C/cpx_liq/alr  mean=77.764 std=1.532 elapsed=12.3s
[2026-04-18 00:24:19] [cpx] [66/96] LightGBM/T_C/cpx_liq/pwlr  mean=74.547 std=0.511 elapsed=30.8s
[2026-04-18 00:24:36] [cpx] [67/96] LightGBM/P_kbar/cpx_only/raw  mean=14.370 std=0.104 elapsed=16.8s
[2026-04-18 00:24:46] [cpx] [68/96] LightGBM/P_kbar/cpx_only/alr  mean=18.965 std=0.456 elapsed=9.9s
[2026-04-18 00:24:58] [cpx] [69/96] LightGBM/P_kbar/cpx_only/pwlr  mean=15.266 std=0.091 elapsed=12.6s
[2026-04-18 00:25:04] [cpx] [70/96] LightGBM/P_kbar/cpx_liq/raw  mean=7.389 std=0.075 elapsed=5.6s
[2026-04-18 00:25:17] [cpx] [71/96] LightGBM/P_kbar/cpx_liq/alr  mean=7.370 std=0.052 elapsed=13.6s
[2026-04-18 00:25:53] [cpx] [72/96] LightGBM/P_kbar/cpx_liq/pwlr  mean=6.546 std=0.050 elapsed=35.1s
[2026-04-18 00:25:53] [cpx] [73/96] ElasticNet/T_C/cpx_only/raw  mean=151.751 std=0.000 elapsed=0.1s
[2026-04-18 00:25:53] [cpx] [74/96] ElasticNet/T_C/cpx_only/alr  mean=151.559 std=0.000 elapsed=0.1s
[2026-04-18 00:25:53] [cpx] [75/96] ElasticNet/T_C/cpx_only/pwlr  mean=151.327 std=0.000 elapsed=0.7s
[2026-04-18 00:25:54] [cpx] [76/96] ElasticNet/T_C/cpx_liq/raw  mean=93.990 std=0.000 elapsed=0.1s
[2026-04-18 00:25:54] [cpx] [77/96] ElasticNet/T_C/cpx_liq/alr  mean=89.666 std=0.000 elapsed=0.1s
[2026-04-18 00:25:54] [cpx] [78/96] ElasticNet/T_C/cpx_liq/pwlr  mean=91.871 std=0.000 elapsed=0.3s
[2026-04-18 00:25:54] [cpx] [79/96] ElasticNet/P_kbar/cpx_only/raw  mean=16.102 std=0.000 elapsed=0.1s
[2026-04-18 00:25:54] [cpx] [80/96] ElasticNet/P_kbar/cpx_only/alr  mean=15.985 std=0.000 elapsed=0.1s
[2026-04-18 00:25:54] [cpx] [81/96] ElasticNet/P_kbar/cpx_only/pwlr  mean=15.781 std=0.000 elapsed=0.1s
[2026-04-18 00:25:57] [cpx] [82/96] ElasticNet/P_kbar/cpx_liq/raw  mean=9.225 std=0.000 elapsed=2.9s
[2026-04-18 00:25:57] [cpx] [83/96] ElasticNet/P_kbar/cpx_liq/alr  mean=7.712 std=0.000 elapsed=0.1s
[2026-04-18 00:25:57] [cpx] [84/96] ElasticNet/P_kbar/cpx_liq/pwlr  mean=7.776 std=0.000 elapsed=0.2s
[2026-04-18 00:26:26] [cpx] [85/96] MLP/T_C/cpx_only/raw  mean=147.077 std=5.669 elapsed=28.7s
[2026-04-18 00:28:51] [cpx] [86/96] MLP/T_C/cpx_only/alr  mean=136.970 std=3.141 elapsed=144.6s
[2026-04-18 00:30:35] [cpx] [87/96] MLP/T_C/cpx_only/pwlr  mean=136.449 std=7.351 elapsed=104.7s
[2026-04-18 00:30:55] [cpx] [88/96] MLP/T_C/cpx_liq/raw  mean=106.766 std=6.611 elapsed=19.8s
[2026-04-18 00:31:18] [cpx] [89/96] MLP/T_C/cpx_liq/alr  mean=108.588 std=7.675 elapsed=22.7s
[2026-04-18 00:31:38] [cpx] [90/96] MLP/T_C/cpx_liq/pwlr  mean=122.162 std=15.049 elapsed=20.4s
[2026-04-18 00:32:04] [cpx] [91/96] MLP/P_kbar/cpx_only/raw  mean=15.639 std=0.193 elapsed=25.8s
[2026-04-18 00:32:45] [cpx] [92/96] MLP/P_kbar/cpx_only/alr  mean=13.664 std=0.283 elapsed=41.0s
[2026-04-18 00:39:47] [cpx] [93/96] MLP/P_kbar/cpx_only/pwlr  mean=14.403 std=0.138 elapsed=421.6s
[2026-04-18 00:41:26] [cpx] [94/96] MLP/P_kbar/cpx_liq/raw  mean=7.843 std=0.360 elapsed=98.7s
[2026-04-18 00:44:53] [cpx] [95/96] MLP/P_kbar/cpx_liq/alr  mean=9.035 std=0.487 elapsed=207.4s
[2026-04-18 00:45:08] [cpx] [96/96] MLP/P_kbar/cpx_liq/pwlr  mean=7.633 std=0.597 elapsed=15.5s
[2026-04-18 00:45:08] [cpx] wrote C:\Users\NQTa\Documents\MLCourse\Final Project\results\v10_cpx_multiseed_summary.csv  rows=96
[2026-04-18 00:45:08] [cpx] DONE  elapsed=3948.1s
[2026-04-18 00:45:08] [twopx] n_cells=64 seeds=20
[2026-04-18 00:45:16] [twopx] [1/64] RF/T_C/twopx/twopx_components  mean=93.622 std=0.642 elapsed=7.7s
[2026-04-18 00:45:27] [twopx] [2/64] RF/T_C/twopx/raw  mean=88.071 std=0.740 elapsed=10.8s
[2026-04-18 00:45:47] [twopx] [3/64] RF/T_C/twopx/alr  mean=89.820 std=0.609 elapsed=19.9s
[2026-04-18 00:46:06] [twopx] [4/64] RF/T_C/twopx/pwlr  mean=84.582 std=0.392 elapsed=18.9s
[2026-04-18 00:46:11] [twopx] [5/64] RF/P_kbar/twopx/raw  mean=4.599 std=0.052 elapsed=5.2s
[2026-04-18 00:46:22] [twopx] [6/64] RF/P_kbar/twopx/alr  mean=4.602 std=0.035 elapsed=11.0s
[2026-04-18 00:46:41] [twopx] [7/64] RF/P_kbar/twopx/pwlr  mean=4.780 std=0.031 elapsed=19.2s
[2026-04-18 00:46:57] [twopx] [8/64] RF/P_kbar/twopx/twopx_components  mean=5.282 std=0.032 elapsed=15.6s
[2026-04-18 00:47:07] [twopx] [9/64] ERT/T_C/twopx/raw  mean=88.136 std=0.507 elapsed=10.4s
[2026-04-18 00:47:19] [twopx] [10/64] ERT/T_C/twopx/alr  mean=90.605 std=0.461 elapsed=11.9s
[2026-04-18 00:47:25] [twopx] [11/64] ERT/T_C/twopx/pwlr  mean=88.383 std=0.468 elapsed=5.8s
[2026-04-18 00:47:30] [twopx] [12/64] ERT/T_C/twopx/twopx_components  mean=96.976 std=1.044 elapsed=5.4s
[2026-04-18 00:47:34] [twopx] [13/64] ERT/P_kbar/twopx/raw  mean=4.520 std=0.030 elapsed=4.0s
[2026-04-18 00:47:42] [twopx] [14/64] ERT/P_kbar/twopx/alr  mean=4.681 std=0.028 elapsed=8.0s
[2026-04-18 00:47:49] [twopx] [15/64] ERT/P_kbar/twopx/pwlr  mean=4.469 std=0.043 elapsed=6.9s
[2026-04-18 00:47:59] [twopx] [16/64] ERT/P_kbar/twopx/twopx_components  mean=5.517 std=0.042 elapsed=9.7s
[2026-04-18 00:48:04] [twopx] [17/64] XGB/T_C/twopx/raw  mean=101.958 std=0.651 elapsed=5.6s
[2026-04-18 00:48:09] [twopx] [18/64] XGB/T_C/twopx/alr  mean=107.893 std=2.521 elapsed=5.0s
[2026-04-18 00:48:23] [twopx] [19/64] XGB/T_C/twopx/pwlr  mean=91.826 std=1.096 elapsed=13.8s
[2026-04-18 00:48:27] [twopx] [20/64] XGB/T_C/twopx/twopx_components  mean=96.499 std=0.924 elapsed=3.6s
[2026-04-18 00:48:30] [twopx] [21/64] XGB/P_kbar/twopx/raw  mean=4.291 std=0.035 elapsed=3.1s
[2026-04-18 00:48:33] [twopx] [22/64] XGB/P_kbar/twopx/alr  mean=4.261 std=0.029 elapsed=3.0s
[2026-04-18 00:48:39] [twopx] [23/64] XGB/P_kbar/twopx/pwlr  mean=4.600 std=0.044 elapsed=6.6s
[2026-04-18 00:48:41] [twopx] [24/64] XGB/P_kbar/twopx/twopx_components  mean=5.513 std=0.047 elapsed=1.8s
[2026-04-18 00:48:46] [twopx] [25/64] GB/T_C/twopx/raw  mean=105.733 std=0.000 elapsed=4.6s
[2026-04-18 00:48:51] [twopx] [26/64] GB/T_C/twopx/alr  mean=111.626 std=0.000 elapsed=4.9s
[2026-04-18 00:48:55] [twopx] [27/64] GB/T_C/twopx/pwlr  mean=89.415 std=0.000 elapsed=4.0s
[2026-04-18 00:49:02] [twopx] [28/64] GB/T_C/twopx/twopx_components  mean=99.199 std=0.000 elapsed=6.8s
[2026-04-18 00:49:07] [twopx] [29/64] GB/P_kbar/twopx/raw  mean=4.521 std=0.000 elapsed=5.9s
[2026-04-18 00:49:11] [twopx] [30/64] GB/P_kbar/twopx/alr  mean=4.608 std=0.000 elapsed=3.4s
[2026-04-18 00:49:16] [twopx] [31/64] GB/P_kbar/twopx/pwlr  mean=4.600 std=0.000 elapsed=5.2s
[2026-04-18 00:49:20] [twopx] [32/64] GB/P_kbar/twopx/twopx_components  mean=5.254 std=0.000 elapsed=4.4s
[2026-04-18 00:49:39] [twopx] [33/64] CatBoost/T_C/twopx/raw  mean=92.988 std=1.678 elapsed=18.2s
[2026-04-18 00:49:57] [twopx] [34/64] CatBoost/T_C/twopx/alr  mean=87.555 std=2.006 elapsed=18.2s
[2026-04-18 00:50:43] [twopx] [35/64] CatBoost/T_C/twopx/pwlr  mean=82.120 std=2.509 elapsed=45.8s
[2026-04-18 00:50:55] [twopx] [36/64] CatBoost/T_C/twopx/twopx_components  mean=94.817 std=1.237 elapsed=11.9s
[2026-04-18 00:52:29] [twopx] [37/64] CatBoost/P_kbar/twopx/raw  mean=4.868 std=0.107 elapsed=94.1s
[2026-04-18 00:53:00] [twopx] [38/64] CatBoost/P_kbar/twopx/alr  mean=4.771 std=0.119 elapsed=31.1s
[2026-04-18 00:53:33] [twopx] [39/64] CatBoost/P_kbar/twopx/pwlr  mean=4.517 std=0.048 elapsed=33.0s
[2026-04-18 00:53:51] [twopx] [40/64] CatBoost/P_kbar/twopx/twopx_components  mean=5.783 std=0.238 elapsed=18.5s
[2026-04-18 00:53:54] [twopx] [41/64] LightGBM/T_C/twopx/raw  mean=107.280 std=1.971 elapsed=3.1s
[2026-04-18 00:53:56] [twopx] [42/64] LightGBM/T_C/twopx/alr  mean=106.924 std=1.154 elapsed=1.4s
[2026-04-18 00:54:00] [twopx] [43/64] LightGBM/T_C/twopx/pwlr  mean=97.773 std=1.151 elapsed=4.0s
[2026-04-18 00:54:01] [twopx] [44/64] LightGBM/T_C/twopx/twopx_components  mean=100.169 std=1.090 elapsed=1.6s
[2026-04-18 00:54:03] [twopx] [45/64] LightGBM/P_kbar/twopx/raw  mean=4.697 std=0.030 elapsed=1.2s
[2026-04-18 00:54:06] [twopx] [46/64] LightGBM/P_kbar/twopx/alr  mean=4.590 std=0.008 elapsed=3.7s
[2026-04-18 00:54:07] [twopx] [47/64] LightGBM/P_kbar/twopx/pwlr  mean=4.560 std=0.011 elapsed=0.9s
[2026-04-18 00:54:09] [twopx] [48/64] LightGBM/P_kbar/twopx/twopx_components  mean=5.429 std=0.008 elapsed=1.5s
[2026-04-18 00:54:09] [twopx] [49/64] ElasticNet/T_C/twopx/raw  mean=79.536 std=0.000 elapsed=0.1s
[2026-04-18 00:54:09] [twopx] [50/64] ElasticNet/T_C/twopx/alr  mean=79.726 std=0.000 elapsed=0.1s
[2026-04-18 00:54:09] [twopx] [51/64] ElasticNet/T_C/twopx/pwlr  mean=85.312 std=0.000 elapsed=0.1s
[2026-04-18 00:54:09] [twopx] [52/64] ElasticNet/T_C/twopx/twopx_components  mean=110.956 std=0.000 elapsed=0.1s
[2026-04-18 00:54:09] [twopx] [53/64] ElasticNet/P_kbar/twopx/raw  mean=4.779 std=0.000 elapsed=0.1s
[2026-04-18 00:54:09] [twopx] [54/64] ElasticNet/P_kbar/twopx/alr  mean=4.869 std=0.000 elapsed=0.1s
[2026-04-18 00:54:09] [twopx] [55/64] ElasticNet/P_kbar/twopx/pwlr  mean=5.580 std=0.000 elapsed=0.1s
[2026-04-18 00:54:09] [twopx] [56/64] ElasticNet/P_kbar/twopx/twopx_components  mean=5.749 std=0.000 elapsed=0.0s
[2026-04-18 00:54:12] [twopx] [57/64] MLP/T_C/twopx/raw  mean=306.366 std=41.166 elapsed=2.6s
[2026-04-18 00:54:16] [twopx] [58/64] MLP/T_C/twopx/alr  mean=326.301 std=81.169 elapsed=3.8s
[2026-04-18 00:54:32] [twopx] [59/64] MLP/T_C/twopx/pwlr  mean=318.212 std=109.090 elapsed=16.3s
[2026-04-18 00:54:40] [twopx] [60/64] MLP/T_C/twopx/twopx_components  mean=275.412 std=133.452 elapsed=7.5s
[2026-04-18 00:54:43] [twopx] [61/64] MLP/P_kbar/twopx/raw  mean=5.422 std=0.321 elapsed=3.0s
[2026-04-18 00:54:49] [twopx] [62/64] MLP/P_kbar/twopx/alr  mean=6.331 std=0.368 elapsed=6.3s
[2026-04-18 00:54:50] [twopx] [63/64] MLP/P_kbar/twopx/pwlr  mean=6.651 std=1.250 elapsed=0.9s
[2026-04-18 00:54:58] [twopx] [64/64] MLP/P_kbar/twopx/twopx_components  mean=5.636 std=0.486 elapsed=7.8s
[2026-04-18 00:54:58] [twopx] wrote C:\Users\NQTa\Documents\MLCourse\Final Project\results\v10_twopx_multiseed_summary.csv  rows=64
[2026-04-18 00:54:58] [twopx] DONE  elapsed=589.2s
[2026-04-18 00:54:58] [universal] n_cells=16 seeds=20
[2026-04-18 00:55:10] [universal] [1/16] RF/T_C/universal/universal_raw  mean=145.518 std=0.747 elapsed=12.2s
[2026-04-18 00:55:58] [universal] [2/16] RF/P_kbar/universal/universal_raw  mean=18.188 std=0.069 elapsed=47.8s
[2026-04-18 00:56:14] [universal] [3/16] ERT/T_C/universal/universal_raw  mean=145.864 std=0.861 elapsed=16.0s
[2026-04-18 00:56:20] [universal] [4/16] ERT/P_kbar/universal/universal_raw  mean=17.471 std=0.125 elapsed=6.1s
[2026-04-18 00:57:14] [universal] [5/16] XGB/T_C/universal/universal_raw  mean=145.765 std=1.256 elapsed=54.6s
[2026-04-18 00:57:18] [universal] [6/16] XGB/P_kbar/universal/universal_raw  mean=18.363 std=0.103 elapsed=4.0s
[2026-04-18 00:58:24] [universal] [7/16] GB/T_C/universal/universal_raw  mean=145.168 std=0.000 elapsed=66.0s
[2026-04-18 00:58:31] [universal] [8/16] GB/P_kbar/universal/universal_raw  mean=18.492 std=0.000 elapsed=6.5s
[2026-04-18 00:59:50] [universal] [9/16] CatBoost/T_C/universal/universal_raw  mean=145.603 std=1.564 elapsed=79.0s
[2026-04-18 01:00:24] [universal] [10/16] CatBoost/P_kbar/universal/universal_raw  mean=17.709 std=0.080 elapsed=33.8s
[2026-04-18 01:00:55] [universal] [11/16] LightGBM/T_C/universal/universal_raw  mean=147.241 std=0.555 elapsed=31.5s
[2026-04-18 01:01:01] [universal] [12/16] LightGBM/P_kbar/universal/universal_raw  mean=18.495 std=0.052 elapsed=5.5s
[2026-04-18 01:01:01] [universal] [13/16] ElasticNet/T_C/universal/universal_raw  mean=152.918 std=0.000 elapsed=0.4s
[2026-04-18 01:01:02] [universal] [14/16] ElasticNet/P_kbar/universal/universal_raw  mean=18.951 std=0.000 elapsed=0.8s
[2026-04-18 01:01:57] [universal] [15/16] MLP/T_C/universal/universal_raw  mean=152.144 std=2.909 elapsed=54.8s
[2026-04-18 01:02:30] [universal] [16/16] MLP/P_kbar/universal/universal_raw  mean=16.559 std=0.173 elapsed=32.8s
[2026-04-18 01:02:30] [universal] wrote C:\Users\NQTa\Documents\MLCourse\Final Project\results\v10_universal_multiseed_summary.csv  rows=16
[2026-04-18 01:02:30] [universal] DONE  elapsed=452.0s
[2026-04-18 01:02:30] ALL PIPELINES DONE
