[2026-04-18 18:21:15] START H.1a; read data\natural\2024-12-SGFTFN_ORTHOPYROXENES.csv
[2026-04-18 18:21:17] raw shape: (78532, 346)
[2026-04-18 18:21:17] after ORTHOPYROXENE filter: (75243, 346)
[2026-04-18 18:21:17] after numeric + dropna(required oxides): (53050, 24)
[2026-04-18 18:21:17] lat/lon coverage: lat=53023 lon=53023
[2026-04-18 18:21:17] prior cleaned rows=53050 new rows=53050 delta=0
[2026-04-18 18:21:17] top-15 tectonic settings:
TECTONIC SETTING
CONVERGENT MARGIN                              31662
INTRAPLATE VOLCANICS                           13934
RIFT VOLCANICS                                  2311
CONTINENTAL FLOOD BASALT                        2071
ARCHEAN CRATON (INCLUDING GREENSTONE BELTS)     1200
OCEAN ISLAND                                    1109
SEAMOUNT                                         504
OCEANIC PLATEAU                                  179
COMPLEX VOLCANIC SETTINGS                         51
UNKNOWN                                           27
SUBMARINE RIDGE                                    2
[2026-04-18 18:21:18] wrote data\natural\natural_opx_with_coords.csv shape=(53050, 26)
[2026-04-18 18:21:18] DONE
