[2026-04-18 14:47:01] START seeds=[42, 43, 44, 45, 46, 47, 48, 49, 50, 51, 52, 53, 54, 55, 56, 57, 58, 59, 60, 61] cells=[('ElasticNet', 'T_C', 'opx_liq', 'raw'), ('MLP', 'P_kbar', 'opx_liq', 'raw')]
[2026-04-18 14:47:01] opx_liq test n=174. Regime histogram: {'deep_crustal_MASH': 61, 'lithospheric_mantle': 58, 'shallow_crustal': 47, 'deeper_mantle': 8}
[2026-04-18 14:47:01] [ElasticNet/raw/T_C/opx_liq] X_tr=(426, 25) X_te=(174, 25)
[2026-04-18 14:47:01]   seed=42 rmse=77.062  elapsed=0.0s
[2026-04-18 14:47:01]   seed=43 rmse=77.062  elapsed=0.0s
[2026-04-18 14:47:01]   seed=44 rmse=77.062  elapsed=0.0s
[2026-04-18 14:47:01]   seed=45 rmse=77.062  elapsed=0.0s
[2026-04-18 14:47:01]   seed=46 rmse=77.062  elapsed=0.0s
[2026-04-18 14:47:01]   seed=47 rmse=77.062  elapsed=0.0s
[2026-04-18 14:47:01]   seed=48 rmse=77.062  elapsed=0.0s
[2026-04-18 14:47:01]   seed=49 rmse=77.062  elapsed=0.0s
[2026-04-18 14:47:01]   seed=50 rmse=77.062  elapsed=0.0s
[2026-04-18 14:47:01]   seed=51 rmse=77.062  elapsed=0.0s
[2026-04-18 14:47:01]   seed=52 rmse=77.062  elapsed=0.0s
[2026-04-18 14:47:01]   seed=53 rmse=77.062  elapsed=0.0s
[2026-04-18 14:47:01]   seed=54 rmse=77.062  elapsed=0.0s
[2026-04-18 14:47:01]   seed=55 rmse=77.062  elapsed=0.0s
[2026-04-18 14:47:01]   seed=56 rmse=77.062  elapsed=0.0s
[2026-04-18 14:47:01]   seed=57 rmse=77.062  elapsed=0.0s
[2026-04-18 14:47:01]   seed=58 rmse=77.062  elapsed=0.0s
[2026-04-18 14:47:01]   seed=59 rmse=77.062  elapsed=0.0s
[2026-04-18 14:47:01]   seed=60 rmse=77.062  elapsed=0.0s
[2026-04-18 14:47:01]   seed=61 rmse=77.062  elapsed=0.0s
[2026-04-18 14:47:01] [MLP/raw/P_kbar/opx_liq] X_tr=(426, 25) X_te=(174, 25)
[2026-04-18 14:47:01]   seed=42 rmse=3.816  elapsed=0.1s
[2026-04-18 14:47:01]   seed=43 rmse=4.590  elapsed=0.1s
[2026-04-18 14:47:01]   seed=44 rmse=4.277  elapsed=0.1s
[2026-04-18 14:47:01]   seed=45 rmse=4.257  elapsed=0.1s
[2026-04-18 14:47:01]   seed=46 rmse=4.989  elapsed=0.0s
[2026-04-18 14:47:01]   seed=47 rmse=3.940  elapsed=0.2s
[2026-04-18 14:47:01]   seed=48 rmse=3.940  elapsed=0.1s
[2026-04-18 14:47:01]   seed=49 rmse=4.450  elapsed=0.1s
[2026-04-18 14:47:02]   seed=50 rmse=4.188  elapsed=0.1s
[2026-04-18 14:47:02]   seed=51 rmse=4.207  elapsed=0.1s
[2026-04-18 14:47:02]   seed=52 rmse=5.382  elapsed=0.0s
[2026-04-18 14:47:02]   seed=53 rmse=4.081  elapsed=0.1s
[2026-04-18 14:47:02]   seed=54 rmse=4.942  elapsed=0.2s
[2026-04-18 14:47:02]   seed=55 rmse=4.434  elapsed=0.1s
[2026-04-18 14:47:02]   seed=56 rmse=5.320  elapsed=0.1s
[2026-04-18 14:47:02]   seed=57 rmse=4.211  elapsed=0.1s
[2026-04-18 14:47:02]   seed=58 rmse=4.495  elapsed=0.1s
[2026-04-18 14:47:02]   seed=59 rmse=4.593  elapsed=0.1s
[2026-04-18 14:47:02]   seed=60 rmse=3.737  elapsed=0.1s
[2026-04-18 14:47:03]   seed=61 rmse=4.235  elapsed=0.1s
[2026-04-18 14:47:03] wrote C:\Users\NQTa\Documents\MLCourse\Final Project\results\v10_chunkC_perseed_predictions.csv rows=6960
[2026-04-18 14:47:03] wrote C:\Users\NQTa\Documents\MLCourse\Final Project\results\v10_chunkC_perseed_regime_rmse.csv rows=160
[2026-04-18 14:47:03] wrote C:\Users\NQTa\Documents\MLCourse\Final Project\results\v10_chunkC_perseed_aggregate_rmse.csv rows=40
[2026-04-18 14:47:03] SANITY ElasticNet/raw/T_C: chunkC mean=77.0619 ref mean=77.0619 delta=+0.0000
[2026-04-18 14:47:03] SANITY MLP/raw/P_kbar: chunkC mean=4.4043 ref mean=4.4043 delta=-0.0000
[2026-04-18 14:47:03] DONE
[2026-04-18 14:48:36] START seeds=[42, 43, 44, 45, 46, 47, 48, 49, 50, 51, 52, 53, 54, 55, 56, 57, 58, 59, 60, 61] cells=[('ERT', 'T_C', 'opx_liq', 'pwlr'), ('ElasticNet', 'T_C', 'opx_liq', 'raw'), ('ElasticNet', 'T_C', 'opx_liq', 'pwlr'), ('ElasticNet', 'P_kbar', 'opx_liq', 'raw'), ('MLP', 'P_kbar', 'opx_liq', 'raw'), ('CatBoost', 'P_kbar', 'opx_liq', 'raw'), ('MLP', 'P_kbar', 'opx_liq', 'alr')]
[2026-04-18 14:48:36] opx_liq test n=174. Regime histogram: {'deep_crustal_MASH': 61, 'lithospheric_mantle': 58, 'shallow_crustal': 47, 'deeper_mantle': 8}
[2026-04-18 14:48:36] [ERT/pwlr/T_C/opx_liq] X_tr=(426, 72) X_te=(174, 72)
[2026-04-18 14:48:36]   seed=42 rmse=86.628  elapsed=0.2s
[2026-04-18 14:48:36]   seed=43 rmse=86.754  elapsed=0.2s
[2026-04-18 14:48:37]   seed=44 rmse=86.788  elapsed=0.2s
[2026-04-18 14:48:37]   seed=45 rmse=87.336  elapsed=0.2s
[2026-04-18 14:48:37]   seed=46 rmse=86.600  elapsed=0.2s
[2026-04-18 14:48:37]   seed=47 rmse=86.756  elapsed=0.2s
[2026-04-18 14:48:38]   seed=48 rmse=86.685  elapsed=0.2s
[2026-04-18 14:48:38]   seed=49 rmse=86.248  elapsed=0.2s
[2026-04-18 14:48:38]   seed=50 rmse=87.211  elapsed=0.3s
[2026-04-18 14:48:38]   seed=51 rmse=86.167  elapsed=0.2s
[2026-04-18 14:48:39]   seed=52 rmse=86.714  elapsed=0.2s
[2026-04-18 14:48:39]   seed=53 rmse=87.072  elapsed=0.2s
[2026-04-18 14:48:39]   seed=54 rmse=87.149  elapsed=0.2s
[2026-04-18 14:48:39]   seed=55 rmse=86.955  elapsed=0.2s
[2026-04-18 14:48:40]   seed=56 rmse=86.996  elapsed=0.2s
[2026-04-18 14:48:40]   seed=57 rmse=87.134  elapsed=0.2s
[2026-04-18 14:48:40]   seed=58 rmse=86.441  elapsed=0.2s
[2026-04-18 14:48:40]   seed=59 rmse=87.443  elapsed=0.2s
[2026-04-18 14:48:41]   seed=60 rmse=87.484  elapsed=0.2s
[2026-04-18 14:48:41]   seed=61 rmse=86.833  elapsed=0.2s
[2026-04-18 14:48:41] [ElasticNet/raw/T_C/opx_liq] X_tr=(426, 25) X_te=(174, 25)
[2026-04-18 14:48:41]   seed=42 rmse=77.062  elapsed=0.0s
[2026-04-18 14:48:41]   seed=43 rmse=77.062  elapsed=0.0s
[2026-04-18 14:48:41]   seed=44 rmse=77.062  elapsed=0.0s
[2026-04-18 14:48:41]   seed=45 rmse=77.062  elapsed=0.0s
[2026-04-18 14:48:41]   seed=46 rmse=77.062  elapsed=0.0s
[2026-04-18 14:48:41]   seed=47 rmse=77.062  elapsed=0.0s
[2026-04-18 14:48:41]   seed=48 rmse=77.062  elapsed=0.0s
[2026-04-18 14:48:41]   seed=49 rmse=77.062  elapsed=0.0s
[2026-04-18 14:48:41]   seed=50 rmse=77.062  elapsed=0.0s
[2026-04-18 14:48:41]   seed=51 rmse=77.062  elapsed=0.0s
[2026-04-18 14:48:41]   seed=52 rmse=77.062  elapsed=0.0s
[2026-04-18 14:48:41]   seed=53 rmse=77.062  elapsed=0.0s
[2026-04-18 14:48:41]   seed=54 rmse=77.062  elapsed=0.0s
[2026-04-18 14:48:41]   seed=55 rmse=77.062  elapsed=0.0s
[2026-04-18 14:48:41]   seed=56 rmse=77.062  elapsed=0.0s
[2026-04-18 14:48:41]   seed=57 rmse=77.062  elapsed=0.0s
[2026-04-18 14:48:41]   seed=58 rmse=77.062  elapsed=0.0s
[2026-04-18 14:48:41]   seed=59 rmse=77.062  elapsed=0.0s
[2026-04-18 14:48:41]   seed=60 rmse=77.062  elapsed=0.0s
[2026-04-18 14:48:41]   seed=61 rmse=77.062  elapsed=0.0s
[2026-04-18 14:48:41] [ElasticNet/pwlr/T_C/opx_liq] X_tr=(426, 72) X_te=(174, 72)
[2026-04-18 14:48:41]   seed=42 rmse=87.824  elapsed=0.1s
[2026-04-18 14:48:41]   seed=43 rmse=87.824  elapsed=0.1s
[2026-04-18 14:48:41]   seed=44 rmse=87.824  elapsed=0.1s
[2026-04-18 14:48:41]   seed=45 rmse=87.824  elapsed=0.1s
[2026-04-18 14:48:41]   seed=46 rmse=87.824  elapsed=0.1s
[2026-04-18 14:48:41]   seed=47 rmse=87.824  elapsed=0.1s
[2026-04-18 14:48:41]   seed=48 rmse=87.824  elapsed=0.1s
[2026-04-18 14:48:42]   seed=49 rmse=87.824  elapsed=0.1s
[2026-04-18 14:48:42]   seed=50 rmse=87.824  elapsed=0.1s
[2026-04-18 14:48:42]   seed=51 rmse=87.824  elapsed=0.1s
[2026-04-18 14:48:42]   seed=52 rmse=87.824  elapsed=0.1s
[2026-04-18 14:48:42]   seed=53 rmse=87.824  elapsed=0.1s
[2026-04-18 14:48:42]   seed=54 rmse=87.824  elapsed=0.1s
[2026-04-18 14:48:42]   seed=55 rmse=87.824  elapsed=0.1s
[2026-04-18 14:48:42]   seed=56 rmse=87.824  elapsed=0.1s
[2026-04-18 14:48:42]   seed=57 rmse=87.824  elapsed=0.1s
[2026-04-18 14:48:42]   seed=58 rmse=87.824  elapsed=0.1s
[2026-04-18 14:48:42]   seed=59 rmse=87.824  elapsed=0.1s
[2026-04-18 14:48:42]   seed=60 rmse=87.824  elapsed=0.1s
[2026-04-18 14:48:42]   seed=61 rmse=87.824  elapsed=0.1s
[2026-04-18 14:48:42] [ElasticNet/raw/P_kbar/opx_liq] X_tr=(426, 25) X_te=(174, 25)
[2026-04-18 14:48:42]   seed=42 rmse=5.586  elapsed=0.0s
[2026-04-18 14:48:42]   seed=43 rmse=5.586  elapsed=0.0s
[2026-04-18 14:48:42]   seed=44 rmse=5.586  elapsed=0.0s
[2026-04-18 14:48:42]   seed=45 rmse=5.586  elapsed=0.0s
[2026-04-18 14:48:42]   seed=46 rmse=5.586  elapsed=0.0s
[2026-04-18 14:48:42]   seed=47 rmse=5.586  elapsed=0.0s
[2026-04-18 14:48:42]   seed=48 rmse=5.586  elapsed=0.0s
[2026-04-18 14:48:42]   seed=49 rmse=5.586  elapsed=0.0s
[2026-04-18 14:48:42]   seed=50 rmse=5.586  elapsed=0.0s
[2026-04-18 14:48:42]   seed=51 rmse=5.586  elapsed=0.0s
[2026-04-18 14:48:43]   seed=52 rmse=5.586  elapsed=0.0s
[2026-04-18 14:48:43]   seed=53 rmse=5.586  elapsed=0.0s
[2026-04-18 14:48:43]   seed=54 rmse=5.586  elapsed=0.0s
[2026-04-18 14:48:43]   seed=55 rmse=5.586  elapsed=0.0s
[2026-04-18 14:48:43]   seed=56 rmse=5.586  elapsed=0.0s
[2026-04-18 14:48:43]   seed=57 rmse=5.586  elapsed=0.0s
[2026-04-18 14:48:43]   seed=58 rmse=5.586  elapsed=0.0s
[2026-04-18 14:48:43]   seed=59 rmse=5.586  elapsed=0.0s
[2026-04-18 14:48:43]   seed=60 rmse=5.586  elapsed=0.0s
[2026-04-18 14:48:43]   seed=61 rmse=5.586  elapsed=0.0s
[2026-04-18 14:48:43] [MLP/raw/P_kbar/opx_liq] X_tr=(426, 25) X_te=(174, 25)
[2026-04-18 14:48:43]   seed=42 rmse=3.816  elapsed=0.1s
[2026-04-18 14:48:43]   seed=43 rmse=4.590  elapsed=0.1s
[2026-04-18 14:48:43]   seed=44 rmse=4.277  elapsed=0.1s
[2026-04-18 14:48:43]   seed=45 rmse=4.257  elapsed=0.1s
[2026-04-18 14:48:43]   seed=46 rmse=4.989  elapsed=0.0s
[2026-04-18 14:48:43]   seed=47 rmse=3.940  elapsed=0.1s
[2026-04-18 14:48:43]   seed=48 rmse=3.940  elapsed=0.1s
[2026-04-18 14:48:43]   seed=49 rmse=4.450  elapsed=0.1s
[2026-04-18 14:48:43]   seed=50 rmse=4.188  elapsed=0.1s
[2026-04-18 14:48:43]   seed=51 rmse=4.207  elapsed=0.1s
[2026-04-18 14:48:44]   seed=52 rmse=5.382  elapsed=0.0s
[2026-04-18 14:48:44]   seed=53 rmse=4.081  elapsed=0.1s
[2026-04-18 14:48:44]   seed=54 rmse=4.942  elapsed=0.2s
[2026-04-18 14:48:44]   seed=55 rmse=4.434  elapsed=0.1s
[2026-04-18 14:48:44]   seed=56 rmse=5.320  elapsed=0.1s
[2026-04-18 14:48:44]   seed=57 rmse=4.211  elapsed=0.1s
[2026-04-18 14:48:44]   seed=58 rmse=4.495  elapsed=0.1s
[2026-04-18 14:48:44]   seed=59 rmse=4.593  elapsed=0.0s
[2026-04-18 14:48:44]   seed=60 rmse=3.737  elapsed=0.1s
[2026-04-18 14:48:44]   seed=61 rmse=4.235  elapsed=0.1s
[2026-04-18 14:48:44] [CatBoost/raw/P_kbar/opx_liq] X_tr=(426, 25) X_te=(174, 25)
[2026-04-18 14:48:45]   seed=42 rmse=5.485  elapsed=0.7s
[2026-04-18 14:48:46]   seed=43 rmse=5.352  elapsed=0.6s
[2026-04-18 14:48:46]   seed=44 rmse=5.560  elapsed=0.6s
[2026-04-18 14:48:47]   seed=45 rmse=5.516  elapsed=0.6s
[2026-04-18 14:48:47]   seed=46 rmse=5.736  elapsed=0.6s
[2026-04-18 14:48:48]   seed=47 rmse=5.673  elapsed=0.6s
[2026-04-18 14:48:49]   seed=48 rmse=5.642  elapsed=0.5s
[2026-04-18 14:48:49]   seed=49 rmse=5.905  elapsed=0.6s
[2026-04-18 14:48:50]   seed=50 rmse=5.539  elapsed=0.6s
[2026-04-18 14:48:50]   seed=51 rmse=5.452  elapsed=0.6s
[2026-04-18 14:48:51]   seed=52 rmse=5.614  elapsed=0.6s
[2026-04-18 14:48:52]   seed=53 rmse=5.688  elapsed=0.7s
[2026-04-18 14:48:52]   seed=54 rmse=5.387  elapsed=0.8s
[2026-04-18 14:48:53]   seed=55 rmse=5.486  elapsed=0.7s
[2026-04-18 14:48:54]   seed=56 rmse=5.470  elapsed=0.8s
[2026-04-18 14:48:55]   seed=57 rmse=5.507  elapsed=0.8s
[2026-04-18 14:48:55]   seed=58 rmse=5.530  elapsed=0.8s
[2026-04-18 14:48:56]   seed=59 rmse=5.471  elapsed=0.8s
[2026-04-18 14:48:57]   seed=60 rmse=5.632  elapsed=0.7s
[2026-04-18 14:48:58]   seed=61 rmse=5.579  elapsed=0.7s
[2026-04-18 14:48:58] [MLP/alr/P_kbar/opx_liq] X_tr=(426, 23) X_te=(174, 23)
[2026-04-18 14:48:59]   seed=42 rmse=5.492  elapsed=1.2s
[2026-04-18 14:48:59]   seed=43 rmse=4.899  elapsed=0.4s
[2026-04-18 14:49:00]   seed=44 rmse=5.624  elapsed=0.7s
[2026-04-18 14:49:00]   seed=45 rmse=5.209  elapsed=0.6s
[2026-04-18 14:49:02]   seed=46 rmse=3.964  elapsed=1.1s
[2026-04-18 14:49:03]   seed=47 rmse=5.633  elapsed=1.2s
[2026-04-18 14:49:03]   seed=48 rmse=7.278  elapsed=0.2s
[2026-04-18 14:49:04]   seed=49 rmse=5.215  elapsed=1.1s
[2026-04-18 14:49:05]   seed=50 rmse=5.298  elapsed=0.5s
[2026-04-18 14:49:06]   seed=51 rmse=6.023  elapsed=1.1s
[2026-04-18 14:49:06]   seed=52 rmse=5.367  elapsed=0.5s
[2026-04-18 14:49:07]   seed=53 rmse=5.227  elapsed=0.6s
[2026-04-18 14:49:08]   seed=54 rmse=7.223  elapsed=1.1s
[2026-04-18 14:49:09]   seed=55 rmse=4.945  elapsed=1.1s
[2026-04-18 14:49:10]   seed=56 rmse=6.548  elapsed=1.1s
[2026-04-18 14:49:11]   seed=57 rmse=4.745  elapsed=1.0s
[2026-04-18 14:49:12]   seed=58 rmse=5.466  elapsed=1.2s
[2026-04-18 14:49:13]   seed=59 rmse=5.789  elapsed=1.0s
[2026-04-18 14:49:14]   seed=60 rmse=5.818  elapsed=1.1s
[2026-04-18 14:49:15]   seed=61 rmse=7.001  elapsed=1.0s
[2026-04-18 14:49:16] wrote C:\Users\NQTa\Documents\MLCourse\Final Project\results\v10_chunkC_perseed_predictions.csv rows=24360
[2026-04-18 14:49:16] wrote C:\Users\NQTa\Documents\MLCourse\Final Project\results\v10_chunkC_perseed_regime_rmse.csv rows=560
[2026-04-18 14:49:16] wrote C:\Users\NQTa\Documents\MLCourse\Final Project\results\v10_chunkC_perseed_aggregate_rmse.csv rows=140
[2026-04-18 14:49:16] SANITY ERT/pwlr/T_C: chunkC mean=86.8697 ref mean=86.8697 delta=+0.0000
[2026-04-18 14:49:16] SANITY ElasticNet/raw/T_C: chunkC mean=77.0619 ref mean=77.0619 delta=+0.0000
[2026-04-18 14:49:16] SANITY ElasticNet/pwlr/T_C: chunkC mean=87.8237 ref mean=87.8237 delta=-0.0000
[2026-04-18 14:49:16] SANITY ElasticNet/raw/P_kbar: chunkC mean=5.5860 ref mean=5.5860 delta=-0.0000
[2026-04-18 14:49:16] SANITY MLP/raw/P_kbar: chunkC mean=4.4043 ref mean=4.4043 delta=-0.0000
[2026-04-18 14:49:16] SANITY CatBoost/raw/P_kbar: chunkC mean=5.5611 ref mean=5.5611 delta=+0.0000
[2026-04-18 14:49:16] SANITY MLP/alr/P_kbar: chunkC mean=5.6382 ref mean=5.6382 delta=-0.0000
[2026-04-18 14:49:16] DONE
