[2026-04-16 22:21:55] Phase F universal driver START  total=1 studies n_trials=3
[2026-04-16 22:21:55] [1/1]
[2026-04-16 22:21:55] START RF__T_C__universal__universal_raw (n_trials=3)
[2026-04-16 22:21:55]   data shape X=(2224, 45) y=(2224,) n_groups=189
[2026-04-16 22:22:03] DONE  RF__T_C__universal__universal_raw  best_rmse=118.6202  elapsed=8.2s
[2026-04-16 22:22:03] Phase F universal driver DONE  completed=1  failed=0
[2026-04-17 16:51:23] Phase F universal driver START  total=16 studies n_trials=50
[2026-04-17 16:51:23] Resumed partial: 1 prior results
[2026-04-17 16:51:23] [1/16] SKIP RF/T_C/universal/universal_raw (cached)
[2026-04-17 16:51:23] [2/16]
[2026-04-17 16:51:23] START RF__P_kbar__universal__universal_raw (n_trials=50)
[2026-04-17 16:51:23]   data shape X=(2224, 45) y=(2224,) n_groups=189
[2026-04-17 16:54:17] DONE  RF__P_kbar__universal__universal_raw  best_rmse=13.1897  elapsed=174.0s
[2026-04-17 16:54:17] [3/16]
[2026-04-17 16:54:17] START ERT__T_C__universal__universal_raw (n_trials=50)
[2026-04-17 16:54:17]   data shape X=(2224, 45) y=(2224,) n_groups=189
[2026-04-17 16:55:42] DONE  ERT__T_C__universal__universal_raw  best_rmse=115.8266  elapsed=85.4s
[2026-04-17 16:55:42] [4/16]
[2026-04-17 16:55:42] START ERT__P_kbar__universal__universal_raw (n_trials=50)
[2026-04-17 16:55:42]   data shape X=(2224, 45) y=(2224,) n_groups=189
[2026-04-17 16:57:01] DONE  ERT__P_kbar__universal__universal_raw  best_rmse=13.2499  elapsed=79.1s
[2026-04-17 16:57:01] [5/16]
[2026-04-17 16:57:01] START XGB__T_C__universal__universal_raw (n_trials=50)
[2026-04-17 16:57:01]   data shape X=(2224, 45) y=(2224,) n_groups=189
[2026-04-17 17:01:31] DONE  XGB__T_C__universal__universal_raw  best_rmse=114.9872  elapsed=269.7s
[2026-04-17 17:01:31] [6/16]
[2026-04-17 17:01:31] START XGB__P_kbar__universal__universal_raw (n_trials=50)
[2026-04-17 17:01:31]   data shape X=(2224, 45) y=(2224,) n_groups=189
[2026-04-17 17:03:09] DONE  XGB__P_kbar__universal__universal_raw  best_rmse=12.8159  elapsed=97.8s
[2026-04-17 17:03:09] [7/16]
[2026-04-17 17:03:09] START GB__T_C__universal__universal_raw (n_trials=50)
[2026-04-17 17:03:09]   data shape X=(2224, 45) y=(2224,) n_groups=189
[2026-04-17 17:07:01] DONE  GB__T_C__universal__universal_raw  best_rmse=117.6182  elapsed=232.7s
[2026-04-17 17:07:01] [8/16]
[2026-04-17 17:07:01] START GB__P_kbar__universal__universal_raw (n_trials=50)
[2026-04-17 17:07:01]   data shape X=(2224, 45) y=(2224,) n_groups=189
[2026-04-17 17:08:58] DONE  GB__P_kbar__universal__universal_raw  best_rmse=12.6605  elapsed=116.9s
[2026-04-17 17:08:58] [9/16]
[2026-04-17 17:08:58] START CatBoost__T_C__universal__universal_raw (n_trials=50)
[2026-04-17 17:08:58]   data shape X=(2224, 45) y=(2224,) n_groups=189
[2026-04-17 17:27:53] DONE  CatBoost__T_C__universal__universal_raw  best_rmse=113.7868  elapsed=1134.9s
[2026-04-17 17:27:53] [10/16]
[2026-04-17 17:27:53] START CatBoost__P_kbar__universal__universal_raw (n_trials=50)
[2026-04-17 17:27:53]   data shape X=(2224, 45) y=(2224,) n_groups=189
[2026-04-17 17:40:54] DONE  CatBoost__P_kbar__universal__universal_raw  best_rmse=12.7785  elapsed=780.9s
[2026-04-17 17:40:54] [11/16]
[2026-04-17 17:40:54] START LightGBM__T_C__universal__universal_raw (n_trials=50)
[2026-04-17 17:40:54]   data shape X=(2224, 45) y=(2224,) n_groups=189
[2026-04-17 17:43:26] DONE  LightGBM__T_C__universal__universal_raw  best_rmse=117.0637  elapsed=151.9s
[2026-04-17 17:43:26] [12/16]
[2026-04-17 17:43:26] START LightGBM__P_kbar__universal__universal_raw (n_trials=50)
[2026-04-17 17:43:26]   data shape X=(2224, 45) y=(2224,) n_groups=189
[2026-04-17 17:44:36] DONE  LightGBM__P_kbar__universal__universal_raw  best_rmse=12.6952  elapsed=70.6s
[2026-04-17 17:44:36] [13/16]
[2026-04-17 17:44:36] START ElasticNet__T_C__universal__universal_raw (n_trials=50)
[2026-04-17 17:44:36]   data shape X=(2224, 45) y=(2224,) n_groups=189
[2026-04-17 17:44:47] DONE  ElasticNet__T_C__universal__universal_raw  best_rmse=137.9350  elapsed=10.9s
[2026-04-17 17:44:47] [14/16]
[2026-04-17 17:44:47] START ElasticNet__P_kbar__universal__universal_raw (n_trials=50)
[2026-04-17 17:44:47]   data shape X=(2224, 45) y=(2224,) n_groups=189
[2026-04-17 17:44:57] DONE  ElasticNet__P_kbar__universal__universal_raw  best_rmse=14.7013  elapsed=9.7s
[2026-04-17 17:44:57] [15/16]
[2026-04-17 17:44:57] START MLP__T_C__universal__universal_raw (n_trials=50)
[2026-04-17 17:44:57]   data shape X=(2224, 45) y=(2224,) n_groups=189
[2026-04-17 17:53:44] DONE  MLP__T_C__universal__universal_raw  best_rmse=114.7205  elapsed=526.7s
[2026-04-17 17:53:44] [16/16]
[2026-04-17 17:53:44] START MLP__P_kbar__universal__universal_raw (n_trials=50)
[2026-04-17 17:53:44]   data shape X=(2224, 45) y=(2224,) n_groups=189
[2026-04-17 18:00:50] DONE  MLP__P_kbar__universal__universal_raw  best_rmse=12.6540  elapsed=426.7s
[2026-04-17 18:00:50] Phase F universal driver DONE  completed=16  failed=0
